WARNING: No swap limit support
WARNING: IPv4 forwarding is disabled
Loaded image: bpf-benchmark/runner-runtime:x86_64
WARNING: IPv4 forwarding is disabled. Networking will not work.
_DISK_SIZE:-64G}" /var/tmp/bpf-benchmark-docker.img
mkfs.ext4 -F -q /var/tmp/bpf-benchmark-docker.img
mount -o loop,discard /var/tmp/bpf-benchmark-docker.img /run/bpf-benchmark-docker
dockerd --data-root /run/bpf-benchmark-docker/data --exec-root /run/bpf-benchmark-docker/exec --pidfile /run/bpf-benchmark-docker/docker.pid --host unix:///run/docker.sock --bridge=none --iptables=false --ip-masq=false --ip-forward=false >/run/bpf-benchmark-docker/dockerd.log 2>&1 &
for _ in 1 2 3 4 5 6 7 8 9 10; do docker info >/dev/null 2>&1 && break; sleep 1; done
docker info >/dev/null
install -d "/workspaces/repository/corpus/results"
"/workspaces/repository/runner/scripts/bpfrejit-install" --image "bpf-benchmark/runner-runtime:x86_64" "/workspaces/repository/.cache/container-images/x86_64-runner-runtime.image.tar"
docker run --rm --privileged --pid=host --network=host --ipc=host --cgroupns=host -e BPFREJIT_INSIDE_RUNTIME_CONTAINER=1 -e HOME=/root -e TARGET="x86-kvm" -e RUN_TARGET_NAME="x86-kvm" -e RUN_TOKEN="20dfba29" -e RUN_TARGET_ARCH="x86_64" -e RUN_EXECUTOR="kvm" -e RUN_REMOTE_PYTHON_BIN="python3" -e RUN_RUNTIME_PYTHON_BIN="python3" -e RUN_BPFTOOL_BIN="bpftool" -e RUN_NATIVE_REPOS_CSV="bcc,katran,tracee,tetragon" -e SAMPLES="3"      -e FUZZ_ROUNDS="1000"  -e WORKLOAD_DURATION="60" -e KEEP_WORKDIRS="1" -e BPFREJIT_BENCH_PASSES="," -e BPFREJIT_CORPUS_APPS="tetragon/observer" -e SKIP_REJIT="norejit"          -e MERLIN_COMPILETIME_MODE="none"                    -w "/workspaces/repository" -v /sys:/sys -v /sys/fs/bpf:/sys/fs/bpf -v /sys/kernel/debug:/sys/kernel/debug -v /lib/modules:/lib/modules:ro -v /boot:/boot:ro -v "/workspaces/repository/corpus/results:/workspaces/repository/corpus/results" "bpf-benchmark/runner-runtime:x86_64" python3 -m corpus.driver
{"active_env_keys": ["BPFREJIT_NATIVE_LOADER_REQUIRE_PREBUILT_PROOF", "BPFREJIT_NATIVE_LOADER_SO"], "event": "native_loader_mode", "post_only": false, "saved_env_keys": ["BPFREJIT_NATIVE_LOADER_REQUIRE_PREBUILT_PROOF", "BPFREJIT_NATIVE_LOADER_SO"]}
{"app": "tetragon/observer", "event": "app_start", "runner": "tetragon", "workload": "stress_ng_tetragon_policy_hot"}
{"app": "tetragon/observer", "event": "phase_start", "phase": "baseline_start", "runner": "tetragon", "workload": "stress_ng_tetragon_policy_hot"}
{"active_env_keys": ["BPFREJIT_NATIVE_LOADER_REQUIRE_PREBUILT_PROOF", "BPFREJIT_NATIVE_LOADER_SO"], "app": "tetragon/observer", "event": "native_loader_phase_env", "phase": "baseline_start", "runner": "tetragon", "temporary_set_keys": ["BPFREJIT_SHIM_LOADTIME_PLAN", "BPFREJIT_SHIM_LOG"], "temporary_unset_keys": []}
{"app": "tetragon/observer", "event": "phase_done", "phase": "baseline_start", "runner": "tetragon", "status": "ok"}
{"app": "tetragon/observer", "event": "measurement_start", "phase": "baseline", "runner": "tetragon", "samples": 3, "workload": "stress_ng_tetragon_policy_hot"}
{"app": "tetragon/observer", "event": "measurement_done", "phase": "baseline", "runner": "tetragon", "status": "ok"}
{"app": "tetragon/observer", "event": "phase_start", "phase": "baseline_stop", "runner": "tetragon"}
{"app": "tetragon/observer", "event": "phase_step", "phase": "baseline_stop", "runner": "tetragon", "step": "runner_stop_done"}
{"app": "tetragon/observer", "event": "phase_step", "phase": "baseline_stop", "runner": "tetragon", "step": "quiesce_start"}
{"app": "tetragon/observer", "event": "phase_step", "phase": "baseline_stop", "runner": "tetragon", "step": "quiesce_done"}
{"app": "tetragon/observer", "event": "phase_step", "phase": "baseline_stop", "runner": "tetragon", "step": "bpf_stats_disabled"}
{"app": "tetragon/observer", "event": "phase_done", "phase": "baseline_stop", "runner": "tetragon", "status": "ok"}
{"active_env_keys": ["BPFREJIT_NATIVE_LOADER_REQUIRE_PREBUILT_PROOF", "BPFREJIT_NATIVE_LOADER_SO"], "app": "tetragon/observer", "event": "native_loader_phase_env", "phase": "post_rejit_start", "runner": "tetragon", "temporary_set_keys": ["BPFREJIT_REPO_ROOT", "BPFREJIT_SHIM_LOADTIME_PLAN", "BPFREJIT_SHIM_LOG"], "temporary_unset_keys": []}
{"app": "tetragon/observer", "event": "rejit_skipped", "runner": "tetragon"}
{"app": "tetragon/observer", "event": "phase_start", "phase": "post_rejit_start", "runner": "tetragon", "workload": "stress_ng_tetragon_policy_hot"}
{"app": "tetragon/observer", "event": "phase_done", "phase": "post_rejit_start", "runner": "tetragon", "status": "ok"}
{"app": "tetragon/observer", "event": "measurement_start", "phase": "post_rejit", "runner": "tetragon", "samples": 3, "workload": "stress_ng_tetragon_policy_hot"}
{"app": "tetragon/observer", "event": "measurement_done", "phase": "post_rejit", "runner": "tetragon", "status": "ok"}
{"app": "tetragon/observer", "event": "phase_start", "phase": "post_rejit_stop", "runner": "tetragon"}
{"app": "tetragon/observer", "event": "phase_step", "phase": "post_rejit_stop", "runner": "tetragon", "step": "runner_stop_done"}
{"app": "tetragon/observer", "event": "phase_step", "phase": "post_rejit_stop", "runner": "tetragon", "step": "quiesce_start"}
{"app": "tetragon/observer", "event": "phase_step", "phase": "post_rejit_stop", "runner": "tetragon", "step": "quiesce_done"}
{"app": "tetragon/observer", "event": "phase_step", "phase": "post_rejit_stop", "runner": "tetragon", "step": "bpf_stats_disabled"}
{"app": "tetragon/observer", "event": "phase_done", "phase": "post_rejit_stop", "runner": "tetragon", "status": "ok"}
{"app": "tetragon/observer", "error": "", "event": "app_done", "status": "ok"}
{
  "status": "ok",
  "artifact_run_dir": "/workspaces/repository/corpus/results/x86_kvm_corpus_20260926_052116_597549",
  "artifact_metadata": "/workspaces/repository/corpus/results/x86_kvm_corpus_20260926_052116_597549/metadata.json"
}
make: Leaving directory '/workspaces/repository'
VR (bus 0 bus_irq 9 global_irq 9 high level)
[    0.028981] ACPI: INT_SRC_OVR (bus 0 bus_irq 10 global_irq 10 high level)
[    0.029701] ACPI: INT_SRC_OVR (bus 0 bus_irq 11 global_irq 11 high level)
[    0.030421] ACPI: Using ACPI (MADT) for SMP configuration information
[    0.031103] ACPI: HPET id: 0x8086a201 base: 0xfed00000
[    0.031646] TSC deadline timer available
[    0.032061] CPU topo: Max. logical packages:   1
[    0.032569] CPU topo: Max. logical nodes:      1
[    0.033056] CPU topo: Num. nodes per package:  1
[    0.033545] CPU topo: Max. logical dies:       1
[    0.034031] CPU topo: Max. dies per package:   1
[    0.034521] CPU topo: Max. threads per core:   1
[    0.035007] CPU topo: Num. cores per package:     8
[    0.035524] CPU topo: Num. threads per package:   8
[    0.036037] CPU topo: Allowing 8 present CPUs plus 0 hotplug CPUs
[    0.036694] kvm-guest: APIC: eoi() replaced with kvm_guest_apic_eoi_write()
[    0.037441] kvm-guest: KVM setup pv remote TLB flush
[    0.037965] kvm-guest: setup PV sched yield
[    0.038410] PM: hibernation: Registered nosave memory: [mem 0x00000000-0x00000fff]
[    0.039210] PM: hibernation: Registered nosave memory: [mem 0x0009f000-0x000fffff]
[    0.040007] PM: hibernation: Registered nosave memory: [mem 0xbffdf000-0xffffffff]
[    0.040807] [gap 0xc0000000-0xfeffbfff] available for PCI devices
[    0.041451] Booting paravirtualized kernel on KVM
[    0.041945] clocksource: refined-jiffies: mask: 0xffffffff max_cycles: 0xffffffff, max_idle_ns: 19112604462750000 ns
[    0.047387] Zone ranges:
[    0.047695]   DMA      [mem 0x0000000000001000-0x0000000000ffffff]
[    0.048359]   DMA32    [mem 0x0000000001000000-0x00000000ffffffff]
[    0.049011]   Normal   [mem 0x0000000100000000-0x000000103fffffff]
[    0.049666]   Device   empty
[    0.049969] Movable zone start for each node
[    0.050421] Early memory node ranges
[    0.050797]   node   0: [mem 0x0000000000001000-0x000000000009efff]
[    0.051462]   node   0: [mem 0x0000000000100000-0x00000000bffdefff]
[    0.052125]   node   0: [mem 0x0000000100000000-0x000000103fffffff]
[    0.052787] Initmem setup node 0 [mem 0x0000000000001000-0x000000103fffffff]
[    0.053700] On node 0, zone DMA: 1 pages in unavailable ranges
[    0.054333] On node 0, zone DMA: 97 pages in unavailable ranges
[    0.059528] On node 0, zone Normal: 33 pages in unavailable ranges
[    0.060220] setup_percpu: NR_CPUS:8192 nr_cpumask_bits:8 nr_cpu_ids:8 nr_node_ids:1
[    0.061275] percpu: Embedded 61 pages/cpu s212992 r8192 d28672 u262144
[    0.062019] kvm-guest: PV spinlocks enabled
[    0.062468] PV qspinlock hash table entries: 256 (order: 0, 4096 bytes, linear)
[    0.063251] Kernel command line: virtme_hostname=virtme-ng nr_open=1048576 virtme_link_mods=/workspaces/repository/vendor/build/x86/linux/.virtme_mods/lib/modules/0.0.0 virtme_initmount0=workspaces/repository virtme_rw_overlay0=/etc virtme_rw_overlay1=/lib virtme_rw_overlay2=/home virtme_rw_overlay3=/opt virtme_rw_overlay4=/srv virtme_rw_overlay5=/usr virtme_rw_overlay6=/var virtme_rw_overlay7=/tmp virtme_console=ttyS0 console=ttyS0 earlyprintk=serial,ttyS0,115200 panic=-1 \
[    0.067733] Kernel command line: virtme.exec=`bWFrZSAtQyAvd29ya3NwYWNlcy9yZXBvc2l0b3J5IF9fcnVudGltZS12bS1jb3JwdXMgVEFSR0VUPSd4ODYta3ZtJyBSVU5fVEFSR0VUX05BTUU9J3g4Ni1rdm0nIFJVTl9UQVJHRVRfQVJDSD0neDg2XzY0JyBSVU5fRVhFQ1VUT1I9J2t2bScgUlVOVElNRV9DT05UQUlORVJfSU1BR0U9J2JwZi1iZW5jaG1hcmsvcnVubmVyLXJ1bnRpbWU6eDg2XzY0JyBSVU5USU1FX0lNQUdFX1RBUj0nL3dvcmtzcGFjZXMvcmVwb3NpdG9yeS8uY2FjaGUvY29udGFpbmVyLWltYWdlcy94ODZfNjQtcnVubmVyLXJ1bnRpbWUuaW1hZ2UudGFyJyBSVU5fUkVNT1RFX1BZVEhPTl9CSU49J3B5dGhvbjMnIFJVTl9SVU5USU1FX1BZVEhPTl9CSU49J3B5dGhvbjMnIFJVTl9CUEZUT09MX0JJTj0nYnBmdG9vbCcgUlVOX05BVElWRV9SRVBPU19DU1Y9J2JjYyxrYXRyYW4sdHJhY2VlLHRldHJhZ29uJyBSVU5fVE9LRU49JzIwZGZiYTI5JyBTQU1QTEVTPSczJyAgICAgIEZVWlpfUk9VTkRTPScxMDAwJyAgV09SS0xPQURfRFVSQVRJT049JzYwJyBLRUVQX1dPUktESVJTPScxJyBCUEZSRUpJVF9CRU5DSF9QQVNTRVM9JywnIEJQRlJFSklUX0NPUlBVU19BUFBTPSd0ZXRyYWdvbi9vYnNlcnZlcicgU0tJUF9SRUpJVD0nbm9yZWppdCcgICAgICAgICAgTUVSTElOX0NPTVBJTEVUSU1FX01PREU9J25vbmUnICAgICAgICAgICAgICAgICAgIA==` virtme_chdir=workspaces/repository virtme_root_user=1 debug \
[    0.077255] Kernel command line: loglevel=7 panic=30 oops=panic init=/opt/virtme-ng/lib/python3.12/site-packages/virtme/guest/bin/virtme-ng-init
[    0.078801] Unknown kernel command line parameters "virtme_hostname=virtme-ng nr_open=1048576 virtme_link_mods=/workspaces/repository/vendor/build/x86/linux/.virtme_mods/lib/modules/0.0.0 virtme_initmount0=workspaces/repository virtme_rw_overlay0=/etc virtme_rw_overlay1=/lib virtme_rw_overlay2=/home virtme_rw_overlay3=/opt virtme_rw_overlay4=/srv virtme_rw_overlay5=/usr virtme_rw_overlay6=/var virtme_rw_overlay7=/tmp virtme_console=ttyS0 virtme_chdir=workspaces/repository virtme_root_user=1", will be passed to user space.
[    0.083732] random: crng init done
[    0.084095] printk: log buffer data + meta data: 2097152 + 7340032 = 9437184 bytes
[    0.090951] Dentry cache hash table entries: 8388608 (order: 14, 67108864 bytes, linear)
[    0.094663] Inode-cache hash table entries: 4194304 (order: 13, 33554432 bytes, linear)
[    0.095644] software IO TLB: area num 8.
[    0.105575] Fallback order for Node 0: 0
[    0.105580] Built 1 zonelists, mobility grouping on.  Total pages: 16777085
[    0.106741] Policy zone: Normal
[    0.107063] mem auto-init: stack:off, heap alloc:off, heap free:off
[    0.119123] SLUB: HWalign=64, Order=0-3, MinObjects=0, CPUs=8, Nodes=1
Poking KASLR using RDRAND RDTSC...
[    0.127258] ftrace: allocating 51964 entries in 204 pages
[    0.127823] ftrace: allocated 204 pages with 4 groups
[    0.128746] Dynamic Preempt: lazy
[    0.129250] rcu: Preemptible hierarchical RCU implementation.
[    0.129840] rcu: 	RCU restricting CPUs from NR_CPUS=8192 to nr_cpu_ids=8.
[    0.130542] 	Trampoline variant of Tasks RCU enabled.
[    0.131059] 	Rude variant of Tasks RCU enabled.
[    0.131525] 	Tracing variant of Tasks RCU enabled.
[    0.132016] rcu: RCU calculated value of scheduler-enlistment delay is 10 jiffies.
[    0.132794] rcu: Adjusting geometry for rcu_fanout_leaf=16, nr_cpu_ids=8
[    0.133489] RCU Tasks: Setting shift to 3 and lim to 1 rcu_task_cb_adjust=1 rcu_task_cpu_ids=8.
[    0.134393] RCU Tasks Rude: Setting shift to 3 and lim to 1 rcu_task_cb_adjust=1 rcu_task_cpu_ids=8.
[    0.137999] NR_IRQS: 524544, nr_irqs: 488, preallocated irqs: 16
[    0.138805] rcu: srcu_init: Setting srcu_struct sizes based on contention.
[    0.139631] Console: colour *CGA 80x25
[    0.140046] printk: legacy console [ttyS0] enabled
[    0.140046] printk: legacy console [ttyS0] enabled
[    0.141048] printk: legacy bootconsole [earlyser0] disabled
[    0.141048] printk: legacy bootconsole [earlyser0] disabled
[    0.142231] ACPI: Core revision 20251212
[    0.142763] clocksource: hpet: mask: 0xffffffff max_cycles: 0xffffffff, max_idle_ns: 19112604467 ns
[    0.143803] APIC: Switch to symmetric I/O mode setup
[    0.144479] x2apic enabled
[    0.144961] APIC: Switched APIC routing to: physical x2apic
[    0.145557] kvm-guest: APIC: send_IPI_mask() replaced with kvm_send_ipi_mask()
[    0.146335] kvm-guest: APIC: send_IPI_mask_allbutself() replaced with kvm_send_ipi_mask_allbutself()
[    0.147295] kvm-guest: setup PV IPIs
[    0.148361] ..TIMER: vector=0x30 apic1=0 pin1=2 apic2=-1 pin2=-1
[    0.149013] clocksource: tsc-early: mask: 0xffffffffffffffff max_cycles: 0x6a464ae9873, max_idle_ns: 881590529744 ns
[    0.150117] Calibrating delay loop (skipped) preset value.. 7372.80 BogoMIPS (lpj=36864000)
[    0.151116] x86/cpu: User Mode Instruction Prevention (UMIP) activated
[    0.151860] Last level iTLB entries: 4KB 0, 2MB 0, 4MB 0
[    0.152424] Last level dTLB entries: 4KB 0, 2MB 0, 4MB 0, 1GB 0
[    0.153051] mitigations: Enabled attack vectors: user_kernel, user_user, guest_host, guest_guest, SMT mitigations: auto
[    0.160118] Speculative Store Bypass: Mitigation: Speculative Store Bypass disabled via prctl
[    0.161012] Spectre V2 : Mitigation: Enhanced / Automatic IBRS
[    0.161623] ITS: Mitigation: Aligned branch/return thunks
[    0.162194] Spectre V1 : Mitigation: usercopy/swapgs barriers and __user pointer sanitization
[    0.163087] Spectre V2 : mitigation: Enabling conditional Indirect Branch Prediction Barrier
[    0.163971] active return thunk: its_return_thunk
[    0.164475] Spectre V2 : Spectre BHI mitigation: SW BHB clearing on syscall and VM exit
[    0.165330] x86/fpu: Supporting XSAVE feature 0x001: 'x87 floating point registers'
[    0.166153] x86/fpu: Supporting XSAVE feature 0x002: 'SSE registers'
[    0.166834] x86/fpu: Supporting XSAVE feature 0x004: 'AVX registers'
[    0.167516] x86/fpu: Supporting XSAVE feature 0x200: 'Protection Keys User registers'
[    0.168354] x86/fpu: xstate_offset[2]:  576, xstate_sizes[2]:  256
[    0.169018] x86/fpu: xstate_offset[9]:  832, xstate_sizes[9]:    8
[    0.169678] x86/fpu: Enabled xstate features 0x207, context size is 840 bytes, using 'compacted' format.
[    0.182793] Freeing SMP alternatives memory: 48K
[    0.183312] pid_max: default: 32768 minimum: 301
[    0.183901] landlock: Up and running.
[    0.184302] Yama: becoming mindful.
[    0.184691] SELinux:  Initializing.
[    0.185284] LSM support for eBPF active
[    0.185805] Mount-cache hash table entries: 131072 (order: 8, 1048576 bytes, linear)
[    0.186848] Mountpoint-cache hash table entries: 131072 (order: 8, 1048576 bytes, linear)
[    0.187791] VFS: Finished mounting rootfs on nullfs
[    0.188548] smpboot: CPU0: Intel(R) Core(TM) Ultra 9 285K (family: 0x6, model: 0xc6, stepping: 0x2)
[    0.189638] Performance Events: unsupported CPU family 6 model 198 no PMU driver, software events only.
[    0.190115] signal: max sigframe size: 3632
[    0.190115] rcu: Hierarchical SRCU implementation.
[    0.190115] rcu: 	Max phase no-delay instances is 1000.
[    0.190115] Timer migration: 1 hierarchy levels; 8 children per group; 1 crossnode level
[    0.190115] smp: Bringing up secondary CPUs ...
[    0.190115] smpboot: x86: Booting SMP configuration:
[    0.190115] .... node  #0, CPUs:      #1 #2 #3 #4 #5 #6 #7
[    0.190234] smp: Brought up 1 node, 8 CPUs
[    0.191280] smpboot: Total of 8 processors activated (58982.40 BogoMIPS)
[    0.230125] node 0 deferred pages initialised in 40ms
[    0.231363] Memory: 65806824K/67108340K available (16491K kernel code, 9695K rwdata, 12596K rodata, 4024K init, 7316K bss, 1288224K reserved, 0K cma-reserved)
[    0.233604] devtmpfs: initialized
[    0.233604] x86/mm: Memory block size: 1024MB
[    0.233604] clocksource: jiffies: mask: 0xffffffff max_cycles: 0xffffffff, max_idle_ns: 19112604462750000 ns
[    0.240124] posixtimers hash table entries: 4096 (order: 4, 65536 bytes, linear)
[    0.240937] futex hash table entries: 2048 (131072 bytes on 1 NUMA nodes, total 128 KiB, linear).
[    0.242655] NET: Registered PF_NETLINK/PF_ROUTE protocol family
[    0.243418] DMA: preallocated 4096 KiB GFP_KERNEL pool for atomic allocations
[    0.244204] DMA: preallocated 4096 KiB GFP_KERNEL|GFP_DMA pool for atomic allocations
[    0.245046] DMA: preallocated 4096 KiB GFP_KERNEL|GFP_DMA32 pool for atomic allocations
[    0.245915] audit: initializing netlink subsys (disabled)
[    0.246503] audit: type=2000 audit(1790400031.540:1): state=initialized audit_enabled=0 res=1
[    0.246503] thermal_sys: Registered thermal governor 'fair_share'
[    0.246503] thermal_sys: Registered thermal governor 'step_wise'
[    0.246503] thermal_sys: Registered thermal governor 'user_space'
[    0.250126] cpuidle: using governor ladder
[    0.251226] cpuidle: using governor menu
[    0.251669] acpiphp: ACPI Hot Plug PCI Controller Driver version: 0.5
[    0.252478] PCI: Using configuration type 1 for base access
[    0.253196] kprobes: kprobe jump-optimization is enabled. All kprobes are optimized if possible.
[    0.253196] HugeTLB: registered 1.00 GiB page size, pre-allocated 0 pages
[    0.253196] HugeTLB: 16380 KiB vmemmap can be freed for a 1.00 GiB page
[    0.253196] HugeTLB: registered 2.00 MiB page size, pre-allocated 0 pages
[    0.253196] HugeTLB: 28 KiB vmemmap can be freed for a 2.00 MiB page
[    0.260379] ACPI: Added _OSI(Module Device)
[    0.260845] ACPI: Added _OSI(Processor Device)
[    0.261327] ACPI: Added _OSI(Processor Aggregator Device)
[    0.262157] ACPI: 1 ACPI AML tables successfully acquired and loaded
[    0.280133] ACPI: \_SB_: platform _OSC: OS support mask [00227eff]
[    0.280938] ACPI: Interpreter enabled
[    0.281350] ACPI: PM: (supports S0 S4 S5)
[    0.281788] ACPI: Using IOAPIC for interrupt routing
[    0.282339] PCI: Using host bridge windows from ACPI; if necessary, use "pci=nocrs" and report a bug
[    0.283318] PCI: Using E820 reservations for host bridge windows
[    0.284019] ACPI: Enabled 2 GPEs in block 00 to 0F
[    0.285793] ACPI: PCI Root Bridge [PCI0] (domain 0000 [bus 00-ff])
[    0.286467] acpi PNP0A03:00: _OSC: OS supports [ASPM ClockPM Segments MSI HPX-Type3]
[    0.287299] acpi PNP0A03:00: _OSC: not requesting OS control; OS requires [ExtendedConfig ASPM ClockPM MSI]
[    0.288340] acpi PNP0A03:00: _OSC: platform retains control of PCIe features (AE_ERROR)
[    0.289200] acpi PNP0A03:00: fail to add MMCONFIG information, can't access extended configuration space under this bridge
[    0.290322] acpiphp: Slot [2] registered
[    0.290793] acpiphp: Slot [3] registered
[    0.291230] acpiphp: Slot [4] registered
[    0.291669] acpiphp: Slot [5] registered
[    0.292105] acpiphp: Slot [6] registered
[    0.292541] acpiphp: Slot [7] registered
[    0.292979] acpiphp: Slot [8] registered
[    0.293424] acpiphp: Slot [9] registered
[    0.293864] acpiphp: Slot [10] registered
[    0.294310] acpiphp: Slot [11] registered
[    0.294821] acpiphp: Slot [12] registered
[    0.295267] acpiphp: Slot [13] registered
[    0.295715] acpiphp: Slot [14] registered
[    0.296160] acpiphp: Slot [15] registered
[    0.296616] acpiphp: Slot [16] registered
[    0.297065] acpiphp: Slot [17] registered
[    0.297509] acpiphp: Slot [18] registered
[    0.297961] acpiphp: Slot [19] registered
[    0.298406] acpiphp: Slot [20] registered
[    0.298901] acpiphp: Slot [21] registered
[    0.299345] acpiphp: Slot [22] registered
[    0.299802] acpiphp: Slot [23] registered
[    0.300129] acpiphp: Slot [24] registered
[    0.300632] acpiphp: Slot [25] registered
[    0.301076] acpiphp: Slot [26] registered
[    0.301522] acpiphp: Slot [27] registered
[    0.302006] acpiphp: Slot [28] registered
[    0.302450] acpiphp: Slot [29] registered
[    0.302897] acpiphp: Slot [30] registered
[    0.303341] acpiphp: Slot [31] registered
[    0.303786] PCI host bridge to bus 0000:00
[    0.304230] pci_bus 0000:00: root bus resource [io  0x0000-0x0cf7 window]
[    0.304960] pci_bus 0000:00: root bus resource [io  0x0d00-0xffff window]
[    0.305688] pci_bus 0000:00: root bus resource [mem 0x000a0000-0x000bffff window]
[    0.306488] pci_bus 0000:00: root bus resource [mem 0xc0000000-0xfebfffff window]
[    0.307290] pci_bus 0000:00: root bus resource [mem 0x380000000000-0x38007fffffff window]
[    0.308166] pci_bus 0000:00: root bus resource [bus 00-ff]
[    0.308796] pci 0000:00:00.0: [8086:1237] type 00 class 0x060000 conventional PCI endpoint
[    0.310137] pci 0000:00:01.0: [8086:7000] type 00 class 0x060100 conventional PCI endpoint
[    0.311527] pci 0000:00:01.1: [8086:7010] type 00 class 0x010180 conventional PCI endpoint
[    0.313325] pci 0000:00:01.1: BAR 4 [io  0xc200-0xc20f]
[    0.313945] pci 0000:00:01.1: BAR 0 [io  0x01f0-0x01f7]: legacy IDE quirk
[    0.314676] pci 0000:00:01.1: BAR 1 [io  0x03f6]: legacy IDE quirk
[    0.315338] pci 0000:00:01.1: BAR 2 [io  0x0170-0x0177]: legacy IDE quirk
[    0.316067] pci 0000:00:01.1: BAR 3 [io  0x0376]: legacy IDE quirk
[    0.316892] pci 0000:00:01.3: [8086:7113] type 00 class 0x068000 conventional PCI endpoint
[    0.318130] pci 0000:00:01.3: quirk: [io  0x0600-0x063f] claimed by PIIX4 ACPI
[    0.318913] pci 0000:00:01.3: quirk: [io  0x0700-0x070f] claimed by PIIX4 SMB
[    0.320026] pci 0000:00:02.0: [1af4:1009] type 00 class 0x000200 conventional PCI endpoint
[    0.321489] pci 0000:00:02.0: BAR 0 [io  0xc000-0xc03f]
[    0.322079] pci 0000:00:02.0: BAR 1 [mem 0xfebf7000-0xfebf7fff]
[    0.322745] pci 0000:00:02.0: BAR 4 [mem 0x380000000000-0x380000003fff 64bit pref]
[    0.324409] pci 0000:00:03.0: [1af4:1009] type 00 class 0x000200 conventional PCI endpoint
[    0.326922] pci 0000:00:03.0: BAR 0 [io  0xc040-0xc07f]
[    0.327494] pci 0000:00:03.0: BAR 1 [mem 0xfebf8000-0xfebf8fff]
[    0.328163] pci 0000:00:03.0: BAR 4 [mem 0x380000004000-0x380000007fff 64bit pref]
[    0.329682] pci 0000:00:04.0: [8086:25ab] type 00 class 0x088000 conventional PCI endpoint
[    0.330795] pci 0000:00:04.0: BAR 0 [mem 0xfebf9000-0xfebf900f]
[    0.331900] pci 0000:00:05.0: [1af4:1003] type 00 class 0x078000 conventional PCI endpoint
[    0.334344] pci 0000:00:05.0: BAR 0 [io  0xc080-0xc0bf]
[    0.334960] pci 0000:00:05.0: BAR 1 [mem 0xfebfa000-0xfebfafff]
[    0.335628] pci 0000:00:05.0: BAR 4 [mem 0x380000008000-0x38000000bfff 64bit pref]
[    0.337297] pci 0000:00:06.0: [1af4:1003] type 00 class 0x078000 conventional PCI endpoint
[    0.339197] pci 0000:00:06.0: BAR 0 [io  0xc0c0-0xc0ff]
[    0.339774] pci 0000:00:06.0: BAR 1 [mem 0xfebfb000-0xfebfbfff]
[    0.340148] pci 0000:00:06.0: BAR 4 [mem 0x38000000c000-0x38000000ffff 64bit pref]
[    0.341775] pci 0000:00:07.0: [1af4:1003] type 00 class 0x078000 conventional PCI endpoint
[    0.343795] pci 0000:00:07.0: BAR 0 [io  0xc100-0xc13f]
[    0.344372] pci 0000:00:07.0: BAR 1 [mem 0xfebfc000-0xfebfcfff]
[    0.345039] pci 0000:00:07.0: BAR 4 [mem 0x380000010000-0x380000013fff 64bit pref]
[    0.346703] pci 0000:00:08.0: [1af4:1003] type 00 class 0x078000 conventional PCI endpoint
[    0.348448] pci 0000:00:08.0: BAR 0 [io  0xc140-0xc17f]
[    0.349024] pci 0000:00:08.0: BAR 1 [mem 0xfebfd000-0xfebfdfff]
[    0.349687] pci 0000:00:08.0: BAR 4 [mem 0x380000014000-0x380000017fff 64bit pref]
[    0.350946] pci 0000:00:09.0: [1af4:1003] type 00 class 0x078000 conventional PCI endpoint
[    0.352989] pci 0000:00:09.0: BAR 0 [io  0xc180-0xc1bf]
[    0.353574] pci 0000:00:09.0: BAR 1 [mem 0xfebfe000-0xfebfefff]
[    0.354243] pci 0000:00:09.0: BAR 4 [mem 0x380000018000-0x38000001bfff 64bit pref]
[    0.355909] pci 0000:00:0a.0: [1af4:1003] type 00 class 0x078000 conventional PCI endpoint
[    0.357557] pci 0000:00:0a.0: BAR 0 [io  0xc1c0-0xc1ff]
[    0.358128] pci 0000:00:0a.0: BAR 1 [mem 0xfebff000-0xfebfffff]
[    0.358794] pci 0000:00:0a.0: BAR 4 [mem 0x38000001c000-0x38000001ffff 64bit pref]
[    0.362571] ACPI: PCI: Interrupt link LNKA configured for IRQ 10
[    0.363319] ACPI: PCI: Interrupt link LNKB configured for IRQ 10
[    0.364018] ACPI: PCI: Interrupt link LNKC configured for IRQ 11
[    0.364714] ACPI: PCI: Interrupt link LNKD configured for IRQ 11
[    0.365395] ACPI: PCI: Interrupt link LNKS configured for IRQ 9
[    0.366328] iommu: Default domain type: Translated
[    0.366328] iommu: DMA domain TLB invalidation policy: lazy mode
[    0.366328] pps_core: LinuxPPS API ver. 1 registered
[    0.366328] pps_core: Software ver. 5.3.6 - Copyright 2005-2007 Rodolfo Giometti <giometti@linux.it>
[    0.366328] PTP clock support registered
[    0.370136] EDAC MC: Ver: 3.0.0
[    0.371048] NetLabel: Initializing
[    0.371447] NetLabel:  domain hash size = 128
[    0.371916] NetLabel:  protocols = UNLABELED CIPSOv4 CALIPSO
[    0.372535] NetLabel:  unlabeled traffic allowed by default
[    0.373135] PCI: Using ACPI for IRQ routing
[    0.373783] e820: register RAM buffer resource [mem 0x0009fc00-0x0009ffff]
[    0.374522] e820: register RAM buffer resource [mem 0xbffdf000-0xbfffffff]
[    0.375264] hpet0: at MMIO 0xfed00000, IRQs 2, 8, 0
[    0.375264] hpet0: 3 comparators, 64-bit 100.000000 MHz counter
[    0.380280] clocksource: Switched to clocksource kvm-clock
[    0.380964] VFS: Disk quotas dquot_6.6.0
[    0.381396] VFS: Dquot-cache hash table entries: 512 (order 0, 4096 bytes)
[    0.382356] netfs: FS-Cache loaded
[    0.382817] pnp: PnP ACPI init
[    0.383301] pnp: PnP ACPI: found 5 devices
[    0.389696] clocksource: acpi_pm: mask: 0xffffff max_cycles: 0xffffff, max_idle_ns: 2085701024 ns
[    0.390689] NET: Registered PF_INET protocol family
[    0.391429] IP idents hash table entries: 262144 (order: 9, 2097152 bytes, linear)
[    0.401266] tcp_listen_portaddr_hash hash table entries: 32768 (order: 7, 524288 bytes, linear)
[    0.402234] Table-perturb hash table entries: 65536 (order: 6, 262144 bytes, linear)
[    0.403103] TCP established hash table entries: 524288 (order: 10, 4194304 bytes, linear)
[    0.404426] TCP bind hash table entries: 65536 (order: 9, 2097152 bytes, linear)
[    0.405450] TCP: Hash tables configured (established 524288 bind 65536)
[    0.406384] MPTCP token hash table entries: 65536 (order: 9, 1572864 bytes, linear)
[    0.407311] UDP hash table entries: 32768 (order: 9, 2097152 bytes, linear)
[    0.408361] UDP-Lite hash table entries: 32768 (order: 9, 2097152 bytes, linear)
[    0.409440] NET: Registered PF_UNIX/PF_LOCAL protocol family
[    0.410098] NET: Registered PF_XDP protocol family
[    0.410632] pci_bus 0000:00: resource 4 [io  0x0000-0x0cf7 window]
[    0.411300] pci_bus 0000:00: resource 5 [io  0x0d00-0xffff window]
[    0.411966] pci_bus 0000:00: resource 6 [mem 0x000a0000-0x000bffff window]
[    0.412965] pci_bus 0000:00: resource 7 [mem 0xc0000000-0xfebfffff window]
[    0.413703] pci_bus 0000:00: resource 8 [mem 0x380000000000-0x38007fffffff window]
[    0.414533] pci 0000:00:01.0: PIIX3: Enabling Passive Release
[    0.415180] pci 0000:00:00.0: Limiting direct PCI/PCI transfers
[    0.415918] PCI: CLS 0 bytes, default 64
[    0.416386] PCI-DMA: Using software bounce buffering for IO (SWIOTLB)
[    0.416529] Trying to unpack rootfs image as initramfs...
[    0.417078] software IO TLB: mapped [mem 0x00000000bb36b000-0x00000000bf36b000] (64MB)
[    0.419223] clocksource: tsc: mask: 0xffffffffffffffff max_cycles: 0x6a464ae9873, max_idle_ns: 881590529744 ns
[    0.422844] Freeing initrd memory: 12692K
[    0.426610] Initialise system trusted keyrings
[    0.427138] Key type blacklist registered
[    0.427627] workingset: timestamp_bits=36 max_order=24 bucket_order=0
[    0.428713] SGI XFS with ACLs, security attributes, quota, no debug enabled
[    0.429973] 9p: Installing v9fs 9p2000 file system support
[    0.431095] integrity: Platform Keyring initialized
[    0.431671] cryptd: max_cpu_qlen set to 1000
[    0.437310] Key type asymmetric registered
[    0.437759] Asymmetric key parser 'x509' registered
[    0.438297] Block layer SCSI generic (bsg) driver version 0.4 loaded (major 248)
[    0.439139] io scheduler mq-deadline registered
[    0.439634] io scheduler kyber registered
[    0.440074] io scheduler bfq registered
[    0.448952] ACPI: \_SB_.LNKB: Enabled at IRQ 10
[    0.457678] ACPI: \_SB_.LNKC: Enabled at IRQ 11
[    0.466338] ACPI: \_SB_.LNKA: Enabled at IRQ 10
[    0.491480] ACPI: \_SB_.LNKD: Enabled at IRQ 11
[    0.509013] Serial: 8250/16550 driver, 4 ports, IRQ sharing disabled
[    0.509825] 00:03: ttyS0 at I/O 0x3f8 (irq = 4, base_baud = 115200) is a 16550A
[    0.570373] loop: module loaded
[    0.571343] tun: Universal TUN/TAP device driver, 1.6
[    0.572071] rtc_cmos 00:04: RTC can wake from S4
[    0.573117] rtc_cmos 00:04: registered as rtc0
[    0.573671] rtc_cmos 00:04: setting system clock to 2026-09-26T05:20:31 UTC (1790400031)
[    0.574589] rtc_cmos 00:04: alarms up to one day, y3k, 242 bytes nvram, hpet irqs
[    0.575414] intel_pstate: CPU model not supported
[    0.575946] hid: raw HID events driver (C) Jiri Kosina
[    0.576926] NET: Registered PF_INET6 protocol family
[    0.577688] Segment Routing with IPv6
[    0.578099] In-situ OAM (IOAM) with IPv6
[    0.578553] NET: Registered PF_PACKET protocol family
[    0.579117] bridge: filtering via arp/ip/ip6tables is no longer available by default. Update your scripts to load br_netfilter if you need this.
[    0.580563] 9pnet: Installing 9P2000 support
[    0.583187] IPI shorthand broadcast: enabled
[    0.584911] sched_clock: Marking stable (582544385, 589728)->(589624820, -6490707)
[    0.586514] registered taskstats version 1
[    0.587074] Loading compiled-in X.509 certificates
[    0.587999] Loaded X.509 cert 'Build time autogenerated kernel key: d1424aba97e5b78a90400dcad095464dbcbd105a'
[    0.590575] Demotion targets for Node 0: null
[    0.591161] Key type .fscrypt registered
[    0.591596] Key type fscrypt-provisioning registered
[    0.592152] ima: No TPM chip found, activating TPM-bypass!
[    0.592750] ima: Allocated hash algorithm: sha256
[    0.593269] ima: No architecture policies found
[    0.594117] clk: Disabling unused clocks
[    0.600345] Freeing unused decrypted memory: 2036K
[    0.601827] Freeing unused kernel image (initmem) memory: 4024K
[    0.602276] Write protecting the kernel read-only data: 32768k
[    0.603850] Freeing unused kernel image (text/rodata gap) memory: 1940K
[    0.604973] Freeing unused kernel image (rodata/data gap) memory: 1740K
[    0.605445] Run /init as init process
[    0.606197] virtme initramfs: loading fuse.ko...
[    0.608508] fuse: module verification failed: signature and/or required key missing - tainting kernel
[    0.613893] fuse: init (API version 7.45)
[    0.614810] virtme initramfs: loading virtiofs.ko...
[    0.616037] virtme initramfs: loading virtio_mmio.ko...
[    0.616880] virtme initramfs: loading serio.ko...
[    0.617953] virtme initramfs: loading i8042.ko...
[    0.618926] i8042: PNP: PS/2 Controller [PNP0303:KBD,PNP0f13:MOU] at 0x60,0x64 irq 1,12
[    0.621111] serio: i8042 KBD port at 0x60,0x64 irq 1
[    0.621896] serio: i8042 AUX port at 0x60,0x64 irq 12
[    0.622824] virtme initramfs: loading libps2.ko...
[    0.623699] virtme initramfs: loading vivaldi-fmap.ko...
[    0.624409] virtme initramfs: loading atkbd.ko...
[    0.625540] virtme initramfs: mounting hostfs...
[    0.625968] input: AT Translated Set 2 keyboard as /devices/platform/i8042/serio0/input/input0
[    0.626292] virtio-fs: tag <ROOTFS> not found
[    0.628462] 9pnet: Limiting 'msize' to 512000 as this is the maximum supported by transport virtio
[    0.632384] virtme initramfs: done; switching to real root
[    0.652661] virtme-ng-init: Setting hostname to virtme-ng...
[    0.719837] virtme-ng-init: running systemd-tmpfiles
[    0.907685] virtme-ng-init: basic initialization done
[    0.910235] virtme-ng-init: you have CONFIG_UEVENT_HELPER on; turn it off
[    0.911592] 9pnet: Limiting 'msize' to 512000 as this is the maximum supported by transport virtio
[    0.934726] virtme-ng-init: Starting systemd-udevd version 255.4-1ubuntu8.17
[    0.936064] virtme-ng-init: triggering udev coldplug
[    1.801431] virtme-ng-init: waiting for udev to settle
[    1.808994] input: Power Button as /devices/platform/LNXPWRBN:00/input/input2
[    1.815875] ACPI: button: Power Button [PWRF]
[    1.827871] SCSI subsystem initialized
[    1.828043] piix4_smbus 0000:00:01.3: SMBus Host Controller at 0x700, revision 0
[    1.833374] i2c i2c-0: Memory type 0x07 not supported yet, not instantiating SPD
[    1.834884] input: VirtualPS/2 VMware VMMouse as /devices/platform/i8042/serio1/input/input4
[    1.838095] input: VirtualPS/2 VMware VMMouse as /devices/platform/i8042/serio1/input/input3
[    1.846316] mousedev: PS/2 mouse device common for all mice
[    1.885335] scsi host0: ata_piix
[    1.885897] scsi host1: ata_piix
[    1.886266] ata1: PATA max MWDMA2 cmd 0x1f0 ctl 0x3f6 bmdma 0xc200 irq 14 lpm-pol 0
[    1.886977] ata2: PATA max MWDMA2 cmd 0x170 ctl 0x376 bmdma 0xc208 irq 15 lpm-pol 0
[    2.041133] ata2: found unknown device (class 0)
[    2.041985] ata2.00: ATAPI: QEMU DVD-ROM, 2.5+, max UDMA/100
[    2.052085] scsi 1:0:0:0: CD-ROM            QEMU     QEMU DVD-ROM     2.5+ PQ: 0 ANSI: 5
[    2.165137] scsi 1:0:0:0: Attached scsi generic sg0 type 5
[    2.281923] sr 1:0:0:0: [sr0] scsi3-mmc drive: 4x/4x cd/rw xa/form2 tray
[    2.282439] cdrom: Uniform CD-ROM driver Revision: 3.20
[    3.896324] virtme-ng-init: udev is done
[    3.897567] virtme-ng-init: starting script
[    4.139741] loop0: detected capacity change from 0 to 134217728
[    4.150056] EXT4-fs (loop0): mounted filesystem 4757c35b-7a93-4f07-a6ec-de86aa8f148f r/w with ordered data mode. Quota mode: none.
[    6.905446] Initializing XFRM netlink socket
[   44.655541] bpf_x86_alu: loading out-of-tree module taints kernel.
[  563.171448] ACPI: PM: Preparing to enter system sleep state S5
[  563.171954] kvm: exiting hardware virtualization
[  563.172841] reboot: Power down
