WARNING: No swap limit support
WARNING: IPv4 forwarding is disabled
Loaded image: bpf-benchmark/runner-runtime:x86_64
WARNING: IPv4 forwarding is disabled. Networking will not work.
_DISK_SIZE:-64G}" /var/tmp/bpf-benchmark-docker.img
mkfs.ext4 -F -q /var/tmp/bpf-benchmark-docker.img
mount -o loop,discard /var/tmp/bpf-benchmark-docker.img /run/bpf-benchmark-docker
dockerd --data-root /run/bpf-benchmark-docker/data --exec-root /run/bpf-benchmark-docker/exec --pidfile /run/bpf-benchmark-docker/docker.pid --host unix:///run/docker.sock --bridge=none --iptables=false --ip-masq=false --ip-forward=false >/run/bpf-benchmark-docker/dockerd.log 2>&1 &
for _ in 1 2 3 4 5 6 7 8 9 10; do docker info >/dev/null 2>&1 && break; sleep 1; done
docker info >/dev/null
install -d "/workspaces/repository/corpus/results"
"/workspaces/repository/runner/scripts/bpfrejit-install" --image "bpf-benchmark/runner-runtime:x86_64" "/workspaces/repository/.cache/container-images/x86_64-runner-runtime.image.tar"
docker run --rm --privileged --pid=host --network=host --ipc=host --cgroupns=host -e BPFREJIT_INSIDE_RUNTIME_CONTAINER=1 -e HOME=/root -e TARGET="x86-kvm" -e RUN_TARGET_NAME="x86-kvm" -e RUN_TOKEN="1906a39c" -e RUN_TARGET_ARCH="x86_64" -e RUN_EXECUTOR="kvm" -e RUN_REMOTE_PYTHON_BIN="python3" -e RUN_RUNTIME_PYTHON_BIN="python3" -e RUN_BPFTOOL_BIN="bpftool" -e RUN_NATIVE_REPOS_CSV="bcc,katran,tracee,tetragon" -e SAMPLES="3"      -e FUZZ_ROUNDS="1000"  -e WORKLOAD_DURATION="60" -e KEEP_WORKDIRS="1" -e BPFREJIT_BENCH_PASSES="," -e BPFREJIT_CORPUS_APPS="tetragon/observer" -e SKIP_REJIT="norejit"          -e MERLIN_COMPILETIME_MODE="none"                    -w "/workspaces/repository" -v /sys:/sys -v /sys/fs/bpf:/sys/fs/bpf -v /sys/kernel/debug:/sys/kernel/debug -v /lib/modules:/lib/modules:ro -v /boot:/boot:ro -v "/workspaces/repository/corpus/results:/workspaces/repository/corpus/results" "bpf-benchmark/runner-runtime:x86_64" python3 -m corpus.driver
{"active_env_keys": ["BPFREJIT_NATIVE_LOADER_REQUIRE_PREBUILT_PROOF", "BPFREJIT_NATIVE_LOADER_SO"], "event": "native_loader_mode", "post_only": false, "saved_env_keys": ["BPFREJIT_NATIVE_LOADER_REQUIRE_PREBUILT_PROOF", "BPFREJIT_NATIVE_LOADER_SO"]}
{"app": "tetragon/observer", "event": "app_start", "runner": "tetragon", "workload": "stress_ng_tetragon_policy_hot"}
{"app": "tetragon/observer", "event": "phase_start", "phase": "baseline_start", "runner": "tetragon", "workload": "stress_ng_tetragon_policy_hot"}
{"active_env_keys": ["BPFREJIT_NATIVE_LOADER_REQUIRE_PREBUILT_PROOF", "BPFREJIT_NATIVE_LOADER_SO"], "app": "tetragon/observer", "event": "native_loader_phase_env", "phase": "baseline_start", "runner": "tetragon", "temporary_set_keys": ["BPFREJIT_SHIM_LOADTIME_PLAN", "BPFREJIT_SHIM_LOG"], "temporary_unset_keys": []}
{"app": "tetragon/observer", "event": "phase_done", "phase": "baseline_start", "runner": "tetragon", "status": "ok"}
{"app": "tetragon/observer", "event": "measurement_start", "phase": "baseline", "runner": "tetragon", "samples": 3, "workload": "stress_ng_tetragon_policy_hot"}
{"app": "tetragon/observer", "event": "measurement_done", "phase": "baseline", "runner": "tetragon", "status": "ok"}
{"app": "tetragon/observer", "event": "phase_start", "phase": "baseline_stop", "runner": "tetragon"}
{"app": "tetragon/observer", "event": "phase_step", "phase": "baseline_stop", "runner": "tetragon", "step": "runner_stop_done"}
{"app": "tetragon/observer", "event": "phase_step", "phase": "baseline_stop", "runner": "tetragon", "step": "quiesce_start"}
{"app": "tetragon/observer", "event": "phase_step", "phase": "baseline_stop", "runner": "tetragon", "step": "quiesce_done"}
{"app": "tetragon/observer", "event": "phase_step", "phase": "baseline_stop", "runner": "tetragon", "step": "bpf_stats_disabled"}
{"app": "tetragon/observer", "event": "phase_done", "phase": "baseline_stop", "runner": "tetragon", "status": "ok"}
{"active_env_keys": ["BPFREJIT_NATIVE_LOADER_REQUIRE_PREBUILT_PROOF", "BPFREJIT_NATIVE_LOADER_SO"], "app": "tetragon/observer", "event": "native_loader_phase_env", "phase": "post_rejit_start", "runner": "tetragon", "temporary_set_keys": ["BPFREJIT_REPO_ROOT", "BPFREJIT_SHIM_LOADTIME_PLAN", "BPFREJIT_SHIM_LOG"], "temporary_unset_keys": []}
{"app": "tetragon/observer", "event": "rejit_skipped", "runner": "tetragon"}
{"app": "tetragon/observer", "event": "phase_start", "phase": "post_rejit_start", "runner": "tetragon", "workload": "stress_ng_tetragon_policy_hot"}
{"app": "tetragon/observer", "event": "phase_done", "phase": "post_rejit_start", "runner": "tetragon", "status": "ok"}
{"app": "tetragon/observer", "event": "measurement_start", "phase": "post_rejit", "runner": "tetragon", "samples": 3, "workload": "stress_ng_tetragon_policy_hot"}
{"app": "tetragon/observer", "event": "measurement_done", "phase": "post_rejit", "runner": "tetragon", "status": "ok"}
{"app": "tetragon/observer", "event": "phase_start", "phase": "post_rejit_stop", "runner": "tetragon"}
{"app": "tetragon/observer", "event": "phase_step", "phase": "post_rejit_stop", "runner": "tetragon", "step": "runner_stop_done"}
{"app": "tetragon/observer", "event": "phase_step", "phase": "post_rejit_stop", "runner": "tetragon", "step": "quiesce_start"}
{"app": "tetragon/observer", "event": "phase_step", "phase": "post_rejit_stop", "runner": "tetragon", "step": "quiesce_done"}
{"app": "tetragon/observer", "event": "phase_step", "phase": "post_rejit_stop", "runner": "tetragon", "step": "bpf_stats_disabled"}
{"app": "tetragon/observer", "event": "phase_done", "phase": "post_rejit_stop", "runner": "tetragon", "status": "ok"}
{"app": "tetragon/observer", "error": "", "event": "app_done", "status": "ok"}
{
  "status": "ok",
  "artifact_run_dir": "/workspaces/repository/corpus/results/x86_kvm_corpus_20260926_051151_192774",
  "artifact_metadata": "/workspaces/repository/corpus/results/x86_kvm_corpus_20260926_051151_192774/metadata.json"
}
make: Leaving directory '/workspaces/repository'
VR (bus 0 bus_irq 9 global_irq 9 high level)
[    0.029096] ACPI: INT_SRC_OVR (bus 0 bus_irq 10 global_irq 10 high level)
[    0.029819] ACPI: INT_SRC_OVR (bus 0 bus_irq 11 global_irq 11 high level)
[    0.030540] ACPI: Using ACPI (MADT) for SMP configuration information
[    0.031225] ACPI: HPET id: 0x8086a201 base: 0xfed00000
[    0.031772] TSC deadline timer available
[    0.032189] CPU topo: Max. logical packages:   1
[    0.032679] CPU topo: Max. logical nodes:      1
[    0.033170] CPU topo: Num. nodes per package:  1
[    0.033659] CPU topo: Max. logical dies:       1
[    0.034150] CPU topo: Max. dies per package:   1
[    0.034641] CPU topo: Max. threads per core:   1
[    0.035132] CPU topo: Num. cores per package:     8
[    0.035649] CPU topo: Num. threads per package:   8
[    0.036167] CPU topo: Allowing 8 present CPUs plus 0 hotplug CPUs
[    0.036828] kvm-guest: APIC: eoi() replaced with kvm_guest_apic_eoi_write()
[    0.037575] kvm-guest: KVM setup pv remote TLB flush
[    0.038106] kvm-guest: setup PV sched yield
[    0.038551] PM: hibernation: Registered nosave memory: [mem 0x00000000-0x00000fff]
[    0.039354] PM: hibernation: Registered nosave memory: [mem 0x0009f000-0x000fffff]
[    0.040158] PM: hibernation: Registered nosave memory: [mem 0xbffdf000-0xffffffff]
[    0.040961] [gap 0xc0000000-0xfeffbfff] available for PCI devices
[    0.041606] Booting paravirtualized kernel on KVM
[    0.042107] clocksource: refined-jiffies: mask: 0xffffffff max_cycles: 0xffffffff, max_idle_ns: 19112604462750000 ns
[    0.047609] Zone ranges:
[    0.047908]   DMA      [mem 0x0000000000001000-0x0000000000ffffff]
[    0.048563]   DMA32    [mem 0x0000000001000000-0x00000000ffffffff]
[    0.049221]   Normal   [mem 0x0000000100000000-0x000000103fffffff]
[    0.049878]   Device   empty
[    0.050184] Movable zone start for each node
[    0.050636] Early memory node ranges
[    0.051016]   node   0: [mem 0x0000000000001000-0x000000000009efff]
[    0.051679]   node   0: [mem 0x0000000000100000-0x00000000bffdefff]
[    0.052346]   node   0: [mem 0x0000000100000000-0x000000103fffffff]
[    0.053013] Initmem setup node 0 [mem 0x0000000000001000-0x000000103fffffff]
[    0.053996] On node 0, zone DMA: 1 pages in unavailable ranges
[    0.054634] On node 0, zone DMA: 97 pages in unavailable ranges
[    0.060791] On node 0, zone Normal: 33 pages in unavailable ranges
[    0.061496] setup_percpu: NR_CPUS:8192 nr_cpumask_bits:8 nr_cpu_ids:8 nr_node_ids:1
[    0.062612] percpu: Embedded 61 pages/cpu s212992 r8192 d28672 u262144
[    0.063357] kvm-guest: PV spinlocks enabled
[    0.063809] PV qspinlock hash table entries: 256 (order: 0, 4096 bytes, linear)
[    0.064595] Kernel command line: virtme_hostname=virtme-ng nr_open=1048576 virtme_link_mods=/workspaces/repository/vendor/build/x86/linux/.virtme_mods/lib/modules/0.0.0 virtme_initmount0=workspaces/repository virtme_rw_overlay0=/etc virtme_rw_overlay1=/lib virtme_rw_overlay2=/home virtme_rw_overlay3=/opt virtme_rw_overlay4=/srv virtme_rw_overlay5=/usr virtme_rw_overlay6=/var virtme_rw_overlay7=/tmp virtme_console=ttyS0 console=ttyS0 earlyprintk=serial,ttyS0,115200 panic=-1 \
[    0.069104] Kernel command line: virtme.exec=`bWFrZSAtQyAvd29ya3NwYWNlcy9yZXBvc2l0b3J5IF9fcnVudGltZS12bS1jb3JwdXMgVEFSR0VUPSd4ODYta3ZtJyBSVU5fVEFSR0VUX05BTUU9J3g4Ni1rdm0nIFJVTl9UQVJHRVRfQVJDSD0neDg2XzY0JyBSVU5fRVhFQ1VUT1I9J2t2bScgUlVOVElNRV9DT05UQUlORVJfSU1BR0U9J2JwZi1iZW5jaG1hcmsvcnVubmVyLXJ1bnRpbWU6eDg2XzY0JyBSVU5USU1FX0lNQUdFX1RBUj0nL3dvcmtzcGFjZXMvcmVwb3NpdG9yeS8uY2FjaGUvY29udGFpbmVyLWltYWdlcy94ODZfNjQtcnVubmVyLXJ1bnRpbWUuaW1hZ2UudGFyJyBSVU5fUkVNT1RFX1BZVEhPTl9CSU49J3B5dGhvbjMnIFJVTl9SVU5USU1FX1BZVEhPTl9CSU49J3B5dGhvbjMnIFJVTl9CUEZUT09MX0JJTj0nYnBmdG9vbCcgUlVOX05BVElWRV9SRVBPU19DU1Y9J2JjYyxrYXRyYW4sdHJhY2VlLHRldHJhZ29uJyBSVU5fVE9LRU49JzE5MDZhMzljJyBTQU1QTEVTPSczJyAgICAgIEZVWlpfUk9VTkRTPScxMDAwJyAgV09SS0xPQURfRFVSQVRJT049JzYwJyBLRUVQX1dPUktESVJTPScxJyBCUEZSRUpJVF9CRU5DSF9QQVNTRVM9JywnIEJQRlJFSklUX0NPUlBVU19BUFBTPSd0ZXRyYWdvbi9vYnNlcnZlcicgU0tJUF9SRUpJVD0nbm9yZWppdCcgICAgICAgICAgTUVSTElOX0NPTVBJTEVUSU1FX01PREU9J25vbmUnICAgICAgICAgICAgICAgICAgIA==` virtme_chdir=workspaces/repository virtme_root_user=1 debug \
[    0.078679] Kernel command line: loglevel=7 panic=30 oops=panic init=/opt/virtme-ng/lib/python3.12/site-packages/virtme/guest/bin/virtme-ng-init
[    0.080238] Unknown kernel command line parameters "virtme_hostname=virtme-ng nr_open=1048576 virtme_link_mods=/workspaces/repository/vendor/build/x86/linux/.virtme_mods/lib/modules/0.0.0 virtme_initmount0=workspaces/repository virtme_rw_overlay0=/etc virtme_rw_overlay1=/lib virtme_rw_overlay2=/home virtme_rw_overlay3=/opt virtme_rw_overlay4=/srv virtme_rw_overlay5=/usr virtme_rw_overlay6=/var virtme_rw_overlay7=/tmp virtme_console=ttyS0 virtme_chdir=workspaces/repository virtme_root_user=1", will be passed to user space.
[    0.085182] random: crng init done
[    0.085544] printk: log buffer data + meta data: 2097152 + 7340032 = 9437184 bytes
[    0.093603] Dentry cache hash table entries: 8388608 (order: 14, 67108864 bytes, linear)
[    0.098108] Inode-cache hash table entries: 4194304 (order: 13, 33554432 bytes, linear)
[    0.099093] software IO TLB: area num 8.
[    0.111007] Fallback order for Node 0: 0
[    0.111012] Built 1 zonelists, mobility grouping on.  Total pages: 16777085
[    0.112183] Policy zone: Normal
[    0.112507] mem auto-init: stack:off, heap alloc:off, heap free:off
[    0.125571] SLUB: HWalign=64, Order=0-3, MinObjects=0, CPUs=8, Nodes=1
Poking KASLR using RDRAND RDTSC...
[    0.135240] ftrace: allocating 51964 entries in 204 pages
[    0.135816] ftrace: allocated 204 pages with 4 groups
[    0.136754] Dynamic Preempt: lazy
[    0.137302] rcu: Preemptible hierarchical RCU implementation.
[    0.137901] rcu: 	RCU restricting CPUs from NR_CPUS=8192 to nr_cpu_ids=8.
[    0.138602] 	Trampoline variant of Tasks RCU enabled.
[    0.139126] 	Rude variant of Tasks RCU enabled.
[    0.139591] 	Tracing variant of Tasks RCU enabled.
[    0.140087] rcu: RCU calculated value of scheduler-enlistment delay is 10 jiffies.
[    0.140868] rcu: Adjusting geometry for rcu_fanout_leaf=16, nr_cpu_ids=8
[    0.141564] RCU Tasks: Setting shift to 3 and lim to 1 rcu_task_cb_adjust=1 rcu_task_cpu_ids=8.
[    0.142470] RCU Tasks Rude: Setting shift to 3 and lim to 1 rcu_task_cb_adjust=1 rcu_task_cpu_ids=8.
[    0.146167] NR_IRQS: 524544, nr_irqs: 488, preallocated irqs: 16
[    0.146984] rcu: srcu_init: Setting srcu_struct sizes based on contention.
[    0.147816] Console: colour *CGA 80x25
[    0.148234] printk: legacy console [ttyS0] enabled
[    0.148234] printk: legacy console [ttyS0] enabled
[    0.149245] printk: legacy bootconsole [earlyser0] disabled
[    0.149245] printk: legacy bootconsole [earlyser0] disabled
[    0.150425] ACPI: Core revision 20251212
[    0.150964] clocksource: hpet: mask: 0xffffffff max_cycles: 0xffffffff, max_idle_ns: 19112604467 ns
[    0.152007] APIC: Switch to symmetric I/O mode setup
[    0.152691] x2apic enabled
[    0.153181] APIC: Switched APIC routing to: physical x2apic
[    0.153776] kvm-guest: APIC: send_IPI_mask() replaced with kvm_send_ipi_mask()
[    0.154537] kvm-guest: APIC: send_IPI_mask_allbutself() replaced with kvm_send_ipi_mask_allbutself()
[    0.155495] kvm-guest: setup PV IPIs
[    0.156563] ..TIMER: vector=0x30 apic1=0 pin1=2 apic2=-1 pin2=-1
[    0.157218] clocksource: tsc-early: mask: 0xffffffffffffffff max_cycles: 0x6a464ae9873, max_idle_ns: 881590529744 ns
[    0.158324] Calibrating delay loop (skipped) preset value.. 7372.80 BogoMIPS (lpj=36864000)
[    0.159327] x86/cpu: User Mode Instruction Prevention (UMIP) activated
[    0.160076] Last level iTLB entries: 4KB 0, 2MB 0, 4MB 0
[    0.160637] Last level dTLB entries: 4KB 0, 2MB 0, 4MB 0, 1GB 0
[    0.161267] mitigations: Enabled attack vectors: user_kernel, user_user, guest_host, guest_guest, SMT mitigations: auto
[    0.168325] Speculative Store Bypass: Mitigation: Speculative Store Bypass disabled via prctl
[    0.169221] Spectre V2 : Mitigation: Enhanced / Automatic IBRS
[    0.169837] ITS: Mitigation: Aligned branch/return thunks
[    0.170406] Spectre V1 : Mitigation: usercopy/swapgs barriers and __user pointer sanitization
[    0.171303] Spectre V2 : mitigation: Enabling conditional Indirect Branch Prediction Barrier
[    0.172193] active return thunk: its_return_thunk
[    0.172699] Spectre V2 : Spectre BHI mitigation: SW BHB clearing on syscall and VM exit
[    0.173554] x86/fpu: Supporting XSAVE feature 0x001: 'x87 floating point registers'
[    0.174378] x86/fpu: Supporting XSAVE feature 0x002: 'SSE registers'
[    0.175063] x86/fpu: Supporting XSAVE feature 0x004: 'AVX registers'
[    0.175748] x86/fpu: Supporting XSAVE feature 0x200: 'Protection Keys User registers'
[    0.176587] x86/fpu: xstate_offset[2]:  576, xstate_sizes[2]:  256
[    0.177253] x86/fpu: xstate_offset[9]:  832, xstate_sizes[9]:    8
[    0.177919] x86/fpu: Enabled xstate features 0x207, context size is 840 bytes, using 'compacted' format.
[    0.192846] Freeing SMP alternatives memory: 48K
[    0.193368] pid_max: default: 32768 minimum: 301
[    0.193968] landlock: Up and running.
[    0.194372] Yama: becoming mindful.
[    0.194761] SELinux:  Initializing.
[    0.195365] LSM support for eBPF active
[    0.195902] Mount-cache hash table entries: 131072 (order: 8, 1048576 bytes, linear)
[    0.196953] Mountpoint-cache hash table entries: 131072 (order: 8, 1048576 bytes, linear)
[    0.197939] VFS: Finished mounting rootfs on nullfs
[    0.198542] smpboot: CPU0: Intel(R) Core(TM) Ultra 9 285K (family: 0x6, model: 0xc6, stepping: 0x2)
[    0.199641] Performance Events: unsupported CPU family 6 model 198 no PMU driver, software events only.
[    0.200741] signal: max sigframe size: 3632
[    0.201216] rcu: Hierarchical SRCU implementation.
[    0.201755] rcu: 	Max phase no-delay instances is 1000.
[    0.202352] Timer migration: 1 hierarchy levels; 8 children per group; 1 crossnode level
[    0.205072] smp: Bringing up secondary CPUs ...
[    0.205638] smpboot: x86: Booting SMP configuration:
[    0.206242] .... node  #0, CPUs:      #1 #2 #3 #4 #5 #6 #7
[    0.208818] smp: Brought up 1 node, 8 CPUs
[    0.209870] smpboot: Total of 8 processors activated (58982.40 BogoMIPS)
[    0.238338] node 0 deferred pages initialised in 30ms
[    0.248927] Memory: 65808924K/67108340K available (16491K kernel code, 9695K rwdata, 12596K rodata, 4024K init, 7316K bss, 1288216K reserved, 0K cma-reserved)
[    0.251976] devtmpfs: initialized
[    0.251976] x86/mm: Memory block size: 1024MB
[    0.251976] clocksource: jiffies: mask: 0xffffffff max_cycles: 0xffffffff, max_idle_ns: 19112604462750000 ns
[    0.251976] posixtimers hash table entries: 4096 (order: 4, 65536 bytes, linear)
[    0.251976] futex hash table entries: 2048 (131072 bytes on 1 NUMA nodes, total 128 KiB, linear).
[    0.251989] NET: Registered PF_NETLINK/PF_ROUTE protocol family
[    0.258438] DMA: preallocated 4096 KiB GFP_KERNEL pool for atomic allocations
[    0.259272] DMA: preallocated 4096 KiB GFP_KERNEL|GFP_DMA pool for atomic allocations
[    0.260119] DMA: preallocated 4096 KiB GFP_KERNEL|GFP_DMA32 pool for atomic allocations
[    0.260988] audit: initializing netlink subsys (disabled)
[    0.261581] audit: type=2000 audit(1790399468.365:1): state=initialized audit_enabled=0 res=1
[    0.261581] thermal_sys: Registered thermal governor 'fair_share'
[    0.261581] thermal_sys: Registered thermal governor 'step_wise'
[    0.261581] thermal_sys: Registered thermal governor 'user_space'
[    0.261601] cpuidle: using governor ladder
[    0.261601] cpuidle: using governor menu
[    0.261601] acpiphp: ACPI Hot Plug PCI Controller Driver version: 0.5
[    0.268431] PCI: Using configuration type 1 for base access
[    0.269107] kprobes: kprobe jump-optimization is enabled. All kprobes are optimized if possible.
[    0.269341] HugeTLB: registered 1.00 GiB page size, pre-allocated 0 pages
[    0.269341] HugeTLB: 16380 KiB vmemmap can be freed for a 1.00 GiB page
[    0.269801] HugeTLB: registered 2.00 MiB page size, pre-allocated 0 pages
[    0.270536] HugeTLB: 28 KiB vmemmap can be freed for a 2.00 MiB page
[    0.271291] ACPI: Added _OSI(Module Device)
[    0.271291] ACPI: Added _OSI(Processor Device)
[    0.271291] ACPI: Added _OSI(Processor Aggregator Device)
[    0.271291] ACPI: 1 ACPI AML tables successfully acquired and loaded
[    0.288345] ACPI: \_SB_: platform _OSC: OS support mask [00227eff]
[    0.289129] ACPI: Interpreter enabled
[    0.298331] ACPI: PM: (supports S0 S4 S5)
[    0.298774] ACPI: Using IOAPIC for interrupt routing
[    0.299320] PCI: Using host bridge windows from ACPI; if necessary, use "pci=nocrs" and report a bug
[    0.300301] PCI: Using E820 reservations for host bridge windows
[    0.301005] ACPI: Enabled 2 GPEs in block 00 to 0F
[    0.302737] ACPI: PCI Root Bridge [PCI0] (domain 0000 [bus 00-ff])
[    0.303411] acpi PNP0A03:00: _OSC: OS supports [ASPM ClockPM Segments MSI HPX-Type3]
[    0.304244] acpi PNP0A03:00: _OSC: not requesting OS control; OS requires [ExtendedConfig ASPM ClockPM MSI]
[    0.305289] acpi PNP0A03:00: _OSC: platform retains control of PCIe features (AE_ERROR)
[    0.306153] acpi PNP0A03:00: fail to add MMCONFIG information, can't access extended configuration space under this bridge
[    0.307533] acpiphp: Slot [2] registered
[    0.307987] acpiphp: Slot [3] registered
[    0.308337] acpiphp: Slot [4] registered
[    0.308775] acpiphp: Slot [5] registered
[    0.309211] acpiphp: Slot [6] registered
[    0.309649] acpiphp: Slot [7] registered
[    0.310086] acpiphp: Slot [8] registered
[    0.310525] acpiphp: Slot [9] registered
[    0.310962] acpiphp: Slot [10] registered
[    0.311411] acpiphp: Slot [11] registered
[    0.311856] acpiphp: Slot [12] registered
[    0.312301] acpiphp: Slot [13] registered
[    0.312748] acpiphp: Slot [14] registered
[    0.313193] acpiphp: Slot [15] registered
[    0.313641] acpiphp: Slot [16] registered
[    0.314087] acpiphp: Slot [17] registered
[    0.314535] acpiphp: Slot [18] registered
[    0.314980] acpiphp: Slot [19] registered
[    0.315428] acpiphp: Slot [20] registered
[    0.315873] acpiphp: Slot [21] registered
[    0.316320] acpiphp: Slot [22] registered
[    0.316774] acpiphp: Slot [23] registered
[    0.317219] acpiphp: Slot [24] registered
[    0.317667] acpiphp: Slot [25] registered
[    0.318112] acpiphp: Slot [26] registered
[    0.318335] acpiphp: Slot [27] registered
[    0.318781] acpiphp: Slot [28] registered
[    0.319233] acpiphp: Slot [29] registered
[    0.319695] acpiphp: Slot [30] registered
[    0.320158] acpiphp: Slot [31] registered
[    0.320616] PCI host bridge to bus 0000:00
[    0.321065] pci_bus 0000:00: root bus resource [io  0x0000-0x0cf7 window]
[    0.321809] pci_bus 0000:00: root bus resource [io  0x0d00-0xffff window]
[    0.322545] pci_bus 0000:00: root bus resource [mem 0x000a0000-0x000bffff window]
[    0.323350] pci_bus 0000:00: root bus resource [mem 0xc0000000-0xfebfffff window]
[    0.324157] pci_bus 0000:00: root bus resource [mem 0x380000000000-0x38007fffffff window]
[    0.325032] pci_bus 0000:00: root bus resource [bus 00-ff]
[    0.325664] pci 0000:00:00.0: [8086:1237] type 00 class 0x060000 conventional PCI endpoint
[    0.327011] pci 0000:00:01.0: [8086:7000] type 00 class 0x060100 conventional PCI endpoint
[    0.328575] pci 0000:00:01.1: [8086:7010] type 00 class 0x010180 conventional PCI endpoint
[    0.330123] pci 0000:00:01.1: BAR 4 [io  0xc200-0xc20f]
[    0.330728] pci 0000:00:01.1: BAR 0 [io  0x01f0-0x01f7]: legacy IDE quirk
[    0.331462] pci 0000:00:01.1: BAR 1 [io  0x03f6]: legacy IDE quirk
[    0.332130] pci 0000:00:01.1: BAR 2 [io  0x0170-0x0177]: legacy IDE quirk
[    0.332859] pci 0000:00:01.1: BAR 3 [io  0x0376]: legacy IDE quirk
[    0.333669] pci 0000:00:01.3: [8086:7113] type 00 class 0x068000 conventional PCI endpoint
[    0.334902] pci 0000:00:01.3: quirk: [io  0x0600-0x063f] claimed by PIIX4 ACPI
[    0.335687] pci 0000:00:01.3: quirk: [io  0x0700-0x070f] claimed by PIIX4 SMB
[    0.336746] pci 0000:00:02.0: [1af4:1009] type 00 class 0x000200 conventional PCI endpoint
[    0.339172] pci 0000:00:02.0: BAR 0 [io  0xc000-0xc03f]
[    0.339747] pci 0000:00:02.0: BAR 1 [mem 0xfebf7000-0xfebf7fff]
[    0.340415] pci 0000:00:02.0: BAR 4 [mem 0x380000000000-0x380000003fff 64bit pref]
[    0.342059] pci 0000:00:03.0: [1af4:1009] type 00 class 0x000200 conventional PCI endpoint
[    0.344588] pci 0000:00:03.0: BAR 0 [io  0xc040-0xc07f]
[    0.345166] pci 0000:00:03.0: BAR 1 [mem 0xfebf8000-0xfebf8fff]
[    0.345831] pci 0000:00:03.0: BAR 4 [mem 0x380000004000-0x380000007fff 64bit pref]
[    0.347335] pci 0000:00:04.0: [8086:25ab] type 00 class 0x088000 conventional PCI endpoint
[    0.348869] pci 0000:00:04.0: BAR 0 [mem 0xfebf9000-0xfebf900f]
[    0.350034] pci 0000:00:05.0: [1af4:1003] type 00 class 0x078000 conventional PCI endpoint
[    0.352086] pci 0000:00:05.0: BAR 0 [io  0xc080-0xc0bf]
[    0.352708] pci 0000:00:05.0: BAR 1 [mem 0xfebfa000-0xfebfafff]
[    0.353375] pci 0000:00:05.0: BAR 4 [mem 0x380000008000-0x38000000bfff 64bit pref]
[    0.355012] pci 0000:00:06.0: [1af4:1003] type 00 class 0x078000 conventional PCI endpoint
[    0.356953] pci 0000:00:06.0: BAR 0 [io  0xc0c0-0xc0ff]
[    0.357526] pci 0000:00:06.0: BAR 1 [mem 0xfebfb000-0xfebfbfff]
[    0.358358] pci 0000:00:06.0: BAR 4 [mem 0x38000000c000-0x38000000ffff 64bit pref]
[    0.360027] pci 0000:00:07.0: [1af4:1003] type 00 class 0x078000 conventional PCI endpoint
[    0.361714] pci 0000:00:07.0: BAR 0 [io  0xc100-0xc13f]
[    0.362287] pci 0000:00:07.0: BAR 1 [mem 0xfebfc000-0xfebfcfff]
[    0.362954] pci 0000:00:07.0: BAR 4 [mem 0x380000010000-0x380000013fff 64bit pref]
[    0.364584] pci 0000:00:08.0: [1af4:1003] type 00 class 0x078000 conventional PCI endpoint
[    0.366327] pci 0000:00:08.0: BAR 0 [io  0xc140-0xc17f]
[    0.366903] pci 0000:00:08.0: BAR 1 [mem 0xfebfd000-0xfebfdfff]
[    0.367571] pci 0000:00:08.0: BAR 4 [mem 0x380000014000-0x380000017fff 64bit pref]
[    0.369189] pci 0000:00:09.0: [1af4:1003] type 00 class 0x078000 conventional PCI endpoint
[    0.370823] pci 0000:00:09.0: BAR 0 [io  0xc180-0xc1bf]
[    0.371402] pci 0000:00:09.0: BAR 1 [mem 0xfebfe000-0xfebfefff]
[    0.372076] pci 0000:00:09.0: BAR 4 [mem 0x380000018000-0x38000001bfff 64bit pref]
[    0.373705] pci 0000:00:0a.0: [1af4:1003] type 00 class 0x078000 conventional PCI endpoint
[    0.375353] pci 0000:00:0a.0: BAR 0 [io  0xc1c0-0xc1ff]
[    0.375926] pci 0000:00:0a.0: BAR 1 [mem 0xfebff000-0xfebfffff]
[    0.376593] pci 0000:00:0a.0: BAR 4 [mem 0x38000001c000-0x38000001ffff 64bit pref]
[    0.380543] ACPI: PCI: Interrupt link LNKA configured for IRQ 10
[    0.381316] ACPI: PCI: Interrupt link LNKB configured for IRQ 10
[    0.382015] ACPI: PCI: Interrupt link LNKC configured for IRQ 11
[    0.382711] ACPI: PCI: Interrupt link LNKD configured for IRQ 11
[    0.383388] ACPI: PCI: Interrupt link LNKS configured for IRQ 9
[    0.384325] iommu: Default domain type: Translated
[    0.384325] iommu: DMA domain TLB invalidation policy: lazy mode
[    0.384325] pps_core: LinuxPPS API ver. 1 registered
[    0.384325] pps_core: Software ver. 5.3.6 - Copyright 2005-2007 Rodolfo Giometti <giometti@linux.it>
[    0.384325] PTP clock support registered
[    0.388358] EDAC MC: Ver: 3.0.0
[    0.388954] NetLabel: Initializing
[    0.389349] NetLabel:  domain hash size = 128
[    0.389822] NetLabel:  protocols = UNLABELED CIPSOv4 CALIPSO
[    0.390438] NetLabel:  unlabeled traffic allowed by default
[    0.391041] PCI: Using ACPI for IRQ routing
[    0.391689] e820: register RAM buffer resource [mem 0x0009fc00-0x0009ffff]
[    0.392426] e820: register RAM buffer resource [mem 0xbffdf000-0xbfffffff]
[    0.393171] hpet0: at MMIO 0xfed00000, IRQs 2, 8, 0
[    0.393171] hpet0: 3 comparators, 64-bit 100.000000 MHz counter
[    0.398514] clocksource: Switched to clocksource kvm-clock
[    0.399191] VFS: Disk quotas dquot_6.6.0
[    0.399627] VFS: Dquot-cache hash table entries: 512 (order 0, 4096 bytes)
[    0.400447] netfs: FS-Cache loaded
[    0.400901] pnp: PnP ACPI init
[    0.401398] pnp: PnP ACPI: found 5 devices
[    0.407348] clocksource: acpi_pm: mask: 0xffffff max_cycles: 0xffffff, max_idle_ns: 2085701024 ns
[    0.408343] NET: Registered PF_INET protocol family
[    0.409121] IP idents hash table entries: 262144 (order: 9, 2097152 bytes, linear)
[    0.419470] tcp_listen_portaddr_hash hash table entries: 32768 (order: 7, 524288 bytes, linear)
[    0.420445] Table-perturb hash table entries: 65536 (order: 6, 262144 bytes, linear)
[    0.421318] TCP established hash table entries: 524288 (order: 10, 4194304 bytes, linear)
[    0.422711] TCP bind hash table entries: 65536 (order: 9, 2097152 bytes, linear)
[    0.423779] TCP: Hash tables configured (established 524288 bind 65536)
[    0.424759] MPTCP token hash table entries: 65536 (order: 9, 1572864 bytes, linear)
[    0.425649] UDP hash table entries: 32768 (order: 9, 2097152 bytes, linear)
[    0.426680] UDP-Lite hash table entries: 32768 (order: 9, 2097152 bytes, linear)
[    0.427804] NET: Registered PF_UNIX/PF_LOCAL protocol family
[    0.428450] NET: Registered PF_XDP protocol family
[    0.428975] pci_bus 0000:00: resource 4 [io  0x0000-0x0cf7 window]
[    0.429645] pci_bus 0000:00: resource 5 [io  0x0d00-0xffff window]
[    0.430313] pci_bus 0000:00: resource 6 [mem 0x000a0000-0x000bffff window]
[    0.431057] pci_bus 0000:00: resource 7 [mem 0xc0000000-0xfebfffff window]
[    0.431796] pci_bus 0000:00: resource 8 [mem 0x380000000000-0x38007fffffff window]
[    0.432632] pci 0000:00:01.0: PIIX3: Enabling Passive Release
[    0.433288] pci 0000:00:00.0: Limiting direct PCI/PCI transfers
[    0.434027] PCI: CLS 0 bytes, default 64
[    0.434499] PCI-DMA: Using software bounce buffering for IO (SWIOTLB)
[    0.434645] Trying to unpack rootfs image as initramfs...
[    0.435194] software IO TLB: mapped [mem 0x00000000bb36b000-0x00000000bf36b000] (64MB)
[    0.437364] clocksource: tsc: mask: 0xffffffffffffffff max_cycles: 0x6a464ae9873, max_idle_ns: 881590529744 ns
[    0.440963] Freeing initrd memory: 12692K
[    0.444557] Initialise system trusted keyrings
[    0.445071] Key type blacklist registered
[    0.445585] workingset: timestamp_bits=36 max_order=24 bucket_order=0
[    0.446609] SGI XFS with ACLs, security attributes, quota, no debug enabled
[    0.447901] 9p: Installing v9fs 9p2000 file system support
[    0.449102] integrity: Platform Keyring initialized
[    0.449694] cryptd: max_cpu_qlen set to 1000
[    0.455394] Key type asymmetric registered
[    0.455842] Asymmetric key parser 'x509' registered
[    0.456383] Block layer SCSI generic (bsg) driver version 0.4 loaded (major 248)
[    0.457232] io scheduler mq-deadline registered
[    0.457724] io scheduler kyber registered
[    0.458170] io scheduler bfq registered
[    0.467789] ACPI: \_SB_.LNKB: Enabled at IRQ 10
[    0.476579] ACPI: \_SB_.LNKC: Enabled at IRQ 11
[    0.485207] ACPI: \_SB_.LNKA: Enabled at IRQ 10
[    0.509935] ACPI: \_SB_.LNKD: Enabled at IRQ 11
[    0.527543] Serial: 8250/16550 driver, 4 ports, IRQ sharing disabled
[    0.528358] 00:03: ttyS0 at I/O 0x3f8 (irq = 4, base_baud = 115200) is a 16550A
[    0.588971] loop: module loaded
[    0.589505] tun: Universal TUN/TAP device driver, 1.6
[    0.590245] rtc_cmos 00:04: RTC can wake from S4
[    0.591361] rtc_cmos 00:04: registered as rtc0
[    0.591933] rtc_cmos 00:04: setting system clock to 2026-09-26T05:11:07 UTC (1790399467)
[    0.592843] rtc_cmos 00:04: alarms up to one day, y3k, 242 bytes nvram, hpet irqs
[    0.593661] intel_pstate: CPU model not supported
[    0.594189] hid: raw HID events driver (C) Jiri Kosina
[    0.595156] NET: Registered PF_INET6 protocol family
[    0.595905] Segment Routing with IPv6
[    0.596314] In-situ OAM (IOAM) with IPv6
[    0.596758] NET: Registered PF_PACKET protocol family
[    0.597315] bridge: filtering via arp/ip/ip6tables is no longer available by default. Update your scripts to load br_netfilter if you need this.
[    0.598756] 9pnet: Installing 9P2000 support
[    0.601209] IPI shorthand broadcast: enabled
[    0.603096] sched_clock: Marking stable (600526264, 617818)->(598718861, 2425221)
[    0.604676] registered taskstats version 1
[    0.605236] Loading compiled-in X.509 certificates
[    0.606131] Loaded X.509 cert 'Build time autogenerated kernel key: d1424aba97e5b78a90400dcad095464dbcbd105a'
[    0.608600] Demotion targets for Node 0: null
[    0.609145] Key type .fscrypt registered
[    0.609576] Key type fscrypt-provisioning registered
[    0.610135] ima: No TPM chip found, activating TPM-bypass!
[    0.610742] ima: Allocated hash algorithm: sha256
[    0.611263] ima: No architecture policies found
[    0.612084] clk: Disabling unused clocks
[    0.618139] Freeing unused decrypted memory: 2036K
[    0.619239] Freeing unused kernel image (initmem) memory: 4024K
[    0.619690] Write protecting the kernel read-only data: 32768k
[    0.620790] Freeing unused kernel image (text/rodata gap) memory: 1940K
[    0.622008] Freeing unused kernel image (rodata/data gap) memory: 1740K
[    0.622517] Run /init as init process
[    0.623093] virtme initramfs: loading fuse.ko...
[    0.625569] fuse: module verification failed: signature and/or required key missing - tainting kernel
[    0.629690] fuse: init (API version 7.45)
[    0.630342] virtme initramfs: loading virtiofs.ko...
[    0.631766] virtme initramfs: loading virtio_mmio.ko...
[    0.632538] virtme initramfs: loading serio.ko...
[    0.633996] virtme initramfs: loading i8042.ko...
[    0.635092] i8042: PNP: PS/2 Controller [PNP0303:KBD,PNP0f13:MOU] at 0x60,0x64 irq 1,12
[    0.637293] serio: i8042 KBD port at 0x60,0x64 irq 1
[    0.638072] serio: i8042 AUX port at 0x60,0x64 irq 12
[    0.639062] virtme initramfs: loading libps2.ko...
[    0.640605] virtme initramfs: loading vivaldi-fmap.ko...
[    0.641933] virtme initramfs: loading atkbd.ko...
[    0.643740] input: AT Translated Set 2 keyboard as /devices/platform/i8042/serio0/input/input0
[    0.644412] virtme initramfs: mounting hostfs...
[    0.645465] virtio-fs: tag <ROOTFS> not found
[    0.646173] 9pnet: Limiting 'msize' to 512000 as this is the maximum supported by transport virtio
[    0.649463] virtme initramfs: done; switching to real root
[    0.677129] virtme-ng-init: Setting hostname to virtme-ng...
[    0.697179] virtme-ng-init: running systemd-tmpfiles
[    0.884208] virtme-ng-init: basic initialization done
[    0.887160] virtme-ng-init: you have CONFIG_UEVENT_HELPER on; turn it off
[    0.888104] 9pnet: Limiting 'msize' to 512000 as this is the maximum supported by transport virtio
[    0.913721] virtme-ng-init: Starting systemd-udevd version 255.4-1ubuntu8.17
[    0.914289] virtme-ng-init: triggering udev coldplug
[    1.712336] virtme-ng-init: waiting for udev to settle
[    1.722552] input: Power Button as /devices/platform/LNXPWRBN:00/input/input2
[    1.726299] ACPI: button: Power Button [PWRF]
[    1.740971] input: VirtualPS/2 VMware VMMouse as /devices/platform/i8042/serio1/input/input4
[    1.749000] input: VirtualPS/2 VMware VMMouse as /devices/platform/i8042/serio1/input/input3
[    1.751937] piix4_smbus 0000:00:01.3: SMBus Host Controller at 0x700, revision 0
[    1.752019] SCSI subsystem initialized
[    1.752827] i2c i2c-0: Memory type 0x07 not supported yet, not instantiating SPD
[    1.754919] mousedev: PS/2 mouse device common for all mice
[    1.836115] scsi host0: ata_piix
[    1.837320] scsi host1: ata_piix
[    1.838132] ata1: PATA max MWDMA2 cmd 0x1f0 ctl 0x3f6 bmdma 0xc200 irq 14 lpm-pol 0
[    1.839458] ata2: PATA max MWDMA2 cmd 0x170 ctl 0x376 bmdma 0xc208 irq 15 lpm-pol 0
[    2.010859] ata2: found unknown device (class 0)
[    2.012379] ata2.00: ATAPI: QEMU DVD-ROM, 2.5+, max UDMA/100
[    2.014732] scsi 1:0:0:0: CD-ROM            QEMU     QEMU DVD-ROM     2.5+ PQ: 0 ANSI: 5
[    2.122705] scsi 1:0:0:0: Attached scsi generic sg0 type 5
[    2.241755] sr 1:0:0:0: [sr0] scsi3-mmc drive: 4x/4x cd/rw xa/form2 tray
[    2.242261] cdrom: Uniform CD-ROM driver Revision: 3.20
[    3.837755] virtme-ng-init: udev is done
[    3.839216] virtme-ng-init: starting script
[    4.043285] loop0: detected capacity change from 0 to 134217728
[    4.048829] EXT4-fs (loop0): mounted filesystem cbf8515a-ac0a-4aaf-9b80-bf15b84284f8 r/w with ordered data mode. Quota mode: none.
[    6.457549] Initializing XFRM netlink socket
[   43.298003] bpf_x86_alu: loading out-of-tree module taints kernel.
[  562.609469] ACPI: PM: Preparing to enter system sleep state S5
[  562.609966] kvm: exiting hardware virtualization
[  562.610505] reboot: Power down
