AWS 配置检查通过: arch=arm64 profile=default region=us-east-1
install -d "/home/ruoji/github/bpf-opt/code/vendor/build/arm64/linux"
cp "/home/ruoji/github/bpf-opt/code/vendor/bpfrejit_arm64_defconfig" "/home/ruoji/github/bpf-opt/code/vendor/build/arm64/linux/.config"
make -C "/home/ruoji/github/bpf-opt/code/vendor/linux-framework" O="/home/ruoji/github/bpf-opt/code/vendor/build/arm64/linux" ARCH=arm64 CROSS_COMPILE=aarch64-linux-gnu- olddefconfig
make[1]: Entering directory '/home/ruoji/github/bpf-opt/code/vendor/linux-framework'
make[2]: Entering directory '/home/ruoji/github/bpf-opt/code/vendor/build/arm64/linux'
  GEN     Makefile
#
# configuration written to .config
#
make[2]: Leaving directory '/home/ruoji/github/bpf-opt/code/vendor/build/arm64/linux'
make[1]: Leaving directory '/home/ruoji/github/bpf-opt/code/vendor/linux-framework'
make -C "/home/ruoji/github/bpf-opt/code/vendor/linux-framework" O="/home/ruoji/github/bpf-opt/code/vendor/build/arm64/linux" ARCH=arm64 CROSS_COMPILE=aarch64-linux-gnu- Image vmlinuz.efi modules -j"16"
make[1]: Entering directory '/home/ruoji/github/bpf-opt/code/vendor/linux-framework'
make[2]: Entering directory '/home/ruoji/github/bpf-opt/code/vendor/build/arm64/linux'
  SYNC    include/config/auto.conf
  GEN     Makefile
  GEN     Makefile
  DESCEND bpf/resolve_btfids
  INSTALL libsubcmd_headers
  CALL    /home/ruoji/github/bpf-opt/code/vendor/linux-framework/scripts/checksyscalls.sh
make[2]: Leaving directory '/home/ruoji/github/bpf-opt/code/vendor/build/arm64/linux'
make[1]: Leaving directory '/home/ruoji/github/bpf-opt/code/vendor/linux-framework'
make -C "/home/ruoji/github/bpf-opt/code/vendor/linux-framework" O="/home/ruoji/github/bpf-opt/code/vendor/build/arm64/linux" ARCH=arm64 CROSS_COMPILE=aarch64-linux-gnu- INSTALL_MOD_PATH="/home/ruoji/github/bpf-opt/code/vendor/build/arm64/linux/modules-install" INSTALL_MOD_STRIP=1 DEPMOD=true modules_install >/dev/null
rel=$(cat "/home/ruoji/github/bpf-opt/code/vendor/build/arm64/linux/include/config/kernel.release"); \
	printf '{"kernel_release":"%s","target_arch":"arm64","kernel_image":"vmlinuz.efi"}\n' "$rel" >"/home/ruoji/github/bpf-opt/code/vendor/build/arm64/linux/manifest.json"
install -d "/home/ruoji/github/bpf-opt/code/module/arm64/build"
make -C "/home/ruoji/github/bpf-opt/code/vendor/build/arm64/linux" ARCH=arm64 CROSS_COMPILE=aarch64-linux-gnu- M="/home/ruoji/github/bpf-opt/code/module/arm64" MO="/home/ruoji/github/bpf-opt/code/module/arm64/build" modules -j"16"
make[1]: Entering directory '/home/ruoji/github/bpf-opt/code/vendor/build/arm64/linux'
make[2]: Entering directory '/home/ruoji/github/bpf-opt/code/module/arm64/build'
  GEN     Makefile
make[2]: Leaving directory '/home/ruoji/github/bpf-opt/code/module/arm64/build'
make[1]: Leaving directory '/home/ruoji/github/bpf-opt/code/vendor/build/arm64/linux'
CARGO_TARGET_AARCH64_UNKNOWN_LINUX_GNU_LINKER=aarch64-linux-gnu-gcc CARGO_TARGET_AARCH64_UNKNOWN_LINUX_GNU_RUSTFLAGS="-C link-arg=--sysroot=/home/ruoji/github/bpf-opt/code/.cache/aarch64-sysroot -C link-arg=-L/home/ruoji/github/bpf-opt/code/.cache/aarch64-sysroot/usr/lib/aarch64-linux-gnu -C link-arg=-Wl,-rpath-link=/home/ruoji/github/bpf-opt/code/.cache/aarch64-sysroot/usr/lib/aarch64-linux-gnu" cargo build --release --workspace --target "aarch64-unknown-linux-gnu" --target-dir "/home/ruoji/github/bpf-opt/code/bpfopt/target" --manifest-path "/home/ruoji/github/bpf-opt/code/bpfopt/Cargo.toml" -p bpfopt -p kinsnprober
cargo build --release --manifest-path "/home/ruoji/github/bpf-opt/code/native-sim/x86/native_lab/native_link/Cargo.toml"
command -v aarch64-linux-gnu-gcc >/dev/null
install -d "/home/ruoji/github/bpf-opt/code/bpfopt/shim/build-arm64"
make -C "/home/ruoji/github/bpf-opt/code/bpfopt/shim" CC=aarch64-linux-gnu-gcc SHIM_SO="/home/ruoji/github/bpf-opt/code/bpfopt/shim/build-arm64/libbpfrejit_shim.so" "/home/ruoji/github/bpf-opt/code/bpfopt/shim/build-arm64/libbpfrejit_shim.so"
make[1]: Entering directory '/home/ruoji/github/bpf-opt/code/bpfopt/shim'
make[1]: '/home/ruoji/github/bpf-opt/code/bpfopt/shim/build-arm64/libbpfrejit_shim.so' is up to date.
make[1]: Leaving directory '/home/ruoji/github/bpf-opt/code/bpfopt/shim'
make -C "/home/ruoji/github/bpf-opt/code/vendor" apps-arm64 GO="go" JOBS="16"
make[1]: Entering directory '/home/ruoji/github/bpf-opt/code/vendor'
install -d "/home/ruoji/github/bpf-opt/code/vendor/build/arm64/cilium/bin"
CC="aarch64-linux-gnu-gcc" GOTOOLCHAIN=auto GOCACHE=/home/ruoji/github/bpf-opt/code/.cache/go-build GOMODCACHE=/home/ruoji/github/bpf-opt/code/.cache/go-mod make -C "/home/ruoji/github/bpf-opt/code/vendor/repos/cilium/daemon" GO="go" GOARCH="arm64" CGO_ENABLED=1 NOSTRIP=1 EXTRA_GO_BUILD_LDFLAGS="-linkmode external" TARGET="/home/ruoji/github/bpf-opt/code/vendor/build/arm64/cilium/bin/cilium-agent" "/home/ruoji/github/bpf-opt/code/vendor/build/arm64/cilium/bin/cilium-agent"
make[2]: Entering directory '/home/ruoji/github/bpf-opt/code/vendor/repos/cilium/daemon'
CGO_ENABLED=1 CC=aarch64-linux-gnu-gcc GOARCH=arm64 go build -mod=vendor -ldflags '-X "github.com/cilium/cilium/pkg/version.ciliumVersion=1.20.0-dev " -X "github.com/cilium/cilium/pkg/envoy.requiredEnvoyVersionSHA=7c2f6580d32e50f1a6866c12122662856f54eec2" -linkmode external' -tags=osusergo  -o /home/ruoji/github/bpf-opt/code/vendor/build/arm64/cilium/bin/cilium-agent
make[2]: Leaving directory '/home/ruoji/github/bpf-opt/code/vendor/repos/cilium/daemon'
install -d "/home/ruoji/github/bpf-opt/code/vendor/build/arm64/tetragon/bin" "/home/ruoji/github/bpf-opt/code/vendor/build/.tetragon-bpf/arm64"
CC="aarch64-linux-gnu-gcc" GOTOOLCHAIN=auto GOCACHE=/home/ruoji/github/bpf-opt/code/.cache/go-build GOMODCACHE=/home/ruoji/github/bpf-opt/code/.cache/go-mod make -C "/home/ruoji/github/bpf-opt/code/vendor/repos/tetragon" GO="go" TARGET_ARCH="arm64" GOARCH="arm64" CGO_ENABLED=1 NOSTRIP=1 EXTRA_GO_BUILD_LDFLAGS="-linkmode external" EXTRA_GO_BUILD_FLAGS="-o /home/ruoji/github/bpf-opt/code/vendor/build/arm64/tetragon/bin/tetragon" tetragon
make[2]: Entering directory '/home/ruoji/github/bpf-opt/code/vendor/repos/tetragon'
CGO_ENABLED=1 GOARCH=arm64 go build -ldflags "-X 'github.com/cilium/tetragon/pkg/version.Version=v1.8.0-pre.0-77-g77d04203f' -X 'github.com/cilium/tetragon/pkg/version.Name=tetragon' -linkmode external" -mod=vendor -o /home/ruoji/github/bpf-opt/code/vendor/build/arm64/tetragon/bin/tetragon ./cmd/tetragon/
make[2]: Leaving directory '/home/ruoji/github/bpf-opt/code/vendor/repos/tetragon'
make -C "/home/ruoji/github/bpf-opt/code/vendor/repos/tetragon/bpf" CLANG="clang-18" LLC="llc-18" BPF_TARGET_ARCH="arm64" OBJSDIR="/home/ruoji/github/bpf-opt/code/vendor/build/.tetragon-bpf/arm64/objs/" DEPSDIR="/home/ruoji/github/bpf-opt/code/vendor/build/.tetragon-bpf/arm64/deps/" -j"16"
make[2]: Entering directory '/home/ruoji/github/bpf-opt/code/vendor/repos/tetragon/bpf'
make[2]: Nothing to be done for 'all'.
make[2]: Leaving directory '/home/ruoji/github/bpf-opt/code/vendor/repos/tetragon/bpf'
install -d "/home/ruoji/github/bpf-opt/code/vendor/build/arm64/tetragon"
cp -a "/home/ruoji/github/bpf-opt/code/vendor/build/.tetragon-bpf/arm64/objs/." "/home/ruoji/github/bpf-opt/code/vendor/build/arm64/tetragon/"
GOTOOLCHAIN=auto GOCACHE=/home/ruoji/github/bpf-opt/code/.cache/go-build GOMODCACHE=/home/ruoji/github/bpf-opt/code/.cache/go-mod GOOS=linux GOARCH="arm64" CGO_ENABLED=1 CC="aarch64-linux-gnu-gcc" "go" run "go.opentelemetry.io/collector/cmd/builder@v0.139.0" --config "/home/ruoji/github/bpf-opt/code/vendor/build/otelcol-ebpf-profiler-arm64.yaml" --ldflags="-linkmode external"
install -D -m 0755 "/home/ruoji/github/bpf-opt/code/vendor/build/otelcol-ebpf-profiler-build-arm64/otelcol-ebpf-profiler" "/home/ruoji/github/bpf-opt/code/vendor/build/arm64/otelcol-ebpf-profiler/bin/otelcol-ebpf-profiler"
CGO_ENABLED=1 GOTOOLCHAIN=auto GOCACHE=/home/ruoji/github/bpf-opt/code/.cache/go-build GOMODCACHE=/home/ruoji/github/bpf-opt/code/.cache/go-mod make -C "/home/ruoji/github/bpf-opt/code/vendor/repos/tracee" OUTPUT_DIR="/home/ruoji/github/bpf-opt/code/vendor/build/.tracee-build/arm64/dist" GOENV_MK="/home/ruoji/github/bpf-opt/code/vendor/build/.tracee-build/arm64/dist/goenv.mk" GO_ARCH=arm64 LINUX_ARCH=arm64 ARCH=arm64 CMD_GO="go" CMD_CLANG="clang-18" CMD_BPF_CLANG="clang-18" CMD_LIBBPF_CC=aarch64-linux-gnu-gcc CMD_CGO_CC=aarch64-linux-gnu-gcc CMD_GCC=aarch64-linux-gnu-gcc tracee
make[2]: Nothing to be done for 'tracee'.
file "/home/ruoji/github/bpf-opt/code/vendor/build/.tracee-build/arm64/dist/tracee" | grep -q 'ARM aarch64'
install -D -m 0755 "/home/ruoji/github/bpf-opt/code/vendor/build/.tracee-build/arm64/dist/tracee" "/home/ruoji/github/bpf-opt/code/vendor/build/arm64/tracee/bin/tracee"
install -d "/home/ruoji/github/bpf-opt/code/vendor/build/.bpftool/x86" "/home/ruoji/github/bpf-opt/code/vendor/build/x86/bpftool/bin"
make -C "/home/ruoji/github/bpf-opt/code/vendor/linux-framework/tools/bpf/bpftool" OUTPUT="/home/ruoji/github/bpf-opt/code/vendor/build/.bpftool/x86/" VMLINUX_BTF= feature-libbfd=0 feature-libbfd-liberty=0 feature-libbfd-liberty-z=0 feature-llvm="1"  -j"16"
make[2]: Entering directory '/home/ruoji/github/bpf-opt/code/vendor/linux-framework/tools/bpf/bpftool'

Auto-detecting system features:
...                         clang-bpf-co-re: [ [32mon[m  ]
...                                    llvm: [ [32mon[m  ]
...                                  libcap: [ [31mOFF[m ]
...                                  libbfd: [ [31mOFF[m ]

make[2]: Nothing to be done for 'all'.
make[2]: Leaving directory '/home/ruoji/github/bpf-opt/code/vendor/linux-framework/tools/bpf/bpftool'
install -m 0755 "/home/ruoji/github/bpf-opt/code/vendor/build/.bpftool/x86/bpftool" "/home/ruoji/github/bpf-opt/code/vendor/build/x86/bpftool/bin/bpftool"
install -d "/home/ruoji/github/bpf-opt/code/vendor/build/.bcc-libbpf/arm64" "/home/ruoji/github/bpf-opt/code/vendor/build/arm64/bcc/bin"
ln -sfn "/home/ruoji/github/bpf-opt/code/vendor/repos/bcc/libbpf-tools/arm64" "/home/ruoji/github/bpf-opt/code/vendor/build/.bcc-libbpf/arm64/arm64"
make -f "/home/ruoji/github/bpf-opt/code/vendor/repos/bcc/libbpf-tools/Makefile" -C "/home/ruoji/github/bpf-opt/code/vendor/build/.bcc-libbpf/arm64" VPATH="/home/ruoji/github/bpf-opt/code/vendor/repos/bcc/libbpf-tools:/home/ruoji/github/bpf-opt/code/vendor/repos/bcc/libbpf-tools/arm64" APPS="capable biosnoop vfsstat opensnoop syscount tcpconnect tcplife runqlat" APP_ALIASES= BZ_APPS= OUTPUT="/home/ruoji/github/bpf-opt/code/vendor/build/.bcc-libbpf/arm64/output" BPFTOOL_SRC="/home/ruoji/github/bpf-opt/code/vendor/repos/bcc/libbpf-tools/bpftool/src" LIBBPF_SRC="/home/ruoji/github/bpf-opt/code/vendor/repos/bcc/src/cc/libbpf/src" EXTRA_CFLAGS="-I/home/ruoji/github/bpf-opt/code/vendor/repos/bcc/src/cc/libbpf/include/uapi" ARCH="arm64" USE_BLAZESYM=0 CLANG="clang-18" LLVM_STRIP=llvm-strip-18 CC=aarch64-linux-gnu-gcc LD=aarch64-linux-gnu-ld BPFTOOL="/home/ruoji/github/bpf-opt/code/vendor/build/x86/bpftool/bin/bpftool" capable biosnoop vfsstat opensnoop syscount tcpconnect tcplife runqlat -j"16"
make[2]: Entering directory '/home/ruoji/github/bpf-opt/code/vendor/build/.bcc-libbpf/arm64'
make[2]: 'capable' is up to date.
make[2]: 'biosnoop' is up to date.
make[2]: 'vfsstat' is up to date.
make[2]: 'opensnoop' is up to date.
make[2]: 'syscount' is up to date.
make[2]: 'tcpconnect' is up to date.
make[2]: 'tcplife' is up to date.
make[2]: 'runqlat' is up to date.
make[2]: Leaving directory '/home/ruoji/github/bpf-opt/code/vendor/build/.bcc-libbpf/arm64'
install -m 0755 /home/ruoji/github/bpf-opt/code/vendor/build/.bcc-libbpf/arm64/capable /home/ruoji/github/bpf-opt/code/vendor/build/.bcc-libbpf/arm64/biosnoop /home/ruoji/github/bpf-opt/code/vendor/build/.bcc-libbpf/arm64/vfsstat /home/ruoji/github/bpf-opt/code/vendor/build/.bcc-libbpf/arm64/opensnoop /home/ruoji/github/bpf-opt/code/vendor/build/.bcc-libbpf/arm64/syscount /home/ruoji/github/bpf-opt/code/vendor/build/.bcc-libbpf/arm64/tcpconnect /home/ruoji/github/bpf-opt/code/vendor/build/.bcc-libbpf/arm64/tcplife /home/ruoji/github/bpf-opt/code/vendor/build/.bcc-libbpf/arm64/runqlat "/home/ruoji/github/bpf-opt/code/vendor/build/arm64/bcc/bin"
install -d "/home/ruoji/github/bpf-opt/code/.cache/apt-arm64-debs" "/home/ruoji/github/bpf-opt/code/.cache/sysroots/arm64-llvm17"
cd "/home/ruoji/github/bpf-opt/code/.cache/apt-arm64-debs" && apt-get download libbpfcc-dev:arm64 libbpfcc:arm64 libclang-cpp18:arm64 libllvm18:arm64 libstdc++6:arm64 libgcc-s1:arm64 libc6:arm64
for deb in "/home/ruoji/github/bpf-opt/code/.cache/apt-arm64-debs"/libbpfcc*.deb "/home/ruoji/github/bpf-opt/code/.cache/apt-arm64-debs"/libclang-cpp18_*.deb "/home/ruoji/github/bpf-opt/code/.cache/apt-arm64-debs"/libllvm18_*.deb "/home/ruoji/github/bpf-opt/code/.cache/apt-arm64-debs"/libstdc++6_*.deb "/home/ruoji/github/bpf-opt/code/.cache/apt-arm64-debs"/libgcc-s1_*.deb "/home/ruoji/github/bpf-opt/code/.cache/apt-arm64-debs"/libc6_*.deb; do dpkg-deb -x "$deb" "/home/ruoji/github/bpf-opt/code/.cache/sysroots/arm64-llvm17"; done
CPATH="/home/ruoji/github/bpf-opt/code/.cache/sysroots/arm64-llvm17/usr/include:/home/ruoji/github/bpf-opt/code/.cache/sysroots/arm64-llvm17/usr/include/aarch64-linux-gnu:/home/ruoji/github/bpf-opt/code/.cache/sysroots/arm64-llvm17/usr/include/elfutils" LIBRARY_PATH="/home/ruoji/github/bpf-opt/code/.cache/sysroots/arm64-llvm17/usr/lib/aarch64-linux-gnu:/home/ruoji/github/bpf-opt/code/.cache/sysroots/arm64-llvm17/usr/lib/llvm-17/lib" LD_LIBRARY_PATH="/home/ruoji/github/bpf-opt/code/.cache/sysroots/arm64-llvm17/usr/lib/aarch64-linux-gnu:/home/ruoji/github/bpf-opt/code/.cache/sysroots/arm64-llvm17/usr/lib/llvm-17/lib" cmake -S "/home/ruoji/github/bpf-opt/code/vendor/repos/bpftrace" -B "/home/ruoji/github/bpf-opt/code/vendor/build/.bpftrace-build/arm64" -GNinja -DCMAKE_BUILD_TYPE=Release -DCMAKE_INSTALL_PREFIX="/home/ruoji/github/bpf-opt/code/vendor/build/arm64/bpftrace" -DCMAKE_SYSTEM_NAME=Linux -DCMAKE_SYSTEM_PROCESSOR=aarch64 -DCMAKE_C_COMPILER=aarch64-linux-gnu-gcc -DCMAKE_CXX_COMPILER=aarch64-linux-gnu-g++ -DCMAKE_FIND_ROOT_PATH="/home/ruoji/github/bpf-opt/code/.cache/sysroots/arm64-llvm17" -DCMAKE_FIND_ROOT_PATH_MODE_PROGRAM=NEVER -DCMAKE_FIND_ROOT_PATH_MODE_LIBRARY=ONLY -DCMAKE_FIND_ROOT_PATH_MODE_INCLUDE=ONLY -DCMAKE_FIND_ROOT_PATH_MODE_PACKAGE=ONLY -DCMAKE_PREFIX_PATH="/home/ruoji/github/bpf-opt/code/.cache/sysroots/arm64-llvm17/usr/lib/llvm-17;/home/ruoji/github/bpf-opt/code/.cache/sysroots/arm64-llvm17/usr" -DUSE_SYSTEM_BPF_BCC=ON -DBUILD_TESTING=OFF -DENABLE_MAN=OFF -DENABLE_TEST_VALIDATE_CODEGEN=OFF -DENABLE_SKB_OUTPUT=OFF -DLLVM_REQUESTED_VERSION=17 -DLLVM_DIR="/home/ruoji/github/bpf-opt/code/.cache/sysroots/arm64-llvm17/usr/lib/llvm-17/lib/cmake/llvm" -DClang_DIR="/home/ruoji/github/bpf-opt/code/.cache/sysroots/arm64-llvm17/usr/lib/llvm-17/lib/cmake/clang" -DLIBBCC_INCLUDE_DIRS="/home/ruoji/github/bpf-opt/code/.cache/sysroots/arm64-llvm17/usr/include" -DLIBBCC_LIBRARIES="/home/ruoji/github/bpf-opt/code/.cache/sysroots/arm64-llvm17/usr/lib/aarch64-linux-gnu/libbcc.so" -DLIBBCC_BPF_LIBRARIES="/home/ruoji/github/bpf-opt/code/.cache/sysroots/arm64-llvm17/usr/lib/aarch64-linux-gnu/libbcc_bpf.so" -DLIBBCC_LOADER_LIBRARY_STATIC="/home/ruoji/github/bpf-opt/code/.cache/sysroots/arm64-llvm17/usr/lib/aarch64-linux-gnu/libbcc-loader-static.a" -DLIBBPF_INCLUDE_DIRS="/home/ruoji/github/bpf-opt/code/.cache/sysroots/arm64-llvm17/usr/include" -DLIBBPF_LIBRARIES="/home/ruoji/github/bpf-opt/code/.cache/sysroots/arm64-llvm17/usr/lib/aarch64-linux-gnu/libbpf.so" -DLIBCEREAL_INCLUDE_DIRS="/home/ruoji/github/bpf-opt/code/.cache/sysroots/arm64-llvm17/usr/include" -DLIBELF_INCLUDE_DIRS="/home/ruoji/github/bpf-opt/code/.cache/sysroots/arm64-llvm17/usr/include" -DLIBELF_LIBRARIES="/home/ruoji/github/bpf-opt/code/.cache/sysroots/arm64-llvm17/usr/lib/aarch64-linux-gnu/libelf.so" -DLIBDW_INCLUDE_DIRS="/home/ruoji/github/bpf-opt/code/.cache/sysroots/arm64-llvm17/usr/include/elfutils" -DLIBDW_LIBRARIES="/home/ruoji/github/bpf-opt/code/.cache/sysroots/arm64-llvm17/usr/lib/aarch64-linux-gnu/libdw.so" -DLIBBFD_INCLUDE_DIRS="/home/ruoji/github/bpf-opt/code/.cache/sysroots/arm64-llvm17/usr/include" -DLIBBFD_LIBRARIES="/home/ruoji/github/bpf-opt/code/.cache/sysroots/arm64-llvm17/usr/lib/aarch64-linux-gnu/libbfd.so" -DLIBOPCODES_INCLUDE_DIRS="/home/ruoji/github/bpf-opt/code/.cache/sysroots/arm64-llvm17/usr/include" -DLIBOPCODES_LIBRARIES="/home/ruoji/github/bpf-opt/code/.cache/sysroots/arm64-llvm17/usr/lib/aarch64-linux-gnu/libopcodes.so" -DZLIB_LIBRARY="/home/ruoji/github/bpf-opt/code/.cache/sysroots/arm64-llvm17/usr/lib/aarch64-linux-gnu/libz.so" -DZLIB_INCLUDE_DIR="/home/ruoji/github/bpf-opt/code/.cache/sysroots/arm64-llvm17/usr/include" -DFFI_INCLUDE_DIR="/home/ruoji/github/bpf-opt/code/.cache/sysroots/arm64-llvm17/usr/include/aarch64-linux-gnu" -DFFI_LIBRARY_DIR="/home/ruoji/github/bpf-opt/code/.cache/sysroots/arm64-llvm17/usr/lib/aarch64-linux-gnu" -DFFI_LIBRARIES="/home/ruoji/github/bpf-opt/code/.cache/sysroots/arm64-llvm17/usr/lib/aarch64-linux-gnu/libffi.so" -DTerminfo_LIBRARIES="/home/ruoji/github/bpf-opt/code/.cache/sysroots/arm64-llvm17/usr/lib/aarch64-linux-gnu/libtinfo.so" -DCMAKE_CXX_FLAGS='-I/home/ruoji/github/bpf-opt/code/.cache/sysroots/arm64-llvm17/usr/lib/llvm-17/include'
-- Could NOT find LibEdit (missing: LibEdit_INCLUDE_DIRS LibEdit_LIBRARIES) 
-- Could NOT find CURL (missing: CURL_LIBRARY CURL_INCLUDE_DIR) 
-- Found LLVM 17.0.6: /home/ruoji/github/bpf-opt/code/.cache/sysroots/arm64-llvm17/usr/lib/llvm-17/lib/cmake/llvm
-- Configuring done (0.1s)
-- Generating done (0.0s)
-- Build files have been written to: /home/ruoji/github/bpf-opt/code/vendor/build/.bpftrace-build/arm64
cmake --build "/home/ruoji/github/bpf-opt/code/vendor/build/.bpftrace-build/arm64" -j"16"
[1/3] Building CXX object resources/CMakeFiles/resources.dir/headers.cpp.o
[2/3] Linking CXX static library resources/libresources.a
[3/3] Linking CXX executable src/bpftrace
cmake --install "/home/ruoji/github/bpf-opt/code/vendor/build/.bpftrace-build/arm64"
-- Install configuration: "Release"
-- Installing: /home/ruoji/github/bpf-opt/code/vendor/build/arm64/bpftrace/bin/bpftrace
-- Set non-toolchain portion of runtime path of "/home/ruoji/github/bpf-opt/code/vendor/build/arm64/bpftrace/bin/bpftrace" to ""
-- Up-to-date: /home/ruoji/github/bpf-opt/code/vendor/build/arm64/bpftrace/bin/bpftrace-aotrt
-- Up-to-date: /home/ruoji/github/bpf-opt/code/vendor/build/arm64/bpftrace/share/bpftrace/tools/doc/bashreadline_example.txt
-- Up-to-date: /home/ruoji/github/bpf-opt/code/vendor/build/arm64/bpftrace/share/bpftrace/tools/doc/biolatency_example.txt
-- Up-to-date: /home/ruoji/github/bpf-opt/code/vendor/build/arm64/bpftrace/share/bpftrace/tools/doc/biosnoop_example.txt
-- Up-to-date: /home/ruoji/github/bpf-opt/code/vendor/build/arm64/bpftrace/share/bpftrace/tools/doc/biostacks_example.txt
-- Up-to-date: /home/ruoji/github/bpf-opt/code/vendor/build/arm64/bpftrace/share/bpftrace/tools/doc/bitesize_example.txt
-- Up-to-date: /home/ruoji/github/bpf-opt/code/vendor/build/arm64/bpftrace/share/bpftrace/tools/doc/capable_example.txt
-- Up-to-date: /home/ruoji/github/bpf-opt/code/vendor/build/arm64/bpftrace/share/bpftrace/tools/doc/cpuwalk_example.txt
-- Up-to-date: /home/ruoji/github/bpf-opt/code/vendor/build/arm64/bpftrace/share/bpftrace/tools/doc/dcsnoop_example.txt
-- Up-to-date: /home/ruoji/github/bpf-opt/code/vendor/build/arm64/bpftrace/share/bpftrace/tools/doc/execsnoop_example.txt
-- Up-to-date: /home/ruoji/github/bpf-opt/code/vendor/build/arm64/bpftrace/share/bpftrace/tools/doc/gethostlatency_example.txt
-- Up-to-date: /home/ruoji/github/bpf-opt/code/vendor/build/arm64/bpftrace/share/bpftrace/tools/doc/killsnoop_example.txt
-- Up-to-date: /home/ruoji/github/bpf-opt/code/vendor/build/arm64/bpftrace/share/bpftrace/tools/doc/loads_example.txt
-- Up-to-date: /home/ruoji/github/bpf-opt/code/vendor/build/arm64/bpftrace/share/bpftrace/tools/doc/mdflush_example.txt
-- Up-to-date: /home/ruoji/github/bpf-opt/code/vendor/build/arm64/bpftrace/share/bpftrace/tools/doc/naptime_example.txt
-- Up-to-date: /home/ruoji/github/bpf-opt/code/vendor/build/arm64/bpftrace/share/bpftrace/tools/doc/oomkill_example.txt
-- Up-to-date: /home/ruoji/github/bpf-opt/code/vendor/build/arm64/bpftrace/share/bpftrace/tools/doc/opensnoop_example.txt
-- Up-to-date: /home/ruoji/github/bpf-opt/code/vendor/build/arm64/bpftrace/share/bpftrace/tools/doc/pidpersec_example.txt
-- Up-to-date: /home/ruoji/github/bpf-opt/code/vendor/build/arm64/bpftrace/share/bpftrace/tools/doc/runqlat_example.txt
-- Up-to-date: /home/ruoji/github/bpf-opt/code/vendor/build/arm64/bpftrace/share/bpftrace/tools/doc/runqlen_example.txt
-- Up-to-date: /home/ruoji/github/bpf-opt/code/vendor/build/arm64/bpftrace/share/bpftrace/tools/doc/setuids_example.txt
-- Up-to-date: /home/ruoji/github/bpf-opt/code/vendor/build/arm64/bpftrace/share/bpftrace/tools/doc/ssllatency_example.txt
-- Up-to-date: /home/ruoji/github/bpf-opt/code/vendor/build/arm64/bpftrace/share/bpftrace/tools/doc/sslsnoop_example.txt
-- Up-to-date: /home/ruoji/github/bpf-opt/code/vendor/build/arm64/bpftrace/share/bpftrace/tools/doc/statsnoop_example.txt
-- Up-to-date: /home/ruoji/github/bpf-opt/code/vendor/build/arm64/bpftrace/share/bpftrace/tools/doc/swapin_example.txt
-- Up-to-date: /home/ruoji/github/bpf-opt/code/vendor/build/arm64/bpftrace/share/bpftrace/tools/doc/syncsnoop_example.txt
-- Up-to-date: /home/ruoji/github/bpf-opt/code/vendor/build/arm64/bpftrace/share/bpftrace/tools/doc/syscount_example.txt
-- Up-to-date: /home/ruoji/github/bpf-opt/code/vendor/build/arm64/bpftrace/share/bpftrace/tools/doc/tcpaccept_example.txt
-- Up-to-date: /home/ruoji/github/bpf-opt/code/vendor/build/arm64/bpftrace/share/bpftrace/tools/doc/tcpconnect_example.txt
-- Up-to-date: /home/ruoji/github/bpf-opt/code/vendor/build/arm64/bpftrace/share/bpftrace/tools/doc/tcpdrop_example.txt
-- Up-to-date: /home/ruoji/github/bpf-opt/code/vendor/build/arm64/bpftrace/share/bpftrace/tools/doc/tcplife_example.txt
-- Up-to-date: /home/ruoji/github/bpf-opt/code/vendor/build/arm64/bpftrace/share/bpftrace/tools/doc/tcpretrans_example.txt
-- Up-to-date: /home/ruoji/github/bpf-opt/code/vendor/build/arm64/bpftrace/share/bpftrace/tools/doc/tcpsynbl_example.txt
-- Up-to-date: /home/ruoji/github/bpf-opt/code/vendor/build/arm64/bpftrace/share/bpftrace/tools/doc/threadsnoop_example.txt
-- Up-to-date: /home/ruoji/github/bpf-opt/code/vendor/build/arm64/bpftrace/share/bpftrace/tools/doc/undump_example.txt
-- Up-to-date: /home/ruoji/github/bpf-opt/code/vendor/build/arm64/bpftrace/share/bpftrace/tools/doc/vfscount_example.txt
-- Up-to-date: /home/ruoji/github/bpf-opt/code/vendor/build/arm64/bpftrace/share/bpftrace/tools/doc/vfsstat_example.txt
-- Up-to-date: /home/ruoji/github/bpf-opt/code/vendor/build/arm64/bpftrace/share/bpftrace/tools/doc/writeback_example.txt
-- Up-to-date: /home/ruoji/github/bpf-opt/code/vendor/build/arm64/bpftrace/share/bpftrace/tools/doc/xfsdist_example.txt
-- Up-to-date: /home/ruoji/github/bpf-opt/code/vendor/build/arm64/bpftrace/share/bpftrace/tools/bashreadline.bt
-- Up-to-date: /home/ruoji/github/bpf-opt/code/vendor/build/arm64/bpftrace/share/bpftrace/tools/biolatency-kp.bt
-- Up-to-date: /home/ruoji/github/bpf-opt/code/vendor/build/arm64/bpftrace/share/bpftrace/tools/biolatency.bt
-- Up-to-date: /home/ruoji/github/bpf-opt/code/vendor/build/arm64/bpftrace/share/bpftrace/tools/biosnoop.bt
-- Up-to-date: /home/ruoji/github/bpf-opt/code/vendor/build/arm64/bpftrace/share/bpftrace/tools/biostacks.bt
-- Up-to-date: /home/ruoji/github/bpf-opt/code/vendor/build/arm64/bpftrace/share/bpftrace/tools/bitesize.bt
-- Up-to-date: /home/ruoji/github/bpf-opt/code/vendor/build/arm64/bpftrace/share/bpftrace/tools/capable.bt
-- Up-to-date: /home/ruoji/github/bpf-opt/code/vendor/build/arm64/bpftrace/share/bpftrace/tools/cpuwalk.bt
-- Up-to-date: /home/ruoji/github/bpf-opt/code/vendor/build/arm64/bpftrace/share/bpftrace/tools/dcsnoop.bt
-- Up-to-date: /home/ruoji/github/bpf-opt/code/vendor/build/arm64/bpftrace/share/bpftrace/tools/execsnoop.bt
-- Up-to-date: /home/ruoji/github/bpf-opt/code/vendor/build/arm64/bpftrace/share/bpftrace/tools/gethostlatency.bt
-- Up-to-date: /home/ruoji/github/bpf-opt/code/vendor/build/arm64/bpftrace/share/bpftrace/tools/killsnoop.bt
-- Up-to-date: /home/ruoji/github/bpf-opt/code/vendor/build/arm64/bpftrace/share/bpftrace/tools/loads.bt
-- Up-to-date: /home/ruoji/github/bpf-opt/code/vendor/build/arm64/bpftrace/share/bpftrace/tools/mdflush.bt
-- Up-to-date: /home/ruoji/github/bpf-opt/code/vendor/build/arm64/bpftrace/share/bpftrace/tools/naptime.bt
-- Up-to-date: /home/ruoji/github/bpf-opt/code/vendor/build/arm64/bpftrace/share/bpftrace/tools/oomkill.bt
-- Up-to-date: /home/ruoji/github/bpf-opt/code/vendor/build/arm64/bpftrace/share/bpftrace/tools/opensnoop.bt
-- Up-to-date: /home/ruoji/github/bpf-opt/code/vendor/build/arm64/bpftrace/share/bpftrace/tools/pidpersec.bt
-- Up-to-date: /home/ruoji/github/bpf-opt/code/vendor/build/arm64/bpftrace/share/bpftrace/tools/runqlat.bt
-- Up-to-date: /home/ruoji/github/bpf-opt/code/vendor/build/arm64/bpftrace/share/bpftrace/tools/runqlen.bt
-- Up-to-date: /home/ruoji/github/bpf-opt/code/vendor/build/arm64/bpftrace/share/bpftrace/tools/setuids.bt
-- Up-to-date: /home/ruoji/github/bpf-opt/code/vendor/build/arm64/bpftrace/share/bpftrace/tools/ssllatency.bt
-- Up-to-date: /home/ruoji/github/bpf-opt/code/vendor/build/arm64/bpftrace/share/bpftrace/tools/sslsnoop.bt
-- Up-to-date: /home/ruoji/github/bpf-opt/code/vendor/build/arm64/bpftrace/share/bpftrace/tools/statsnoop.bt
-- Up-to-date: /home/ruoji/github/bpf-opt/code/vendor/build/arm64/bpftrace/share/bpftrace/tools/swapin.bt
-- Up-to-date: /home/ruoji/github/bpf-opt/code/vendor/build/arm64/bpftrace/share/bpftrace/tools/syncsnoop.bt
-- Up-to-date: /home/ruoji/github/bpf-opt/code/vendor/build/arm64/bpftrace/share/bpftrace/tools/syscount.bt
-- Up-to-date: /home/ruoji/github/bpf-opt/code/vendor/build/arm64/bpftrace/share/bpftrace/tools/tcpaccept.bt
-- Up-to-date: /home/ruoji/github/bpf-opt/code/vendor/build/arm64/bpftrace/share/bpftrace/tools/tcpconnect.bt
-- Up-to-date: /home/ruoji/github/bpf-opt/code/vendor/build/arm64/bpftrace/share/bpftrace/tools/tcpdrop.bt
-- Up-to-date: /home/ruoji/github/bpf-opt/code/vendor/build/arm64/bpftrace/share/bpftrace/tools/tcplife.bt
-- Up-to-date: /home/ruoji/github/bpf-opt/code/vendor/build/arm64/bpftrace/share/bpftrace/tools/tcpretrans.bt
-- Up-to-date: /home/ruoji/github/bpf-opt/code/vendor/build/arm64/bpftrace/share/bpftrace/tools/tcpsynbl.bt
-- Up-to-date: /home/ruoji/github/bpf-opt/code/vendor/build/arm64/bpftrace/share/bpftrace/tools/threadsnoop.bt
-- Up-to-date: /home/ruoji/github/bpf-opt/code/vendor/build/arm64/bpftrace/share/bpftrace/tools/undump.bt
-- Up-to-date: /home/ruoji/github/bpf-opt/code/vendor/build/arm64/bpftrace/share/bpftrace/tools/vfscount.bt
-- Up-to-date: /home/ruoji/github/bpf-opt/code/vendor/build/arm64/bpftrace/share/bpftrace/tools/vfsstat.bt
-- Up-to-date: /home/ruoji/github/bpf-opt/code/vendor/build/arm64/bpftrace/share/bpftrace/tools/writeback.bt
-- Up-to-date: /home/ruoji/github/bpf-opt/code/vendor/build/arm64/bpftrace/share/bpftrace/tools/xfsdist.bt
-- Up-to-date: /home/ruoji/github/bpf-opt/code/vendor/build/arm64/bpftrace/share/bpftrace/tools/old/biosnoop.bt
-- Up-to-date: /home/ruoji/github/bpf-opt/code/vendor/build/arm64/bpftrace/share/bpftrace/tools/old/mdflush.bt
-- Up-to-date: /home/ruoji/github/bpf-opt/code/vendor/build/arm64/bpftrace/share/bpftrace/tools/old/tcpdrop.bt
install -d "/home/ruoji/github/bpf-opt/code/vendor/build/.bpftool/arm64" "/home/ruoji/github/bpf-opt/code/vendor/build/arm64/bpftool/bin"
make -C "/home/ruoji/github/bpf-opt/code/vendor/linux-framework/tools/bpf/bpftool" OUTPUT="/home/ruoji/github/bpf-opt/code/vendor/build/.bpftool/arm64/" VMLINUX_BTF= feature-libbfd=0 feature-libbfd-liberty=0 feature-libbfd-liberty-z=0 feature-llvm="0" ARCH=arm64 CROSS_COMPILE=aarch64-linux-gnu- EXTRA_LDFLAGS="-L/usr/lib/aarch64-linux-gnu -Wl,-rpath-link,/usr/lib/aarch64-linux-gnu" -j"16"
make[2]: Entering directory '/home/ruoji/github/bpf-opt/code/vendor/linux-framework/tools/bpf/bpftool'

Auto-detecting system features:
...                         clang-bpf-co-re: [ [32mon[m  ]
...                                    llvm: [ [31mOFF[m ]
...                                  libcap: [ [31mOFF[m ]
...                                  libbfd: [ [31mOFF[m ]

make[2]: Nothing to be done for 'all'.
make[2]: Leaving directory '/home/ruoji/github/bpf-opt/code/vendor/linux-framework/tools/bpf/bpftool'
install -m 0755 "/home/ruoji/github/bpf-opt/code/vendor/build/.bpftool/arm64/bpftool" "/home/ruoji/github/bpf-opt/code/vendor/build/arm64/bpftool/bin/bpftool"
make[1]: Leaving directory '/home/ruoji/github/bpf-opt/code/vendor'
make -C "/home/ruoji/github/bpf-opt/code/micro/programs" OUTPUT_DIR="/home/ruoji/github/bpf-opt/code/micro/programs/build-arm64" KERNEL_VMLINUX="/home/ruoji/github/bpf-opt/code/vendor/build/arm64/linux/vmlinux" NATIVE_TARGET=aarch64-linux-gnu NATIVE_ARCH=arm64 SYS_INCLUDE_FLAGS="-I/usr/aarch64-linux-gnu/include -I/home/ruoji/github/bpf-opt/code/.cache/aarch64-sysroot/usr/include -I/home/ruoji/github/bpf-opt/code/.cache/aarch64-sysroot/usr/include/aarch64-linux-gnu"      all
make[1]: Entering directory '/home/ruoji/github/bpf-opt/code/micro/programs'
clang -Wall -Wextra -O2 -g -target bpf -I/usr/aarch64-linux-gnu/include -I/home/ruoji/github/bpf-opt/code/.cache/aarch64-sysroot/usr/include -I/home/ruoji/github/bpf-opt/code/.cache/aarch64-sysroot/usr/include/aarch64-linux-gnu -MMD -MP -MF "/home/ruoji/github/bpf-opt/code/micro/programs/build-arm64/bcc_runqlat_log2_histogram_bucket.bpf.d" -MT "/home/ruoji/github/bpf-opt/code/micro/programs/build-arm64/bcc_runqlat_log2_histogram_bucket.bpf.o" -c -o "/home/ruoji/github/bpf-opt/code/micro/programs/build-arm64/bcc_runqlat_log2_histogram_bucket.bpf.o" "bcc_runqlat_log2_histogram_bucket.bpf.c"
clang -Wall -Wextra -O2 -g -target bpf -I/usr/aarch64-linux-gnu/include -I/home/ruoji/github/bpf-opt/code/.cache/aarch64-sysroot/usr/include -I/home/ruoji/github/bpf-opt/code/.cache/aarch64-sysroot/usr/include/aarch64-linux-gnu -MMD -MP -MF "/home/ruoji/github/bpf-opt/code/micro/programs/build-arm64/bcc_tcpconnect_ipv4_tuple_filter.bpf.d" -MT "/home/ruoji/github/bpf-opt/code/micro/programs/build-arm64/bcc_tcpconnect_ipv4_tuple_filter.bpf.o" -c -o "/home/ruoji/github/bpf-opt/code/micro/programs/build-arm64/bcc_tcpconnect_ipv4_tuple_filter.bpf.o" "bcc_tcpconnect_ipv4_tuple_filter.bpf.c"
clang -Wall -Wextra -O2 -g -target bpf -I/usr/aarch64-linux-gnu/include -I/home/ruoji/github/bpf-opt/code/.cache/aarch64-sysroot/usr/include -I/home/ruoji/github/bpf-opt/code/.cache/aarch64-sysroot/usr/include/aarch64-linux-gnu -MMD -MP -MF "/home/ruoji/github/bpf-opt/code/micro/programs/build-arm64/bitmap_popcount_scan.bpf.d" -MT "/home/ruoji/github/bpf-opt/code/micro/programs/build-arm64/bitmap_popcount_scan.bpf.o" -c -o "/home/ruoji/github/bpf-opt/code/micro/programs/build-arm64/bitmap_popcount_scan.bpf.o" "bitmap_popcount_scan.bpf.c"
clang -Wall -Wextra -O2 -g -target bpf -I/usr/aarch64-linux-gnu/include -I/home/ruoji/github/bpf-opt/code/.cache/aarch64-sysroot/usr/include -I/home/ruoji/github/bpf-opt/code/.cache/aarch64-sysroot/usr/include/aarch64-linux-gnu -MMD -MP -MF "/home/ruoji/github/bpf-opt/code/micro/programs/build-arm64/bpf_local_call_fanout_dispatch.bpf.d" -MT "/home/ruoji/github/bpf-opt/code/micro/programs/build-arm64/bpf_local_call_fanout_dispatch.bpf.o" -c -o "/home/ruoji/github/bpf-opt/code/micro/programs/build-arm64/bpf_local_call_fanout_dispatch.bpf.o" "bpf_local_call_fanout_dispatch.bpf.c"
clang -Wall -Wextra -O2 -g -target bpf -I/usr/aarch64-linux-gnu/include -I/home/ruoji/github/bpf-opt/code/.cache/aarch64-sysroot/usr/include -I/home/ruoji/github/bpf-opt/code/.cache/aarch64-sysroot/usr/include/aarch64-linux-gnu -MMD -MP -MF "/home/ruoji/github/bpf-opt/code/micro/programs/build-arm64/bpftrace_comm_key_fnv_hash.bpf.d" -MT "/home/ruoji/github/bpf-opt/code/micro/programs/build-arm64/bpftrace_comm_key_fnv_hash.bpf.o" -c -o "/home/ruoji/github/bpf-opt/code/micro/programs/build-arm64/bpftrace_comm_key_fnv_hash.bpf.o" "bpftrace_comm_key_fnv_hash.bpf.c"
clang -Wall -Wextra -O2 -g -target bpf -I/usr/aarch64-linux-gnu/include -I/home/ruoji/github/bpf-opt/code/.cache/aarch64-sysroot/usr/include -I/home/ruoji/github/bpf-opt/code/.cache/aarch64-sysroot/usr/include/aarch64-linux-gnu -MMD -MP -MF "/home/ruoji/github/bpf-opt/code/micro/programs/build-arm64/bpftrace_string_search_prefix_scan.bpf.d" -MT "/home/ruoji/github/bpf-opt/code/micro/programs/build-arm64/bpftrace_string_search_prefix_scan.bpf.o" -c -o "/home/ruoji/github/bpf-opt/code/micro/programs/build-arm64/bpftrace_string_search_prefix_scan.bpf.o" "bpftrace_string_search_prefix_scan.bpf.c"
clang -Wall -Wextra -O2 -g -target bpf -I/usr/aarch64-linux-gnu/include -I/home/ruoji/github/bpf-opt/code/.cache/aarch64-sysroot/usr/include -I/home/ruoji/github/bpf-opt/code/.cache/aarch64-sysroot/usr/include/aarch64-linux-gnu -MMD -MP -MF "/home/ruoji/github/bpf-opt/code/micro/programs/build-arm64/cgroup_skb_hash_chain.bpf.d" -MT "/home/ruoji/github/bpf-opt/code/micro/programs/build-arm64/cgroup_skb_hash_chain.bpf.o" -c -o "/home/ruoji/github/bpf-opt/code/micro/programs/build-arm64/cgroup_skb_hash_chain.bpf.o" "cgroup_skb_hash_chain.bpf.c"
clang -Wall -Wextra -O2 -g -target bpf -I/usr/aarch64-linux-gnu/include -I/home/ruoji/github/bpf-opt/code/.cache/aarch64-sysroot/usr/include -I/home/ruoji/github/bpf-opt/code/.cache/aarch64-sysroot/usr/include/aarch64-linux-gnu -MMD -MP -MF "/home/ruoji/github/bpf-opt/code/micro/programs/build-arm64/cilium_ct_nat_tuple_rewrite.bpf.d" -MT "/home/ruoji/github/bpf-opt/code/micro/programs/build-arm64/cilium_ct_nat_tuple_rewrite.bpf.o" -c -o "/home/ruoji/github/bpf-opt/code/micro/programs/build-arm64/cilium_ct_nat_tuple_rewrite.bpf.o" "cilium_ct_nat_tuple_rewrite.bpf.c"
clang -Wall -Wextra -O2 -g -target bpf -I/usr/aarch64-linux-gnu/include -I/home/ruoji/github/bpf-opt/code/.cache/aarch64-sysroot/usr/include -I/home/ruoji/github/bpf-opt/code/.cache/aarch64-sysroot/usr/include/aarch64-linux-gnu -MMD -MP -MF "/home/ruoji/github/bpf-opt/code/micro/programs/build-arm64/cilium_policy_guard_tree_filter.bpf.d" -MT "/home/ruoji/github/bpf-opt/code/micro/programs/build-arm64/cilium_policy_guard_tree_filter.bpf.o" -c -o "/home/ruoji/github/bpf-opt/code/micro/programs/build-arm64/cilium_policy_guard_tree_filter.bpf.o" "cilium_policy_guard_tree_filter.bpf.c"
clang -Wall -Wextra -O2 -g -target bpf -I/usr/aarch64-linux-gnu/include -I/home/ruoji/github/bpf-opt/code/.cache/aarch64-sysroot/usr/include -I/home/ruoji/github/bpf-opt/code/.cache/aarch64-sysroot/usr/include/aarch64-linux-gnu -MMD -MP -MF "/home/ruoji/github/bpf-opt/code/micro/programs/build-arm64/cilium_socket_lb_service_select.bpf.d" -MT "/home/ruoji/github/bpf-opt/code/micro/programs/build-arm64/cilium_socket_lb_service_select.bpf.o" -c -o "/home/ruoji/github/bpf-opt/code/micro/programs/build-arm64/cilium_socket_lb_service_select.bpf.o" "cilium_socket_lb_service_select.bpf.c"
clang -Wall -Wextra -O2 -g -target bpf -I/usr/aarch64-linux-gnu/include -I/home/ruoji/github/bpf-opt/code/.cache/aarch64-sysroot/usr/include -I/home/ruoji/github/bpf-opt/code/.cache/aarch64-sysroot/usr/include/aarch64-linux-gnu -MMD -MP -MF "/home/ruoji/github/bpf-opt/code/micro/programs/build-arm64/flow_5tuple_rss_hash.bpf.d" -MT "/home/ruoji/github/bpf-opt/code/micro/programs/build-arm64/flow_5tuple_rss_hash.bpf.o" -c -o "/home/ruoji/github/bpf-opt/code/micro/programs/build-arm64/flow_5tuple_rss_hash.bpf.o" "flow_5tuple_rss_hash.bpf.c"
clang -Wall -Wextra -O2 -g -target bpf -I/usr/aarch64-linux-gnu/include -I/home/ruoji/github/bpf-opt/code/.cache/aarch64-sysroot/usr/include -I/home/ruoji/github/bpf-opt/code/.cache/aarch64-sysroot/usr/include/aarch64-linux-gnu -MMD -MP -MF "/home/ruoji/github/bpf-opt/code/micro/programs/build-arm64/flow_record_field_scan.bpf.d" -MT "/home/ruoji/github/bpf-opt/code/micro/programs/build-arm64/flow_record_field_scan.bpf.o" -c -o "/home/ruoji/github/bpf-opt/code/micro/programs/build-arm64/flow_record_field_scan.bpf.o" "flow_record_field_scan.bpf.c"
clang -Wall -Wextra -O2 -g -target bpf -I/usr/aarch64-linux-gnu/include -I/home/ruoji/github/bpf-opt/code/.cache/aarch64-sysroot/usr/include -I/home/ruoji/github/bpf-opt/code/.cache/aarch64-sysroot/usr/include/aarch64-linux-gnu -MMD -MP -MF "/home/ruoji/github/bpf-opt/code/micro/programs/build-arm64/katran_lb_consistent_hash_select.bpf.d" -MT "/home/ruoji/github/bpf-opt/code/micro/programs/build-arm64/katran_lb_consistent_hash_select.bpf.o" -c -o "/home/ruoji/github/bpf-opt/code/micro/programs/build-arm64/katran_lb_consistent_hash_select.bpf.o" "katran_lb_consistent_hash_select.bpf.c"
clang -Wall -Wextra -O2 -g -target bpf -I/usr/aarch64-linux-gnu/include -I/home/ruoji/github/bpf-opt/code/.cache/aarch64-sysroot/usr/include -I/home/ruoji/github/bpf-opt/code/.cache/aarch64-sysroot/usr/include/aarch64-linux-gnu -MMD -MP -MF "/home/ruoji/github/bpf-opt/code/micro/programs/build-arm64/otel_stack_frame_unwind_scan.bpf.d" -MT "/home/ruoji/github/bpf-opt/code/micro/programs/build-arm64/otel_stack_frame_unwind_scan.bpf.o" -c -o "/home/ruoji/github/bpf-opt/code/micro/programs/build-arm64/otel_stack_frame_unwind_scan.bpf.o" "otel_stack_frame_unwind_scan.bpf.c"
clang -Wall -Wextra -O2 -g -target bpf -I/usr/aarch64-linux-gnu/include -I/home/ruoji/github/bpf-opt/code/.cache/aarch64-sysroot/usr/include -I/home/ruoji/github/bpf-opt/code/.cache/aarch64-sysroot/usr/include/aarch64-linux-gnu -MMD -MP -MF "/home/ruoji/github/bpf-opt/code/micro/programs/build-arm64/packed_header_bitfield_decode.bpf.d" -MT "/home/ruoji/github/bpf-opt/code/micro/programs/build-arm64/packed_header_bitfield_decode.bpf.o" -c -o "/home/ruoji/github/bpf-opt/code/micro/programs/build-arm64/packed_header_bitfield_decode.bpf.o" "packed_header_bitfield_decode.bpf.c"
clang -Wall -Wextra -O2 -g -target bpf -I/usr/aarch64-linux-gnu/include -I/home/ruoji/github/bpf-opt/code/.cache/aarch64-sysroot/usr/include -I/home/ruoji/github/bpf-opt/code/.cache/aarch64-sysroot/usr/include/aarch64-linux-gnu -MMD -MP -MF "/home/ruoji/github/bpf-opt/code/micro/programs/build-arm64/packet_checksum_fold.bpf.d" -MT "/home/ruoji/github/bpf-opt/code/micro/programs/build-arm64/packet_checksum_fold.bpf.o" -c -o "/home/ruoji/github/bpf-opt/code/micro/programs/build-arm64/packet_checksum_fold.bpf.o" "packet_checksum_fold.bpf.c"
clang -Wall -Wextra -O2 -g -target bpf -I/usr/aarch64-linux-gnu/include -I/home/ruoji/github/bpf-opt/code/.cache/aarch64-sysroot/usr/include -I/home/ruoji/github/bpf-opt/code/.cache/aarch64-sysroot/usr/include/aarch64-linux-gnu -MMD -MP -MF "/home/ruoji/github/bpf-opt/code/micro/programs/build-arm64/packet_record_bounds_window.bpf.d" -MT "/home/ruoji/github/bpf-opt/code/micro/programs/build-arm64/packet_record_bounds_window.bpf.o" -c -o "/home/ruoji/github/bpf-opt/code/micro/programs/build-arm64/packet_record_bounds_window.bpf.o" "packet_record_bounds_window.bpf.c"
clang -Wall -Wextra -O2 -g -target bpf -I/usr/aarch64-linux-gnu/include -I/home/ruoji/github/bpf-opt/code/.cache/aarch64-sysroot/usr/include -I/home/ruoji/github/bpf-opt/code/.cache/aarch64-sysroot/usr/include/aarch64-linux-gnu -MMD -MP -MF "/home/ruoji/github/bpf-opt/code/micro/programs/build-arm64/packet_toeplitz_rss_hash.bpf.d" -MT "/home/ruoji/github/bpf-opt/code/micro/programs/build-arm64/packet_toeplitz_rss_hash.bpf.o" -c -o "/home/ruoji/github/bpf-opt/code/micro/programs/build-arm64/packet_toeplitz_rss_hash.bpf.o" "packet_toeplitz_rss_hash.bpf.c"
clang -Wall -Wextra -O2 -g -target bpf -I/usr/aarch64-linux-gnu/include -I/home/ruoji/github/bpf-opt/code/.cache/aarch64-sysroot/usr/include -I/home/ruoji/github/bpf-opt/code/.cache/aarch64-sysroot/usr/include/aarch64-linux-gnu -MMD -MP -MF "/home/ruoji/github/bpf-opt/code/micro/programs/build-arm64/packet_vlan_tcpopt_parser.bpf.d" -MT "/home/ruoji/github/bpf-opt/code/micro/programs/build-arm64/packet_vlan_tcpopt_parser.bpf.o" -c -o "/home/ruoji/github/bpf-opt/code/micro/programs/build-arm64/packet_vlan_tcpopt_parser.bpf.o" "packet_vlan_tcpopt_parser.bpf.c"
clang -Wall -Wextra -O2 -g -target bpf -I/usr/aarch64-linux-gnu/include -I/home/ruoji/github/bpf-opt/code/.cache/aarch64-sysroot/usr/include -I/home/ruoji/github/bpf-opt/code/.cache/aarch64-sysroot/usr/include/aarch64-linux-gnu -MMD -MP -MF "/home/ruoji/github/bpf-opt/code/micro/programs/build-arm64/payload_prefix_memcmp_scan.bpf.d" -MT "/home/ruoji/github/bpf-opt/code/micro/programs/build-arm64/payload_prefix_memcmp_scan.bpf.o" -c -o "/home/ruoji/github/bpf-opt/code/micro/programs/build-arm64/payload_prefix_memcmp_scan.bpf.o" "payload_prefix_memcmp_scan.bpf.c"
clang -Wall -Wextra -O2 -g -target bpf -I/usr/aarch64-linux-gnu/include -I/home/ruoji/github/bpf-opt/code/.cache/aarch64-sysroot/usr/include -I/home/ruoji/github/bpf-opt/code/.cache/aarch64-sysroot/usr/include/aarch64-linux-gnu -MMD -MP -MF "/home/ruoji/github/bpf-opt/code/micro/programs/build-arm64/simple.bpf.d" -MT "/home/ruoji/github/bpf-opt/code/micro/programs/build-arm64/simple.bpf.o" -c -o "/home/ruoji/github/bpf-opt/code/micro/programs/build-arm64/simple.bpf.o" "simple.bpf.c"
clang -Wall -Wextra -O2 -g -target bpf -I/usr/aarch64-linux-gnu/include -I/home/ruoji/github/bpf-opt/code/.cache/aarch64-sysroot/usr/include -I/home/ruoji/github/bpf-opt/code/.cache/aarch64-sysroot/usr/include/aarch64-linux-gnu -MMD -MP -MF "/home/ruoji/github/bpf-opt/code/micro/programs/build-arm64/simple_packet.bpf.d" -MT "/home/ruoji/github/bpf-opt/code/micro/programs/build-arm64/simple_packet.bpf.o" -c -o "/home/ruoji/github/bpf-opt/code/micro/programs/build-arm64/simple_packet.bpf.o" "simple_packet.bpf.c"
clang -Wall -Wextra -O2 -g -target bpf -I/usr/aarch64-linux-gnu/include -I/home/ruoji/github/bpf-opt/code/.cache/aarch64-sysroot/usr/include -I/home/ruoji/github/bpf-opt/code/.cache/aarch64-sysroot/usr/include/aarch64-linux-gnu -MMD -MP -MF "/home/ruoji/github/bpf-opt/code/micro/programs/build-arm64/siphash_rotate64_mixer.bpf.d" -MT "/home/ruoji/github/bpf-opt/code/micro/programs/build-arm64/siphash_rotate64_mixer.bpf.o" -c -o "/home/ruoji/github/bpf-opt/code/micro/programs/build-arm64/siphash_rotate64_mixer.bpf.o" "siphash_rotate64_mixer.bpf.c"
clang -Wall -Wextra -O2 -g -target bpf -I/usr/aarch64-linux-gnu/include -I/home/ruoji/github/bpf-opt/code/.cache/aarch64-sysroot/usr/include -I/home/ruoji/github/bpf-opt/code/.cache/aarch64-sysroot/usr/include/aarch64-linux-gnu -MMD -MP -MF "/home/ruoji/github/bpf-opt/code/micro/programs/build-arm64/sorted_rule_binary_search.bpf.d" -MT "/home/ruoji/github/bpf-opt/code/micro/programs/build-arm64/sorted_rule_binary_search.bpf.o" -c -o "/home/ruoji/github/bpf-opt/code/micro/programs/build-arm64/sorted_rule_binary_search.bpf.o" "sorted_rule_binary_search.bpf.c"
clang -Wall -Wextra -O2 -g -target bpf -I/usr/aarch64-linux-gnu/include -I/home/ruoji/github/bpf-opt/code/.cache/aarch64-sysroot/usr/include -I/home/ruoji/github/bpf-opt/code/.cache/aarch64-sysroot/usr/include/aarch64-linux-gnu -MMD -MP -MF "/home/ruoji/github/bpf-opt/code/micro/programs/build-arm64/tc_packet_checksum_fold.bpf.d" -MT "/home/ruoji/github/bpf-opt/code/micro/programs/build-arm64/tc_packet_checksum_fold.bpf.o" -c -o "/home/ruoji/github/bpf-opt/code/micro/programs/build-arm64/tc_packet_checksum_fold.bpf.o" "tc_packet_checksum_fold.bpf.c"
clang -Wall -Wextra -O2 -g -target bpf -I/usr/aarch64-linux-gnu/include -I/home/ruoji/github/bpf-opt/code/.cache/aarch64-sysroot/usr/include -I/home/ruoji/github/bpf-opt/code/.cache/aarch64-sysroot/usr/include/aarch64-linux-gnu -MMD -MP -MF "/home/ruoji/github/bpf-opt/code/micro/programs/build-arm64/tetragon_process_event_arg_filter.bpf.d" -MT "/home/ruoji/github/bpf-opt/code/micro/programs/build-arm64/tetragon_process_event_arg_filter.bpf.o" -c -o "/home/ruoji/github/bpf-opt/code/micro/programs/build-arm64/tetragon_process_event_arg_filter.bpf.o" "tetragon_process_event_arg_filter.bpf.c"
clang -Wall -Wextra -O2 -g -target bpf -I/usr/aarch64-linux-gnu/include -I/home/ruoji/github/bpf-opt/code/.cache/aarch64-sysroot/usr/include -I/home/ruoji/github/bpf-opt/code/.cache/aarch64-sysroot/usr/include/aarch64-linux-gnu -MMD -MP -MF "/home/ruoji/github/bpf-opt/code/micro/programs/build-arm64/trace_event_type_switch_dispatch.bpf.d" -MT "/home/ruoji/github/bpf-opt/code/micro/programs/build-arm64/trace_event_type_switch_dispatch.bpf.o" -c -o "/home/ruoji/github/bpf-opt/code/micro/programs/build-arm64/trace_event_type_switch_dispatch.bpf.o" "trace_event_type_switch_dispatch.bpf.c"
clang -Wall -Wextra -O2 -g -target bpf -I/usr/aarch64-linux-gnu/include -I/home/ruoji/github/bpf-opt/code/.cache/aarch64-sysroot/usr/include -I/home/ruoji/github/bpf-opt/code/.cache/aarch64-sysroot/usr/include/aarch64-linux-gnu -MMD -MP -MF "/home/ruoji/github/bpf-opt/code/micro/programs/build-arm64/tracee_http_method_prefix_detect.bpf.d" -MT "/home/ruoji/github/bpf-opt/code/micro/programs/build-arm64/tracee_http_method_prefix_detect.bpf.o" -c -o "/home/ruoji/github/bpf-opt/code/micro/programs/build-arm64/tracee_http_method_prefix_detect.bpf.o" "tracee_http_method_prefix_detect.bpf.c"
clang -Wall -Wextra -O2 -g -target bpf -I/usr/aarch64-linux-gnu/include -I/home/ruoji/github/bpf-opt/code/.cache/aarch64-sysroot/usr/include -I/home/ruoji/github/bpf-opt/code/.cache/aarch64-sysroot/usr/include/aarch64-linux-gnu -MMD -MP -MF "/home/ruoji/github/bpf-opt/code/micro/programs/build-arm64/tracee_syscall_name_table_lookup.bpf.d" -MT "/home/ruoji/github/bpf-opt/code/micro/programs/build-arm64/tracee_syscall_name_table_lookup.bpf.o" -c -o "/home/ruoji/github/bpf-opt/code/micro/programs/build-arm64/tracee_syscall_name_table_lookup.bpf.o" "tracee_syscall_name_table_lookup.bpf.c"
make[1]: Leaving directory '/home/ruoji/github/bpf-opt/code/micro/programs'
make -C "/home/ruoji/github/bpf-opt/code/vendor/libbpf/src" -j"16" BUILD_STATIC_ONLY=1 CC=aarch64-linux-gnu-gcc LD=aarch64-linux-gnu-ld AR=aarch64-linux-gnu-ar CFLAGS="-O2 -Werror -Wall -std=gnu89" OBJDIR="/home/ruoji/github/bpf-opt/code/runner/build-arm64-llvmbpf/vendor/libbpf/obj" DESTDIR= PREFIX="/home/ruoji/github/bpf-opt/code/runner/build-arm64-llvmbpf/vendor/libbpf/prefix" "/home/ruoji/github/bpf-opt/code/runner/build-arm64-llvmbpf/vendor/libbpf/obj/libbpf.a" install_headers
make[1]: Entering directory '/home/ruoji/github/bpf-opt/code/vendor/libbpf/src'
make[1]: '/home/ruoji/github/bpf-opt/code/runner/build-arm64-llvmbpf/vendor/libbpf/obj/libbpf.a' is up to date.
  INSTALL  bpf.h libbpf.h btf.h libbpf_common.h libbpf_legacy.h bpf_helpers.h bpf_helper_defs.h bpf_tracing.h bpf_endian.h bpf_core_read.h skel_internal.h libbpf_version.h usdt.bpf.h
make[1]: Leaving directory '/home/ruoji/github/bpf-opt/code/vendor/libbpf/src'
PKG_CONFIG_LIBDIR="/home/ruoji/github/bpf-opt/code/.cache/aarch64-sysroot/usr/lib/aarch64-linux-gnu/pkgconfig" PKG_CONFIG_SYSROOT_DIR="/home/ruoji/github/bpf-opt/code/.cache/aarch64-sysroot" cmake -S "/home/ruoji/github/bpf-opt/code/runner" -B "/home/ruoji/github/bpf-opt/code/runner/build-arm64-llvmbpf" -DCMAKE_BUILD_TYPE=Release -DCMAKE_C_COMPILER="aarch64-linux-gnu-gcc" -DCMAKE_CXX_COMPILER="aarch64-linux-gnu-g++" -DMICRO_REPO_ROOT="/home/ruoji/github/bpf-opt/code" -DMICRO_LIBBPF_PREFIX="/home/ruoji/github/bpf-opt/code/runner/build-arm64-llvmbpf/vendor/libbpf/prefix" -DMICRO_LIBBPF_LIBRARY="/home/ruoji/github/bpf-opt/code/runner/build-arm64-llvmbpf/vendor/libbpf/obj/libbpf.a" -DMICRO_KERNEL_OFFSETS_INCLUDE="/home/ruoji/github/bpf-opt/code/micro/programs/build-arm64" -DMICRO_EXEC_ENABLE_LLVMBPF=1 -DLLVM_DIR="/home/ruoji/github/bpf-opt/code/.cache/sysroots/arm64-llvm17/usr/lib/llvm-17/lib/cmake/llvm" -DCMAKE_SYSTEM_NAME=Linux -DCMAKE_SYSTEM_PROCESSOR=aarch64 -DCMAKE_FIND_ROOT_PATH="/home/ruoji/github/bpf-opt/code/.cache/aarch64-sysroot;/home/ruoji/github/bpf-opt/code/.cache/sysroots/arm64-llvm17;/usr/aarch64-linux-gnu" -DCMAKE_FIND_ROOT_PATH_MODE_PROGRAM=NEVER -DCMAKE_FIND_ROOT_PATH_MODE_LIBRARY=BOTH -DCMAKE_FIND_ROOT_PATH_MODE_INCLUDE=BOTH -DCMAKE_FIND_ROOT_PATH_MODE_PACKAGE=BOTH -DCMAKE_EXE_LINKER_FLAGS="-L/home/ruoji/github/bpf-opt/code/.cache/aarch64-sysroot/usr/lib/aarch64-linux-gnu -L/home/ruoji/github/bpf-opt/code/.cache/sysroots/arm64-llvm17/usr/lib/aarch64-linux-gnu -Wl,-rpath-link,/home/ruoji/github/bpf-opt/code/.cache/aarch64-sysroot/usr/lib/aarch64-linux-gnu -Wl,-rpath-link,/home/ruoji/github/bpf-opt/code/.cache/sysroots/arm64-llvm17/usr/lib/aarch64-linux-gnu -Wl,-rpath-link,/home/ruoji/github/bpf-opt/code/.cache/sysroots/arm64-llvm17/usr/lib/llvm-17/lib"
-- Could NOT find LibEdit (missing: LibEdit_INCLUDE_DIRS LibEdit_LIBRARIES) 
-- Could NOT find CURL (missing: CURL_LIBRARY CURL_INCLUDE_DIR) 
-- Configuring done (0.1s)
-- Generating done (0.0s)
-- Build files have been written to: /home/ruoji/github/bpf-opt/code/runner/build-arm64-llvmbpf
cmake --build "/home/ruoji/github/bpf-opt/code/runner/build-arm64-llvmbpf" --target micro_exec -j"16"
gmake[1]: Entering directory '/home/ruoji/github/bpf-opt/code/runner/build-arm64-llvmbpf'
[ 21%] Building CXX object CMakeFiles/micro_exec.dir/src/elf_program_loader.cpp.o
[ 21%] Building CXX object CMakeFiles/micro_exec.dir/src/kernel_runner.cpp.o
[ 21%] Building CXX object CMakeFiles/micro_exec.dir/src/bpf_helpers.cpp.o
[ 28%] Building CXX object CMakeFiles/micro_exec.dir/src/native_lab_runner.cpp.o
[ 35%] Linking CXX executable micro_exec
[100%] Built target micro_exec
gmake[1]: Leaving directory '/home/ruoji/github/bpf-opt/code/runner/build-arm64-llvmbpf'
aarch64-linux-gnu-strip --strip-unneeded "/home/ruoji/github/bpf-opt/code/runner/build-arm64-llvmbpf/micro_exec"
make -C "/home/ruoji/github/bpf-opt/code/native-sim/test" OUTPUT_DIR="/home/ruoji/github/bpf-opt/code/native-sim/test/build-arm64" KERNEL_OFFSETS="/home/ruoji/github/bpf-opt/code/micro/programs/build-arm64/kernel_offsets.h" NATIVE_TARGET=aarch64-linux-gnu NATIVE_ARCH=arm64 SYS_INCLUDE_FLAGS="-I/usr/aarch64-linux-gnu/include -I/home/ruoji/github/bpf-opt/code/.cache/aarch64-sysroot/usr/include -I/home/ruoji/github/bpf-opt/code/.cache/aarch64-sysroot/usr/include/aarch64-linux-gnu" all
make[1]: Entering directory '/home/ruoji/github/bpf-opt/code/native-sim/test'
make[1]: Nothing to be done for 'all'.
make[1]: Leaving directory '/home/ruoji/github/bpf-opt/code/native-sim/test'
make -C "/home/ruoji/github/bpf-opt/code/tests/unittest" BUILD_DIR="/home/ruoji/github/bpf-opt/code/tests/unittest/build-arm64" CC=aarch64-linux-gnu-gcc CLANG=clang BPF_TARGET_ARCH=arm64 VMLINUX_BTF="/home/ruoji/github/bpf-opt/code/vendor/build/arm64/linux/vmlinux" SYS_INCLUDE_FLAGS="-I/usr/aarch64-linux-gnu/include -I/home/ruoji/github/bpf-opt/code/.cache/aarch64-sysroot/usr/include -I/home/ruoji/github/bpf-opt/code/.cache/aarch64-sysroot/usr/include/aarch64-linux-gnu" all
make[1]: Entering directory '/home/ruoji/github/bpf-opt/code/tests/unittest'
make[1]: Nothing to be done for 'all'.
make[1]: Leaving directory '/home/ruoji/github/bpf-opt/code/tests/unittest'
install -d "/home/ruoji/github/bpf-opt/code/tests/negative/build-arm64"
make -C "/home/ruoji/github/bpf-opt/code/tests/negative" BUILD_DIR="/home/ruoji/github/bpf-opt/code/tests/negative/build-arm64" CC=aarch64-linux-gnu-gcc all
make[1]: Entering directory '/home/ruoji/github/bpf-opt/code/tests/negative'
make[1]: Nothing to be done for 'all'.
make[1]: Leaving directory '/home/ruoji/github/bpf-opt/code/tests/negative'
install -d "/home/ruoji/github/bpf-opt/code/vendor/build/arm64/runtime-libs"
touch "/home/ruoji/github/bpf-opt/code/vendor/build/arm64/runtime-libs/.keep"
cp -a "/home/ruoji/github/bpf-opt/code/.cache/aarch64-sysroot/usr/lib/aarch64-linux-gnu"/libspdlog.so* "/home/ruoji/github/bpf-opt/code/vendor/build/arm64/runtime-libs/"
cp -a "/home/ruoji/github/bpf-opt/code/.cache/aarch64-sysroot/usr/lib/aarch64-linux-gnu"/libfmt.so* "/home/ruoji/github/bpf-opt/code/vendor/build/arm64/runtime-libs/"
install -d "/home/ruoji/github/bpf-opt/code/.cache/container-images"
docker build --platform linux/arm64 \
	--target runner-runtime \
	--build-context runner-runtime-host-runner-build="/home/ruoji/github/bpf-opt/code/runner/build-arm64-llvmbpf" \
	--build-context runner-runtime-host-micro-programs="/home/ruoji/github/bpf-opt/code/micro/programs/build-arm64" \
	--build-context runner-runtime-host-stage2-programs="/home/ruoji/github/bpf-opt/code/native-sim/test/build-arm64" \
	--build-context runner-runtime-host-unittest="/home/ruoji/github/bpf-opt/code/tests/unittest/build-arm64" \
	--build-context runner-runtime-host-negative="/home/ruoji/github/bpf-opt/code/tests/negative/build-arm64" \
	--build-context runner-runtime-host-kernel-image="/home/ruoji/github/bpf-opt/code/vendor/build/arm64/linux/arch/arm64/boot" \
	--build-context runner-runtime-host-kernel-offsets="/home/ruoji/github/bpf-opt/code/micro/programs/build-arm64" \
	--build-context runner-runtime-host-kernel-modules="/home/ruoji/github/bpf-opt/code/vendor/build/arm64/linux/modules-install/lib/modules" \
	--build-context runner-runtime-host-kinsn-artifacts="/home/ruoji/github/bpf-opt/code/module/arm64/build" \
	--build-context runner-runtime-host-shim="/home/ruoji/github/bpf-opt/code/bpfopt/shim/build-arm64" \
	--build-context runner-runtime-host-extra-libs="/home/ruoji/github/bpf-opt/code/vendor/build/arm64/runtime-libs" \
	--build-arg IMAGE_WORKSPACE="/home/ruoji/github/bpf-opt/code" \
	--build-arg RUN_TARGET_ARCH=arm64 \
	--build-arg VENDOR_BUILD_ARCH=arm64 \
	--build-arg RUNNER_BUILD_DIR_NAME=build-arm64-llvmbpf \
	--build-arg TEST_BUILD_DIR=build-arm64 \
	--build-arg KERNEL_IMAGE_NAME=vmlinuz.efi \
	--build-arg KERNEL_MANIFEST_JSON="$(cat /home/ruoji/github/bpf-opt/code/vendor/build/arm64/linux/manifest.json)" \
	--build-arg BPFOPT_HOST_BIN_DIR="bpfopt/target/aarch64-unknown-linux-gnu/release" \
	-t "bpf-benchmark/runner-runtime:arm64" -f "/home/ruoji/github/bpf-opt/code/runner/containers/runner-runtime.Dockerfile" "/home/ruoji/github/bpf-opt/code"
docker save -o "/home/ruoji/github/bpf-opt/code/.cache/container-images/arm64-runner-runtime.image.tar.tmp" "bpf-benchmark/runner-runtime:arm64"
mv -f "/home/ruoji/github/bpf-opt/code/.cache/container-images/arm64-runner-runtime.image.tar.tmp" "/home/ruoji/github/bpf-opt/code/.cache/container-images/arm64-runner-runtime.image.tar"
TARGET=aws-arm64 RUN_TARGET_NAME=aws-arm64 RUN_TARGET_ARCH=arm64 RUN_EXECUTOR=aws-ssh RUN_NAME_TAG="bpf-benchmark-arm64" RUN_REMOTE_USER="ec2-user" RUN_AMI_PARAM="/aws/service/ami-amazon-linux-latest/al2023-ami-kernel-default-arm64" RUN_ROOT_VOLUME_GB="32" RUN_AWS_KEY_NAME="bpf-opt-arm64-20260520202140" RUN_AWS_KEY_PATH="/home/ruoji/.ssh/bpf-opt-arm64-20260520202140.pem" RUN_AWS_SECURITY_GROUP_ID="sg-07842c428f43f1cc9" RUN_AWS_SUBNET_ID="subnet-0e879c516b0042a92" RUN_AWS_REGION="us-east-1" RUN_AWS_PROFILE="default" RUN_REMOTE_PYTHON_BIN="python3" RUN_RUNTIME_PYTHON_BIN="python3" RUN_RUNTIME_CONTAINER_IMAGE="bpf-benchmark/runner-runtime:arm64" RUN_BPFTOOL_BIN="bpftool" RUN_NATIVE_REPOS_CSV="bcc,bpftrace,katran,tracee,tetragon" RUN_TOKEN="dqu" RUN_INSTANCE_TYPE="t4g.small" RUN_SUITE_NEEDS_RUNTIME_BTF=0 RUN_REMOTE_STAGE_DIR="/var/tmp/bpf-benchmark-aws-arm64/micro/du" SAMPLES="3" WARMUPS="0" INNER_REPEAT="100000" BENCH="" SUITE="" RUNTIMES="native kernel" FUZZ_ROUNDS="1000" TEST_MODE="" WORKLOAD_DURATION="" KEEP_WORKDIRS="" BPFREJIT_BENCH_PASSES="" BPFREJIT_CORPUS_APPS="" SKIP_REJIT="" CPU="" STRICT_ENV="" SHUFFLE_SEED="" PERF_COUNTERS="" PERF_SCOPE="" REGENERATE_INPUTS="" LIST="" MICRO_RUNNER_BINARY="" MICRO_PROGRAM_DIR="/home/ruoji/github/bpf-opt/code/micro/programs" "python3" -m runner.libs.aws_executor run aws-arm64 micro
