WARNING: No swap limit support
WARNING: IPv4 forwarding is disabled
Loaded image: bpf-benchmark/runner-runtime:x86_64
WARNING: IPv4 forwarding is disabled. Networking will not work.
_DISK_SIZE:-64G}" /var/tmp/bpf-benchmark-docker.img
mkfs.ext4 -F -q /var/tmp/bpf-benchmark-docker.img
mount -o loop,discard /var/tmp/bpf-benchmark-docker.img /run/bpf-benchmark-docker
dockerd --data-root /run/bpf-benchmark-docker/data --exec-root /run/bpf-benchmark-docker/exec --pidfile /run/bpf-benchmark-docker/docker.pid --host unix:///run/docker.sock --bridge=none --iptables=false --ip-masq=false --ip-forward=false >/run/bpf-benchmark-docker/dockerd.log 2>&1 &
for _ in 1 2 3 4 5 6 7 8 9 10; do docker info >/dev/null 2>&1 && break; sleep 1; done
docker info >/dev/null
install -d "/workspaces/repository/corpus/results"
"/workspaces/repository/runner/scripts/bpfrejit-install" --image "bpf-benchmark/runner-runtime:x86_64" "/workspaces/repository/.cache/container-images/x86_64-runner-runtime.image.tar"
docker run --rm --privileged --pid=host --network=host --ipc=host --cgroupns=host -e BPFREJIT_INSIDE_RUNTIME_CONTAINER=1 -e HOME=/root -e TARGET="x86-kvm" -e RUN_TARGET_NAME="x86-kvm" -e RUN_TOKEN="dfe09c81" -e RUN_TARGET_ARCH="x86_64" -e RUN_EXECUTOR="kvm" -e RUN_REMOTE_PYTHON_BIN="python3" -e RUN_RUNTIME_PYTHON_BIN="python3" -e RUN_BPFTOOL_BIN="bpftool" -e RUN_NATIVE_REPOS_CSV="bcc,katran,tracee,tetragon" -e SAMPLES="3"      -e FUZZ_ROUNDS="1000"  -e WORKLOAD_DURATION="60" -e KEEP_WORKDIRS="1" -e BPFREJIT_BENCH_PASSES="map_inline" -e BPFREJIT_CORPUS_APPS="bcc/set"           -e MERLIN_COMPILETIME_MODE="none"                    -w "/workspaces/repository" -v /sys:/sys -v /sys/fs/bpf:/sys/fs/bpf -v /sys/kernel/debug:/sys/kernel/debug -v /lib/modules:/lib/modules:ro -v /boot:/boot:ro -v "/workspaces/repository/corpus/results:/workspaces/repository/corpus/results" "bpf-benchmark/runner-runtime:x86_64" python3 -m corpus.driver
{"active_env_keys": ["BPFREJIT_NATIVE_LOADER_REQUIRE_PREBUILT_PROOF", "BPFREJIT_NATIVE_LOADER_SO"], "event": "native_loader_mode", "post_only": false, "saved_env_keys": ["BPFREJIT_NATIVE_LOADER_REQUIRE_PREBUILT_PROOF", "BPFREJIT_NATIVE_LOADER_SO"]}
{"app": "bcc/set", "event": "app_start", "runner": "bcc_set", "workload": "stress_ng_bcc_hook_hot"}
{"app": "bcc/set", "event": "phase_start", "phase": "baseline_start", "runner": "bcc_set", "workload": "stress_ng_bcc_hook_hot"}
{"active_env_keys": ["BPFREJIT_NATIVE_LOADER_REQUIRE_PREBUILT_PROOF", "BPFREJIT_NATIVE_LOADER_SO"], "app": "bcc/set", "event": "native_loader_phase_env", "phase": "baseline_start", "runner": "bcc_set", "temporary_set_keys": ["BPFREJIT_SHIM_LOADTIME_PLAN", "BPFREJIT_SHIM_LOG"], "temporary_unset_keys": []}
{"app": "bcc/set", "event": "phase_done", "phase": "baseline_start", "runner": "bcc_set", "status": "ok"}
{"app": "bcc/set", "event": "measurement_start", "phase": "baseline", "runner": "bcc_set", "samples": 3, "workload": "stress_ng_bcc_hook_hot"}
{"app": "bcc/set", "event": "measurement_done", "phase": "baseline", "runner": "bcc_set", "status": "ok"}
{"app": "bcc/set", "event": "phase_start", "phase": "baseline_stop", "runner": "bcc_set"}
{"app": "bcc/set", "event": "phase_step", "phase": "baseline_stop", "runner": "bcc_set", "step": "runner_stop_done"}
{"app": "bcc/set", "event": "phase_step", "phase": "baseline_stop", "runner": "bcc_set", "step": "quiesce_start"}
{"app": "bcc/set", "event": "phase_step", "phase": "baseline_stop", "runner": "bcc_set", "step": "quiesce_done"}
{"app": "bcc/set", "event": "phase_step", "phase": "baseline_stop", "runner": "bcc_set", "step": "bpf_stats_disabled"}
{"app": "bcc/set", "event": "phase_done", "phase": "baseline_stop", "runner": "bcc_set", "status": "ok"}
{"active_env_keys": ["BPFREJIT_NATIVE_LOADER_REQUIRE_PREBUILT_PROOF", "BPFREJIT_NATIVE_LOADER_SO"], "app": "bcc/set", "event": "native_loader_phase_env", "phase": "post_rejit_start", "runner": "bcc_set", "temporary_set_keys": ["BPFREJIT_REPO_ROOT", "BPFREJIT_SHIM_LOADTIME_PLAN", "BPFREJIT_SHIM_LOG"], "temporary_unset_keys": []}
{"app": "bcc/set", "event": "loadtime_plan_start", "runner": "bcc_set"}
{"app": "bcc/set", "event": "loadtime_plan_done", "runner": "bcc_set", "status": "ok"}
{"app": "bcc/set", "event": "phase_start", "phase": "post_rejit_start", "runner": "bcc_set", "workload": "stress_ng_bcc_hook_hot"}
{"app": "bcc/set", "event": "phase_done", "phase": "post_rejit_start", "runner": "bcc_set", "status": "ok"}
{"app": "bcc/set", "event": "measurement_start", "phase": "post_rejit", "runner": "bcc_set", "samples": 3, "workload": "stress_ng_bcc_hook_hot"}
{"app": "bcc/set", "event": "measurement_done", "phase": "post_rejit", "runner": "bcc_set", "status": "ok"}
{"app": "bcc/set", "event": "phase_start", "phase": "post_rejit_stop", "runner": "bcc_set"}
{"app": "bcc/set", "event": "phase_step", "phase": "post_rejit_stop", "runner": "bcc_set", "step": "runner_stop_done"}
{"app": "bcc/set", "event": "phase_step", "phase": "post_rejit_stop", "runner": "bcc_set", "step": "quiesce_start"}
{"app": "bcc/set", "event": "phase_step", "phase": "post_rejit_stop", "runner": "bcc_set", "step": "quiesce_done"}
{"app": "bcc/set", "event": "phase_step", "phase": "post_rejit_stop", "runner": "bcc_set", "step": "bpf_stats_disabled"}
{"app": "bcc/set", "event": "phase_done", "phase": "post_rejit_stop", "runner": "bcc_set", "status": "ok"}
{"app": "bcc/set", "error": "", "event": "app_done", "status": "ok"}
{
  "status": "ok",
  "artifact_run_dir": "/workspaces/repository/corpus/results/x86_kvm_corpus_20260926_070636_267511",
  "artifact_metadata": "/workspaces/repository/corpus/results/x86_kvm_corpus_20260926_070636_267511/metadata.json"
}
make: Leaving directory '/workspaces/repository'
PIC[0]: apic_id 0, version 17, address 0xfec00000, GSI 0-23
[    0.027833] ACPI: INT_SRC_OVR (bus 0 bus_irq 0 global_irq 2 dfl dfl)
[    0.028498] ACPI: INT_SRC_OVR (bus 0 bus_irq 5 global_irq 5 high level)
[    0.029183] ACPI: INT_SRC_OVR (bus 0 bus_irq 9 global_irq 9 high level)
[    0.029872] ACPI: INT_SRC_OVR (bus 0 bus_irq 10 global_irq 10 high level)
[    0.030577] ACPI: INT_SRC_OVR (bus 0 bus_irq 11 global_irq 11 high level)
[    0.031285] ACPI: Using ACPI (MADT) for SMP configuration information
[    0.031955] ACPI: HPET id: 0x8086a201 base: 0xfed00000
[    0.032489] TSC deadline timer available
[    0.032896] CPU topo: Max. logical packages:   1
[    0.033377] CPU topo: Max. logical nodes:      1
[    0.033853] CPU topo: Num. nodes per package:  1
[    0.034333] CPU topo: Max. logical dies:       1
[    0.034809] CPU topo: Max. dies per package:   1
[    0.035288] CPU topo: Max. threads per core:   1
[    0.035767] CPU topo: Num. cores per package:     8
[    0.036270] CPU topo: Num. threads per package:   8
[    0.036775] CPU topo: Allowing 8 present CPUs plus 0 hotplug CPUs
[    0.037420] kvm-guest: APIC: eoi() replaced with kvm_guest_apic_eoi_write()
[    0.038149] kvm-guest: KVM setup pv remote TLB flush
[    0.038668] kvm-guest: setup PV sched yield
[    0.039102] PM: hibernation: Registered nosave memory: [mem 0x00000000-0x00000fff]
[    0.039885] PM: hibernation: Registered nosave memory: [mem 0x0009f000-0x000fffff]
[    0.040667] PM: hibernation: Registered nosave memory: [mem 0xbffdf000-0xffffffff]
[    0.041449] [gap 0xc0000000-0xfeffbfff] available for PCI devices
[    0.042077] Booting paravirtualized kernel on KVM
[    0.042563] clocksource: refined-jiffies: mask: 0xffffffff max_cycles: 0xffffffff, max_idle_ns: 19112604462750000 ns
[    0.048009] Zone ranges:
[    0.048316]   DMA      [mem 0x0000000000001000-0x0000000000ffffff]
[    0.048960]   DMA32    [mem 0x0000000001000000-0x00000000ffffffff]
[    0.049600]   Normal   [mem 0x0000000100000000-0x000000103fffffff]
[    0.050237]   Device   empty
[    0.050536] Movable zone start for each node
[    0.050976] Early memory node ranges
[    0.051346]   node   0: [mem 0x0000000000001000-0x000000000009efff]
[    0.051991]   node   0: [mem 0x0000000000100000-0x00000000bffdefff]
[    0.052638]   node   0: [mem 0x0000000100000000-0x000000103fffffff]
[    0.053286] Initmem setup node 0 [mem 0x0000000000001000-0x000000103fffffff]
[    0.054585] On node 0, zone DMA: 1 pages in unavailable ranges
[    0.055202] On node 0, zone DMA: 97 pages in unavailable ranges
[    0.077009] On node 0, zone Normal: 33 pages in unavailable ranges
[    0.077711] setup_percpu: NR_CPUS:8192 nr_cpumask_bits:8 nr_cpu_ids:8 nr_node_ids:1
[    0.080647] percpu: Embedded 61 pages/cpu s212992 r8192 d28672 u262144
[    0.081377] kvm-guest: PV spinlocks enabled
[    0.081846] PV qspinlock hash table entries: 256 (order: 0, 4096 bytes, linear)
[    0.082618] Kernel command line: virtme_hostname=virtme-ng nr_open=2147483584 virtme_link_mods=/workspaces/repository/vendor/build/x86/linux/.virtme_mods/lib/modules/0.0.0 virtme_initmount0=workspaces/repository virtme_rw_overlay0=/etc virtme_rw_overlay1=/lib virtme_rw_overlay2=/home virtme_rw_overlay3=/opt virtme_rw_overlay4=/srv virtme_rw_overlay5=/usr virtme_rw_overlay6=/var virtme_rw_overlay7=/tmp virtme_console=ttyS0 console=ttyS0 earlyprintk=serial,ttyS0,115200 panic=-1 \
[    0.087054] Kernel command line: virtme.exec=`bWFrZSAtQyAvd29ya3NwYWNlcy9yZXBvc2l0b3J5IF9fcnVudGltZS12bS1jb3JwdXMgVEFSR0VUPSd4ODYta3ZtJyBSVU5fVEFSR0VUX05BTUU9J3g4Ni1rdm0nIFJVTl9UQVJHRVRfQVJDSD0neDg2XzY0JyBSVU5fRVhFQ1VUT1I9J2t2bScgUlVOVElNRV9DT05UQUlORVJfSU1BR0U9J2JwZi1iZW5jaG1hcmsvcnVubmVyLXJ1bnRpbWU6eDg2XzY0JyBSVU5USU1FX0lNQUdFX1RBUj0nL3dvcmtzcGFjZXMvcmVwb3NpdG9yeS8uY2FjaGUvY29udGFpbmVyLWltYWdlcy94ODZfNjQtcnVubmVyLXJ1bnRpbWUuaW1hZ2UudGFyJyBSVU5fUkVNT1RFX1BZVEhPTl9CSU49J3B5dGhvbjMnIFJVTl9SVU5USU1FX1BZVEhPTl9CSU49J3B5dGhvbjMnIFJVTl9CUEZUT09MX0JJTj0nYnBmdG9vbCcgUlVOX05BVElWRV9SRVBPU19DU1Y9J2JjYyxrYXRyYW4sdHJhY2VlLHRldHJhZ29uJyBSVU5fVE9LRU49J2RmZTA5YzgxJyBTQU1QTEVTPSczJyAgICAgIEZVWlpfUk9VTkRTPScxMDAwJyAgV09SS0xPQURfRFVSQVRJT049JzYwJyBLRUVQX1dPUktESVJTPScxJyBCUEZSRUpJVF9CRU5DSF9QQVNTRVM9J21hcF9pbmxpbmUnIEJQRlJFSklUX0NPUlBVU19BUFBTPSdiY2Mvc2V0JyAgICAgICAgICAgTUVSTElOX0NPTVBJTEVUSU1FX01PREU9J25vbmUnICAgICAgICAgICAgICAgICAgIA==` virtme_chdir=workspaces/repository virtme_root_user=1 debug loglevel=7 panic=30 oops=panic \
[    0.096409] Kernel command line: init=/opt/virtme-ng/lib/python3.12/site-packages/virtme/guest/bin/virtme-ng-init
[    0.097649] Unknown kernel command line parameters "virtme_hostname=virtme-ng nr_open=2147483584 virtme_link_mods=/workspaces/repository/vendor/build/x86/linux/.virtme_mods/lib/modules/0.0.0 virtme_initmount0=workspaces/repository virtme_rw_overlay0=/etc virtme_rw_overlay1=/lib virtme_rw_overlay2=/home virtme_rw_overlay3=/opt virtme_rw_overlay4=/srv virtme_rw_overlay5=/usr virtme_rw_overlay6=/var virtme_rw_overlay7=/tmp virtme_console=ttyS0 virtme_chdir=workspaces/repository virtme_root_user=1", will be passed to user space.
[    0.102503] random: crng init done
[    0.102856] printk: log buffer data + meta data: 2097152 + 7340032 = 9437184 bytes
[    0.149791] Dentry cache hash table entries: 8388608 (order: 14, 67108864 bytes, linear)
[    0.166158] Inode-cache hash table entries: 4194304 (order: 13, 33554432 bytes, linear)
[    0.167155] software IO TLB: area num 8.
[    0.207286] Fallback order for Node 0: 0
[    0.207292] Built 1 zonelists, mobility grouping on.  Total pages: 16777085
[    0.208458] Policy zone: Normal
[    0.208777] mem auto-init: stack:off, heap alloc:off, heap free:off
[    0.234179] SLUB: HWalign=64, Order=0-3, MinObjects=0, CPUs=8, Nodes=1
Poking KASLR using RDRAND RDTSC...
[    0.243353] ftrace: allocating 51964 entries in 204 pages
[    0.243908] ftrace: allocated 204 pages with 4 groups
[    0.244813] Dynamic Preempt: lazy
[    0.246136] rcu: Preemptible hierarchical RCU implementation.
[    0.246729] rcu: 	RCU restricting CPUs from NR_CPUS=8192 to nr_cpu_ids=8.
[    0.247416] 	Trampoline variant of Tasks RCU enabled.
[    0.247926] 	Rude variant of Tasks RCU enabled.
[    0.248385] 	Tracing variant of Tasks RCU enabled.
[    0.248867] rcu: RCU calculated value of scheduler-enlistment delay is 10 jiffies.
[    0.249632] rcu: Adjusting geometry for rcu_fanout_leaf=16, nr_cpu_ids=8
[    0.250315] RCU Tasks: Setting shift to 3 and lim to 1 rcu_task_cb_adjust=1 rcu_task_cpu_ids=8.
[    0.251198] RCU Tasks Rude: Setting shift to 3 and lim to 1 rcu_task_cb_adjust=1 rcu_task_cpu_ids=8.
[    0.255397] NR_IRQS: 524544, nr_irqs: 488, preallocated irqs: 16
[    0.256192] rcu: srcu_init: Setting srcu_struct sizes based on contention.
[    0.257003] Console: colour *CGA 80x25
[    0.257415] printk: legacy console [ttyS0] enabled
[    0.257415] printk: legacy console [ttyS0] enabled
[    0.258399] printk: legacy bootconsole [earlyser0] disabled
[    0.258399] printk: legacy bootconsole [earlyser0] disabled
[    0.259553] ACPI: Core revision 20251212
[    0.260082] clocksource: hpet: mask: 0xffffffff max_cycles: 0xffffffff, max_idle_ns: 19112604467 ns
[    0.261101] APIC: Switch to symmetric I/O mode setup
[    0.261782] x2apic enabled
[    0.262259] APIC: Switched APIC routing to: physical x2apic
[    0.262838] kvm-guest: APIC: send_IPI_mask() replaced with kvm_send_ipi_mask()
[    0.263585] kvm-guest: APIC: send_IPI_mask_allbutself() replaced with kvm_send_ipi_mask_allbutself()
[    0.264519] kvm-guest: setup PV IPIs
[    0.265578] ..TIMER: vector=0x30 apic1=0 pin1=2 apic2=-1 pin2=-1
[    0.266213] clocksource: tsc-early: mask: 0xffffffffffffffff max_cycles: 0x6a464ae9873, max_idle_ns: 881590529744 ns
[    0.267290] Calibrating delay loop (skipped) preset value.. 7372.80 BogoMIPS (lpj=36864000)
[    0.268271] x86/cpu: User Mode Instruction Prevention (UMIP) activated
[    0.269002] Last level iTLB entries: 4KB 0, 2MB 0, 4MB 0
[    0.269551] Last level dTLB entries: 4KB 0, 2MB 0, 4MB 0, 1GB 0
[    0.270165] mitigations: Enabled attack vectors: user_kernel, user_user, guest_host, guest_guest, SMT mitigations: auto
[    0.277296] Speculative Store Bypass: Mitigation: Speculative Store Bypass disabled via prctl
[    0.278167] Spectre V2 : Mitigation: Enhanced / Automatic IBRS
[    0.278769] ITS: Mitigation: Aligned branch/return thunks
[    0.279327] Spectre V1 : Mitigation: usercopy/swapgs barriers and __user pointer sanitization
[    0.280198] Spectre V2 : mitigation: Enabling conditional Indirect Branch Prediction Barrier
[    0.281065] active return thunk: its_return_thunk
[    0.281559] Spectre V2 : Spectre BHI mitigation: SW BHB clearing on syscall and VM exit
[    0.282396] x86/fpu: Supporting XSAVE feature 0x001: 'x87 floating point registers'
[    0.283195] x86/fpu: Supporting XSAVE feature 0x002: 'SSE registers'
[    0.283863] x86/fpu: Supporting XSAVE feature 0x004: 'AVX registers'
[    0.284530] x86/fpu: Supporting XSAVE feature 0x200: 'Protection Keys User registers'
[    0.285350] x86/fpu: xstate_offset[2]:  576, xstate_sizes[2]:  256
[    0.285997] x86/fpu: xstate_offset[9]:  832, xstate_sizes[9]:    8
[    0.286645] x86/fpu: Enabled xstate features 0x207, context size is 840 bytes, using 'compacted' format.
[    0.303398] Freeing SMP alternatives memory: 48K
[    0.303905] pid_max: default: 32768 minimum: 301
[    0.304481] landlock: Up and running.
[    0.304874] Yama: becoming mindful.
[    0.305252] SELinux:  Initializing.
[    0.305836] LSM support for eBPF active
[    0.306327] Mount-cache hash table entries: 131072 (order: 8, 1048576 bytes, linear)
[    0.307324] Mountpoint-cache hash table entries: 131072 (order: 8, 1048576 bytes, linear)
[    0.308247] VFS: Finished mounting rootfs on nullfs
[    0.308994] smpboot: CPU0: Intel(R) Core(TM) Ultra 9 285K (family: 0x6, model: 0xc6, stepping: 0x2)
[    0.310054] Performance Events: unsupported CPU family 6 model 198 no PMU driver, software events only.
[    0.311101] signal: max sigframe size: 3632
[    0.311565] rcu: Hierarchical SRCU implementation.
[    0.312074] rcu: 	Max phase no-delay instances is 1000.
[    0.312656] Timer migration: 1 hierarchy levels; 8 children per group; 1 crossnode level
[    0.316044] smp: Bringing up secondary CPUs ...
[    0.316613] smpboot: x86: Booting SMP configuration:
[    0.317142] .... node  #0, CPUs:      #1 #2 #3 #4 #5 #6 #7
[    0.317335] smp: Brought up 1 node, 8 CPUs
[    0.318362] smpboot: Total of 8 processors activated (58982.40 BogoMIPS)
[    0.597303] node 0 deferred pages initialised in 280ms
[    0.598482] Memory: 65808888K/67108340K available (16491K kernel code, 9695K rwdata, 12596K rodata, 4024K init, 7316K bss, 1288220K reserved, 0K cma-reserved)
[    0.615964] devtmpfs: initialized
[    0.615964] x86/mm: Memory block size: 1024MB
[    0.617905] clocksource: jiffies: mask: 0xffffffff max_cycles: 0xffffffff, max_idle_ns: 19112604462750000 ns
[    0.618333] posixtimers hash table entries: 4096 (order: 4, 65536 bytes, linear)
[    0.619266] futex hash table entries: 2048 (131072 bytes on 1 NUMA nodes, total 128 KiB, linear).
[    0.622853] NET: Registered PF_NETLINK/PF_ROUTE protocol family
[    0.623583] DMA: preallocated 4096 KiB GFP_KERNEL pool for atomic allocations
[    0.624384] DMA: preallocated 4096 KiB GFP_KERNEL|GFP_DMA pool for atomic allocations
[    0.625211] DMA: preallocated 4096 KiB GFP_KERNEL|GFP_DMA32 pool for atomic allocations
[    0.626059] audit: initializing netlink subsys (disabled)
[    0.627361] audit: type=2000 audit(1790406317.404:1): state=initialized audit_enabled=0 res=1
[    0.627530] thermal_sys: Registered thermal governor 'fair_share'
[    0.629168] thermal_sys: Registered thermal governor 'step_wise'
[    0.629827] thermal_sys: Registered thermal governor 'user_space'
[    0.630471] cpuidle: using governor ladder
[    0.630471] cpuidle: using governor menu
[    0.630471] acpiphp: ACPI Hot Plug PCI Controller Driver version: 0.5
[    0.630471] PCI: Using configuration type 1 for base access
[    0.630471] kprobes: kprobe jump-optimization is enabled. All kprobes are optimized if possible.
[    0.630471] HugeTLB: registered 1.00 GiB page size, pre-allocated 0 pages
[    0.637292] HugeTLB: 16380 KiB vmemmap can be freed for a 1.00 GiB page
[    0.637985] HugeTLB: registered 2.00 MiB page size, pre-allocated 0 pages
[    0.638697] HugeTLB: 28 KiB vmemmap can be freed for a 2.00 MiB page
[    0.639454] ACPI: Added _OSI(Module Device)
[    0.639454] ACPI: Added _OSI(Processor Device)
[    0.639454] ACPI: Added _OSI(Processor Aggregator Device)
[    0.639662] ACPI: 1 ACPI AML tables successfully acquired and loaded
[    0.657310] ACPI: \_SB_: platform _OSC: OS support mask [00227eff]
[    0.658075] ACPI: Interpreter enabled
[    0.658529] ACPI: PM: (supports S0 S4 S5)
[    0.658957] ACPI: Using IOAPIC for interrupt routing
[    0.659492] PCI: Using host bridge windows from ACPI; if necessary, use "pci=nocrs" and report a bug
[    0.660448] PCI: Using E820 reservations for host bridge windows
[    0.661128] ACPI: Enabled 2 GPEs in block 00 to 0F
[    0.662999] ACPI: PCI Root Bridge [PCI0] (domain 0000 [bus 00-ff])
[    0.667294] acpi PNP0A03:00: _OSC: OS supports [ASPM ClockPM Segments MSI HPX-Type3]
[    0.668107] acpi PNP0A03:00: _OSC: not requesting OS control; OS requires [ExtendedConfig ASPM ClockPM MSI]
[    0.669125] acpi PNP0A03:00: _OSC: platform retains control of PCIe features (AE_ERROR)
[    0.669965] acpi PNP0A03:00: fail to add MMCONFIG information, can't access extended configuration space under this bridge
[    0.671325] acpiphp: Slot [2] registered
[    0.671792] acpiphp: Slot [3] registered
[    0.672222] acpiphp: Slot [4] registered
[    0.672650] acpiphp: Slot [5] registered
[    0.673080] acpiphp: Slot [6] registered
[    0.673507] acpiphp: Slot [7] registered
[    0.673934] acpiphp: Slot [8] registered
[    0.674364] acpiphp: Slot [9] registered
[    0.674798] acpiphp: Slot [10] registered
[    0.675236] acpiphp: Slot [11] registered
[    0.675671] acpiphp: Slot [12] registered
[    0.676110] acpiphp: Slot [13] registered
[    0.676546] acpiphp: Slot [14] registered
[    0.676983] acpiphp: Slot [15] registered
[    0.677301] acpiphp: Slot [16] registered
[    0.677741] acpiphp: Slot [17] registered
[    0.678180] acpiphp: Slot [18] registered
[    0.678615] acpiphp: Slot [19] registered
[    0.679053] acpiphp: Slot [20] registered
[    0.679489] acpiphp: Slot [21] registered
[    0.679927] acpiphp: Slot [22] registered
[    0.680369] acpiphp: Slot [23] registered
[    0.680805] acpiphp: Slot [24] registered
[    0.681249] acpiphp: Slot [25] registered
[    0.681684] acpiphp: Slot [26] registered
[    0.682122] acpiphp: Slot [27] registered
[    0.682557] acpiphp: Slot [28] registered
[    0.682994] acpiphp: Slot [29] registered
[    0.683430] acpiphp: Slot [30] registered
[    0.683869] acpiphp: Slot [31] registered
[    0.684303] PCI host bridge to bus 0000:00
[    0.684738] pci_bus 0000:00: root bus resource [io  0x0000-0x0cf7 window]
[    0.685457] pci_bus 0000:00: root bus resource [io  0x0d00-0xffff window]
[    0.686170] pci_bus 0000:00: root bus resource [mem 0x000a0000-0x000bffff window]
[    0.686954] pci_bus 0000:00: root bus resource [mem 0xc0000000-0xfebfffff window]
[    0.687290] pci_bus 0000:00: root bus resource [mem 0x380000000000-0x38007fffffff window]
[    0.688147] pci_bus 0000:00: root bus resource [bus 00-ff]
[    0.688764] pci 0000:00:00.0: [8086:1237] type 00 class 0x060000 conventional PCI endpoint
[    0.690083] pci 0000:00:01.0: [8086:7000] type 00 class 0x060100 conventional PCI endpoint
[    0.691433] pci 0000:00:01.1: [8086:7010] type 00 class 0x010180 conventional PCI endpoint
[    0.693070] pci 0000:00:01.1: BAR 4 [io  0xc200-0xc20f]
[    0.693888] pci 0000:00:01.1: BAR 0 [io  0x01f0-0x01f7]: legacy IDE quirk
[    0.694610] pci 0000:00:01.1: BAR 1 [io  0x03f6]: legacy IDE quirk
[    0.695260] pci 0000:00:01.1: BAR 2 [io  0x0170-0x0177]: legacy IDE quirk
[    0.695975] pci 0000:00:01.1: BAR 3 [io  0x0376]: legacy IDE quirk
[    0.696812] pci 0000:00:01.3: [8086:7113] type 00 class 0x068000 conventional PCI endpoint
[    0.697641] pci 0000:00:01.3: quirk: [io  0x0600-0x063f] claimed by PIIX4 ACPI
[    0.698409] pci 0000:00:01.3: quirk: [io  0x0700-0x070f] claimed by PIIX4 SMB
[    0.699461] pci 0000:00:02.0: [1af4:1009] type 00 class 0x000200 conventional PCI endpoint
[    0.701414] pci 0000:00:02.0: BAR 0 [io  0xc000-0xc03f]
[    0.701975] pci 0000:00:02.0: BAR 1 [mem 0xfebf7000-0xfebf7fff]
[    0.702630] pci 0000:00:02.0: BAR 4 [mem 0x380000000000-0x380000003fff 64bit pref]
[    0.704257] pci 0000:00:03.0: [1af4:1009] type 00 class 0x000200 conventional PCI endpoint
[    0.706629] pci 0000:00:03.0: BAR 0 [io  0xc040-0xc07f]
[    0.707193] pci 0000:00:03.0: BAR 1 [mem 0xfebf8000-0xfebf8fff]
[    0.707320] pci 0000:00:03.0: BAR 4 [mem 0x380000004000-0x380000007fff 64bit pref]
[    0.708833] pci 0000:00:04.0: [8086:25ab] type 00 class 0x088000 conventional PCI endpoint
[    0.710384] pci 0000:00:04.0: BAR 0 [mem 0xfebf9000-0xfebf900f]
[    0.711478] pci 0000:00:05.0: [1af4:1003] type 00 class 0x078000 conventional PCI endpoint
[    0.714024] pci 0000:00:05.0: BAR 0 [io  0xc080-0xc0bf]
[    0.715122] pci 0000:00:05.0: BAR 1 [mem 0xfebfa000-0xfebfafff]
[    0.715781] pci 0000:00:05.0: BAR 4 [mem 0x380000008000-0x38000000bfff 64bit pref]
[    0.717422] pci 0000:00:06.0: [1af4:1003] type 00 class 0x078000 conventional PCI endpoint
[    0.719116] pci 0000:00:06.0: BAR 0 [io  0xc0c0-0xc0ff]
[    0.719680] pci 0000:00:06.0: BAR 1 [mem 0xfebfb000-0xfebfbfff]
[    0.720332] pci 0000:00:06.0: BAR 4 [mem 0x38000000c000-0x38000000ffff 64bit pref]
[    0.721928] pci 0000:00:07.0: [1af4:1003] type 00 class 0x078000 conventional PCI endpoint
[    0.723757] pci 0000:00:07.0: BAR 0 [io  0xc100-0xc13f]
[    0.724317] pci 0000:00:07.0: BAR 1 [mem 0xfebfc000-0xfebfcfff]
[    0.725373] pci 0000:00:07.0: BAR 4 [mem 0x380000010000-0x380000013fff 64bit pref]
[    0.727034] pci 0000:00:08.0: [1af4:1003] type 00 class 0x078000 conventional PCI endpoint
[    0.728014] pci 0000:00:08.0: BAR 0 [io  0xc140-0xc17f]
[    0.728575] pci 0000:00:08.0: BAR 1 [mem 0xfebfd000-0xfebfdfff]
[    0.729229] pci 0000:00:08.0: BAR 4 [mem 0x380000014000-0x380000017fff 64bit pref]
[    0.730875] pci 0000:00:09.0: [1af4:1003] type 00 class 0x078000 conventional PCI endpoint
[    0.732573] pci 0000:00:09.0: BAR 0 [io  0xc180-0xc1bf]
[    0.733137] pci 0000:00:09.0: BAR 1 [mem 0xfebfe000-0xfebfefff]
[    0.733791] pci 0000:00:09.0: BAR 4 [mem 0x380000018000-0x38000001bfff 64bit pref]
[    0.735651] pci 0000:00:0a.0: [1af4:1003] type 00 class 0x078000 conventional PCI endpoint
[    0.737299] pci 0000:00:0a.0: BAR 0 [io  0xc1c0-0xc1ff]
[    0.737862] pci 0000:00:0a.0: BAR 1 [mem 0xfebff000-0xfebfffff]
[    0.738513] pci 0000:00:0a.0: BAR 4 [mem 0x38000001c000-0x38000001ffff 64bit pref]
[    0.742279] ACPI: PCI: Interrupt link LNKA configured for IRQ 10
[    0.743008] ACPI: PCI: Interrupt link LNKB configured for IRQ 10
[    0.743690] ACPI: PCI: Interrupt link LNKC configured for IRQ 11
[    0.744374] ACPI: PCI: Interrupt link LNKD configured for IRQ 11
[    0.745036] ACPI: PCI: Interrupt link LNKS configured for IRQ 9
[    0.745969] iommu: Default domain type: Translated
[    0.745969] iommu: DMA domain TLB invalidation policy: lazy mode
[    0.747392] pps_core: LinuxPPS API ver. 1 registered
[    0.747890] pps_core: Software ver. 5.3.6 - Copyright 2005-2007 Rodolfo Giometti <giometti@linux.it>
[    0.748847] PTP clock support registered
[    0.749276] EDAC MC: Ver: 3.0.0
[    0.749276] NetLabel: Initializing
[    0.749276] NetLabel:  domain hash size = 128
[    0.749276] NetLabel:  protocols = UNLABELED CIPSOv4 CALIPSO
[    0.749489] NetLabel:  unlabeled traffic allowed by default
[    0.750077] PCI: Using ACPI for IRQ routing
[    0.750719] e820: register RAM buffer resource [mem 0x0009fc00-0x0009ffff]
[    0.751442] e820: register RAM buffer resource [mem 0xbffdf000-0xbfffffff]
[    0.757345] hpet0: at MMIO 0xfed00000, IRQs 2, 8, 0
[    0.757901] hpet0: 3 comparators, 64-bit 100.000000 MHz counter
[    0.762899] clocksource: Switched to clocksource kvm-clock
[    0.763652] VFS: Disk quotas dquot_6.6.0
[    0.764080] VFS: Dquot-cache hash table entries: 512 (order 0, 4096 bytes)
[    0.764893] netfs: FS-Cache loaded
[    0.764893] pnp: PnP ACPI init
[    0.764893] pnp: PnP ACPI: found 5 devices
[    0.767225] clocksource: acpi_pm: mask: 0xffffff max_cycles: 0xffffff, max_idle_ns: 2085701024 ns
[    0.768199] NET: Registered PF_INET protocol family
[    0.770252] IP idents hash table entries: 262144 (order: 9, 2097152 bytes, linear)
[    0.783330] tcp_listen_portaddr_hash hash table entries: 32768 (order: 7, 524288 bytes, linear)
[    0.784282] Table-perturb hash table entries: 65536 (order: 6, 262144 bytes, linear)
[    0.785141] TCP established hash table entries: 524288 (order: 10, 4194304 bytes, linear)
[    0.828274] TCP bind hash table entries: 65536 (order: 9, 2097152 bytes, linear)
[    0.853050] TCP: Hash tables configured (established 524288 bind 65536)
[    0.893083] MPTCP token hash table entries: 65536 (order: 9, 1572864 bytes, linear)
[    0.894037] UDP hash table entries: 32768 (order: 9, 2097152 bytes, linear)
[    0.900500] UDP-Lite hash table entries: 32768 (order: 9, 2097152 bytes, linear)
[    0.905106] NET: Registered PF_UNIX/PF_LOCAL protocol family
[    0.905718] NET: Registered PF_XDP protocol family
[    0.906243] pci_bus 0000:00: resource 4 [io  0x0000-0x0cf7 window]
[    0.906898] pci_bus 0000:00: resource 5 [io  0x0d00-0xffff window]
[    0.907549] pci_bus 0000:00: resource 6 [mem 0x000a0000-0x000bffff window]
[    0.908272] pci_bus 0000:00: resource 7 [mem 0xc0000000-0xfebfffff window]
[    0.908996] pci_bus 0000:00: resource 8 [mem 0x380000000000-0x38007fffffff window]
[    0.909824] pci 0000:00:01.0: PIIX3: Enabling Passive Release
[    0.910466] pci 0000:00:00.0: Limiting direct PCI/PCI transfers
[    0.911199] PCI: CLS 0 bytes, default 64
[    0.911663] PCI-DMA: Using software bounce buffering for IO (SWIOTLB)
[    0.911874] Trying to unpack rootfs image as initramfs...
[    0.912344] software IO TLB: mapped [mem 0x00000000bb36b000-0x00000000bf36b000] (64MB)
[    0.913822] clocksource: tsc: mask: 0xffffffffffffffff max_cycles: 0x6a464ae9873, max_idle_ns: 881590529744 ns
[    0.927179] Freeing initrd memory: 12692K
[    0.930819] Initialise system trusted keyrings
[    0.931331] Key type blacklist registered
[    0.931877] workingset: timestamp_bits=36 max_order=24 bucket_order=0
[    0.932851] SGI XFS with ACLs, security attributes, quota, no debug enabled
[    0.934105] 9p: Installing v9fs 9p2000 file system support
[    0.935584] integrity: Platform Keyring initialized
[    0.936183] cryptd: max_cpu_qlen set to 1000
[    0.941855] Key type asymmetric registered
[    0.942286] Asymmetric key parser 'x509' registered
[    0.942818] Block layer SCSI generic (bsg) driver version 0.4 loaded (major 248)
[    0.943647] io scheduler mq-deadline registered
[    0.944125] io scheduler kyber registered
[    0.944552] io scheduler bfq registered
[    0.953668] ACPI: \_SB_.LNKB: Enabled at IRQ 10
[    0.962492] ACPI: \_SB_.LNKC: Enabled at IRQ 11
[    0.971123] ACPI: \_SB_.LNKA: Enabled at IRQ 10
[    0.995730] ACPI: \_SB_.LNKD: Enabled at IRQ 11
[    1.013233] Serial: 8250/16550 driver, 4 ports, IRQ sharing disabled
[    1.014036] 00:03: ttyS0 at I/O 0x3f8 (irq = 4, base_baud = 115200) is a 16550A
[    1.081262] loop: module loaded
[    1.081968] tun: Universal TUN/TAP device driver, 1.6
[    1.082621] rtc_cmos 00:04: RTC can wake from S4
[    1.083549] rtc_cmos 00:04: registered as rtc0
[    1.084076] rtc_cmos 00:04: setting system clock to 2026-09-26T07:05:18 UTC (1790406318)
[    1.084950] rtc_cmos 00:04: alarms up to one day, y3k, 242 bytes nvram, hpet irqs
[    1.085732] intel_pstate: CPU model not supported
[    1.086240] hid: raw HID events driver (C) Jiri Kosina
[    1.089885] NET: Registered PF_INET6 protocol family
[    1.090885] Segment Routing with IPv6
[    1.091307] In-situ OAM (IOAM) with IPv6
[    1.091734] NET: Registered PF_PACKET protocol family
[    1.092293] bridge: filtering via arp/ip/ip6tables is no longer available by default. Update your scripts to load br_netfilter if you need this.
[    1.093726] 9pnet: Installing 9P2000 support
[    1.096285] IPI shorthand broadcast: enabled
[    1.098812] sched_clock: Marking stable (1095836494, 391767)->(1966720356, -870492095)
[    1.099900] registered taskstats version 1
[    1.100506] Loading compiled-in X.509 certificates
[    1.101386] Loaded X.509 cert 'Build time autogenerated kernel key: d1424aba97e5b78a90400dcad095464dbcbd105a'
[    1.104275] Demotion targets for Node 0: null
[    1.104820] Key type .fscrypt registered
[    1.105232] Key type fscrypt-provisioning registered
[    1.105767] ima: No TPM chip found, activating TPM-bypass!
[    1.106338] ima: Allocated hash algorithm: sha256
[    1.106837] ima: No architecture policies found
[    1.107683] clk: Disabling unused clocks
[    1.114332] Freeing unused decrypted memory: 2036K
[    1.115722] Freeing unused kernel image (initmem) memory: 4024K
[    1.116154] Write protecting the kernel read-only data: 32768k
[    1.117743] Freeing unused kernel image (text/rodata gap) memory: 1940K
[    1.118981] Freeing unused kernel image (rodata/data gap) memory: 1740K
[    1.119433] Run /init as init process
[    1.120043] virtme initramfs: loading fuse.ko...
[    1.126254] fuse: module verification failed: signature and/or required key missing - tainting kernel
[    1.130700] fuse: init (API version 7.45)
[    1.131249] virtme initramfs: loading virtiofs.ko...
[    1.205271] virtme initramfs: loading virtio_mmio.ko...
[    1.206755] virtme initramfs: loading serio.ko...
[    1.242430] virtme initramfs: loading i8042.ko...
[    1.244523] i8042: PNP: PS/2 Controller [PNP0303:KBD,PNP0f13:MOU] at 0x60,0x64 irq 1,12
[    1.245710] serio: i8042 KBD port at 0x60,0x64 irq 1
[    1.246063] serio: i8042 AUX port at 0x60,0x64 irq 12
[    1.246550] virtme initramfs: loading libps2.ko...
[    1.247683] virtme initramfs: loading vivaldi-fmap.ko...
[    1.248490] virtme initramfs: loading atkbd.ko...
[    1.285424] virtme initramfs: mounting hostfs...
[    1.285625] input: AT Translated Set 2 keyboard as /devices/platform/i8042/serio0/input/input0
[    1.286124] virtio-fs: tag <ROOTFS> not found
[    1.287122] 9pnet: Limiting 'msize' to 512000 as this is the maximum supported by transport virtio
[    1.290926] virtme initramfs: done; switching to real root
[    1.317571] virtme-ng-init: Setting hostname to virtme-ng...
[    1.348898] virtme-ng-init: running systemd-tmpfiles
[    1.641536] virtme-ng-init: basic initialization done
[    1.644428] virtme-ng-init: you have CONFIG_UEVENT_HELPER on; turn it off
[    1.645233] 9pnet: Limiting 'msize' to 512000 as this is the maximum supported by transport virtio
[    1.674446] virtme-ng-init: Starting systemd-udevd version 255.4-1ubuntu8.17
[    1.675145] virtme-ng-init: triggering udev coldplug
[    2.769714] virtme-ng-init: waiting for udev to settle
[    2.879687] input: Power Button as /devices/platform/LNXPWRBN:00/input/input2
[    2.880502] ACPI: button: Power Button [PWRF]
[    3.778842] SCSI subsystem initialized
[    3.782180] input: VirtualPS/2 VMware VMMouse as /devices/platform/i8042/serio1/input/input4
[    3.784452] input: VirtualPS/2 VMware VMMouse as /devices/platform/i8042/serio1/input/input3
[    3.787171] piix4_smbus 0000:00:01.3: SMBus Host Controller at 0x700, revision 0
[    3.787969] i2c i2c-0: Memory type 0x07 not supported yet, not instantiating SPD
[    3.824155] mousedev: PS/2 mouse device common for all mice
[    4.227517] scsi host0: ata_piix
[    4.228140] scsi host1: ata_piix
[    4.228612] ata1: PATA max MWDMA2 cmd 0x1f0 ctl 0x3f6 bmdma 0xc200 irq 14 lpm-pol 0
[    4.229331] ata2: PATA max MWDMA2 cmd 0x170 ctl 0x376 bmdma 0xc208 irq 15 lpm-pol 0
[    4.390895] ata2: found unknown device (class 0)
[    4.392405] ata2.00: ATAPI: QEMU DVD-ROM, 2.5+, max UDMA/100
[    4.394846] scsi 1:0:0:0: CD-ROM            QEMU     QEMU DVD-ROM     2.5+ PQ: 0 ANSI: 5
[    4.590768] scsi 1:0:0:0: Attached scsi generic sg0 type 5
[    4.731765] sr 1:0:0:0: [sr0] scsi3-mmc drive: 4x/4x cd/rw xa/form2 tray
[    4.732766] cdrom: Uniform CD-ROM driver Revision: 3.20
[    6.297323] virtme-ng-init: udev is done
[    6.299992] virtme-ng-init: starting script
[    6.705258] loop0: detected capacity change from 0 to 134217728
[    6.716358] EXT4-fs (loop0): mounted filesystem e9b6677d-13d1-4d65-aa07-2f097e75d9ba r/w with ordered data mode. Quota mode: none.
[   10.784509] Initializing XFRM netlink socket
[   77.791918] bpf_x86_alu: loading out-of-tree module taints kernel.
[   78.950454] NOTICE: Automounting of tracing to debugfs is deprecated and will be removed in 2030
[   95.498624] capability: warning: `stress-ng-cap' uses deprecated v2 capabilities in a way that may be insecure
[   95.499402] capability: warning: `stress-ng-cap' uses 32-bit capabilities (legacy support in use)
[   96.908489] mmap: stress-ng-sysca (1965) uses deprecated remap_file_pages() syscall. See Documentation/mm/remap_file_pages.rst.
[  155.562582] capability: warning: `stress-ng-cap' uses deprecated v2 capabilities in a way that may be insecure
[  155.563349] capability: warning: `stress-ng-cap' uses 32-bit capabilities (legacy support in use)
[  157.039260] mmap: stress-ng-sysca (2045) uses deprecated remap_file_pages() syscall. See Documentation/mm/remap_file_pages.rst.
[  215.578829] capability: warning: `stress-ng-cap' uses deprecated v2 capabilities in a way that may be insecure
[  215.579619] capability: warning: `stress-ng-cap' uses 32-bit capabilities (legacy support in use)
[  216.752522] mmap: stress-ng-sysca (2084) uses deprecated remap_file_pages() syscall. See Documentation/mm/remap_file_pages.rst.
[  275.595869] capability: warning: `stress-ng-cap' uses deprecated v2 capabilities in a way that may be insecure
[  275.596665] capability: warning: `stress-ng-cap' uses 32-bit capabilities (legacy support in use)
[  335.615064] mmap: stress-ng-sysca (2123) uses deprecated remap_file_pages() syscall. See Documentation/mm/remap_file_pages.rst.
[  464.089872] capability: warning: `stress-ng-cap' uses deprecated v2 capabilities in a way that may be insecure
[  464.091587] capability: warning: `stress-ng-cap' uses 32-bit capabilities (legacy support in use)
[  524.626674] mmap: stress-ng-sysca (2606) uses deprecated remap_file_pages() syscall. See Documentation/mm/remap_file_pages.rst.
[  525.113282] capability: warning: `stress-ng-cap' uses deprecated v2 capabilities in a way that may be insecure
[  525.113982] capability: warning: `stress-ng-cap' uses 32-bit capabilities (legacy support in use)
[  526.795026] mmap: stress-ng-sysca (2645) uses deprecated remap_file_pages() syscall. See Documentation/mm/remap_file_pages.rst.
[  586.130058] capability: warning: `stress-ng-cap' uses deprecated v2 capabilities in a way that may be insecure
[  586.131780] capability: warning: `stress-ng-cap' uses 32-bit capabilities (legacy support in use)
[  646.130981] mmap: stress-ng-sysca (2684) uses deprecated remap_file_pages() syscall. See Documentation/mm/remap_file_pages.rst.
[  647.147015] capability: warning: `stress-ng-cap' uses deprecated v2 capabilities in a way that may be insecure
[  647.147788] capability: warning: `stress-ng-cap' uses 32-bit capabilities (legacy support in use)
[  648.371717] mmap: stress-ng-sysca (2727) uses deprecated remap_file_pages() syscall. See Documentation/mm/remap_file_pages.rst.
[  712.853631] ACPI: PM: Preparing to enter system sleep state S5
[  712.854316] kvm: exiting hardware virtualization
[  712.854769] reboot: Power down
