WARNING: No swap limit support
WARNING: IPv4 forwarding is disabled
Loaded image: bpf-benchmark/runner-runtime:x86_64
WARNING: IPv4 forwarding is disabled. Networking will not work.
_DISK_SIZE:-64G}" /var/tmp/bpf-benchmark-docker.img
mkfs.ext4 -F -q /var/tmp/bpf-benchmark-docker.img
mount -o loop,discard /var/tmp/bpf-benchmark-docker.img /run/bpf-benchmark-docker
dockerd --data-root /run/bpf-benchmark-docker/data --exec-root /run/bpf-benchmark-docker/exec --pidfile /run/bpf-benchmark-docker/docker.pid --host unix:///run/docker.sock --bridge=none --iptables=false --ip-masq=false --ip-forward=false >/run/bpf-benchmark-docker/dockerd.log 2>&1 &
for _ in 1 2 3 4 5 6 7 8 9 10; do docker info >/dev/null 2>&1 && break; sleep 1; done
docker info >/dev/null
install -d "/workspaces/repository/corpus/results"
"/workspaces/repository/runner/scripts/bpfrejit-install" --image "bpf-benchmark/runner-runtime:x86_64" "/workspaces/repository/.cache/container-images/x86_64-runner-runtime.image.tar"
docker run --rm --privileged --pid=host --network=host --ipc=host --cgroupns=host -e BPFREJIT_INSIDE_RUNTIME_CONTAINER=1 -e HOME=/root -e TARGET="x86-kvm" -e RUN_TARGET_NAME="x86-kvm" -e RUN_TOKEN="f30f6b44" -e RUN_TARGET_ARCH="x86_64" -e RUN_EXECUTOR="kvm" -e RUN_REMOTE_PYTHON_BIN="python3" -e RUN_RUNTIME_PYTHON_BIN="python3" -e RUN_BPFTOOL_BIN="bpftool" -e RUN_NATIVE_REPOS_CSV="bcc,katran,tracee,tetragon" -e SAMPLES="3"      -e FUZZ_ROUNDS="1000"  -e WORKLOAD_DURATION="60" -e KEEP_WORKDIRS="1" -e BPFREJIT_BENCH_PASSES="," -e BPFREJIT_CORPUS_APPS="tetragon/observer" -e SKIP_REJIT="norejit"          -e MERLIN_COMPILETIME_MODE="none"                    -w "/workspaces/repository" -v /sys:/sys -v /sys/fs/bpf:/sys/fs/bpf -v /sys/kernel/debug:/sys/kernel/debug -v /lib/modules:/lib/modules:ro -v /boot:/boot:ro -v "/workspaces/repository/corpus/results:/workspaces/repository/corpus/results" "bpf-benchmark/runner-runtime:x86_64" python3 -m corpus.driver
{"active_env_keys": ["BPFREJIT_NATIVE_LOADER_REQUIRE_PREBUILT_PROOF", "BPFREJIT_NATIVE_LOADER_SO"], "event": "native_loader_mode", "post_only": false, "saved_env_keys": ["BPFREJIT_NATIVE_LOADER_REQUIRE_PREBUILT_PROOF", "BPFREJIT_NATIVE_LOADER_SO"]}
{"app": "tetragon/observer", "event": "app_start", "runner": "tetragon", "workload": "stress_ng_tetragon_policy_hot"}
{"app": "tetragon/observer", "event": "phase_start", "phase": "baseline_start", "runner": "tetragon", "workload": "stress_ng_tetragon_policy_hot"}
{"active_env_keys": ["BPFREJIT_NATIVE_LOADER_REQUIRE_PREBUILT_PROOF", "BPFREJIT_NATIVE_LOADER_SO"], "app": "tetragon/observer", "event": "native_loader_phase_env", "phase": "baseline_start", "runner": "tetragon", "temporary_set_keys": ["BPFREJIT_SHIM_LOADTIME_PLAN", "BPFREJIT_SHIM_LOG"], "temporary_unset_keys": []}
{"app": "tetragon/observer", "event": "phase_done", "phase": "baseline_start", "runner": "tetragon", "status": "ok"}
{"app": "tetragon/observer", "event": "measurement_start", "phase": "baseline", "runner": "tetragon", "samples": 3, "workload": "stress_ng_tetragon_policy_hot"}
{"app": "tetragon/observer", "event": "measurement_done", "phase": "baseline", "runner": "tetragon", "status": "ok"}
{"app": "tetragon/observer", "event": "phase_start", "phase": "baseline_stop", "runner": "tetragon"}
{"app": "tetragon/observer", "event": "phase_step", "phase": "baseline_stop", "runner": "tetragon", "step": "runner_stop_done"}
{"app": "tetragon/observer", "event": "phase_step", "phase": "baseline_stop", "runner": "tetragon", "step": "quiesce_start"}
{"app": "tetragon/observer", "event": "phase_step", "phase": "baseline_stop", "runner": "tetragon", "step": "quiesce_done"}
{"app": "tetragon/observer", "event": "phase_step", "phase": "baseline_stop", "runner": "tetragon", "step": "bpf_stats_disabled"}
{"app": "tetragon/observer", "event": "phase_done", "phase": "baseline_stop", "runner": "tetragon", "status": "ok"}
{"active_env_keys": ["BPFREJIT_NATIVE_LOADER_REQUIRE_PREBUILT_PROOF", "BPFREJIT_NATIVE_LOADER_SO"], "app": "tetragon/observer", "event": "native_loader_phase_env", "phase": "post_rejit_start", "runner": "tetragon", "temporary_set_keys": ["BPFREJIT_REPO_ROOT", "BPFREJIT_SHIM_LOADTIME_PLAN", "BPFREJIT_SHIM_LOG"], "temporary_unset_keys": []}
{"app": "tetragon/observer", "event": "rejit_skipped", "runner": "tetragon"}
{"app": "tetragon/observer", "event": "phase_start", "phase": "post_rejit_start", "runner": "tetragon", "workload": "stress_ng_tetragon_policy_hot"}
{"app": "tetragon/observer", "event": "phase_done", "phase": "post_rejit_start", "runner": "tetragon", "status": "ok"}
{"app": "tetragon/observer", "event": "measurement_start", "phase": "post_rejit", "runner": "tetragon", "samples": 3, "workload": "stress_ng_tetragon_policy_hot"}
{"app": "tetragon/observer", "event": "measurement_done", "phase": "post_rejit", "runner": "tetragon", "status": "ok"}
{"app": "tetragon/observer", "event": "phase_start", "phase": "post_rejit_stop", "runner": "tetragon"}
{"app": "tetragon/observer", "event": "phase_step", "phase": "post_rejit_stop", "runner": "tetragon", "step": "runner_stop_done"}
{"app": "tetragon/observer", "event": "phase_step", "phase": "post_rejit_stop", "runner": "tetragon", "step": "quiesce_start"}
{"app": "tetragon/observer", "event": "phase_step", "phase": "post_rejit_stop", "runner": "tetragon", "step": "quiesce_done"}
{"app": "tetragon/observer", "event": "phase_step", "phase": "post_rejit_stop", "runner": "tetragon", "step": "bpf_stats_disabled"}
{"app": "tetragon/observer", "event": "phase_done", "phase": "post_rejit_stop", "runner": "tetragon", "status": "ok"}
{"app": "tetragon/observer", "error": "", "event": "app_done", "status": "ok"}
{
  "status": "ok",
  "artifact_run_dir": "/workspaces/repository/corpus/results/x86_kvm_corpus_20260926_130125_857040",
  "artifact_metadata": "/workspaces/repository/corpus/results/x86_kvm_corpus_20260926_130125_857040/metadata.json"
}
make: Leaving directory '/workspaces/repository'
VR (bus 0 bus_irq 9 global_irq 9 high level)
[    0.028131] ACPI: INT_SRC_OVR (bus 0 bus_irq 10 global_irq 10 high level)
[    0.028826] ACPI: INT_SRC_OVR (bus 0 bus_irq 11 global_irq 11 high level)
[    0.029525] ACPI: Using ACPI (MADT) for SMP configuration information
[    0.030188] ACPI: HPET id: 0x8086a201 base: 0xfed00000
[    0.030716] TSC deadline timer available
[    0.031121] CPU topo: Max. logical packages:   1
[    0.031594] CPU topo: Max. logical nodes:      1
[    0.032070] CPU topo: Num. nodes per package:  1
[    0.032544] CPU topo: Max. logical dies:       1
[    0.033018] CPU topo: Max. dies per package:   1
[    0.033493] CPU topo: Max. threads per core:   1
[    0.033966] CPU topo: Num. cores per package:     8
[    0.034468] CPU topo: Num. threads per package:   8
[    0.034968] CPU topo: Allowing 8 present CPUs plus 0 hotplug CPUs
[    0.035606] kvm-guest: APIC: eoi() replaced with kvm_guest_apic_eoi_write()
[    0.036332] kvm-guest: KVM setup pv remote TLB flush
[    0.036843] kvm-guest: setup PV sched yield
[    0.037276] PM: hibernation: Registered nosave memory: [mem 0x00000000-0x00000fff]
[    0.038054] PM: hibernation: Registered nosave memory: [mem 0x0009f000-0x000fffff]
[    0.038830] PM: hibernation: Registered nosave memory: [mem 0xbffdf000-0xffffffff]
[    0.039608] [gap 0xc0000000-0xfeffbfff] available for PCI devices
[    0.040234] Booting paravirtualized kernel on KVM
[    0.040716] clocksource: refined-jiffies: mask: 0xffffffff max_cycles: 0xffffffff, max_idle_ns: 19112604462750000 ns
[    0.046116] Zone ranges:
[    0.046416]   DMA      [mem 0x0000000000001000-0x0000000000ffffff]
[    0.047052]   DMA32    [mem 0x0000000001000000-0x00000000ffffffff]
[    0.047688]   Normal   [mem 0x0000000100000000-0x000000103fffffff]
[    0.048325]   Device   empty
[    0.048621] Movable zone start for each node
[    0.049063] Early memory node ranges
[    0.049430]   node   0: [mem 0x0000000000001000-0x000000000009efff]
[    0.050076]   node   0: [mem 0x0000000000100000-0x00000000bffdefff]
[    0.050719]   node   0: [mem 0x0000000100000000-0x000000103fffffff]
[    0.051368] Initmem setup node 0 [mem 0x0000000000001000-0x000000103fffffff]
[    0.052288] On node 0, zone DMA: 1 pages in unavailable ranges
[    0.052902] On node 0, zone DMA: 97 pages in unavailable ranges
[    0.058927] On node 0, zone Normal: 33 pages in unavailable ranges
[    0.059601] setup_percpu: NR_CPUS:8192 nr_cpumask_bits:8 nr_cpu_ids:8 nr_node_ids:1
[    0.060682] percpu: Embedded 61 pages/cpu s212992 r8192 d28672 u262144
[    0.061418] kvm-guest: PV spinlocks enabled
[    0.061853] PV qspinlock hash table entries: 256 (order: 0, 4096 bytes, linear)
[    0.062616] Kernel command line: virtme_hostname=virtme-ng nr_open=2147483584 virtme_link_mods=/workspaces/repository/vendor/build/x86/linux/.virtme_mods/lib/modules/0.0.0 virtme_initmount0=workspaces/repository virtme_rw_overlay0=/etc virtme_rw_overlay1=/lib virtme_rw_overlay2=/home virtme_rw_overlay3=/opt virtme_rw_overlay4=/srv virtme_rw_overlay5=/usr virtme_rw_overlay6=/var virtme_rw_overlay7=/tmp virtme_console=ttyS0 console=ttyS0 earlyprintk=serial,ttyS0,115200 panic=-1 \
[    0.067014] Kernel command line: virtme.exec=`bWFrZSAtQyAvd29ya3NwYWNlcy9yZXBvc2l0b3J5IF9fcnVudGltZS12bS1jb3JwdXMgVEFSR0VUPSd4ODYta3ZtJyBSVU5fVEFSR0VUX05BTUU9J3g4Ni1rdm0nIFJVTl9UQVJHRVRfQVJDSD0neDg2XzY0JyBSVU5fRVhFQ1VUT1I9J2t2bScgUlVOVElNRV9DT05UQUlORVJfSU1BR0U9J2JwZi1iZW5jaG1hcmsvcnVubmVyLXJ1bnRpbWU6eDg2XzY0JyBSVU5USU1FX0lNQUdFX1RBUj0nL3dvcmtzcGFjZXMvcmVwb3NpdG9yeS8uY2FjaGUvY29udGFpbmVyLWltYWdlcy94ODZfNjQtcnVubmVyLXJ1bnRpbWUuaW1hZ2UudGFyJyBSVU5fUkVNT1RFX1BZVEhPTl9CSU49J3B5dGhvbjMnIFJVTl9SVU5USU1FX1BZVEhPTl9CSU49J3B5dGhvbjMnIFJVTl9CUEZUT09MX0JJTj0nYnBmdG9vbCcgUlVOX05BVElWRV9SRVBPU19DU1Y9J2JjYyxrYXRyYW4sdHJhY2VlLHRldHJhZ29uJyBSVU5fVE9LRU49J2YzMGY2YjQ0JyBTQU1QTEVTPSczJyAgICAgIEZVWlpfUk9VTkRTPScxMDAwJyAgV09SS0xPQURfRFVSQVRJT049JzYwJyBLRUVQX1dPUktESVJTPScxJyBCUEZSRUpJVF9CRU5DSF9QQVNTRVM9JywnIEJQRlJFSklUX0NPUlBVU19BUFBTPSd0ZXRyYWdvbi9vYnNlcnZlcicgU0tJUF9SRUpJVD0nbm9yZWppdCcgICAgICAgICAgTUVSTElOX0NPTVBJTEVUSU1FX01PREU9J25vbmUnICAgICAgICAgICAgICAgICAgIA==` virtme_chdir=workspaces/repository virtme_root_user=1 debug \
[    0.076298] Kernel command line: loglevel=7 panic=30 oops=panic init=/opt/virtme-ng/lib/python3.12/site-packages/virtme/guest/bin/virtme-ng-init
[    0.077811] Unknown kernel command line parameters "virtme_hostname=virtme-ng nr_open=2147483584 virtme_link_mods=/workspaces/repository/vendor/build/x86/linux/.virtme_mods/lib/modules/0.0.0 virtme_initmount0=workspaces/repository virtme_rw_overlay0=/etc virtme_rw_overlay1=/lib virtme_rw_overlay2=/home virtme_rw_overlay3=/opt virtme_rw_overlay4=/srv virtme_rw_overlay5=/usr virtme_rw_overlay6=/var virtme_rw_overlay7=/tmp virtme_console=ttyS0 virtme_chdir=workspaces/repository virtme_root_user=1", will be passed to user space.
[    0.082646] random: crng init done
[    0.082998] printk: log buffer data + meta data: 2097152 + 7340032 = 9437184 bytes
[    0.090849] Dentry cache hash table entries: 8388608 (order: 14, 67108864 bytes, linear)
[    0.095211] Inode-cache hash table entries: 4194304 (order: 13, 33554432 bytes, linear)
[    0.096163] software IO TLB: area num 8.
[    0.107773] Fallback order for Node 0: 0
[    0.107778] Built 1 zonelists, mobility grouping on.  Total pages: 16777085
[    0.108901] Policy zone: Normal
[    0.109217] mem auto-init: stack:off, heap alloc:off, heap free:off
[    0.122233] SLUB: HWalign=64, Order=0-3, MinObjects=0, CPUs=8, Nodes=1
Poking KASLR using RDRAND RDTSC...
[    0.131335] ftrace: allocating 51964 entries in 204 pages
[    0.131882] ftrace: allocated 204 pages with 4 groups
[    0.132775] Dynamic Preempt: lazy
[    0.133292] rcu: Preemptible hierarchical RCU implementation.
[    0.133865] rcu: 	RCU restricting CPUs from NR_CPUS=8192 to nr_cpu_ids=8.
[    0.134545] 	Trampoline variant of Tasks RCU enabled.
[    0.135049] 	Rude variant of Tasks RCU enabled.
[    0.135501] 	Tracing variant of Tasks RCU enabled.
[    0.135978] rcu: RCU calculated value of scheduler-enlistment delay is 10 jiffies.
[    0.136735] rcu: Adjusting geometry for rcu_fanout_leaf=16, nr_cpu_ids=8
[    0.137412] RCU Tasks: Setting shift to 3 and lim to 1 rcu_task_cb_adjust=1 rcu_task_cpu_ids=8.
[    0.138290] RCU Tasks Rude: Setting shift to 3 and lim to 1 rcu_task_cb_adjust=1 rcu_task_cpu_ids=8.
[    0.141905] NR_IRQS: 524544, nr_irqs: 488, preallocated irqs: 16
[    0.142692] rcu: srcu_init: Setting srcu_struct sizes based on contention.
[    0.143494] Console: colour *CGA 80x25
[    0.143899] printk: legacy console [ttyS0] enabled
[    0.143899] printk: legacy console [ttyS0] enabled
[    0.144875] printk: legacy bootconsole [earlyser0] disabled
[    0.144875] printk: legacy bootconsole [earlyser0] disabled
[    0.146021] ACPI: Core revision 20251212
[    0.146542] clocksource: hpet: mask: 0xffffffff max_cycles: 0xffffffff, max_idle_ns: 19112604467 ns
[    0.147554] APIC: Switch to symmetric I/O mode setup
[    0.148234] x2apic enabled
[    0.148709] APIC: Switched APIC routing to: physical x2apic
[    0.149288] kvm-guest: APIC: send_IPI_mask() replaced with kvm_send_ipi_mask()
[    0.150032] kvm-guest: APIC: send_IPI_mask_allbutself() replaced with kvm_send_ipi_mask_allbutself()
[    0.150964] kvm-guest: setup PV IPIs
[    0.152021] ..TIMER: vector=0x30 apic1=0 pin1=2 apic2=-1 pin2=-1
[    0.152656] clocksource: tsc-early: mask: 0xffffffffffffffff max_cycles: 0x6a464ae9873, max_idle_ns: 881590529744 ns
[    0.153732] Calibrating delay loop (skipped) preset value.. 7372.80 BogoMIPS (lpj=36864000)
[    0.154711] x86/cpu: User Mode Instruction Prevention (UMIP) activated
[    0.155441] Last level iTLB entries: 4KB 0, 2MB 0, 4MB 0
[    0.155989] Last level dTLB entries: 4KB 0, 2MB 0, 4MB 0, 1GB 0
[    0.156604] mitigations: Enabled attack vectors: user_kernel, user_user, guest_host, guest_guest, SMT mitigations: auto
[    0.163733] Speculative Store Bypass: Mitigation: Speculative Store Bypass disabled via prctl
[    0.164607] Spectre V2 : Mitigation: Enhanced / Automatic IBRS
[    0.165208] ITS: Mitigation: Aligned branch/return thunks
[    0.165762] Spectre V1 : Mitigation: usercopy/swapgs barriers and __user pointer sanitization
[    0.166634] Spectre V2 : mitigation: Enabling conditional Indirect Branch Prediction Barrier
[    0.167501] active return thunk: its_return_thunk
[    0.167991] Spectre V2 : Spectre BHI mitigation: SW BHB clearing on syscall and VM exit
[    0.168827] x86/fpu: Supporting XSAVE feature 0x001: 'x87 floating point registers'
[    0.169628] x86/fpu: Supporting XSAVE feature 0x002: 'SSE registers'
[    0.170295] x86/fpu: Supporting XSAVE feature 0x004: 'AVX registers'
[    0.170959] x86/fpu: Supporting XSAVE feature 0x200: 'Protection Keys User registers'
[    0.171778] x86/fpu: xstate_offset[2]:  576, xstate_sizes[2]:  256
[    0.172426] x86/fpu: xstate_offset[9]:  832, xstate_sizes[9]:    8
[    0.173075] x86/fpu: Enabled xstate features 0x207, context size is 840 bytes, using 'compacted' format.
[    0.186763] Freeing SMP alternatives memory: 48K
[    0.187266] pid_max: default: 32768 minimum: 301
[    0.187830] landlock: Up and running.
[    0.188223] Yama: becoming mindful.
[    0.188599] SELinux:  Initializing.
[    0.189174] LSM support for eBPF active
[    0.189666] Mount-cache hash table entries: 131072 (order: 8, 1048576 bytes, linear)
[    0.190662] Mountpoint-cache hash table entries: 131072 (order: 8, 1048576 bytes, linear)
[    0.191572] VFS: Finished mounting rootfs on nullfs
[    0.192305] smpboot: CPU0: Intel(R) Core(TM) Ultra 9 285K (family: 0x6, model: 0xc6, stepping: 0x2)
[    0.193346] Performance Events: unsupported CPU family 6 model 198 no PMU driver, software events only.
[    0.193731] signal: max sigframe size: 3632
[    0.193731] rcu: Hierarchical SRCU implementation.
[    0.193731] rcu: 	Max phase no-delay instances is 1000.
[    0.193731] Timer migration: 1 hierarchy levels; 8 children per group; 1 crossnode level
[    0.193731] smp: Bringing up secondary CPUs ...
[    0.193731] smpboot: x86: Booting SMP configuration:
[    0.193731] .... node  #0, CPUs:      #1 #2 #3 #4 #5 #6 #7
[    0.194004] smp: Brought up 1 node, 8 CPUs
[    0.195024] smpboot: Total of 8 processors activated (58982.40 BogoMIPS)
[    0.230512] node 0 deferred pages initialised in 30ms
[    0.230512] Memory: 65808920K/67108340K available (16491K kernel code, 9695K rwdata, 12596K rodata, 4024K init, 7316K bss, 1288220K reserved, 0K cma-reserved)
[    0.235217] devtmpfs: initialized
[    0.235217] x86/mm: Memory block size: 1024MB
[    0.235217] clocksource: jiffies: mask: 0xffffffff max_cycles: 0xffffffff, max_idle_ns: 19112604462750000 ns
[    0.235217] posixtimers hash table entries: 4096 (order: 4, 65536 bytes, linear)
[    0.235554] futex hash table entries: 2048 (131072 bytes on 1 NUMA nodes, total 128 KiB, linear).
[    0.237239] NET: Registered PF_NETLINK/PF_ROUTE protocol family
[    0.237965] DMA: preallocated 4096 KiB GFP_KERNEL pool for atomic allocations
[    0.238740] DMA: preallocated 4096 KiB GFP_KERNEL|GFP_DMA pool for atomic allocations
[    0.239558] DMA: preallocated 4096 KiB GFP_KERNEL|GFP_DMA32 pool for atomic allocations
[    0.243742] audit: initializing netlink subsys (disabled)
[    0.244316] audit: type=2000 audit(1790427236.135:1): state=initialized audit_enabled=0 res=1
[    0.244316] thermal_sys: Registered thermal governor 'fair_share'
[    0.245727] thermal_sys: Registered thermal governor 'step_wise'
[    0.246371] thermal_sys: Registered thermal governor 'user_space'
[    0.247008] cpuidle: using governor ladder
[    0.247008] cpuidle: using governor menu
[    0.247008] acpiphp: ACPI Hot Plug PCI Controller Driver version: 0.5
[    0.247008] PCI: Using configuration type 1 for base access
[    0.247008] kprobes: kprobe jump-optimization is enabled. All kprobes are optimized if possible.
[    0.247008] HugeTLB: registered 1.00 GiB page size, pre-allocated 0 pages
[    0.253734] HugeTLB: 16380 KiB vmemmap can be freed for a 1.00 GiB page
[    0.254430] HugeTLB: registered 2.00 MiB page size, pre-allocated 0 pages
[    0.255140] HugeTLB: 28 KiB vmemmap can be freed for a 2.00 MiB page
[    0.255871] ACPI: Added _OSI(Module Device)
[    0.255871] ACPI: Added _OSI(Processor Device)
[    0.255871] ACPI: Added _OSI(Processor Aggregator Device)
[    0.256487] ACPI: 1 ACPI AML tables successfully acquired and loaded
[    0.263744] ACPI: \_SB_: platform _OSC: OS support mask [00227eff]
[    0.264493] ACPI: Interpreter enabled
[    0.264939] ACPI: PM: (supports S0 S4 S5)
[    0.273735] ACPI: Using IOAPIC for interrupt routing
[    0.274269] PCI: Using host bridge windows from ACPI; if necessary, use "pci=nocrs" and report a bug
[    0.275219] PCI: Using E820 reservations for host bridge windows
[    0.275898] ACPI: Enabled 2 GPEs in block 00 to 0F
[    0.277618] ACPI: PCI Root Bridge [PCI0] (domain 0000 [bus 00-ff])
[    0.278271] acpi PNP0A03:00: _OSC: OS supports [ASPM ClockPM Segments MSI HPX-Type3]
[    0.279077] acpi PNP0A03:00: _OSC: not requesting OS control; OS requires [ExtendedConfig ASPM ClockPM MSI]
[    0.280093] acpi PNP0A03:00: _OSC: platform retains control of PCIe features (AE_ERROR)
[    0.280930] acpi PNP0A03:00: fail to add MMCONFIG information, can't access extended configuration space under this bridge
[    0.282270] acpiphp: Slot [2] registered
[    0.282697] acpiphp: Slot [3] registered
[    0.283122] acpiphp: Slot [4] registered
[    0.283549] acpiphp: Slot [5] registered
[    0.283746] acpiphp: Slot [6] registered
[    0.284173] acpiphp: Slot [7] registered
[    0.284597] acpiphp: Slot [8] registered
[    0.285024] acpiphp: Slot [9] registered
[    0.285450] acpiphp: Slot [10] registered
[    0.285884] acpiphp: Slot [11] registered
[    0.286319] acpiphp: Slot [12] registered
[    0.286752] acpiphp: Slot [13] registered
[    0.287189] acpiphp: Slot [14] registered
[    0.287623] acpiphp: Slot [15] registered
[    0.288058] acpiphp: Slot [16] registered
[    0.288494] acpiphp: Slot [17] registered
[    0.288927] acpiphp: Slot [18] registered
[    0.289363] acpiphp: Slot [19] registered
[    0.289797] acpiphp: Slot [20] registered
[    0.290232] acpiphp: Slot [21] registered
[    0.290666] acpiphp: Slot [22] registered
[    0.291112] acpiphp: Slot [23] registered
[    0.291545] acpiphp: Slot [24] registered
[    0.291980] acpiphp: Slot [25] registered
[    0.292416] acpiphp: Slot [26] registered
[    0.292850] acpiphp: Slot [27] registered
[    0.293285] acpiphp: Slot [28] registered
[    0.293719] acpiphp: Slot [29] registered
[    0.293743] acpiphp: Slot [30] registered
[    0.294176] acpiphp: Slot [31] registered
[    0.294610] PCI host bridge to bus 0000:00
[    0.295044] pci_bus 0000:00: root bus resource [io  0x0000-0x0cf7 window]
[    0.295758] pci_bus 0000:00: root bus resource [io  0x0d00-0xffff window]
[    0.296467] pci_bus 0000:00: root bus resource [mem 0x000a0000-0x000bffff window]
[    0.297248] pci_bus 0000:00: root bus resource [mem 0xc0000000-0xfebfffff window]
[    0.298031] pci_bus 0000:00: root bus resource [mem 0x380000000000-0x38007fffffff window]
[    0.298883] pci_bus 0000:00: root bus resource [bus 00-ff]
[    0.299495] pci 0000:00:00.0: [8086:1237] type 00 class 0x060000 conventional PCI endpoint
[    0.300805] pci 0000:00:01.0: [8086:7000] type 00 class 0x060100 conventional PCI endpoint
[    0.302124] pci 0000:00:01.1: [8086:7010] type 00 class 0x010180 conventional PCI endpoint
[    0.303769] pci 0000:00:01.1: BAR 4 [io  0xc200-0xc20f]
[    0.304356] pci 0000:00:01.1: BAR 0 [io  0x01f0-0x01f7]: legacy IDE quirk
[    0.305068] pci 0000:00:01.1: BAR 1 [io  0x03f6]: legacy IDE quirk
[    0.305716] pci 0000:00:01.1: BAR 2 [io  0x0170-0x0177]: legacy IDE quirk
[    0.306424] pci 0000:00:01.1: BAR 3 [io  0x0376]: legacy IDE quirk
[    0.307207] pci 0000:00:01.3: [8086:7113] type 00 class 0x068000 conventional PCI endpoint
[    0.308410] pci 0000:00:01.3: quirk: [io  0x0600-0x063f] claimed by PIIX4 ACPI
[    0.309172] pci 0000:00:01.3: quirk: [io  0x0700-0x070f] claimed by PIIX4 SMB
[    0.310205] pci 0000:00:02.0: [1af4:1009] type 00 class 0x000200 conventional PCI endpoint
[    0.312478] pci 0000:00:02.0: BAR 0 [io  0xc000-0xc03f]
[    0.313074] pci 0000:00:02.0: BAR 1 [mem 0xfebf7000-0xfebf7fff]
[    0.313727] pci 0000:00:02.0: BAR 4 [mem 0x380000000000-0x380000003fff 64bit pref]
[    0.314584] pci 0000:00:03.0: [1af4:1009] type 00 class 0x000200 conventional PCI endpoint
[    0.316881] pci 0000:00:03.0: BAR 0 [io  0xc040-0xc07f]
[    0.317439] pci 0000:00:03.0: BAR 1 [mem 0xfebf8000-0xfebf8fff]
[    0.318090] pci 0000:00:03.0: BAR 4 [mem 0x380000004000-0x380000007fff 64bit pref]
[    0.319568] pci 0000:00:04.0: [8086:25ab] type 00 class 0x088000 conventional PCI endpoint
[    0.321285] pci 0000:00:04.0: BAR 0 [mem 0xfebf9000-0xfebf900f]
[    0.322394] pci 0000:00:05.0: [1af4:1003] type 00 class 0x078000 conventional PCI endpoint
[    0.324178] pci 0000:00:05.0: BAR 0 [io  0xc080-0xc0bf]
[    0.324780] pci 0000:00:05.0: BAR 1 [mem 0xfebfa000-0xfebfafff]
[    0.325430] pci 0000:00:05.0: BAR 4 [mem 0x380000008000-0x38000000bfff 64bit pref]
[    0.327045] pci 0000:00:06.0: [1af4:1003] type 00 class 0x078000 conventional PCI endpoint
[    0.329026] pci 0000:00:06.0: BAR 0 [io  0xc0c0-0xc0ff]
[    0.329584] pci 0000:00:06.0: BAR 1 [mem 0xfebfb000-0xfebfbfff]
[    0.330234] pci 0000:00:06.0: BAR 4 [mem 0x38000000c000-0x38000000ffff 64bit pref]
[    0.332240] pci 0000:00:07.0: [1af4:1003] type 00 class 0x078000 conventional PCI endpoint
[    0.333742] pci 0000:00:07.0: BAR 0 [io  0xc100-0xc13f]
[    0.334301] pci 0000:00:07.0: BAR 1 [mem 0xfebfc000-0xfebfcfff]
[    0.334954] pci 0000:00:07.0: BAR 4 [mem 0x380000010000-0x380000013fff 64bit pref]
[    0.336556] pci 0000:00:08.0: [1af4:1003] type 00 class 0x078000 conventional PCI endpoint
[    0.338678] pci 0000:00:08.0: BAR 0 [io  0xc140-0xc17f]
[    0.339234] pci 0000:00:08.0: BAR 1 [mem 0xfebfd000-0xfebfdfff]
[    0.339882] pci 0000:00:08.0: BAR 4 [mem 0x380000014000-0x380000017fff 64bit pref]
[    0.341825] pci 0000:00:09.0: [1af4:1003] type 00 class 0x078000 conventional PCI endpoint
[    0.343451] pci 0000:00:09.0: BAR 0 [io  0xc180-0xc1bf]
[    0.343742] pci 0000:00:09.0: BAR 1 [mem 0xfebfe000-0xfebfefff]
[    0.344398] pci 0000:00:09.0: BAR 4 [mem 0x380000018000-0x38000001bfff 64bit pref]
[    0.346004] pci 0000:00:0a.0: [1af4:1003] type 00 class 0x078000 conventional PCI endpoint
[    0.347610] pci 0000:00:0a.0: BAR 0 [io  0xc1c0-0xc1ff]
[    0.348168] pci 0000:00:0a.0: BAR 1 [mem 0xfebff000-0xfebfffff]
[    0.348820] pci 0000:00:0a.0: BAR 4 [mem 0x38000001c000-0x38000001ffff 64bit pref]
[    0.352845] ACPI: PCI: Interrupt link LNKA configured for IRQ 10
[    0.353578] ACPI: PCI: Interrupt link LNKB configured for IRQ 10
[    0.353785] ACPI: PCI: Interrupt link LNKC configured for IRQ 11
[    0.354465] ACPI: PCI: Interrupt link LNKD configured for IRQ 11
[    0.355122] ACPI: PCI: Interrupt link LNKS configured for IRQ 9
[    0.356012] iommu: Default domain type: Translated
[    0.356012] iommu: DMA domain TLB invalidation policy: lazy mode
[    0.356012] pps_core: LinuxPPS API ver. 1 registered
[    0.356012] pps_core: Software ver. 5.3.6 - Copyright 2005-2007 Rodolfo Giometti <giometti@linux.it>
[    0.356012] PTP clock support registered
[    0.356012] EDAC MC: Ver: 3.0.0
[    0.356012] NetLabel: Initializing
[    0.356012] NetLabel:  domain hash size = 128
[    0.356012] NetLabel:  protocols = UNLABELED CIPSOv4 CALIPSO
[    0.363743] NetLabel:  unlabeled traffic allowed by default
[    0.364330] PCI: Using ACPI for IRQ routing
[    0.364969] e820: register RAM buffer resource [mem 0x0009fc00-0x0009ffff]
[    0.365694] e820: register RAM buffer resource [mem 0xbffdf000-0xbfffffff]
[    0.366420] hpet0: at MMIO 0xfed00000, IRQs 2, 8, 0
[    0.366420] hpet0: 3 comparators, 64-bit 100.000000 MHz counter
[    0.370227] clocksource: Switched to clocksource kvm-clock
[    0.370921] VFS: Disk quotas dquot_6.6.0
[    0.371347] VFS: Dquot-cache hash table entries: 512 (order 0, 4096 bytes)
[    0.371347] netfs: FS-Cache loaded
[    0.371347] pnp: PnP ACPI init
[    0.371347] pnp: PnP ACPI: found 5 devices
[    0.373235] clocksource: acpi_pm: mask: 0xffffff max_cycles: 0xffffff, max_idle_ns: 2085701024 ns
[    0.374201] NET: Registered PF_INET protocol family
[    0.374945] IP idents hash table entries: 262144 (order: 9, 2097152 bytes, linear)
[    0.385221] tcp_listen_portaddr_hash hash table entries: 32768 (order: 7, 524288 bytes, linear)
[    0.386169] Table-perturb hash table entries: 65536 (order: 6, 262144 bytes, linear)
[    0.387045] TCP established hash table entries: 524288 (order: 10, 4194304 bytes, linear)
[    0.388394] TCP bind hash table entries: 65536 (order: 9, 2097152 bytes, linear)
[    0.389434] TCP: Hash tables configured (established 524288 bind 65536)
[    0.390263] MPTCP token hash table entries: 65536 (order: 9, 1572864 bytes, linear)
[    0.391170] UDP hash table entries: 32768 (order: 9, 2097152 bytes, linear)
[    0.392186] UDP-Lite hash table entries: 32768 (order: 9, 2097152 bytes, linear)
[    0.393457] NET: Registered PF_UNIX/PF_LOCAL protocol family
[    0.394062] NET: Registered PF_XDP protocol family
[    0.394577] pci_bus 0000:00: resource 4 [io  0x0000-0x0cf7 window]
[    0.395225] pci_bus 0000:00: resource 5 [io  0x0d00-0xffff window]
[    0.395873] pci_bus 0000:00: resource 6 [mem 0x000a0000-0x000bffff window]
[    0.396592] pci_bus 0000:00: resource 7 [mem 0xc0000000-0xfebfffff window]
[    0.397311] pci_bus 0000:00: resource 8 [mem 0x380000000000-0x38007fffffff window]
[    0.398127] pci 0000:00:01.0: PIIX3: Enabling Passive Release
[    0.398777] pci 0000:00:00.0: Limiting direct PCI/PCI transfers
[    0.399504] PCI: CLS 0 bytes, default 64
[    0.399962] PCI-DMA: Using software bounce buffering for IO (SWIOTLB)
[    0.400099] Trying to unpack rootfs image as initramfs...
[    0.400645] software IO TLB: mapped [mem 0x00000000bb36b000-0x00000000bf36b000] (64MB)
[    0.400694] clocksource: tsc: mask: 0xffffffffffffffff max_cycles: 0x6a464ae9873, max_idle_ns: 881590529744 ns
[    0.406232] Freeing initrd memory: 12692K
[    0.411228] Initialise system trusted keyrings
[    0.411713] Key type blacklist registered
[    0.412325] workingset: timestamp_bits=36 max_order=24 bucket_order=0
[    0.413489] SGI XFS with ACLs, security attributes, quota, no debug enabled
[    0.414654] 9p: Installing v9fs 9p2000 file system support
[    0.416097] integrity: Platform Keyring initialized
[    0.416669] cryptd: max_cpu_qlen set to 1000
[    0.422277] Key type asymmetric registered
[    0.422714] Asymmetric key parser 'x509' registered
[    0.423240] Block layer SCSI generic (bsg) driver version 0.4 loaded (major 248)
[    0.424075] io scheduler mq-deadline registered
[    0.424556] io scheduler kyber registered
[    0.424986] io scheduler bfq registered
[    0.433381] ACPI: \_SB_.LNKB: Enabled at IRQ 10
[    0.442069] ACPI: \_SB_.LNKC: Enabled at IRQ 11
[    0.450660] ACPI: \_SB_.LNKA: Enabled at IRQ 10
[    0.475274] ACPI: \_SB_.LNKD: Enabled at IRQ 11
[    0.492786] Serial: 8250/16550 driver, 4 ports, IRQ sharing disabled
[    0.493581] 00:03: ttyS0 at I/O 0x3f8 (irq = 4, base_baud = 115200) is a 16550A
[    0.565650] loop: module loaded
[    0.566180] tun: Universal TUN/TAP device driver, 1.6
[    0.566904] rtc_cmos 00:04: RTC can wake from S4
[    0.567904] rtc_cmos 00:04: registered as rtc0
[    0.568438] rtc_cmos 00:04: setting system clock to 2026-09-26T12:53:55 UTC (1790427235)
[    0.569325] rtc_cmos 00:04: alarms up to one day, y3k, 242 bytes nvram, hpet irqs
[    0.570121] intel_pstate: CPU model not supported
[    0.570643] hid: raw HID events driver (C) Jiri Kosina
[    0.571572] NET: Registered PF_INET6 protocol family
[    0.572307] Segment Routing with IPv6
[    0.572703] In-situ OAM (IOAM) with IPv6
[    0.573134] NET: Registered PF_PACKET protocol family
[    0.573677] bridge: filtering via arp/ip/ip6tables is no longer available by default. Update your scripts to load br_netfilter if you need this.
[    0.575075] 9pnet: Installing 9P2000 support
[    0.577508] IPI shorthand broadcast: enabled
[    0.579348] sched_clock: Marking stable (577111396, 341780)->(594166677, -16713501)
[    0.580324] registered taskstats version 1
[    0.580877] Loading compiled-in X.509 certificates
[    0.581726] Loaded X.509 cert 'Build time autogenerated kernel key: d1424aba97e5b78a90400dcad095464dbcbd105a'
[    0.584153] Demotion targets for Node 0: null
[    0.584811] Key type .fscrypt registered
[    0.585230] Key type fscrypt-provisioning registered
[    0.585777] ima: No TPM chip found, activating TPM-bypass!
[    0.586363] ima: Allocated hash algorithm: sha256
[    0.586870] ima: No architecture policies found
[    0.587788] clk: Disabling unused clocks
[    0.594082] Freeing unused decrypted memory: 2036K
[    0.595149] Freeing unused kernel image (initmem) memory: 4024K
[    0.595589] Write protecting the kernel read-only data: 32768k
[    0.597168] Freeing unused kernel image (text/rodata gap) memory: 1940K
[    0.598305] Freeing unused kernel image (rodata/data gap) memory: 1740K
[    0.598761] Run /init as init process
[    0.599357] virtme initramfs: loading fuse.ko...
[    0.602219] fuse: module verification failed: signature and/or required key missing - tainting kernel
[    0.608408] fuse: init (API version 7.45)
[    0.609442] virtme initramfs: loading virtiofs.ko...
[    0.611206] virtme initramfs: loading virtio_mmio.ko...
[    0.612190] virtme initramfs: loading serio.ko...
[    0.613160] virtme initramfs: loading i8042.ko...
[    0.614193] i8042: PNP: PS/2 Controller [PNP0303:KBD,PNP0f13:MOU] at 0x60,0x64 irq 1,12
[    0.615342] serio: i8042 KBD port at 0x60,0x64 irq 1
[    0.615686] serio: i8042 AUX port at 0x60,0x64 irq 12
[    0.616136] virtme initramfs: loading libps2.ko...
[    0.617220] virtme initramfs: loading vivaldi-fmap.ko...
[    0.617911] virtme initramfs: loading atkbd.ko...
[    0.619175] virtme initramfs: mounting hostfs...
[    0.619491] input: AT Translated Set 2 keyboard as /devices/platform/i8042/serio0/input/input0
[    0.619895] virtio-fs: tag <ROOTFS> not found
[    0.621533] 9pnet: Limiting 'msize' to 512000 as this is the maximum supported by transport virtio
[    0.625510] virtme initramfs: done; switching to real root
[    0.652295] virtme-ng-init: Setting hostname to virtme-ng...
[    0.728771] virtme-ng-init: running systemd-tmpfiles
[    0.948382] virtme-ng-init: basic initialization done
[    0.951319] virtme-ng-init: you have CONFIG_UEVENT_HELPER on; turn it off
[    0.952892] 9pnet: Limiting 'msize' to 512000 as this is the maximum supported by transport virtio
[    0.977614] virtme-ng-init: Starting systemd-udevd version 255.4-1ubuntu8.17
[    0.978982] virtme-ng-init: triggering udev coldplug
[    1.924971] virtme-ng-init: waiting for udev to settle
[    1.944325] input: Power Button as /devices/platform/LNXPWRBN:00/input/input2
[    1.947097] ACPI: button: Power Button [PWRF]
[    2.090434] SCSI subsystem initialized
[    2.162340] piix4_smbus 0000:00:01.3: SMBus Host Controller at 0x700, revision 0
[    2.163886] i2c i2c-0: Memory type 0x07 not supported yet, not instantiating SPD
[    2.265744] input: VirtualPS/2 VMware VMMouse as /devices/platform/i8042/serio1/input/input4
[    2.267323] input: VirtualPS/2 VMware VMMouse as /devices/platform/i8042/serio1/input/input3
[    2.283321] mousedev: PS/2 mouse device common for all mice
[    2.346611] scsi host0: ata_piix
[    2.347575] scsi host1: ata_piix
[    2.347987] ata1: PATA max MWDMA2 cmd 0x1f0 ctl 0x3f6 bmdma 0xc200 irq 14 lpm-pol 0
[    2.348734] ata2: PATA max MWDMA2 cmd 0x170 ctl 0x376 bmdma 0xc208 irq 15 lpm-pol 0
[    2.510512] ata2: found unknown device (class 0)
[    2.511538] ata2.00: ATAPI: QEMU DVD-ROM, 2.5+, max UDMA/100
[    2.513478] scsi 1:0:0:0: CD-ROM            QEMU     QEMU DVD-ROM     2.5+ PQ: 0 ANSI: 5
[    2.636790] scsi 1:0:0:0: Attached scsi generic sg0 type 5
[    2.781501] sr 1:0:0:0: [sr0] scsi3-mmc drive: 4x/4x cd/rw xa/form2 tray
[    2.782499] cdrom: Uniform CD-ROM driver Revision: 3.20
[    4.463491] virtme-ng-init: udev is done
[    4.465276] virtme-ng-init: starting script
[    4.861830] loop0: detected capacity change from 0 to 134217728
[    4.869968] EXT4-fs (loop0): mounted filesystem bce56580-2632-4b1c-a382-e94694671847 r/w with ordered data mode. Quota mode: none.
[    9.529349] Initializing XFRM netlink socket
[   32.596547] clocksource: Long readout interval, skipping watchdog check: cs_nsec: 2425996241 wd_nsec: 2425995754
[  449.784724] bpf_x86_alu: loading out-of-tree module taints kernel.
[  982.367776] ACPI: PM: Preparing to enter system sleep state S5
[  982.373557] kvm: exiting hardware virtualization
[  982.374522] reboot: Power down
