WARNING: No swap limit support
WARNING: IPv4 forwarding is disabled
Loaded image: bpf-benchmark/runner-runtime:x86_64
WARNING: IPv4 forwarding is disabled. Networking will not work.
_DISK_SIZE:-64G}" /var/tmp/bpf-benchmark-docker.img
mkfs.ext4 -F -q /var/tmp/bpf-benchmark-docker.img
mount -o loop,discard /var/tmp/bpf-benchmark-docker.img /run/bpf-benchmark-docker
dockerd --data-root /run/bpf-benchmark-docker/data --exec-root /run/bpf-benchmark-docker/exec --pidfile /run/bpf-benchmark-docker/docker.pid --host unix:///run/docker.sock --bridge=none --iptables=false --ip-masq=false --ip-forward=false >/run/bpf-benchmark-docker/dockerd.log 2>&1 &
for _ in 1 2 3 4 5 6 7 8 9 10; do docker info >/dev/null 2>&1 && break; sleep 1; done
docker info >/dev/null
install -d "/workspaces/repository/corpus/results"
"/workspaces/repository/runner/scripts/bpfrejit-install" --image "bpf-benchmark/runner-runtime:x86_64" "/workspaces/repository/.cache/container-images/x86_64-runner-runtime.image.tar"
docker run --rm --privileged --pid=host --network=host --ipc=host --cgroupns=host -e BPFREJIT_INSIDE_RUNTIME_CONTAINER=1 -e HOME=/root -e TARGET="x86-kvm" -e RUN_TARGET_NAME="x86-kvm" -e RUN_TOKEN="e3ba9747" -e RUN_TARGET_ARCH="x86_64" -e RUN_EXECUTOR="kvm" -e RUN_REMOTE_PYTHON_BIN="python3" -e RUN_RUNTIME_PYTHON_BIN="python3" -e RUN_BPFTOOL_BIN="bpftool" -e RUN_NATIVE_REPOS_CSV="bcc,katran,tracee,tetragon" -e SAMPLES="3"      -e FUZZ_ROUNDS="1000"  -e WORKLOAD_DURATION="60" -e KEEP_WORKDIRS="1" -e BPFREJIT_BENCH_PASSES="," -e BPFREJIT_CORPUS_APPS="cilium/agent" -e SKIP_REJIT="norejit"          -e MERLIN_COMPILETIME_MODE="none"                    -w "/workspaces/repository" -v /sys:/sys -v /sys/fs/bpf:/sys/fs/bpf -v /sys/kernel/debug:/sys/kernel/debug -v /lib/modules:/lib/modules:ro -v /boot:/boot:ro -v "/workspaces/repository/corpus/results:/workspaces/repository/corpus/results" "bpf-benchmark/runner-runtime:x86_64" python3 -m corpus.driver
{"active_env_keys": ["BPFREJIT_NATIVE_LOADER_REQUIRE_PREBUILT_PROOF", "BPFREJIT_NATIVE_LOADER_SO"], "event": "native_loader_mode", "post_only": false, "saved_env_keys": ["BPFREJIT_NATIVE_LOADER_REQUIRE_PREBUILT_PROOF", "BPFREJIT_NATIVE_LOADER_SO"]}
{"app": "cilium/agent", "event": "app_start", "runner": "cilium", "workload": "cilium_endpoint_pktgen"}
{"app": "cilium/agent", "event": "phase_start", "phase": "baseline_start", "runner": "cilium", "workload": "cilium_endpoint_pktgen"}
{"active_env_keys": ["BPFREJIT_NATIVE_LOADER_REQUIRE_PREBUILT_PROOF", "BPFREJIT_NATIVE_LOADER_SO"], "app": "cilium/agent", "event": "native_loader_phase_env", "phase": "baseline_start", "runner": "cilium", "temporary_set_keys": ["BPFREJIT_SHIM_LOADTIME_PLAN", "BPFREJIT_SHIM_LOG"], "temporary_unset_keys": []}
{"app": "cilium/agent", "event": "phase_done", "phase": "baseline_start", "runner": "cilium", "status": "ok"}
{"app": "cilium/agent", "event": "measurement_start", "phase": "baseline", "runner": "cilium", "samples": 3, "workload": "cilium_endpoint_pktgen"}
{"app": "cilium/agent", "event": "measurement_done", "phase": "baseline", "runner": "cilium", "status": "ok"}
{"app": "cilium/agent", "event": "phase_start", "phase": "baseline_stop", "runner": "cilium"}
{"app": "cilium/agent", "event": "phase_step", "phase": "baseline_stop", "runner": "cilium", "step": "runner_stop_done"}
{"app": "cilium/agent", "event": "phase_step", "phase": "baseline_stop", "runner": "cilium", "step": "quiesce_start"}
{"app": "cilium/agent", "event": "phase_step", "phase": "baseline_stop", "runner": "cilium", "step": "quiesce_done"}
{"app": "cilium/agent", "event": "phase_step", "phase": "baseline_stop", "runner": "cilium", "step": "bpf_stats_disabled"}
{"app": "cilium/agent", "event": "phase_done", "phase": "baseline_stop", "runner": "cilium", "status": "ok"}
{"active_env_keys": ["BPFREJIT_NATIVE_LOADER_REQUIRE_PREBUILT_PROOF", "BPFREJIT_NATIVE_LOADER_SO"], "app": "cilium/agent", "event": "native_loader_phase_env", "phase": "post_rejit_start", "runner": "cilium", "temporary_set_keys": ["BPFREJIT_REPO_ROOT", "BPFREJIT_SHIM_LOADTIME_PLAN", "BPFREJIT_SHIM_LOG"], "temporary_unset_keys": []}
{"app": "cilium/agent", "event": "rejit_skipped", "runner": "cilium"}
{"app": "cilium/agent", "event": "phase_start", "phase": "post_rejit_start", "runner": "cilium", "workload": "cilium_endpoint_pktgen"}
{"app": "cilium/agent", "event": "phase_done", "phase": "post_rejit_start", "runner": "cilium", "status": "ok"}
{"app": "cilium/agent", "event": "measurement_start", "phase": "post_rejit", "runner": "cilium", "samples": 3, "workload": "cilium_endpoint_pktgen"}
{"app": "cilium/agent", "event": "measurement_done", "phase": "post_rejit", "runner": "cilium", "status": "ok"}
{"app": "cilium/agent", "event": "phase_start", "phase": "post_rejit_stop", "runner": "cilium"}
{"app": "cilium/agent", "event": "phase_step", "phase": "post_rejit_stop", "runner": "cilium", "step": "runner_stop_done"}
{"app": "cilium/agent", "event": "phase_step", "phase": "post_rejit_stop", "runner": "cilium", "step": "quiesce_start"}
{"app": "cilium/agent", "event": "phase_step", "phase": "post_rejit_stop", "runner": "cilium", "step": "quiesce_done"}
{"app": "cilium/agent", "event": "phase_step", "phase": "post_rejit_stop", "runner": "cilium", "step": "bpf_stats_disabled"}
{"app": "cilium/agent", "event": "phase_done", "phase": "post_rejit_stop", "runner": "cilium", "status": "ok"}
{"app": "cilium/agent", "error": "", "event": "app_done", "status": "ok"}
{
  "status": "ok",
  "artifact_run_dir": "/workspaces/repository/corpus/results/x86_kvm_corpus_20260926_035326_009026",
  "artifact_metadata": "/workspaces/repository/corpus/results/x86_kvm_corpus_20260926_035326_009026/metadata.json"
}
make: Leaving directory '/workspaces/repository'
17, address 0xfec00000, GSI 0-23
[    0.027593] ACPI: INT_SRC_OVR (bus 0 bus_irq 0 global_irq 2 dfl dfl)
[    0.028266] ACPI: INT_SRC_OVR (bus 0 bus_irq 5 global_irq 5 high level)
[    0.028970] ACPI: INT_SRC_OVR (bus 0 bus_irq 9 global_irq 9 high level)
[    0.029674] ACPI: INT_SRC_OVR (bus 0 bus_irq 10 global_irq 10 high level)
[    0.030396] ACPI: INT_SRC_OVR (bus 0 bus_irq 11 global_irq 11 high level)
[    0.031116] ACPI: Using ACPI (MADT) for SMP configuration information
[    0.031800] ACPI: HPET id: 0x8086a201 base: 0xfed00000
[    0.032344] TSC deadline timer available
[    0.032763] CPU topo: Max. logical packages:   1
[    0.033251] CPU topo: Max. logical nodes:      1
[    0.033742] CPU topo: Num. nodes per package:  1
[    0.034231] CPU topo: Max. logical dies:       1
[    0.034722] CPU topo: Max. dies per package:   1
[    0.035212] CPU topo: Max. threads per core:   1
[    0.035704] CPU topo: Num. cores per package:     8
[    0.036220] CPU topo: Num. threads per package:   8
[    0.036738] CPU topo: Allowing 8 present CPUs plus 0 hotplug CPUs
[    0.037397] kvm-guest: APIC: eoi() replaced with kvm_guest_apic_eoi_write()
[    0.038144] kvm-guest: KVM setup pv remote TLB flush
[    0.038675] kvm-guest: setup PV sched yield
[    0.039120] PM: hibernation: Registered nosave memory: [mem 0x00000000-0x00000fff]
[    0.039924] PM: hibernation: Registered nosave memory: [mem 0x0009f000-0x000fffff]
[    0.040727] PM: hibernation: Registered nosave memory: [mem 0xbffdf000-0xffffffff]
[    0.041531] [gap 0xc0000000-0xfeffbfff] available for PCI devices
[    0.042175] Booting paravirtualized kernel on KVM
[    0.042676] clocksource: refined-jiffies: mask: 0xffffffff max_cycles: 0xffffffff, max_idle_ns: 19112604462750000 ns
[    0.048176] Zone ranges:
[    0.048491]   DMA      [mem 0x0000000000001000-0x0000000000ffffff]
[    0.049157]   DMA32    [mem 0x0000000001000000-0x00000000ffffffff]
[    0.049815]   Normal   [mem 0x0000000100000000-0x000000103fffffff]
[    0.050475]   Device   empty
[    0.050779] Movable zone start for each node
[    0.051231] Early memory node ranges
[    0.051611]   node   0: [mem 0x0000000000001000-0x000000000009efff]
[    0.052274]   node   0: [mem 0x0000000000100000-0x00000000bffdefff]
[    0.052938]   node   0: [mem 0x0000000100000000-0x000000103fffffff]
[    0.053605] Initmem setup node 0 [mem 0x0000000000001000-0x000000103fffffff]
[    0.054556] On node 0, zone DMA: 1 pages in unavailable ranges
[    0.055188] On node 0, zone DMA: 97 pages in unavailable ranges
[    0.061354] On node 0, zone Normal: 33 pages in unavailable ranges
[    0.062091] setup_percpu: NR_CPUS:8192 nr_cpumask_bits:8 nr_cpu_ids:8 nr_node_ids:1
[    0.063201] percpu: Embedded 61 pages/cpu s212992 r8192 d28672 u262144
[    0.063947] kvm-guest: PV spinlocks enabled
[    0.064398] PV qspinlock hash table entries: 256 (order: 0, 4096 bytes, linear)
[    0.065183] Kernel command line: virtme_hostname=virtme-ng nr_open=1048576 virtme_link_mods=/workspaces/repository/vendor/build/x86/linux/.virtme_mods/lib/modules/0.0.0 virtme_initmount0=workspaces/repository virtme_rw_overlay0=/etc virtme_rw_overlay1=/lib virtme_rw_overlay2=/home virtme_rw_overlay3=/opt virtme_rw_overlay4=/srv virtme_rw_overlay5=/usr virtme_rw_overlay6=/var virtme_rw_overlay7=/tmp virtme_console=ttyS0 console=ttyS0 earlyprintk=serial,ttyS0,115200 panic=-1 \
[    0.069784] Kernel command line: virtme.exec=`bWFrZSAtQyAvd29ya3NwYWNlcy9yZXBvc2l0b3J5IF9fcnVudGltZS12bS1jb3JwdXMgVEFSR0VUPSd4ODYta3ZtJyBSVU5fVEFSR0VUX05BTUU9J3g4Ni1rdm0nIFJVTl9UQVJHRVRfQVJDSD0neDg2XzY0JyBSVU5fRVhFQ1VUT1I9J2t2bScgUlVOVElNRV9DT05UQUlORVJfSU1BR0U9J2JwZi1iZW5jaG1hcmsvcnVubmVyLXJ1bnRpbWU6eDg2XzY0JyBSVU5USU1FX0lNQUdFX1RBUj0nL3dvcmtzcGFjZXMvcmVwb3NpdG9yeS8uY2FjaGUvY29udGFpbmVyLWltYWdlcy94ODZfNjQtcnVubmVyLXJ1bnRpbWUuaW1hZ2UudGFyJyBSVU5fUkVNT1RFX1BZVEhPTl9CSU49J3B5dGhvbjMnIFJVTl9SVU5USU1FX1BZVEhPTl9CSU49J3B5dGhvbjMnIFJVTl9CUEZUT09MX0JJTj0nYnBmdG9vbCcgUlVOX05BVElWRV9SRVBPU19DU1Y9J2JjYyxrYXRyYW4sdHJhY2VlLHRldHJhZ29uJyBSVU5fVE9LRU49J2UzYmE5NzQ3JyBTQU1QTEVTPSczJyAgICAgIEZVWlpfUk9VTkRTPScxMDAwJyAgV09SS0xPQURfRFVSQVRJT049JzYwJyBLRUVQX1dPUktESVJTPScxJyBCUEZSRUpJVF9CRU5DSF9QQVNTRVM9JywnIEJQRlJFSklUX0NPUlBVU19BUFBTPSdjaWxpdW0vYWdlbnQnIFNLSVBfUkVKSVQ9J25vcmVqaXQnICAgICAgICAgIE1FUkxJTl9DT01QSUxFVElNRV9NT0RFPSdub25lJyAgICAgICAgICAgICAgICAgICA=` virtme_chdir=workspaces/repository virtme_root_user=1 debug loglevel=7 \
[    0.079382] Kernel command line: panic=30 oops=panic init=/opt/virtme-ng/lib/python3.12/site-packages/virtme/guest/bin/virtme-ng-init
[    0.080829] Unknown kernel command line parameters "virtme_hostname=virtme-ng nr_open=1048576 virtme_link_mods=/workspaces/repository/vendor/build/x86/linux/.virtme_mods/lib/modules/0.0.0 virtme_initmount0=workspaces/repository virtme_rw_overlay0=/etc virtme_rw_overlay1=/lib virtme_rw_overlay2=/home virtme_rw_overlay3=/opt virtme_rw_overlay4=/srv virtme_rw_overlay5=/usr virtme_rw_overlay6=/var virtme_rw_overlay7=/tmp virtme_console=ttyS0 virtme_chdir=workspaces/repository virtme_root_user=1", will be passed to user space.
[    0.085779] random: crng init done
[    0.086141] printk: log buffer data + meta data: 2097152 + 7340032 = 9437184 bytes
[    0.094239] Dentry cache hash table entries: 8388608 (order: 14, 67108864 bytes, linear)
[    0.098760] Inode-cache hash table entries: 4194304 (order: 13, 33554432 bytes, linear)
[    0.099744] software IO TLB: area num 8.
[    0.112100] Fallback order for Node 0: 0
[    0.112106] Built 1 zonelists, mobility grouping on.  Total pages: 16777085
[    0.113278] Policy zone: Normal
[    0.113605] mem auto-init: stack:off, heap alloc:off, heap free:off
[    0.126653] SLUB: HWalign=64, Order=0-3, MinObjects=0, CPUs=8, Nodes=1
Poking KASLR using RDRAND RDTSC...
[    0.136354] ftrace: allocating 51964 entries in 204 pages
[    0.136922] ftrace: allocated 204 pages with 4 groups
[    0.137856] Dynamic Preempt: lazy
[    0.138397] rcu: Preemptible hierarchical RCU implementation.
[    0.138993] rcu: 	RCU restricting CPUs from NR_CPUS=8192 to nr_cpu_ids=8.
[    0.139695] 	Trampoline variant of Tasks RCU enabled.
[    0.140214] 	Rude variant of Tasks RCU enabled.
[    0.140684] 	Tracing variant of Tasks RCU enabled.
[    0.141176] rcu: RCU calculated value of scheduler-enlistment delay is 10 jiffies.
[    0.141957] rcu: Adjusting geometry for rcu_fanout_leaf=16, nr_cpu_ids=8
[    0.142657] RCU Tasks: Setting shift to 3 and lim to 1 rcu_task_cb_adjust=1 rcu_task_cpu_ids=8.
[    0.143564] RCU Tasks Rude: Setting shift to 3 and lim to 1 rcu_task_cb_adjust=1 rcu_task_cpu_ids=8.
[    0.147146] NR_IRQS: 524544, nr_irqs: 488, preallocated irqs: 16
[    0.147960] rcu: srcu_init: Setting srcu_struct sizes based on contention.
[    0.148789] Console: colour *CGA 80x25
[    0.149206] printk: legacy console [ttyS0] enabled
[    0.149206] printk: legacy console [ttyS0] enabled
[    0.150208] printk: legacy bootconsole [earlyser0] disabled
[    0.150208] printk: legacy bootconsole [earlyser0] disabled
[    0.151387] ACPI: Core revision 20251212
[    0.151921] clocksource: hpet: mask: 0xffffffff max_cycles: 0xffffffff, max_idle_ns: 19112604467 ns
[    0.152963] APIC: Switch to symmetric I/O mode setup
[    0.153660] x2apic enabled
[    0.154145] APIC: Switched APIC routing to: physical x2apic
[    0.154743] kvm-guest: APIC: send_IPI_mask() replaced with kvm_send_ipi_mask()
[    0.155508] kvm-guest: APIC: send_IPI_mask_allbutself() replaced with kvm_send_ipi_mask_allbutself()
[    0.156469] kvm-guest: setup PV IPIs
[    0.157538] ..TIMER: vector=0x30 apic1=0 pin1=2 apic2=-1 pin2=-1
[    0.158191] clocksource: tsc-early: mask: 0xffffffffffffffff max_cycles: 0x6a464ae9873, max_idle_ns: 881590529744 ns
[    0.159297] Calibrating delay loop (skipped) preset value.. 7372.80 BogoMIPS (lpj=36864000)
[    0.160299] x86/cpu: User Mode Instruction Prevention (UMIP) activated
[    0.161051] Last level iTLB entries: 4KB 0, 2MB 0, 4MB 0
[    0.161615] Last level dTLB entries: 4KB 0, 2MB 0, 4MB 0, 1GB 0
[    0.162243] mitigations: Enabled attack vectors: user_kernel, user_user, guest_host, guest_guest, SMT mitigations: auto
[    0.169298] Speculative Store Bypass: Mitigation: Speculative Store Bypass disabled via prctl
[    0.170190] Spectre V2 : Mitigation: Enhanced / Automatic IBRS
[    0.170805] ITS: Mitigation: Aligned branch/return thunks
[    0.171376] Spectre V1 : Mitigation: usercopy/swapgs barriers and __user pointer sanitization
[    0.172272] Spectre V2 : mitigation: Enabling conditional Indirect Branch Prediction Barrier
[    0.173157] active return thunk: its_return_thunk
[    0.173662] Spectre V2 : Spectre BHI mitigation: SW BHB clearing on syscall and VM exit
[    0.174519] x86/fpu: Supporting XSAVE feature 0x001: 'x87 floating point registers'
[    0.175342] x86/fpu: Supporting XSAVE feature 0x002: 'SSE registers'
[    0.176024] x86/fpu: Supporting XSAVE feature 0x004: 'AVX registers'
[    0.176707] x86/fpu: Supporting XSAVE feature 0x200: 'Protection Keys User registers'
[    0.177546] x86/fpu: xstate_offset[2]:  576, xstate_sizes[2]:  256
[    0.178208] x86/fpu: xstate_offset[9]:  832, xstate_sizes[9]:    8
[    0.178873] x86/fpu: Enabled xstate features 0x207, context size is 840 bytes, using 'compacted' format.
[    0.190419] Freeing SMP alternatives memory: 48K
[    0.190938] pid_max: default: 32768 minimum: 301
[    0.191518] landlock: Up and running.
[    0.191921] Yama: becoming mindful.
[    0.192306] SELinux:  Initializing.
[    0.192861] LSM support for eBPF active
[    0.193360] Mount-cache hash table entries: 131072 (order: 8, 1048576 bytes, linear)
[    0.194353] Mountpoint-cache hash table entries: 131072 (order: 8, 1048576 bytes, linear)
[    0.195288] VFS: Finished mounting rootfs on nullfs
[    0.196063] smpboot: CPU0: Intel(R) Core(TM) Ultra 9 285K (family: 0x6, model: 0xc6, stepping: 0x2)
[    0.197136] Performance Events: unsupported CPU family 6 model 198 no PMU driver, software events only.
[    0.198186] signal: max sigframe size: 3632
[    0.198659] rcu: Hierarchical SRCU implementation.
[    0.199178] rcu: 	Max phase no-delay instances is 1000.
[    0.199295] Timer migration: 1 hierarchy levels; 8 children per group; 1 crossnode level
[    0.199295] smp: Bringing up secondary CPUs ...
[    0.199295] smpboot: x86: Booting SMP configuration:
[    0.199295] .... node  #0, CPUs:      #1 #2 #3 #4 #5 #6 #7
[    0.199427] smp: Brought up 1 node, 8 CPUs
[    0.200472] smpboot: Total of 8 processors activated (58982.40 BogoMIPS)
[    0.239305] node 0 deferred pages initialised in 40ms
[    0.243476] Memory: 65808928K/67108340K available (16491K kernel code, 9695K rwdata, 12596K rodata, 4024K init, 7316K bss, 1288212K reserved, 0K cma-reserved)
[    0.250719] devtmpfs: initialized
[    0.250719] x86/mm: Memory block size: 1024MB
[    0.250732] clocksource: jiffies: mask: 0xffffffff max_cycles: 0xffffffff, max_idle_ns: 19112604462750000 ns
[    0.250732] posixtimers hash table entries: 4096 (order: 4, 65536 bytes, linear)
[    0.251172] futex hash table entries: 2048 (131072 bytes on 1 NUMA nodes, total 128 KiB, linear).
[    0.252790] NET: Registered PF_NETLINK/PF_ROUTE protocol family
[    0.253542] DMA: preallocated 4096 KiB GFP_KERNEL pool for atomic allocations
[    0.254376] DMA: preallocated 4096 KiB GFP_KERNEL|GFP_DMA pool for atomic allocations
[    0.259303] DMA: preallocated 4096 KiB GFP_KERNEL|GFP_DMA32 pool for atomic allocations
[    0.260223] audit: initializing netlink subsys (disabled)
[    0.260812] audit: type=2000 audit(1790394760.148:1): state=initialized audit_enabled=0 res=1
[    0.260812] thermal_sys: Registered thermal governor 'fair_share'
[    0.261246] thermal_sys: Registered thermal governor 'step_wise'
[    0.261913] thermal_sys: Registered thermal governor 'user_space'
[    0.262571] cpuidle: using governor ladder
[    0.262571] cpuidle: using governor menu
[    0.262571] acpiphp: ACPI Hot Plug PCI Controller Driver version: 0.5
[    0.262571] PCI: Using configuration type 1 for base access
[    0.262571] kprobes: kprobe jump-optimization is enabled. All kprobes are optimized if possible.
[    0.269499] HugeTLB: registered 1.00 GiB page size, pre-allocated 0 pages
[    0.270160] HugeTLB: 16380 KiB vmemmap can be freed for a 1.00 GiB page
[    0.270876] HugeTLB: registered 2.00 MiB page size, pre-allocated 0 pages
[    0.271607] HugeTLB: 28 KiB vmemmap can be freed for a 2.00 MiB page
[    0.272359] ACPI: Added _OSI(Module Device)
[    0.272359] ACPI: Added _OSI(Processor Device)
[    0.272359] ACPI: Added _OSI(Processor Aggregator Device)
[    0.272359] ACPI: 1 ACPI AML tables successfully acquired and loaded
[    0.289319] ACPI: \_SB_: platform _OSC: OS support mask [00227eff]
[    0.290121] ACPI: Interpreter enabled
[    0.290581] ACPI: PM: (supports S0 S4 S5)
[    0.291021] ACPI: Using IOAPIC for interrupt routing
[    0.291566] PCI: Using host bridge windows from ACPI; if necessary, use "pci=nocrs" and report a bug
[    0.299301] PCI: Using E820 reservations for host bridge windows
[    0.300002] ACPI: Enabled 2 GPEs in block 00 to 0F
[    0.301790] ACPI: PCI Root Bridge [PCI0] (domain 0000 [bus 00-ff])
[    0.302462] acpi PNP0A03:00: _OSC: OS supports [ASPM ClockPM Segments MSI HPX-Type3]
[    0.303296] acpi PNP0A03:00: _OSC: not requesting OS control; OS requires [ExtendedConfig ASPM ClockPM MSI]
[    0.304338] acpi PNP0A03:00: _OSC: platform retains control of PCIe features (AE_ERROR)
[    0.305201] acpi PNP0A03:00: fail to add MMCONFIG information, can't access extended configuration space under this bridge
[    0.306576] acpiphp: Slot [2] registered
[    0.307051] acpiphp: Slot [3] registered
[    0.307487] acpiphp: Slot [4] registered
[    0.307929] acpiphp: Slot [5] registered
[    0.308366] acpiphp: Slot [6] registered
[    0.308806] acpiphp: Slot [7] registered
[    0.309242] acpiphp: Slot [8] registered
[    0.309310] acpiphp: Slot [9] registered
[    0.309747] acpiphp: Slot [10] registered
[    0.310193] acpiphp: Slot [11] registered
[    0.310641] acpiphp: Slot [12] registered
[    0.311086] acpiphp: Slot [13] registered
[    0.311537] acpiphp: Slot [14] registered
[    0.311982] acpiphp: Slot [15] registered
[    0.312431] acpiphp: Slot [16] registered
[    0.312877] acpiphp: Slot [17] registered
[    0.313382] acpiphp: Slot [18] registered
[    0.313826] acpiphp: Slot [19] registered
[    0.314275] acpiphp: Slot [20] registered
[    0.314720] acpiphp: Slot [21] registered
[    0.315165] acpiphp: Slot [22] registered
[    0.315621] acpiphp: Slot [23] registered
[    0.316066] acpiphp: Slot [24] registered
[    0.316515] acpiphp: Slot [25] registered
[    0.316961] acpiphp: Slot [26] registered
[    0.317408] acpiphp: Slot [27] registered
[    0.317853] acpiphp: Slot [28] registered
[    0.318301] acpiphp: Slot [29] registered
[    0.318745] acpiphp: Slot [30] registered
[    0.319190] acpiphp: Slot [31] registered
[    0.319307] PCI host bridge to bus 0000:00
[    0.319752] pci_bus 0000:00: root bus resource [io  0x0000-0x0cf7 window]
[    0.320486] pci_bus 0000:00: root bus resource [io  0x0d00-0xffff window]
[    0.321216] pci_bus 0000:00: root bus resource [mem 0x000a0000-0x000bffff window]
[    0.322021] pci_bus 0000:00: root bus resource [mem 0xc0000000-0xfebfffff window]
[    0.322820] pci_bus 0000:00: root bus resource [mem 0x380000000000-0x38007fffffff window]
[    0.323700] pci_bus 0000:00: root bus resource [bus 00-ff]
[    0.324347] pci 0000:00:00.0: [8086:1237] type 00 class 0x060000 conventional PCI endpoint
[    0.325692] pci 0000:00:01.0: [8086:7000] type 00 class 0x060100 conventional PCI endpoint
[    0.327258] pci 0000:00:01.1: [8086:7010] type 00 class 0x010180 conventional PCI endpoint
[    0.328794] pci 0000:00:01.1: BAR 4 [io  0xc200-0xc20f]
[    0.329336] pci 0000:00:01.1: BAR 0 [io  0x01f0-0x01f7]: legacy IDE quirk
[    0.330067] pci 0000:00:01.1: BAR 1 [io  0x03f6]: legacy IDE quirk
[    0.330730] pci 0000:00:01.1: BAR 2 [io  0x0170-0x0177]: legacy IDE quirk
[    0.331461] pci 0000:00:01.1: BAR 3 [io  0x0376]: legacy IDE quirk
[    0.332269] pci 0000:00:01.3: [8086:7113] type 00 class 0x068000 conventional PCI endpoint
[    0.333497] pci 0000:00:01.3: quirk: [io  0x0600-0x063f] claimed by PIIX4 ACPI
[    0.334280] pci 0000:00:01.3: quirk: [io  0x0700-0x070f] claimed by PIIX4 SMB
[    0.335336] pci 0000:00:02.0: [1af4:1009] type 00 class 0x000200 conventional PCI endpoint
[    0.337650] pci 0000:00:02.0: BAR 0 [io  0xc000-0xc03f]
[    0.338230] pci 0000:00:02.0: BAR 1 [mem 0xfebf7000-0xfebf7fff]
[    0.338900] pci 0000:00:02.0: BAR 4 [mem 0x380000000000-0x380000003fff 64bit pref]
[    0.340136] pci 0000:00:03.0: [1af4:1009] type 00 class 0x000200 conventional PCI endpoint
[    0.342632] pci 0000:00:03.0: BAR 0 [io  0xc040-0xc07f]
[    0.343206] pci 0000:00:03.0: BAR 1 [mem 0xfebf8000-0xfebf8fff]
[    0.343874] pci 0000:00:03.0: BAR 4 [mem 0x380000004000-0x380000007fff 64bit pref]
[    0.345400] pci 0000:00:04.0: [8086:25ab] type 00 class 0x088000 conventional PCI endpoint
[    0.347257] pci 0000:00:04.0: BAR 0 [mem 0xfebf9000-0xfebf900f]
[    0.348375] pci 0000:00:05.0: [1af4:1003] type 00 class 0x078000 conventional PCI endpoint
[    0.350302] pci 0000:00:05.0: BAR 0 [io  0xc080-0xc0bf]
[    0.350923] pci 0000:00:05.0: BAR 1 [mem 0xfebfa000-0xfebfafff]
[    0.351595] pci 0000:00:05.0: BAR 4 [mem 0x380000008000-0x38000000bfff 64bit pref]
[    0.353231] pci 0000:00:06.0: [1af4:1003] type 00 class 0x078000 conventional PCI endpoint
[    0.355218] pci 0000:00:06.0: BAR 0 [io  0xc0c0-0xc0ff]
[    0.355797] pci 0000:00:06.0: BAR 1 [mem 0xfebfb000-0xfebfbfff]
[    0.356467] pci 0000:00:06.0: BAR 4 [mem 0x38000000c000-0x38000000ffff 64bit pref]
[    0.358530] pci 0000:00:07.0: [1af4:1003] type 00 class 0x078000 conventional PCI endpoint
[    0.360078] pci 0000:00:07.0: BAR 0 [io  0xc100-0xc13f]
[    0.360655] pci 0000:00:07.0: BAR 1 [mem 0xfebfc000-0xfebfcfff]
[    0.361325] pci 0000:00:07.0: BAR 4 [mem 0x380000010000-0x380000013fff 64bit pref]
[    0.362949] pci 0000:00:08.0: [1af4:1003] type 00 class 0x078000 conventional PCI endpoint
[    0.364594] pci 0000:00:08.0: BAR 0 [io  0xc140-0xc17f]
[    0.365167] pci 0000:00:08.0: BAR 1 [mem 0xfebfd000-0xfebfdfff]
[    0.365835] pci 0000:00:08.0: BAR 4 [mem 0x380000014000-0x380000017fff 64bit pref]
[    0.367699] pci 0000:00:09.0: [1af4:1003] type 00 class 0x078000 conventional PCI endpoint
[    0.369291] pci 0000:00:09.0: BAR 0 [io  0xc180-0xc1bf]
[    0.369308] pci 0000:00:09.0: BAR 1 [mem 0xfebfe000-0xfebfefff]
[    0.369983] pci 0000:00:09.0: BAR 4 [mem 0x380000018000-0x38000001bfff 64bit pref]
[    0.371584] pci 0000:00:0a.0: [1af4:1003] type 00 class 0x078000 conventional PCI endpoint
[    0.373215] pci 0000:00:0a.0: BAR 0 [io  0xc1c0-0xc1ff]
[    0.373791] pci 0000:00:0a.0: BAR 1 [mem 0xfebff000-0xfebfffff]
[    0.374456] pci 0000:00:0a.0: BAR 4 [mem 0x38000001c000-0x38000001ffff 64bit pref]
[    0.378581] ACPI: PCI: Interrupt link LNKA configured for IRQ 10
[    0.379329] ACPI: PCI: Interrupt link LNKB configured for IRQ 10
[    0.380030] ACPI: PCI: Interrupt link LNKC configured for IRQ 11
[    0.380728] ACPI: PCI: Interrupt link LNKD configured for IRQ 11
[    0.381401] ACPI: PCI: Interrupt link LNKS configured for IRQ 9
[    0.382349] iommu: Default domain type: Translated
[    0.382349] iommu: DMA domain TLB invalidation policy: lazy mode
[    0.382349] pps_core: LinuxPPS API ver. 1 registered
[    0.382349] pps_core: Software ver. 5.3.6 - Copyright 2005-2007 Rodolfo Giometti <giometti@linux.it>
[    0.382349] PTP clock support registered
[    0.382349] EDAC MC: Ver: 3.0.0
[    0.382349] NetLabel: Initializing
[    0.382349] NetLabel:  domain hash size = 128
[    0.382349] NetLabel:  protocols = UNLABELED CIPSOv4 CALIPSO
[    0.389307] NetLabel:  unlabeled traffic allowed by default
[    0.389910] PCI: Using ACPI for IRQ routing
[    0.390557] e820: register RAM buffer resource [mem 0x0009fc00-0x0009ffff]
[    0.391292] e820: register RAM buffer resource [mem 0xbffdf000-0xbfffffff]
[    0.392037] hpet0: at MMIO 0xfed00000, IRQs 2, 8, 0
[    0.392037] hpet0: 3 comparators, 64-bit 100.000000 MHz counter
[    0.394921] clocksource: Switched to clocksource kvm-clock
[    0.395619] VFS: Disk quotas dquot_6.6.0
[    0.396053] VFS: Dquot-cache hash table entries: 512 (order 0, 4096 bytes)
[    0.396800] netfs: FS-Cache loaded
[    0.396800] pnp: PnP ACPI init
[    0.396800] pnp: PnP ACPI: found 5 devices
[    0.399050] clocksource: acpi_pm: mask: 0xffffff max_cycles: 0xffffff, max_idle_ns: 2085701024 ns
[    0.400027] NET: Registered PF_INET protocol family
[    0.400826] IP idents hash table entries: 262144 (order: 9, 2097152 bytes, linear)
[    0.410884] tcp_listen_portaddr_hash hash table entries: 32768 (order: 7, 524288 bytes, linear)
[    0.411851] Table-perturb hash table entries: 65536 (order: 6, 262144 bytes, linear)
[    0.412750] TCP established hash table entries: 524288 (order: 10, 4194304 bytes, linear)
[    0.414079] TCP bind hash table entries: 65536 (order: 9, 2097152 bytes, linear)
[    0.415123] TCP: Hash tables configured (established 524288 bind 65536)
[    0.416059] MPTCP token hash table entries: 65536 (order: 9, 1572864 bytes, linear)
[    0.416942] UDP hash table entries: 32768 (order: 9, 2097152 bytes, linear)
[    0.417949] UDP-Lite hash table entries: 32768 (order: 9, 2097152 bytes, linear)
[    0.419042] NET: Registered PF_UNIX/PF_LOCAL protocol family
[    0.419663] NET: Registered PF_XDP protocol family
[    0.420193] pci_bus 0000:00: resource 4 [io  0x0000-0x0cf7 window]
[    0.420867] pci_bus 0000:00: resource 5 [io  0x0d00-0xffff window]
[    0.421537] pci_bus 0000:00: resource 6 [mem 0x000a0000-0x000bffff window]
[    0.422279] pci_bus 0000:00: resource 7 [mem 0xc0000000-0xfebfffff window]
[    0.423020] pci_bus 0000:00: resource 8 [mem 0x380000000000-0x38007fffffff window]
[    0.423855] pci 0000:00:01.0: PIIX3: Enabling Passive Release
[    0.424520] pci 0000:00:00.0: Limiting direct PCI/PCI transfers
[    0.425264] PCI: CLS 0 bytes, default 64
[    0.425734] PCI-DMA: Using software bounce buffering for IO (SWIOTLB)
[    0.425885] Trying to unpack rootfs image as initramfs...
[    0.426433] software IO TLB: mapped [mem 0x00000000bb36b000-0x00000000bf36b000] (64MB)
[    0.428587] clocksource: tsc: mask: 0xffffffffffffffff max_cycles: 0x6a464ae9873, max_idle_ns: 881590529744 ns
[    0.432125] Freeing initrd memory: 12692K
[    0.435970] Initialise system trusted keyrings
[    0.436483] Key type blacklist registered
[    0.437052] workingset: timestamp_bits=36 max_order=24 bucket_order=0
[    0.438056] SGI XFS with ACLs, security attributes, quota, no debug enabled
[    0.439494] 9p: Installing v9fs 9p2000 file system support
[    0.440465] integrity: Platform Keyring initialized
[    0.441159] cryptd: max_cpu_qlen set to 1000
[    0.446785] Key type asymmetric registered
[    0.447235] Asymmetric key parser 'x509' registered
[    0.447774] Block layer SCSI generic (bsg) driver version 0.4 loaded (major 248)
[    0.448723] io scheduler mq-deadline registered
[    0.449219] io scheduler kyber registered
[    0.449661] io scheduler bfq registered
[    0.458615] ACPI: \_SB_.LNKB: Enabled at IRQ 10
[    0.467318] ACPI: \_SB_.LNKC: Enabled at IRQ 11
[    0.475892] ACPI: \_SB_.LNKA: Enabled at IRQ 10
[    0.500712] ACPI: \_SB_.LNKD: Enabled at IRQ 11
[    0.518186] Serial: 8250/16550 driver, 4 ports, IRQ sharing disabled
[    0.518992] 00:03: ttyS0 at I/O 0x3f8 (irq = 4, base_baud = 115200) is a 16550A
[    0.581609] loop: module loaded
[    0.582725] tun: Universal TUN/TAP device driver, 1.6
[    0.584171] rtc_cmos 00:04: RTC can wake from S4
[    0.586070] rtc_cmos 00:04: registered as rtc0
[    0.587209] rtc_cmos 00:04: setting system clock to 2026-09-26T03:52:39 UTC (1790394759)
[    0.589136] rtc_cmos 00:04: alarms up to one day, y3k, 242 bytes nvram, hpet irqs
[    0.590856] intel_pstate: CPU model not supported
[    0.591970] hid: raw HID events driver (C) Jiri Kosina
[    0.593639] NET: Registered PF_INET6 protocol family
[    0.595245] Segment Routing with IPv6
[    0.596108] In-situ OAM (IOAM) with IPv6
[    0.597047] NET: Registered PF_PACKET protocol family
[    0.598212] bridge: filtering via arp/ip/ip6tables is no longer available by default. Update your scripts to load br_netfilter if you need this.
[    0.601211] 9pnet: Installing 9P2000 support
[    0.605656] IPI shorthand broadcast: enabled
[    0.608227] sched_clock: Marking stable (604943747, 612848)->(618969029, -13412434)
[    0.610497] registered taskstats version 1
[    0.611577] Loading compiled-in X.509 certificates
[    0.613140] Loaded X.509 cert 'Build time autogenerated kernel key: d1424aba97e5b78a90400dcad095464dbcbd105a'
[    0.616989] Demotion targets for Node 0: null
[    0.618069] Key type .fscrypt registered
[    0.618971] Key type fscrypt-provisioning registered
[    0.620141] ima: No TPM chip found, activating TPM-bypass!
[    0.621400] ima: Allocated hash algorithm: sha256
[    0.622491] ima: No architecture policies found
[    0.623942] clk: Disabling unused clocks
[    0.626573] Freeing unused decrypted memory: 2036K
[    0.628122] Freeing unused kernel image (initmem) memory: 4024K
[    0.629075] Write protecting the kernel read-only data: 32768k
[    0.630463] Freeing unused kernel image (text/rodata gap) memory: 1940K
[    0.632348] Freeing unused kernel image (rodata/data gap) memory: 1740K
[    0.633376] Run /init as init process
[    0.634346] virtme initramfs: loading fuse.ko...
[    0.636806] fuse: module verification failed: signature and/or required key missing - tainting kernel
[    0.641634] fuse: init (API version 7.45)
[    0.642720] virtme initramfs: loading virtiofs.ko...
[    0.645836] virtme initramfs: loading virtio_mmio.ko...
[    0.647616] virtme initramfs: loading serio.ko...
[    0.649000] virtme initramfs: loading i8042.ko...
[    0.650588] i8042: PNP: PS/2 Controller [PNP0303:KBD,PNP0f13:MOU] at 0x60,0x64 irq 1,12
[    0.651985] serio: i8042 KBD port at 0x60,0x64 irq 1
[    0.652346] serio: i8042 AUX port at 0x60,0x64 irq 12
[    0.653015] virtme initramfs: loading libps2.ko...
[    0.654974] virtme initramfs: loading vivaldi-fmap.ko...
[    0.656700] virtme initramfs: loading atkbd.ko...
[    0.658658] virtme initramfs: mounting hostfs...
[    0.659150] input: AT Translated Set 2 keyboard as /devices/platform/i8042/serio0/input/input0
[    0.659877] virtio-fs: tag <ROOTFS> not found
[    0.662034] 9pnet: Limiting 'msize' to 512000 as this is the maximum supported by transport virtio
[    0.664892] virtme initramfs: done; switching to real root
[    0.686598] virtme-ng-init: Setting hostname to virtme-ng...
[    0.731260] virtme-ng-init: running systemd-tmpfiles
[    0.909245] virtme-ng-init: basic initialization done
[    0.913800] virtme-ng-init: you have CONFIG_UEVENT_HELPER on; turn it off
[    0.917925] 9pnet: Limiting 'msize' to 512000 as this is the maximum supported by transport virtio
[    0.943894] virtme-ng-init: Starting systemd-udevd version 255.4-1ubuntu8.17
[    0.945161] virtme-ng-init: triggering udev coldplug
[    1.689446] virtme-ng-init: waiting for udev to settle
[    1.696384] input: Power Button as /devices/platform/LNXPWRBN:00/input/input2
[    1.700560] ACPI: button: Power Button [PWRF]
[    1.710777] piix4_smbus 0000:00:01.3: SMBus Host Controller at 0x700, revision 0
[    1.714994] i2c i2c-0: Memory type 0x07 not supported yet, not instantiating SPD
[    1.721752] SCSI subsystem initialized
[    1.723052] input: VirtualPS/2 VMware VMMouse as /devices/platform/i8042/serio1/input/input4
[    1.725287] input: VirtualPS/2 VMware VMMouse as /devices/platform/i8042/serio1/input/input3
[    1.760501] mousedev: PS/2 mouse device common for all mice
[    1.816859] scsi host0: ata_piix
[    1.817909] scsi host1: ata_piix
[    1.818998] ata1: PATA max MWDMA2 cmd 0x1f0 ctl 0x3f6 bmdma 0xc200 irq 14 lpm-pol 0
[    1.820290] ata2: PATA max MWDMA2 cmd 0x170 ctl 0x376 bmdma 0xc208 irq 15 lpm-pol 0
[    1.990995] ata2: found unknown device (class 0)
[    1.992516] ata2.00: ATAPI: QEMU DVD-ROM, 2.5+, max UDMA/100
[    1.994944] scsi 1:0:0:0: CD-ROM            QEMU     QEMU DVD-ROM     2.5+ PQ: 0 ANSI: 5
[    2.100882] scsi 1:0:0:0: Attached scsi generic sg0 type 5
[    2.201905] sr 1:0:0:0: [sr0] scsi3-mmc drive: 4x/4x cd/rw xa/form2 tray
[    2.202405] cdrom: Uniform CD-ROM driver Revision: 3.20
[    3.853600] virtme-ng-init: udev is done
[    3.855875] virtme-ng-init: starting script
[    4.081628] loop0: detected capacity change from 0 to 134217728
[    4.087544] EXT4-fs (loop0): mounted filesystem 641be5e8-610d-425f-ada2-2018121a84c6 r/w with ordered data mode. Quota mode: none.
[    7.045589] Initializing XFRM netlink socket
[   46.019826] bpf_x86_alu: loading out-of-tree module taints kernel.
[   55.133770] eth0: renamed from lxcbench0p
[   56.873713] eth0: renamed from lxcbench1p
[   56.987643] pktgen: no symbol version for set_freezable
[   56.988561] pktgen: Packet Generator for packet performance testing. Version: 2.75
[  310.513435] eth0: renamed from lxcbench0p
[  312.204715] eth0: renamed from lxcbench1p
[  557.900585] ACPI: PM: Preparing to enter system sleep state S5
[  557.901154] kvm: exiting hardware virtualization
[  557.901723] reboot: Power down
