WARNING: No swap limit support
WARNING: IPv4 forwarding is disabled
Loaded image: bpf-benchmark/runner-runtime:x86_64
WARNING: IPv4 forwarding is disabled. Networking will not work.
_DISK_SIZE:-64G}" /var/tmp/bpf-benchmark-docker.img
mkfs.ext4 -F -q /var/tmp/bpf-benchmark-docker.img
mount -o loop,discard /var/tmp/bpf-benchmark-docker.img /run/bpf-benchmark-docker
dockerd --data-root /run/bpf-benchmark-docker/data --exec-root /run/bpf-benchmark-docker/exec --pidfile /run/bpf-benchmark-docker/docker.pid --host unix:///run/docker.sock --bridge=none --iptables=false --ip-masq=false --ip-forward=false >/run/bpf-benchmark-docker/dockerd.log 2>&1 &
for _ in 1 2 3 4 5 6 7 8 9 10; do docker info >/dev/null 2>&1 && break; sleep 1; done
docker info >/dev/null
install -d "/workspaces/repository/corpus/results"
"/workspaces/repository/runner/scripts/bpfrejit-install" --image "bpf-benchmark/runner-runtime:x86_64" "/workspaces/repository/.cache/container-images/x86_64-runner-runtime.image.tar"
docker run --rm --privileged --pid=host --network=host --ipc=host --cgroupns=host -e BPFREJIT_INSIDE_RUNTIME_CONTAINER=1 -e HOME=/root -e TARGET="x86-kvm" -e RUN_TARGET_NAME="x86-kvm" -e RUN_TOKEN="1af97c21" -e RUN_TARGET_ARCH="x86_64" -e RUN_EXECUTOR="kvm" -e RUN_REMOTE_PYTHON_BIN="python3" -e RUN_RUNTIME_PYTHON_BIN="python3" -e RUN_BPFTOOL_BIN="bpftool" -e RUN_NATIVE_REPOS_CSV="bcc,katran,tracee,tetragon" -e SAMPLES="3"      -e FUZZ_ROUNDS="1000"  -e WORKLOAD_DURATION="60" -e KEEP_WORKDIRS="1" -e BPFREJIT_BENCH_PASSES="map_inline" -e BPFREJIT_CORPUS_APPS="otelcol-ebpf-profiler/profiling"           -e MERLIN_COMPILETIME_MODE="none"                    -w "/workspaces/repository" -v /sys:/sys -v /sys/fs/bpf:/sys/fs/bpf -v /sys/kernel/debug:/sys/kernel/debug -v /lib/modules:/lib/modules:ro -v /boot:/boot:ro -v "/workspaces/repository/corpus/results:/workspaces/repository/corpus/results" "bpf-benchmark/runner-runtime:x86_64" python3 -m corpus.driver
{"active_env_keys": ["BPFREJIT_NATIVE_LOADER_REQUIRE_PREBUILT_PROOF", "BPFREJIT_NATIVE_LOADER_SO"], "event": "native_loader_mode", "post_only": false, "saved_env_keys": ["BPFREJIT_NATIVE_LOADER_REQUIRE_PREBUILT_PROOF", "BPFREJIT_NATIVE_LOADER_SO"]}
{"app": "otelcol-ebpf-profiler/profiling", "event": "app_start", "runner": "otelcol-ebpf-profiler", "workload": "otel_mixed_workload"}
{"app": "otelcol-ebpf-profiler/profiling", "event": "phase_start", "phase": "baseline_start", "runner": "otelcol-ebpf-profiler", "workload": "otel_mixed_workload"}
{"active_env_keys": ["BPFREJIT_NATIVE_LOADER_REQUIRE_PREBUILT_PROOF", "BPFREJIT_NATIVE_LOADER_SO"], "app": "otelcol-ebpf-profiler/profiling", "event": "native_loader_phase_env", "phase": "baseline_start", "runner": "otelcol-ebpf-profiler", "temporary_set_keys": ["BPFREJIT_SHIM_LOADTIME_PLAN", "BPFREJIT_SHIM_LOG"], "temporary_unset_keys": []}
{"app": "otelcol-ebpf-profiler/profiling", "event": "phase_done", "phase": "baseline_start", "runner": "otelcol-ebpf-profiler", "status": "ok"}
{"app": "otelcol-ebpf-profiler/profiling", "event": "measurement_start", "phase": "baseline", "runner": "otelcol-ebpf-profiler", "samples": 3, "workload": "otel_mixed_workload"}
{"app": "otelcol-ebpf-profiler/profiling", "event": "measurement_done", "phase": "baseline", "runner": "otelcol-ebpf-profiler", "status": "ok"}
{"app": "otelcol-ebpf-profiler/profiling", "event": "phase_start", "phase": "baseline_stop", "runner": "otelcol-ebpf-profiler"}
{"app": "otelcol-ebpf-profiler/profiling", "event": "phase_step", "phase": "baseline_stop", "runner": "otelcol-ebpf-profiler", "step": "runner_stop_done"}
{"app": "otelcol-ebpf-profiler/profiling", "event": "phase_step", "phase": "baseline_stop", "runner": "otelcol-ebpf-profiler", "step": "quiesce_start"}
{"app": "otelcol-ebpf-profiler/profiling", "event": "phase_step", "phase": "baseline_stop", "runner": "otelcol-ebpf-profiler", "step": "quiesce_done"}
{"app": "otelcol-ebpf-profiler/profiling", "event": "phase_step", "phase": "baseline_stop", "runner": "otelcol-ebpf-profiler", "step": "bpf_stats_disabled"}
{"app": "otelcol-ebpf-profiler/profiling", "event": "phase_done", "phase": "baseline_stop", "runner": "otelcol-ebpf-profiler", "status": "ok"}
{"active_env_keys": ["BPFREJIT_NATIVE_LOADER_REQUIRE_PREBUILT_PROOF", "BPFREJIT_NATIVE_LOADER_SO"], "app": "otelcol-ebpf-profiler/profiling", "event": "native_loader_phase_env", "phase": "post_rejit_start", "runner": "otelcol-ebpf-profiler", "temporary_set_keys": ["BPFREJIT_REPO_ROOT", "BPFREJIT_SHIM_LOADTIME_PLAN", "BPFREJIT_SHIM_LOG"], "temporary_unset_keys": []}
{"app": "otelcol-ebpf-profiler/profiling", "event": "loadtime_plan_start", "runner": "otelcol-ebpf-profiler"}
{"app": "otelcol-ebpf-profiler/profiling", "event": "loadtime_plan_done", "runner": "otelcol-ebpf-profiler", "status": "ok"}
{"app": "otelcol-ebpf-profiler/profiling", "event": "phase_start", "phase": "post_rejit_start", "runner": "otelcol-ebpf-profiler", "workload": "otel_mixed_workload"}
{"app": "otelcol-ebpf-profiler/profiling", "event": "phase_done", "phase": "post_rejit_start", "runner": "otelcol-ebpf-profiler", "status": "ok"}
{"app": "otelcol-ebpf-profiler/profiling", "event": "measurement_start", "phase": "post_rejit", "runner": "otelcol-ebpf-profiler", "samples": 3, "workload": "otel_mixed_workload"}
{"app": "otelcol-ebpf-profiler/profiling", "event": "measurement_done", "phase": "post_rejit", "runner": "otelcol-ebpf-profiler", "status": "ok"}
{"app": "otelcol-ebpf-profiler/profiling", "event": "phase_start", "phase": "post_rejit_stop", "runner": "otelcol-ebpf-profiler"}
{"app": "otelcol-ebpf-profiler/profiling", "event": "phase_step", "phase": "post_rejit_stop", "runner": "otelcol-ebpf-profiler", "step": "runner_stop_done"}
{"app": "otelcol-ebpf-profiler/profiling", "event": "phase_step", "phase": "post_rejit_stop", "runner": "otelcol-ebpf-profiler", "step": "quiesce_start"}
{"app": "otelcol-ebpf-profiler/profiling", "event": "phase_step", "phase": "post_rejit_stop", "runner": "otelcol-ebpf-profiler", "step": "quiesce_done"}
{"app": "otelcol-ebpf-profiler/profiling", "event": "phase_step", "phase": "post_rejit_stop", "runner": "otelcol-ebpf-profiler", "step": "bpf_stats_disabled"}
{"app": "otelcol-ebpf-profiler/profiling", "event": "phase_done", "phase": "post_rejit_stop", "runner": "otelcol-ebpf-profiler", "status": "ok"}
{"app": "otelcol-ebpf-profiler/profiling", "error": "", "event": "app_done", "status": "ok"}
{
  "status": "ok",
  "artifact_run_dir": "/workspaces/repository/corpus/results/x86_kvm_corpus_20260926_082957_279287",
  "artifact_metadata": "/workspaces/repository/corpus/results/x86_kvm_corpus_20260926_082957_279287/metadata.json"
}
make: Leaving directory '/workspaces/repository'
ge:     8
[    0.034494] CPU topo: Num. threads per package:   8
[    0.034995] CPU topo: Allowing 8 present CPUs plus 0 hotplug CPUs
[    0.035634] kvm-guest: APIC: eoi() replaced with kvm_guest_apic_eoi_write()
[    0.036358] kvm-guest: KVM setup pv remote TLB flush
[    0.036872] kvm-guest: setup PV sched yield
[    0.037305] PM: hibernation: Registered nosave memory: [mem 0x00000000-0x00000fff]
[    0.038084] PM: hibernation: Registered nosave memory: [mem 0x0009f000-0x000fffff]
[    0.038862] PM: hibernation: Registered nosave memory: [mem 0xbffdf000-0xffffffff]
[    0.039641] [gap 0xc0000000-0xfeffbfff] available for PCI devices
[    0.040266] Booting paravirtualized kernel on KVM
[    0.040751] clocksource: refined-jiffies: mask: 0xffffffff max_cycles: 0xffffffff, max_idle_ns: 19112604462750000 ns
[    0.046167] Zone ranges:
[    0.046468]   DMA      [mem 0x0000000000001000-0x0000000000ffffff]
[    0.047103]   DMA32    [mem 0x0000000001000000-0x00000000ffffffff]
[    0.047739]   Normal   [mem 0x0000000100000000-0x000000103fffffff]
[    0.048373]   Device   empty
[    0.048672] Movable zone start for each node
[    0.049110] Early memory node ranges
[    0.049479]   node   0: [mem 0x0000000000001000-0x000000000009efff]
[    0.050122]   node   0: [mem 0x0000000000100000-0x00000000bffdefff]
[    0.050767]   node   0: [mem 0x0000000100000000-0x000000103fffffff]
[    0.051412] Initmem setup node 0 [mem 0x0000000000001000-0x000000103fffffff]
[    0.052330] On node 0, zone DMA: 1 pages in unavailable ranges
[    0.052947] On node 0, zone DMA: 97 pages in unavailable ranges
[    0.058982] On node 0, zone Normal: 33 pages in unavailable ranges
[    0.059695] setup_percpu: NR_CPUS:8192 nr_cpumask_bits:8 nr_cpu_ids:8 nr_node_ids:1
[    0.060770] percpu: Embedded 61 pages/cpu s212992 r8192 d28672 u262144
[    0.061483] kvm-guest: PV spinlocks enabled
[    0.061918] PV qspinlock hash table entries: 256 (order: 0, 4096 bytes, linear)
[    0.062679] Kernel command line: virtme_hostname=virtme-ng nr_open=2147483584 virtme_link_mods=/workspaces/repository/vendor/build/x86/linux/.virtme_mods/lib/modules/0.0.0 virtme_initmount0=workspaces/repository virtme_rw_overlay0=/etc virtme_rw_overlay1=/lib virtme_rw_overlay2=/home virtme_rw_overlay3=/opt virtme_rw_overlay4=/srv virtme_rw_overlay5=/usr virtme_rw_overlay6=/var virtme_rw_overlay7=/tmp virtme_console=ttyS0 console=ttyS0 earlyprintk=serial,ttyS0,115200 panic=-1 \
[    0.067069] Kernel command line: virtme.exec=`bWFrZSAtQyAvd29ya3NwYWNlcy9yZXBvc2l0b3J5IF9fcnVudGltZS12bS1jb3JwdXMgVEFSR0VUPSd4ODYta3ZtJyBSVU5fVEFSR0VUX05BTUU9J3g4Ni1rdm0nIFJVTl9UQVJHRVRfQVJDSD0neDg2XzY0JyBSVU5fRVhFQ1VUT1I9J2t2bScgUlVOVElNRV9DT05UQUlORVJfSU1BR0U9J2JwZi1iZW5jaG1hcmsvcnVubmVyLXJ1bnRpbWU6eDg2XzY0JyBSVU5USU1FX0lNQUdFX1RBUj0nL3dvcmtzcGFjZXMvcmVwb3NpdG9yeS8uY2FjaGUvY29udGFpbmVyLWltYWdlcy94ODZfNjQtcnVubmVyLXJ1bnRpbWUuaW1hZ2UudGFyJyBSVU5fUkVNT1RFX1BZVEhPTl9CSU49J3B5dGhvbjMnIFJVTl9SVU5USU1FX1BZVEhPTl9CSU49J3B5dGhvbjMnIFJVTl9CUEZUT09MX0JJTj0nYnBmdG9vbCcgUlVOX05BVElWRV9SRVBPU19DU1Y9J2JjYyxrYXRyYW4sdHJhY2VlLHRldHJhZ29uJyBSVU5fVE9LRU49JzFhZjk3YzIxJyBTQU1QTEVTPSczJyAgICAgIEZVWlpfUk9VTkRTPScxMDAwJyAgV09SS0xPQURfRFVSQVRJT049JzYwJyBLRUVQX1dPUktESVJTPScxJyBCUEZSRUpJVF9CRU5DSF9QQVNTRVM9J21hcF9pbmxpbmUnIEJQRlJFSklUX0NPUlBVU19BUFBTPSdvdGVsY29sLWVicGYtcHJvZmlsZXIvcHJvZmlsaW5nJyAgICAgICAgICAgTUVSTElOX0NPTVBJTEVUSU1FX01PREU9J25vbmUnICAgICAgICAgICAgICAgICAgIA==` virtme_chdir=workspaces/repository virtme_root_user=1 debug \
[    0.076387] Kernel command line: loglevel=7 panic=30 oops=panic init=/opt/virtme-ng/lib/python3.12/site-packages/virtme/guest/bin/virtme-ng-init
[    0.077900] Unknown kernel command line parameters "virtme_hostname=virtme-ng nr_open=2147483584 virtme_link_mods=/workspaces/repository/vendor/build/x86/linux/.virtme_mods/lib/modules/0.0.0 virtme_initmount0=workspaces/repository virtme_rw_overlay0=/etc virtme_rw_overlay1=/lib virtme_rw_overlay2=/home virtme_rw_overlay3=/opt virtme_rw_overlay4=/srv virtme_rw_overlay5=/usr virtme_rw_overlay6=/var virtme_rw_overlay7=/tmp virtme_console=ttyS0 virtme_chdir=workspaces/repository virtme_root_user=1", will be passed to user space.
[    0.082717] random: crng init done
[    0.083068] printk: log buffer data + meta data: 2097152 + 7340032 = 9437184 bytes
[    0.090935] Dentry cache hash table entries: 8388608 (order: 14, 67108864 bytes, linear)
[    0.095373] Inode-cache hash table entries: 4194304 (order: 13, 33554432 bytes, linear)
[    0.096326] software IO TLB: area num 8.
[    0.107802] Fallback order for Node 0: 0
[    0.107807] Built 1 zonelists, mobility grouping on.  Total pages: 16777085
[    0.108917] Policy zone: Normal
[    0.109230] mem auto-init: stack:off, heap alloc:off, heap free:off
[    0.123300] SLUB: HWalign=64, Order=0-3, MinObjects=0, CPUs=8, Nodes=1
Poking KASLR using RDRAND RDTSC...
[    0.132437] ftrace: allocating 51964 entries in 204 pages
[    0.132984] ftrace: allocated 204 pages with 4 groups
[    0.133879] Dynamic Preempt: lazy
[    0.134473] rcu: Preemptible hierarchical RCU implementation.
[    0.135046] rcu: 	RCU restricting CPUs from NR_CPUS=8192 to nr_cpu_ids=8.
[    0.135722] 	Trampoline variant of Tasks RCU enabled.
[    0.136222] 	Rude variant of Tasks RCU enabled.
[    0.136673] 	Tracing variant of Tasks RCU enabled.
[    0.137147] rcu: RCU calculated value of scheduler-enlistment delay is 10 jiffies.
[    0.137899] rcu: Adjusting geometry for rcu_fanout_leaf=16, nr_cpu_ids=8
[    0.138573] RCU Tasks: Setting shift to 3 and lim to 1 rcu_task_cb_adjust=1 rcu_task_cpu_ids=8.
[    0.139444] RCU Tasks Rude: Setting shift to 3 and lim to 1 rcu_task_cb_adjust=1 rcu_task_cpu_ids=8.
[    0.143139] NR_IRQS: 524544, nr_irqs: 488, preallocated irqs: 16
[    0.143930] rcu: srcu_init: Setting srcu_struct sizes based on contention.
[    0.144731] Console: colour *CGA 80x25
[    0.145134] printk: legacy console [ttyS0] enabled
[    0.145134] printk: legacy console [ttyS0] enabled
[    0.146106] printk: legacy bootconsole [earlyser0] disabled
[    0.146106] printk: legacy bootconsole [earlyser0] disabled
[    0.147247] ACPI: Core revision 20251212
[    0.147769] clocksource: hpet: mask: 0xffffffff max_cycles: 0xffffffff, max_idle_ns: 19112604467 ns
[    0.148780] APIC: Switch to symmetric I/O mode setup
[    0.149469] x2apic enabled
[    0.149945] APIC: Switched APIC routing to: physical x2apic
[    0.150523] kvm-guest: APIC: send_IPI_mask() replaced with kvm_send_ipi_mask()
[    0.151263] kvm-guest: APIC: send_IPI_mask_allbutself() replaced with kvm_send_ipi_mask_allbutself()
[    0.152195] kvm-guest: setup PV IPIs
[    0.153250] ..TIMER: vector=0x30 apic1=0 pin1=2 apic2=-1 pin2=-1
[    0.153887] clocksource: tsc-early: mask: 0xffffffffffffffff max_cycles: 0x6a464ae9873, max_idle_ns: 881590529744 ns
[    0.154961] Calibrating delay loop (skipped) preset value.. 7372.80 BogoMIPS (lpj=36864000)
[    0.155938] x86/cpu: User Mode Instruction Prevention (UMIP) activated
[    0.156667] Last level iTLB entries: 4KB 0, 2MB 0, 4MB 0
[    0.157215] Last level dTLB entries: 4KB 0, 2MB 0, 4MB 0, 1GB 0
[    0.157830] mitigations: Enabled attack vectors: user_kernel, user_user, guest_host, guest_guest, SMT mitigations: auto
[    0.164963] Speculative Store Bypass: Mitigation: Speculative Store Bypass disabled via prctl
[    0.165839] Spectre V2 : Mitigation: Enhanced / Automatic IBRS
[    0.166440] ITS: Mitigation: Aligned branch/return thunks
[    0.166996] Spectre V1 : Mitigation: usercopy/swapgs barriers and __user pointer sanitization
[    0.167870] Spectre V2 : mitigation: Enabling conditional Indirect Branch Prediction Barrier
[    0.168741] active return thunk: its_return_thunk
[    0.169230] Spectre V2 : Spectre BHI mitigation: SW BHB clearing on syscall and VM exit
[    0.170067] x86/fpu: Supporting XSAVE feature 0x001: 'x87 floating point registers'
[    0.170867] x86/fpu: Supporting XSAVE feature 0x002: 'SSE registers'
[    0.171534] x86/fpu: Supporting XSAVE feature 0x004: 'AVX registers'
[    0.172199] x86/fpu: Supporting XSAVE feature 0x200: 'Protection Keys User registers'
[    0.173020] x86/fpu: xstate_offset[2]:  576, xstate_sizes[2]:  256
[    0.173669] x86/fpu: xstate_offset[9]:  832, xstate_sizes[9]:    8
[    0.174315] x86/fpu: Enabled xstate features 0x207, context size is 840 bytes, using 'compacted' format.
[    0.188348] Freeing SMP alternatives memory: 48K
[    0.188853] pid_max: default: 32768 minimum: 301
[    0.189424] landlock: Up and running.
[    0.189817] Yama: becoming mindful.
[    0.190193] SELinux:  Initializing.
[    0.190772] LSM support for eBPF active
[    0.191277] Mount-cache hash table entries: 131072 (order: 8, 1048576 bytes, linear)
[    0.192279] Mountpoint-cache hash table entries: 131072 (order: 8, 1048576 bytes, linear)
[    0.193189] VFS: Finished mounting rootfs on nullfs
[    0.193929] smpboot: CPU0: Intel(R) Core(TM) Ultra 9 285K (family: 0x6, model: 0xc6, stepping: 0x2)
[    0.194960] Performance Events: unsupported CPU family 6 model 198 no PMU driver, software events only.
[    0.194960] signal: max sigframe size: 3632
[    0.194960] rcu: Hierarchical SRCU implementation.
[    0.194960] rcu: 	Max phase no-delay instances is 1000.
[    0.194960] Timer migration: 1 hierarchy levels; 8 children per group; 1 crossnode level
[    0.195018] smp: Bringing up secondary CPUs ...
[    0.195585] smpboot: x86: Booting SMP configuration:
[    0.196115] .... node  #0, CPUs:      #1 #2 #3 #4 #5 #6 #7
[    0.196891] smp: Brought up 1 node, 8 CPUs
[    0.196891] smpboot: Total of 8 processors activated (58982.40 BogoMIPS)
[    1.300149] node 0 deferred pages initialised in 1110ms
[    1.305036] Memory: 65808508K/67108340K available (16491K kernel code, 9695K rwdata, 12596K rodata, 4024K init, 7316K bss, 1288216K reserved, 0K cma-reserved)
[    1.330123] devtmpfs: initialized
[    1.330123] x86/mm: Memory block size: 1024MB
[    1.330123] clocksource: jiffies: mask: 0xffffffff max_cycles: 0xffffffff, max_idle_ns: 19112604462750000 ns
[    1.334973] posixtimers hash table entries: 4096 (order: 4, 65536 bytes, linear)
[    1.336599] futex hash table entries: 2048 (131072 bytes on 1 NUMA nodes, total 128 KiB, linear).
[    1.346452] NET: Registered PF_NETLINK/PF_ROUTE protocol family
[    1.347900] DMA: preallocated 4096 KiB GFP_KERNEL pool for atomic allocations
[    1.349453] DMA: preallocated 4096 KiB GFP_KERNEL|GFP_DMA pool for atomic allocations
[    1.351151] DMA: preallocated 4096 KiB GFP_KERNEL|GFP_DMA32 pool for atomic allocations
[    1.352901] audit: initializing netlink subsys (disabled)
[    1.354093] audit: type=2000 audit(1790411223.531:1): state=initialized audit_enabled=0 res=1
[    1.355029] thermal_sys: Registered thermal governor 'fair_share'
[    1.355031] thermal_sys: Registered thermal governor 'step_wise'
[    1.356382] thermal_sys: Registered thermal governor 'user_space'
[    1.357700] cpuidle: using governor ladder
[    1.357700] cpuidle: using governor menu
[    1.357700] acpiphp: ACPI Hot Plug PCI Controller Driver version: 0.5
[    1.357700] PCI: Using configuration type 1 for base access
[    1.359040] kprobes: kprobe jump-optimization is enabled. All kprobes are optimized if possible.
[    1.365908] HugeTLB: registered 1.00 GiB page size, pre-allocated 0 pages
[    1.366557] HugeTLB: 16380 KiB vmemmap can be freed for a 1.00 GiB page
[    1.367988] HugeTLB: registered 2.00 MiB page size, pre-allocated 0 pages
[    1.369466] HugeTLB: 28 KiB vmemmap can be freed for a 2.00 MiB page
[    1.370930] ACPI: Added _OSI(Module Device)
[    1.374967] ACPI: Added _OSI(Processor Device)
[    1.375960] ACPI: Added _OSI(Processor Aggregator Device)
[    1.377459] ACPI: 1 ACPI AML tables successfully acquired and loaded
[    1.384971] ACPI: \_SB_: platform _OSC: OS support mask [00227eff]
[    1.385728] ACPI: Interpreter enabled
[    1.385728] ACPI: PM: (supports S0 S4 S5)
[    1.385728] ACPI: Using IOAPIC for interrupt routing
[    1.385925] PCI: Using host bridge windows from ACPI; if necessary, use "pci=nocrs" and report a bug
[    1.386867] PCI: Using E820 reservations for host bridge windows
[    1.387543] ACPI: Enabled 2 GPEs in block 00 to 0F
[    1.389495] ACPI: PCI Root Bridge [PCI0] (domain 0000 [bus 00-ff])
[    1.390140] acpi PNP0A03:00: _OSC: OS supports [ASPM ClockPM Segments MSI HPX-Type3]
[    1.390939] acpi PNP0A03:00: _OSC: not requesting OS control; OS requires [ExtendedConfig ASPM ClockPM MSI]
[    1.391942] acpi PNP0A03:00: _OSC: platform retains control of PCIe features (AE_ERROR)
[    1.392770] acpi PNP0A03:00: fail to add MMCONFIG information, can't access extended configuration space under this bridge
[    1.394130] acpiphp: Slot [2] registered
[    1.394578] acpiphp: Slot [3] registered
[    1.394974] acpiphp: Slot [4] registered
[    1.395401] acpiphp: Slot [5] registered
[    1.395821] acpiphp: Slot [6] registered
[    1.396241] acpiphp: Slot [7] registered
[    1.396670] acpiphp: Slot [8] registered
[    1.397090] acpiphp: Slot [9] registered
[    1.397513] acpiphp: Slot [10] registered
[    1.397942] acpiphp: Slot [11] registered
[    1.398374] acpiphp: Slot [12] registered
[    1.398803] acpiphp: Slot [13] registered
[    1.399233] acpiphp: Slot [14] registered
[    1.399665] acpiphp: Slot [15] registered
[    1.400093] acpiphp: Slot [16] registered
[    1.400524] acpiphp: Slot [17] registered
[    1.400984] acpiphp: Slot [18] registered
[    1.401417] acpiphp: Slot [19] registered
[    1.401851] acpiphp: Slot [20] registered
[    1.402279] acpiphp: Slot [21] registered
[    1.402715] acpiphp: Slot [22] registered
[    1.403159] acpiphp: Slot [23] registered
[    1.403592] acpiphp: Slot [24] registered
[    1.404020] acpiphp: Slot [25] registered
[    1.404452] acpiphp: Slot [26] registered
[    1.404880] acpiphp: Slot [27] registered
[    1.404972] acpiphp: Slot [28] registered
[    1.405400] acpiphp: Slot [29] registered
[    1.405827] acpiphp: Slot [30] registered
[    1.406258] acpiphp: Slot [31] registered
[    1.406684] PCI host bridge to bus 0000:00
[    1.407115] pci_bus 0000:00: root bus resource [io  0x0000-0x0cf7 window]
[    1.407814] pci_bus 0000:00: root bus resource [io  0x0d00-0xffff window]
[    1.408515] pci_bus 0000:00: root bus resource [mem 0x000a0000-0x000bffff window]
[    1.409287] pci_bus 0000:00: root bus resource [mem 0xc0000000-0xfebfffff window]
[    1.410058] pci_bus 0000:00: root bus resource [mem 0x380000000000-0x38007fffffff window]
[    1.410897] pci_bus 0000:00: root bus resource [bus 00-ff]
[    1.411503] pci 0000:00:00.0: [8086:1237] type 00 class 0x060000 conventional PCI endpoint
[    1.412803] pci 0000:00:01.0: [8086:7000] type 00 class 0x060100 conventional PCI endpoint
[    1.414109] pci 0000:00:01.1: [8086:7010] type 00 class 0x010180 conventional PCI endpoint
[    1.415872] pci 0000:00:01.1: BAR 4 [io  0xc200-0xc20f]
[    1.416454] pci 0000:00:01.1: BAR 0 [io  0x01f0-0x01f7]: legacy IDE quirk
[    1.417154] pci 0000:00:01.1: BAR 1 [io  0x03f6]: legacy IDE quirk
[    1.417789] pci 0000:00:01.1: BAR 2 [io  0x0170-0x0177]: legacy IDE quirk
[    1.418488] pci 0000:00:01.1: BAR 3 [io  0x0376]: legacy IDE quirk
[    1.419264] pci 0000:00:01.3: [8086:7113] type 00 class 0x068000 conventional PCI endpoint
[    1.420452] pci 0000:00:01.3: quirk: [io  0x0600-0x063f] claimed by PIIX4 ACPI
[    1.421203] pci 0000:00:01.3: quirk: [io  0x0700-0x070f] claimed by PIIX4 SMB
[    1.422228] pci 0000:00:02.0: [1af4:1009] type 00 class 0x000200 conventional PCI endpoint
[    1.424633] pci 0000:00:02.0: BAR 0 [io  0xc000-0xc03f]
[    1.424971] pci 0000:00:02.0: BAR 1 [mem 0xfebf7000-0xfebf7fff]
[    1.425611] pci 0000:00:02.0: BAR 4 [mem 0x380000000000-0x380000003fff 64bit pref]
[    1.427609] pci 0000:00:03.0: [1af4:1009] type 00 class 0x000200 conventional PCI endpoint
[    1.429417] pci 0000:00:03.0: BAR 0 [io  0xc040-0xc07f]
[    1.429977] pci 0000:00:03.0: BAR 1 [mem 0xfebf8000-0xfebf8fff]
[    1.430617] pci 0000:00:03.0: BAR 4 [mem 0x380000004000-0x380000007fff 64bit pref]
[    1.432108] pci 0000:00:04.0: [8086:25ab] type 00 class 0x088000 conventional PCI endpoint
[    1.433541] pci 0000:00:04.0: BAR 0 [mem 0xfebf9000-0xfebf900f]
[    1.434600] pci 0000:00:05.0: [1af4:1003] type 00 class 0x078000 conventional PCI endpoint
[    1.436532] pci 0000:00:05.0: BAR 0 [io  0xc080-0xc0bf]
[    1.437383] pci 0000:00:05.0: BAR 1 [mem 0xfebfa000-0xfebfafff]
[    1.438025] pci 0000:00:05.0: BAR 4 [mem 0x380000008000-0x38000000bfff 64bit pref]
[    1.439642] pci 0000:00:06.0: [1af4:1003] type 00 class 0x078000 conventional PCI endpoint
[    1.441305] pci 0000:00:06.0: BAR 0 [io  0xc0c0-0xc0ff]
[    1.441857] pci 0000:00:06.0: BAR 1 [mem 0xfebfb000-0xfebfbfff]
[    1.442501] pci 0000:00:06.0: BAR 4 [mem 0x38000000c000-0x38000000ffff 64bit pref]
[    1.444088] pci 0000:00:07.0: [1af4:1003] type 00 class 0x078000 conventional PCI endpoint
[    1.445682] pci 0000:00:07.0: BAR 0 [io  0xc100-0xc13f]
[    1.446237] pci 0000:00:07.0: BAR 1 [mem 0xfebfc000-0xfebfcfff]
[    1.446877] pci 0000:00:07.0: BAR 4 [mem 0x380000010000-0x380000013fff 64bit pref]
[    1.448824] pci 0000:00:08.0: [1af4:1003] type 00 class 0x078000 conventional PCI endpoint
[    1.450486] pci 0000:00:08.0: BAR 0 [io  0xc140-0xc17f]
[    1.451038] pci 0000:00:08.0: BAR 1 [mem 0xfebfd000-0xfebfdfff]
[    1.451681] pci 0000:00:08.0: BAR 4 [mem 0x380000014000-0x380000017fff 64bit pref]
[    1.453277] pci 0000:00:09.0: [1af4:1003] type 00 class 0x078000 conventional PCI endpoint
[    1.454834] pci 0000:00:09.0: BAR 0 [io  0xc180-0xc1bf]
[    1.454971] pci 0000:00:09.0: BAR 1 [mem 0xfebfe000-0xfebfefff]
[    1.455614] pci 0000:00:09.0: BAR 4 [mem 0x380000018000-0x38000001bfff 64bit pref]
[    1.457545] pci 0000:00:0a.0: [1af4:1003] type 00 class 0x078000 conventional PCI endpoint
[    1.459145] pci 0000:00:0a.0: BAR 0 [io  0xc1c0-0xc1ff]
[    1.459699] pci 0000:00:0a.0: BAR 1 [mem 0xfebff000-0xfebfffff]
[    1.460343] pci 0000:00:0a.0: BAR 4 [mem 0x38000001c000-0x38000001ffff 64bit pref]
[    1.464054] ACPI: PCI: Interrupt link LNKA configured for IRQ 10
[    1.464747] ACPI: PCI: Interrupt link LNKB configured for IRQ 10
[    1.465014] ACPI: PCI: Interrupt link LNKC configured for IRQ 11
[    1.465685] ACPI: PCI: Interrupt link LNKD configured for IRQ 11
[    1.466332] ACPI: PCI: Interrupt link LNKS configured for IRQ 9
[    1.469444] iommu: Default domain type: Translated
[    1.469444] iommu: DMA domain TLB invalidation policy: lazy mode
[    1.475053] pps_core: LinuxPPS API ver. 1 registered
[    1.475574] pps_core: Software ver. 5.3.6 - Copyright 2005-2007 Rodolfo Giometti <giometti@linux.it>
[    1.476523] PTP clock support registered
[    1.476941] EDAC MC: Ver: 3.0.0
[    1.476941] NetLabel: Initializing
[    1.476941] NetLabel:  domain hash size = 128
[    1.476941] NetLabel:  protocols = UNLABELED CIPSOv4 CALIPSO
[    1.476978] NetLabel:  unlabeled traffic allowed by default
[    1.477554] PCI: Using ACPI for IRQ routing
[    1.478181] e820: register RAM buffer resource [mem 0x0009fc00-0x0009ffff]
[    1.478887] e820: register RAM buffer resource [mem 0xbffdf000-0xbfffffff]
[    1.479601] hpet0: at MMIO 0xfed00000, IRQs 2, 8, 0
[    1.479601] hpet0: 3 comparators, 64-bit 100.000000 MHz counter
[    1.485136] clocksource: Switched to clocksource kvm-clock
[    1.485960] VFS: Disk quotas dquot_6.6.0
[    1.486392] VFS: Dquot-cache hash table entries: 512 (order 0, 4096 bytes)
[    1.487248] netfs: FS-Cache loaded
[    1.487686] pnp: PnP ACPI init
[    1.490740] pnp: PnP ACPI: found 5 devices
[    1.499469] clocksource: acpi_pm: mask: 0xffffff max_cycles: 0xffffff, max_idle_ns: 2085701024 ns
[    1.500438] NET: Registered PF_INET protocol family
[    1.503944] IP idents hash table entries: 262144 (order: 9, 2097152 bytes, linear)
[    1.521950] tcp_listen_portaddr_hash hash table entries: 32768 (order: 7, 524288 bytes, linear)
[    1.522893] Table-perturb hash table entries: 65536 (order: 6, 262144 bytes, linear)
[    1.523708] TCP established hash table entries: 524288 (order: 10, 4194304 bytes, linear)
[    1.530930] TCP bind hash table entries: 65536 (order: 9, 2097152 bytes, linear)
[    1.534227] TCP: Hash tables configured (established 524288 bind 65536)
[    1.536415] MPTCP token hash table entries: 65536 (order: 9, 1572864 bytes, linear)
[    1.537292] UDP hash table entries: 32768 (order: 9, 2097152 bytes, linear)
[    1.541037] UDP-Lite hash table entries: 32768 (order: 9, 2097152 bytes, linear)
[    1.543489] NET: Registered PF_UNIX/PF_LOCAL protocol family
[    1.544097] NET: Registered PF_XDP protocol family
[    1.544605] pci_bus 0000:00: resource 4 [io  0x0000-0x0cf7 window]
[    1.545248] pci_bus 0000:00: resource 5 [io  0x0d00-0xffff window]
[    1.545890] pci_bus 0000:00: resource 6 [mem 0x000a0000-0x000bffff window]
[    1.546597] pci_bus 0000:00: resource 7 [mem 0xc0000000-0xfebfffff window]
[    1.547308] pci_bus 0000:00: resource 8 [mem 0x380000000000-0x38007fffffff window]
[    1.548119] pci 0000:00:01.0: PIIX3: Enabling Passive Release
[    1.548779] pci 0000:00:00.0: Limiting direct PCI/PCI transfers
[    1.549493] PCI: CLS 0 bytes, default 64
[    1.549949] PCI-DMA: Using software bounce buffering for IO (SWIOTLB)
[    1.550178] Trying to unpack rootfs image as initramfs...
[    1.550619] software IO TLB: mapped [mem 0x00000000bb36b000-0x00000000bf36b000] (64MB)
[    1.550671] clocksource: tsc: mask: 0xffffffffffffffff max_cycles: 0x6a464ae9873, max_idle_ns: 881590529744 ns
[    1.562889] Freeing initrd memory: 12692K
[    1.567971] Initialise system trusted keyrings
[    1.568484] Key type blacklist registered
[    1.569168] workingset: timestamp_bits=36 max_order=24 bucket_order=0
[    1.570277] SGI XFS with ACLs, security attributes, quota, no debug enabled
[    1.571872] 9p: Installing v9fs 9p2000 file system support
[    1.572757] integrity: Platform Keyring initialized
[    1.573331] cryptd: max_cpu_qlen set to 1000
[    1.578937] Key type asymmetric registered
[    1.579367] Asymmetric key parser 'x509' registered
[    1.579896] Block layer SCSI generic (bsg) driver version 0.4 loaded (major 248)
[    1.580728] io scheduler mq-deadline registered
[    1.581200] io scheduler kyber registered
[    1.581624] io scheduler bfq registered
[    1.590832] ACPI: \_SB_.LNKB: Enabled at IRQ 10
[    1.599492] ACPI: \_SB_.LNKC: Enabled at IRQ 11
[    1.608099] ACPI: \_SB_.LNKA: Enabled at IRQ 10
[    1.632829] ACPI: \_SB_.LNKD: Enabled at IRQ 11
[    1.650237] Serial: 8250/16550 driver, 4 ports, IRQ sharing disabled
[    1.651023] 00:03: ttyS0 at I/O 0x3f8 (irq = 4, base_baud = 115200) is a 16550A
[    1.717702] loop: module loaded
[    1.718605] tun: Universal TUN/TAP device driver, 1.6
[    1.719357] rtc_cmos 00:04: RTC can wake from S4
[    1.720275] rtc_cmos 00:04: registered as rtc0
[    1.720815] rtc_cmos 00:04: setting system clock to 2026-09-26T08:27:04 UTC (1790411224)
[    1.721691] rtc_cmos 00:04: alarms up to one day, y3k, 242 bytes nvram, hpet irqs
[    1.722477] intel_pstate: CPU model not supported
[    1.722985] hid: raw HID events driver (C) Jiri Kosina
[    1.725396] NET: Registered PF_INET6 protocol family
[    1.726407] Segment Routing with IPv6
[    1.726806] In-situ OAM (IOAM) with IPv6
[    1.727254] NET: Registered PF_PACKET protocol family
[    1.727810] bridge: filtering via arp/ip/ip6tables is no longer available by default. Update your scripts to load br_netfilter if you need this.
[    1.729343] 9pnet: Installing 9P2000 support
[    1.731941] IPI shorthand broadcast: enabled
[    1.758919] hpet: Lost 1 RTC interrupts
[    2.210065] sched_clock: Marking stable (2208856687, 335354)->(3278930210, -1069738169)
[    2.983323] registered taskstats version 1
[    2.983976] Loading compiled-in X.509 certificates
[    2.984886] Loaded X.509 cert 'Build time autogenerated kernel key: d1424aba97e5b78a90400dcad095464dbcbd105a'
[    2.987848] Demotion targets for Node 0: null
[    2.988422] Key type .fscrypt registered
[    2.988837] Key type fscrypt-provisioning registered
[    2.989386] ima: No TPM chip found, activating TPM-bypass!
[    2.989961] ima: Allocated hash algorithm: sha256
[    2.990467] ima: No architecture policies found
[    2.991375] clk: Disabling unused clocks
[    2.997797] Freeing unused decrypted memory: 2036K
[    2.999217] Freeing unused kernel image (initmem) memory: 4024K
[    2.999655] Write protecting the kernel read-only data: 32768k
[    3.000643] Freeing unused kernel image (text/rodata gap) memory: 1940K
[    3.001611] Freeing unused kernel image (rodata/data gap) memory: 1740K
[    3.002059] Run /init as init process
[    3.002959] virtme initramfs: loading fuse.ko...
[    3.012576] fuse: module verification failed: signature and/or required key missing - tainting kernel
[    3.017770] fuse: init (API version 7.45)
[    3.018740] virtme initramfs: loading virtiofs.ko...
[    3.020992] virtme initramfs: loading virtio_mmio.ko...
[    3.023165] virtme initramfs: loading serio.ko...
[    3.024704] virtme initramfs: loading i8042.ko...
[    3.026998] i8042: PNP: PS/2 Controller [PNP0303:KBD,PNP0f13:MOU] at 0x60,0x64 irq 1,12
[    3.029121] serio: i8042 KBD port at 0x60,0x64 irq 1
[    3.029869] serio: i8042 AUX port at 0x60,0x64 irq 12
[    3.030833] virtme initramfs: loading libps2.ko...
[    3.032406] virtme initramfs: loading vivaldi-fmap.ko...
[    3.033324] virtme initramfs: loading atkbd.ko...
[    3.035561] virtme initramfs: mounting hostfs...
[    3.035844] input: AT Translated Set 2 keyboard as /devices/platform/i8042/serio0/input/input0
[    3.036327] virtio-fs: tag <ROOTFS> not found
[    3.038078] 9pnet: Limiting 'msize' to 512000 as this is the maximum supported by transport virtio
[    3.041838] virtme initramfs: done; switching to real root
[    3.069304] virtme-ng-init: Setting hostname to virtme-ng...
[    3.140864] virtme-ng-init: running systemd-tmpfiles
[    3.359976] virtme-ng-init: basic initialization done
[    3.362521] virtme-ng-init: you have CONFIG_UEVENT_HELPER on; turn it off
[    3.363687] 9pnet: Limiting 'msize' to 512000 as this is the maximum supported by transport virtio
[    3.387878] virtme-ng-init: Starting systemd-udevd version 255.4-1ubuntu8.17
[    3.389217] virtme-ng-init: triggering udev coldplug
[    6.498271] clocksource: Long readout interval, skipping watchdog check: cs_nsec: 1787754760 wd_nsec: 1787754464
[    6.501298] virtme-ng-init: waiting for udev to settle
[    6.522246] input: Power Button as /devices/platform/LNXPWRBN:00/input/input2
[    6.527572] ACPI: button: Power Button [PWRF]
[    6.780645] input: VirtualPS/2 VMware VMMouse as /devices/platform/i8042/serio1/input/input4
[    6.781952] input: VirtualPS/2 VMware VMMouse as /devices/platform/i8042/serio1/input/input3
[    6.869120] SCSI subsystem initialized
[    6.870351] mousedev: PS/2 mouse device common for all mice
[    6.870528] piix4_smbus 0000:00:01.3: SMBus Host Controller at 0x700, revision 0
[    6.872329] i2c i2c-0: Memory type 0x07 not supported yet, not instantiating SPD
[    7.366398] scsi host0: ata_piix
[    7.366993] scsi host1: ata_piix
[    7.367855] ata1: PATA max MWDMA2 cmd 0x1f0 ctl 0x3f6 bmdma 0xc200 irq 14 lpm-pol 0
[    7.369067] ata2: PATA max MWDMA2 cmd 0x170 ctl 0x376 bmdma 0xc208 irq 15 lpm-pol 0
[    7.541013] ata2: found unknown device (class 0)
[    7.542484] ata2.00: ATAPI: QEMU DVD-ROM, 2.5+, max UDMA/100
[    7.545210] scsi 1:0:0:0: CD-ROM            QEMU     QEMU DVD-ROM     2.5+ PQ: 0 ANSI: 5
[    7.669404] scsi 1:0:0:0: Attached scsi generic sg0 type 5
[    7.841885] sr 1:0:0:0: [sr0] scsi3-mmc drive: 4x/4x cd/rw xa/form2 tray
[    7.842892] cdrom: Uniform CD-ROM driver Revision: 3.20
[    9.386300] virtme-ng-init: udev is done
[    9.394625] virtme-ng-init: starting script
[    9.889683] loop0: detected capacity change from 0 to 134217728
[    9.896958] EXT4-fs (loop0): mounted filesystem 4d714357-ca40-4d7d-9093-ab820db37a09 r/w with ordered data mode. Quota mode: none.
[   20.830479] Initializing XFRM netlink socket
[  173.399948] bpf_x86_alu: loading out-of-tree module taints kernel.
[  683.778616] ACPI: PM: Preparing to enter system sleep state S5
[  683.779113] kvm: exiting hardware virtualization
[  683.779669] reboot: Power down
