WARNING: No swap limit support
WARNING: IPv4 forwarding is disabled
Loaded image: bpf-benchmark/runner-runtime:x86_64
WARNING: IPv4 forwarding is disabled. Networking will not work.
_DISK_SIZE:-64G}" /var/tmp/bpf-benchmark-docker.img
mkfs.ext4 -F -q /var/tmp/bpf-benchmark-docker.img
mount -o loop,discard /var/tmp/bpf-benchmark-docker.img /run/bpf-benchmark-docker
dockerd --data-root /run/bpf-benchmark-docker/data --exec-root /run/bpf-benchmark-docker/exec --pidfile /run/bpf-benchmark-docker/docker.pid --host unix:///run/docker.sock --bridge=none --iptables=false --ip-masq=false --ip-forward=false >/run/bpf-benchmark-docker/dockerd.log 2>&1 &
for _ in 1 2 3 4 5 6 7 8 9 10; do docker info >/dev/null 2>&1 && break; sleep 1; done
docker info >/dev/null
install -d "/workspaces/repository/corpus/results"
"/workspaces/repository/runner/scripts/bpfrejit-install" --image "bpf-benchmark/runner-runtime:x86_64" "/workspaces/repository/.cache/container-images/x86_64-runner-runtime.image.tar"
docker run --rm --privileged --pid=host --network=host --ipc=host --cgroupns=host -e BPFREJIT_INSIDE_RUNTIME_CONTAINER=1 -e HOME=/root -e TARGET="x86-kvm" -e RUN_TARGET_NAME="x86-kvm" -e RUN_TOKEN="c790d49e" -e RUN_TARGET_ARCH="x86_64" -e RUN_EXECUTOR="kvm" -e RUN_REMOTE_PYTHON_BIN="python3" -e RUN_RUNTIME_PYTHON_BIN="python3" -e RUN_BPFTOOL_BIN="bpftool" -e RUN_NATIVE_REPOS_CSV="bcc,katran,tracee,tetragon" -e SAMPLES="3"      -e FUZZ_ROUNDS="1000"  -e WORKLOAD_DURATION="60" -e KEEP_WORKDIRS="1" -e BPFREJIT_BENCH_PASSES="map_inline" -e BPFREJIT_CORPUS_APPS="katran"           -e MERLIN_COMPILETIME_MODE="none"                    -w "/workspaces/repository" -v /sys:/sys -v /sys/fs/bpf:/sys/fs/bpf -v /sys/kernel/debug:/sys/kernel/debug -v /lib/modules:/lib/modules:ro -v /boot:/boot:ro -v "/workspaces/repository/corpus/results:/workspaces/repository/corpus/results" "bpf-benchmark/runner-runtime:x86_64" python3 -m corpus.driver
{"active_env_keys": ["BPFREJIT_NATIVE_LOADER_REQUIRE_PREBUILT_PROOF", "BPFREJIT_NATIVE_LOADER_SO"], "event": "native_loader_mode", "post_only": false, "saved_env_keys": ["BPFREJIT_NATIVE_LOADER_REQUIRE_PREBUILT_PROOF", "BPFREJIT_NATIVE_LOADER_SO"]}
{"app": "katran", "event": "app_start", "runner": "katran", "workload": "xdp_pktgen"}
{"app": "katran", "event": "phase_start", "phase": "baseline_start", "runner": "katran", "workload": "xdp_pktgen"}
{"active_env_keys": ["BPFREJIT_NATIVE_LOADER_REQUIRE_PREBUILT_PROOF", "BPFREJIT_NATIVE_LOADER_SO"], "app": "katran", "event": "native_loader_phase_env", "phase": "baseline_start", "runner": "katran", "temporary_set_keys": ["BPFREJIT_SHIM_LOADTIME_PLAN", "BPFREJIT_SHIM_LOG"], "temporary_unset_keys": []}
{"app": "katran", "event": "phase_done", "phase": "baseline_start", "runner": "katran", "status": "ok"}
{"app": "katran", "event": "measurement_start", "phase": "baseline", "runner": "katran", "samples": 3, "workload": "xdp_pktgen"}
{"app": "katran", "event": "measurement_done", "phase": "baseline", "runner": "katran", "status": "ok"}
{"app": "katran", "event": "phase_start", "phase": "baseline_stop", "runner": "katran"}
{"app": "katran", "event": "phase_step", "phase": "baseline_stop", "runner": "katran", "step": "runner_stop_done"}
{"app": "katran", "event": "phase_step", "phase": "baseline_stop", "runner": "katran", "step": "quiesce_start"}
{"app": "katran", "event": "phase_step", "phase": "baseline_stop", "runner": "katran", "step": "quiesce_done"}
{"app": "katran", "event": "phase_step", "phase": "baseline_stop", "runner": "katran", "step": "bpf_stats_disabled"}
{"app": "katran", "event": "phase_done", "phase": "baseline_stop", "runner": "katran", "status": "ok"}
{"active_env_keys": ["BPFREJIT_NATIVE_LOADER_REQUIRE_PREBUILT_PROOF", "BPFREJIT_NATIVE_LOADER_SO"], "app": "katran", "event": "native_loader_phase_env", "phase": "post_rejit_start", "runner": "katran", "temporary_set_keys": ["BPFREJIT_REPO_ROOT", "BPFREJIT_SHIM_LOADTIME_PLAN", "BPFREJIT_SHIM_LOG"], "temporary_unset_keys": []}
{"app": "katran", "event": "loadtime_plan_start", "runner": "katran"}
{"app": "katran", "event": "loadtime_plan_done", "runner": "katran", "status": "ok"}
{"app": "katran", "event": "phase_start", "phase": "post_rejit_start", "runner": "katran", "workload": "xdp_pktgen"}
{"app": "katran", "event": "phase_done", "phase": "post_rejit_start", "runner": "katran", "status": "ok"}
{"app": "katran", "event": "measurement_start", "phase": "post_rejit", "runner": "katran", "samples": 3, "workload": "xdp_pktgen"}
{"app": "katran", "event": "measurement_done", "phase": "post_rejit", "runner": "katran", "status": "ok"}
{"app": "katran", "event": "phase_start", "phase": "post_rejit_stop", "runner": "katran"}
{"app": "katran", "event": "phase_step", "phase": "post_rejit_stop", "runner": "katran", "step": "runner_stop_done"}
{"app": "katran", "event": "phase_step", "phase": "post_rejit_stop", "runner": "katran", "step": "quiesce_start"}
{"app": "katran", "event": "phase_step", "phase": "post_rejit_stop", "runner": "katran", "step": "quiesce_done"}
{"app": "katran", "event": "phase_step", "phase": "post_rejit_stop", "runner": "katran", "step": "bpf_stats_disabled"}
{"app": "katran", "event": "phase_done", "phase": "post_rejit_stop", "runner": "katran", "status": "ok"}
{"app": "katran", "error": "", "event": "app_done", "status": "ok"}
{
  "status": "ok",
  "artifact_run_dir": "/workspaces/repository/corpus/results/x86_kvm_corpus_20260926_005057_618064",
  "artifact_metadata": "/workspaces/repository/corpus/results/x86_kvm_corpus_20260926_005057_618064/metadata.json"
}
make: Leaving directory '/workspaces/repository'
I: PM-Timer IO Port: 0x608
[    0.025213] ACPI: LAPIC_NMI (acpi_id[0xff] dfl dfl lint[0x1])
[    0.025843] IOAPIC[0]: apic_id 0, version 17, address 0xfec00000, GSI 0-23
[    0.026566] ACPI: INT_SRC_OVR (bus 0 bus_irq 0 global_irq 2 dfl dfl)
[    0.027234] ACPI: INT_SRC_OVR (bus 0 bus_irq 5 global_irq 5 high level)
[    0.027927] ACPI: INT_SRC_OVR (bus 0 bus_irq 9 global_irq 9 high level)
[    0.028623] ACPI: INT_SRC_OVR (bus 0 bus_irq 10 global_irq 10 high level)
[    0.029335] ACPI: INT_SRC_OVR (bus 0 bus_irq 11 global_irq 11 high level)
[    0.030048] ACPI: Using ACPI (MADT) for SMP configuration information
[    0.030721] ACPI: HPET id: 0x8086a201 base: 0xfed00000
[    0.031261] TSC deadline timer available
[    0.031671] CPU topo: Max. logical packages:   1
[    0.032156] CPU topo: Max. logical nodes:      1
[    0.032636] CPU topo: Num. nodes per package:  1
[    0.033120] CPU topo: Max. logical dies:       1
[    0.033601] CPU topo: Max. dies per package:   1
[    0.034086] CPU topo: Max. threads per core:   1
[    0.034567] CPU topo: Num. cores per package:     8
[    0.035077] CPU topo: Num. threads per package:   8
[    0.035584] CPU topo: Allowing 8 present CPUs plus 0 hotplug CPUs
[    0.036239] kvm-guest: APIC: eoi() replaced with kvm_guest_apic_eoi_write()
[    0.036979] kvm-guest: KVM setup pv remote TLB flush
[    0.037499] kvm-guest: setup PV sched yield
[    0.037938] PM: hibernation: Registered nosave memory: [mem 0x00000000-0x00000fff]
[    0.038727] PM: hibernation: Registered nosave memory: [mem 0x0009f000-0x000fffff]
[    0.039518] PM: hibernation: Registered nosave memory: [mem 0xbffdf000-0xffffffff]
[    0.040308] [gap 0xc0000000-0xfeffbfff] available for PCI devices
[    0.040942] Booting paravirtualized kernel on KVM
[    0.041433] clocksource: refined-jiffies: mask: 0xffffffff max_cycles: 0xffffffff, max_idle_ns: 19112604462750000 ns
[    0.046932] Zone ranges:
[    0.047241]   DMA      [mem 0x0000000000001000-0x0000000000ffffff]
[    0.047898]   DMA32    [mem 0x0000000001000000-0x00000000ffffffff]
[    0.048546]   Normal   [mem 0x0000000100000000-0x000000103fffffff]
[    0.049193]   Device   empty
[    0.049493] Movable zone start for each node
[    0.049938] Early memory node ranges
[    0.050313]   node   0: [mem 0x0000000000001000-0x000000000009efff]
[    0.050978]   node   0: [mem 0x0000000000100000-0x00000000bffdefff]
[    0.051631]   node   0: [mem 0x0000000100000000-0x000000103fffffff]
[    0.052292] Initmem setup node 0 [mem 0x0000000000001000-0x000000103fffffff]
[    0.053267] On node 0, zone DMA: 1 pages in unavailable ranges
[    0.053890] On node 0, zone DMA: 97 pages in unavailable ranges
[    0.060135] On node 0, zone Normal: 33 pages in unavailable ranges
[    0.060847] setup_percpu: NR_CPUS:8192 nr_cpumask_bits:8 nr_cpu_ids:8 nr_node_ids:1
[    0.061948] percpu: Embedded 61 pages/cpu s212992 r8192 d28672 u262144
[    0.062691] kvm-guest: PV spinlocks enabled
[    0.063133] PV qspinlock hash table entries: 256 (order: 0, 4096 bytes, linear)
[    0.063906] Kernel command line: virtme_hostname=virtme-ng nr_open=1048576 virtme_link_mods=/workspaces/repository/vendor/build/x86/linux/.virtme_mods/lib/modules/0.0.0 virtme_initmount0=workspaces/repository virtme_rw_overlay0=/etc virtme_rw_overlay1=/lib virtme_rw_overlay2=/home virtme_rw_overlay3=/opt virtme_rw_overlay4=/srv virtme_rw_overlay5=/usr virtme_rw_overlay6=/var virtme_rw_overlay7=/tmp virtme_console=ttyS0 console=ttyS0 earlyprintk=serial,ttyS0,115200 panic=-1 \
[    0.068332] Kernel command line: virtme.exec=`bWFrZSAtQyAvd29ya3NwYWNlcy9yZXBvc2l0b3J5IF9fcnVudGltZS12bS1jb3JwdXMgVEFSR0VUPSd4ODYta3ZtJyBSVU5fVEFSR0VUX05BTUU9J3g4Ni1rdm0nIFJVTl9UQVJHRVRfQVJDSD0neDg2XzY0JyBSVU5fRVhFQ1VUT1I9J2t2bScgUlVOVElNRV9DT05UQUlORVJfSU1BR0U9J2JwZi1iZW5jaG1hcmsvcnVubmVyLXJ1bnRpbWU6eDg2XzY0JyBSVU5USU1FX0lNQUdFX1RBUj0nL3dvcmtzcGFjZXMvcmVwb3NpdG9yeS8uY2FjaGUvY29udGFpbmVyLWltYWdlcy94ODZfNjQtcnVubmVyLXJ1bnRpbWUuaW1hZ2UudGFyJyBSVU5fUkVNT1RFX1BZVEhPTl9CSU49J3B5dGhvbjMnIFJVTl9SVU5USU1FX1BZVEhPTl9CSU49J3B5dGhvbjMnIFJVTl9CUEZUT09MX0JJTj0nYnBmdG9vbCcgUlVOX05BVElWRV9SRVBPU19DU1Y9J2JjYyxrYXRyYW4sdHJhY2VlLHRldHJhZ29uJyBSVU5fVE9LRU49J2M3OTBkNDllJyBTQU1QTEVTPSczJyAgICAgIEZVWlpfUk9VTkRTPScxMDAwJyAgV09SS0xPQURfRFVSQVRJT049JzYwJyBLRUVQX1dPUktESVJTPScxJyBCUEZSRUpJVF9CRU5DSF9QQVNTRVM9J21hcF9pbmxpbmUnIEJQRlJFSklUX0NPUlBVU19BUFBTPSdrYXRyYW4nICAgICAgICAgICBNRVJMSU5fQ09NUElMRVRJTUVfTU9ERT0nbm9uZScgICAgICAgICAgICAgICAgICAg` virtme_chdir=workspaces/repository virtme_root_user=1 debug loglevel=7 panic=30 oops=panic \
[    0.077754] Kernel command line: init=/opt/virtme-ng/lib/python3.12/site-packages/virtme/guest/bin/virtme-ng-init
[    0.079029] Unknown kernel command line parameters "virtme_hostname=virtme-ng nr_open=1048576 virtme_link_mods=/workspaces/repository/vendor/build/x86/linux/.virtme_mods/lib/modules/0.0.0 virtme_initmount0=workspaces/repository virtme_rw_overlay0=/etc virtme_rw_overlay1=/lib virtme_rw_overlay2=/home virtme_rw_overlay3=/opt virtme_rw_overlay4=/srv virtme_rw_overlay5=/usr virtme_rw_overlay6=/var virtme_rw_overlay7=/tmp virtme_console=ttyS0 virtme_chdir=workspaces/repository virtme_root_user=1", will be passed to user space.
[    0.083906] random: crng init done
[    0.084265] printk: log buffer data + meta data: 2097152 + 7340032 = 9437184 bytes
[    0.092282] Dentry cache hash table entries: 8388608 (order: 14, 67108864 bytes, linear)
[    0.096776] Inode-cache hash table entries: 4194304 (order: 13, 33554432 bytes, linear)
[    0.097752] software IO TLB: area num 8.
[    0.110066] Fallback order for Node 0: 0
[    0.110071] Built 1 zonelists, mobility grouping on.  Total pages: 16777085
[    0.111216] Policy zone: Normal
[    0.111534] mem auto-init: stack:off, heap alloc:off, heap free:off
[    0.124802] SLUB: HWalign=64, Order=0-3, MinObjects=0, CPUs=8, Nodes=1
Poking KASLR using RDRAND RDTSC...
[    0.134679] ftrace: allocating 51964 entries in 204 pages
[    0.135256] ftrace: allocated 204 pages with 4 groups
[    0.136190] Dynamic Preempt: lazy
[    0.136742] rcu: Preemptible hierarchical RCU implementation.
[    0.137332] rcu: 	RCU restricting CPUs from NR_CPUS=8192 to nr_cpu_ids=8.
[    0.138025] 	Trampoline variant of Tasks RCU enabled.
[    0.138535] 	Rude variant of Tasks RCU enabled.
[    0.138994] 	Tracing variant of Tasks RCU enabled.
[    0.139478] rcu: RCU calculated value of scheduler-enlistment delay is 10 jiffies.
[    0.140245] rcu: Adjusting geometry for rcu_fanout_leaf=16, nr_cpu_ids=8
[    0.140928] RCU Tasks: Setting shift to 3 and lim to 1 rcu_task_cb_adjust=1 rcu_task_cpu_ids=8.
[    0.141816] RCU Tasks Rude: Setting shift to 3 and lim to 1 rcu_task_cb_adjust=1 rcu_task_cpu_ids=8.
[    0.145496] NR_IRQS: 524544, nr_irqs: 488, preallocated irqs: 16
[    0.146302] rcu: srcu_init: Setting srcu_struct sizes based on contention.
[    0.147124] Console: colour *CGA 80x25
[    0.147534] printk: legacy console [ttyS0] enabled
[    0.147534] printk: legacy console [ttyS0] enabled
[    0.148521] printk: legacy bootconsole [earlyser0] disabled
[    0.148521] printk: legacy bootconsole [earlyser0] disabled
[    0.149680] ACPI: Core revision 20251212
[    0.150212] clocksource: hpet: mask: 0xffffffff max_cycles: 0xffffffff, max_idle_ns: 19112604467 ns
[    0.151239] APIC: Switch to symmetric I/O mode setup
[    0.151920] x2apic enabled
[    0.152419] APIC: Switched APIC routing to: physical x2apic
[    0.153014] kvm-guest: APIC: send_IPI_mask() replaced with kvm_send_ipi_mask()
[    0.153776] kvm-guest: APIC: send_IPI_mask_allbutself() replaced with kvm_send_ipi_mask_allbutself()
[    0.154731] kvm-guest: setup PV IPIs
[    0.155806] ..TIMER: vector=0x30 apic1=0 pin1=2 apic2=-1 pin2=-1
[    0.156458] clocksource: tsc-early: mask: 0xffffffffffffffff max_cycles: 0x6a464ae9873, max_idle_ns: 881590529744 ns
[    0.157555] Calibrating delay loop (skipped) preset value.. 7372.80 BogoMIPS (lpj=36864000)
[    0.158547] x86/cpu: User Mode Instruction Prevention (UMIP) activated
[    0.159289] Last level iTLB entries: 4KB 0, 2MB 0, 4MB 0
[    0.159843] Last level dTLB entries: 4KB 0, 2MB 0, 4MB 0, 1GB 0
[    0.160467] mitigations: Enabled attack vectors: user_kernel, user_user, guest_host, guest_guest, SMT mitigations: auto
[    0.167558] Speculative Store Bypass: Mitigation: Speculative Store Bypass disabled via prctl
[    0.168445] Spectre V2 : Mitigation: Enhanced / Automatic IBRS
[    0.169054] ITS: Mitigation: Aligned branch/return thunks
[    0.169615] Spectre V1 : Mitigation: usercopy/swapgs barriers and __user pointer sanitization
[    0.170497] Spectre V2 : mitigation: Enabling conditional Indirect Branch Prediction Barrier
[    0.171374] active return thunk: its_return_thunk
[    0.171869] Spectre V2 : Spectre BHI mitigation: SW BHB clearing on syscall and VM exit
[    0.172717] x86/fpu: Supporting XSAVE feature 0x001: 'x87 floating point registers'
[    0.173526] x86/fpu: Supporting XSAVE feature 0x002: 'SSE registers'
[    0.174208] x86/fpu: Supporting XSAVE feature 0x004: 'AVX registers'
[    0.174879] x86/fpu: Supporting XSAVE feature 0x200: 'Protection Keys User registers'
[    0.175708] x86/fpu: xstate_offset[2]:  576, xstate_sizes[2]:  256
[    0.176365] x86/fpu: xstate_offset[9]:  832, xstate_sizes[9]:    8
[    0.177022] x86/fpu: Enabled xstate features 0x207, context size is 840 bytes, using 'compacted' format.
[    0.192409] Freeing SMP alternatives memory: 48K
[    0.192955] pid_max: default: 32768 minimum: 301
[    0.193563] landlock: Up and running.
[    0.193961] Yama: becoming mindful.
[    0.194347] SELinux:  Initializing.
[    0.194946] LSM support for eBPF active
[    0.195489] Mount-cache hash table entries: 131072 (order: 8, 1048576 bytes, linear)
[    0.196530] Mountpoint-cache hash table entries: 131072 (order: 8, 1048576 bytes, linear)
[    0.197477] VFS: Finished mounting rootfs on nullfs
[    0.197788] smpboot: CPU0: Intel(R) Core(TM) Ultra 9 285K (family: 0x6, model: 0xc6, stepping: 0x2)
[    0.198874] Performance Events: unsupported CPU family 6 model 198 no PMU driver, software events only.
[    0.199913] signal: max sigframe size: 3632
[    0.200397] rcu: Hierarchical SRCU implementation.
[    0.200913] rcu: 	Max phase no-delay instances is 1000.
[    0.201502] Timer migration: 1 hierarchy levels; 8 children per group; 1 crossnode level
[    0.204256] smp: Bringing up secondary CPUs ...
[    0.204826] smpboot: x86: Booting SMP configuration:
[    0.205361] .... node  #0, CPUs:      #1 #2 #3 #4 #5 #6 #7
[    0.207698] smp: Brought up 1 node, 8 CPUs
[    0.208754] smpboot: Total of 8 processors activated (58982.40 BogoMIPS)
[    0.248626] node 0 deferred pages initialised in 40ms
[    0.257983] Memory: 65808924K/67108340K available (16491K kernel code, 9695K rwdata, 12596K rodata, 4024K init, 7316K bss, 1288216K reserved, 0K cma-reserved)
[    0.260958] devtmpfs: initialized
[    0.260958] x86/mm: Memory block size: 1024MB
[    0.260958] clocksource: jiffies: mask: 0xffffffff max_cycles: 0xffffffff, max_idle_ns: 19112604462750000 ns
[    0.260958] posixtimers hash table entries: 4096 (order: 4, 65536 bytes, linear)
[    0.260958] futex hash table entries: 2048 (131072 bytes on 1 NUMA nodes, total 128 KiB, linear).
[    0.268274] NET: Registered PF_NETLINK/PF_ROUTE protocol family
[    0.269019] DMA: preallocated 4096 KiB GFP_KERNEL pool for atomic allocations
[    0.269812] DMA: preallocated 4096 KiB GFP_KERNEL|GFP_DMA pool for atomic allocations
[    0.270659] DMA: preallocated 4096 KiB GFP_KERNEL|GFP_DMA32 pool for atomic allocations
[    0.271554] audit: initializing netlink subsys (disabled)
[    0.272153] audit: type=2000 audit(1790383814.515:1): state=initialized audit_enabled=0 res=1
[    0.272153] thermal_sys: Registered thermal governor 'fair_share'
[    0.272153] thermal_sys: Registered thermal governor 'step_wise'
[    0.272153] thermal_sys: Registered thermal governor 'user_space'
[    0.272153] cpuidle: using governor ladder
[    0.272153] cpuidle: using governor menu
[    0.278707] acpiphp: ACPI Hot Plug PCI Controller Driver version: 0.5
[    0.279514] PCI: Using configuration type 1 for base access
[    0.280177] kprobes: kprobe jump-optimization is enabled. All kprobes are optimized if possible.
[    0.280177] HugeTLB: registered 1.00 GiB page size, pre-allocated 0 pages
[    0.280177] HugeTLB: 16380 KiB vmemmap can be freed for a 1.00 GiB page
[    0.280177] HugeTLB: registered 2.00 MiB page size, pre-allocated 0 pages
[    0.280177] HugeTLB: 28 KiB vmemmap can be freed for a 2.00 MiB page
[    0.280618] ACPI: Added _OSI(Module Device)
[    0.280618] ACPI: Added _OSI(Processor Device)
[    0.287556] ACPI: Added _OSI(Processor Aggregator Device)
[    0.288382] ACPI: 1 ACPI AML tables successfully acquired and loaded
[    0.297574] ACPI: \_SB_: platform _OSC: OS support mask [00227eff]
[    0.307654] ACPI: Interpreter enabled
[    0.308092] ACPI: PM: (supports S0 S4 S5)
[    0.308524] ACPI: Using IOAPIC for interrupt routing
[    0.309069] PCI: Using host bridge windows from ACPI; if necessary, use "pci=nocrs" and report a bug
[    0.310038] PCI: Using E820 reservations for host bridge windows
[    0.310731] ACPI: Enabled 2 GPEs in block 00 to 0F
[    0.312531] ACPI: PCI Root Bridge [PCI0] (domain 0000 [bus 00-ff])
[    0.313202] acpi PNP0A03:00: _OSC: OS supports [ASPM ClockPM Segments MSI HPX-Type3]
[    0.314028] acpi PNP0A03:00: _OSC: not requesting OS control; OS requires [ExtendedConfig ASPM ClockPM MSI]
[    0.315065] acpi PNP0A03:00: _OSC: platform retains control of PCIe features (AE_ERROR)
[    0.315919] acpi PNP0A03:00: fail to add MMCONFIG information, can't access extended configuration space under this bridge
[    0.317291] acpiphp: Slot [2] registered
[    0.317569] acpiphp: Slot [3] registered
[    0.318008] acpiphp: Slot [4] registered
[    0.318447] acpiphp: Slot [5] registered
[    0.318894] acpiphp: Slot [6] registered
[    0.319344] acpiphp: Slot [7] registered
[    0.319811] acpiphp: Slot [8] registered
[    0.320304] acpiphp: Slot [9] registered
[    0.320745] acpiphp: Slot [10] registered
[    0.321187] acpiphp: Slot [11] registered
[    0.321629] acpiphp: Slot [12] registered
[    0.322080] acpiphp: Slot [13] registered
[    0.322520] acpiphp: Slot [14] registered
[    0.322964] acpiphp: Slot [15] registered
[    0.323462] acpiphp: Slot [16] registered
[    0.323909] acpiphp: Slot [17] registered
[    0.324351] acpiphp: Slot [18] registered
[    0.324809] acpiphp: Slot [19] registered
[    0.325249] acpiphp: Slot [20] registered
[    0.325694] acpiphp: Slot [21] registered
[    0.326134] acpiphp: Slot [22] registered
[    0.326579] acpiphp: Slot [23] registered
[    0.327035] acpiphp: Slot [24] registered
[    0.327476] acpiphp: Slot [25] registered
[    0.327567] acpiphp: Slot [26] registered
[    0.328006] acpiphp: Slot [27] registered
[    0.328449] acpiphp: Slot [28] registered
[    0.328925] acpiphp: Slot [29] registered
[    0.329367] acpiphp: Slot [30] registered
[    0.329807] acpiphp: Slot [31] registered
[    0.330248] PCI host bridge to bus 0000:00
[    0.330688] pci_bus 0000:00: root bus resource [io  0x0000-0x0cf7 window]
[    0.331411] pci_bus 0000:00: root bus resource [io  0x0d00-0xffff window]
[    0.332130] pci_bus 0000:00: root bus resource [mem 0x000a0000-0x000bffff window]
[    0.332924] pci_bus 0000:00: root bus resource [mem 0xc0000000-0xfebfffff window]
[    0.333718] pci_bus 0000:00: root bus resource [mem 0x380000000000-0x38007fffffff window]
[    0.334584] pci_bus 0000:00: root bus resource [bus 00-ff]
[    0.335210] pci 0000:00:00.0: [8086:1237] type 00 class 0x060000 conventional PCI endpoint
[    0.336535] pci 0000:00:01.0: [8086:7000] type 00 class 0x060100 conventional PCI endpoint
[    0.337885] pci 0000:00:01.1: [8086:7010] type 00 class 0x010180 conventional PCI endpoint
[    0.339681] pci 0000:00:01.1: BAR 4 [io  0xc200-0xc20f]
[    0.340282] pci 0000:00:01.1: BAR 0 [io  0x01f0-0x01f7]: legacy IDE quirk
[    0.341003] pci 0000:00:01.1: BAR 1 [io  0x03f6]: legacy IDE quirk
[    0.341664] pci 0000:00:01.1: BAR 2 [io  0x0170-0x0177]: legacy IDE quirk
[    0.342400] pci 0000:00:01.1: BAR 3 [io  0x0376]: legacy IDE quirk
[    0.343245] pci 0000:00:01.3: [8086:7113] type 00 class 0x068000 conventional PCI endpoint
[    0.344542] pci 0000:00:01.3: quirk: [io  0x0600-0x063f] claimed by PIIX4 ACPI
[    0.345322] pci 0000:00:01.3: quirk: [io  0x0700-0x070f] claimed by PIIX4 SMB
[    0.346398] pci 0000:00:02.0: [1af4:1009] type 00 class 0x000200 conventional PCI endpoint
[    0.348252] pci 0000:00:02.0: BAR 0 [io  0xc000-0xc03f]
[    0.348822] pci 0000:00:02.0: BAR 1 [mem 0xfebf7000-0xfebf7fff]
[    0.349483] pci 0000:00:02.0: BAR 4 [mem 0x380000000000-0x380000003fff 64bit pref]
[    0.351129] pci 0000:00:03.0: [1af4:1009] type 00 class 0x000200 conventional PCI endpoint
[    0.353524] pci 0000:00:03.0: BAR 0 [io  0xc040-0xc07f]
[    0.354096] pci 0000:00:03.0: BAR 1 [mem 0xfebf8000-0xfebf8fff]
[    0.354754] pci 0000:00:03.0: BAR 4 [mem 0x380000004000-0x380000007fff 64bit pref]
[    0.356266] pci 0000:00:04.0: [8086:25ab] type 00 class 0x088000 conventional PCI endpoint
[    0.357943] pci 0000:00:04.0: BAR 0 [mem 0xfebf9000-0xfebf900f]
[    0.359049] pci 0000:00:05.0: [1af4:1003] type 00 class 0x078000 conventional PCI endpoint
[    0.361374] pci 0000:00:05.0: BAR 0 [io  0xc080-0xc0bf]
[    0.361948] pci 0000:00:05.0: BAR 1 [mem 0xfebfa000-0xfebfafff]
[    0.362611] pci 0000:00:05.0: BAR 4 [mem 0x380000008000-0x38000000bfff 64bit pref]
[    0.364271] pci 0000:00:06.0: [1af4:1003] type 00 class 0x078000 conventional PCI endpoint
[    0.366304] pci 0000:00:06.0: BAR 0 [io  0xc0c0-0xc0ff]
[    0.366870] pci 0000:00:06.0: BAR 1 [mem 0xfebfb000-0xfebfbfff]
[    0.367537] pci 0000:00:06.0: BAR 4 [mem 0x38000000c000-0x38000000ffff 64bit pref]
[    0.368385] pci 0000:00:07.0: [1af4:1003] type 00 class 0x078000 conventional PCI endpoint
[    0.370786] pci 0000:00:07.0: BAR 0 [io  0xc100-0xc13f]
[    0.371377] pci 0000:00:07.0: BAR 1 [mem 0xfebfc000-0xfebfcfff]
[    0.372040] pci 0000:00:07.0: BAR 4 [mem 0x380000010000-0x380000013fff 64bit pref]
[    0.373730] pci 0000:00:08.0: [1af4:1003] type 00 class 0x078000 conventional PCI endpoint
[    0.375499] pci 0000:00:08.0: BAR 0 [io  0xc140-0xc17f]
[    0.376072] pci 0000:00:08.0: BAR 1 [mem 0xfebfd000-0xfebfdfff]
[    0.376734] pci 0000:00:08.0: BAR 4 [mem 0x380000014000-0x380000017fff 64bit pref]
[    0.378376] pci 0000:00:09.0: [1af4:1003] type 00 class 0x078000 conventional PCI endpoint
[    0.380462] pci 0000:00:09.0: BAR 0 [io  0xc180-0xc1bf]
[    0.381651] pci 0000:00:09.0: BAR 1 [mem 0xfebfe000-0xfebfefff]
[    0.382319] pci 0000:00:09.0: BAR 4 [mem 0x380000018000-0x38000001bfff 64bit pref]
[    0.383960] pci 0000:00:0a.0: [1af4:1003] type 00 class 0x078000 conventional PCI endpoint
[    0.385621] pci 0000:00:0a.0: BAR 0 [io  0xc1c0-0xc1ff]
[    0.386190] pci 0000:00:0a.0: BAR 1 [mem 0xfebff000-0xfebfffff]
[    0.386848] pci 0000:00:0a.0: BAR 4 [mem 0x38000001c000-0x38000001ffff 64bit pref]
[    0.390484] ACPI: PCI: Interrupt link LNKA configured for IRQ 10
[    0.391207] ACPI: PCI: Interrupt link LNKB configured for IRQ 10
[    0.391907] ACPI: PCI: Interrupt link LNKC configured for IRQ 11
[    0.392620] ACPI: PCI: Interrupt link LNKD configured for IRQ 11
[    0.393290] ACPI: PCI: Interrupt link LNKS configured for IRQ 9
[    0.394260] iommu: Default domain type: Translated
[    0.394260] iommu: DMA domain TLB invalidation policy: lazy mode
[    0.394260] pps_core: LinuxPPS API ver. 1 registered
[    0.394260] pps_core: Software ver. 5.3.6 - Copyright 2005-2007 Rodolfo Giometti <giometti@linux.it>
[    0.397558] PTP clock support registered
[    0.397991] EDAC MC: Ver: 3.0.0
[    0.398121] NetLabel: Initializing
[    0.398305] NetLabel:  domain hash size = 128
[    0.398772] NetLabel:  protocols = UNLABELED CIPSOv4 CALIPSO
[    0.399384] NetLabel:  unlabeled traffic allowed by default
[    0.399981] PCI: Using ACPI for IRQ routing
[    0.400626] e820: register RAM buffer resource [mem 0x0009fc00-0x0009ffff]
[    0.401360] e820: register RAM buffer resource [mem 0xbffdf000-0xbfffffff]
[    0.402095] hpet0: at MMIO 0xfed00000, IRQs 2, 8, 0
[    0.402095] hpet0: 3 comparators, 64-bit 100.000000 MHz counter
[    0.409763] clocksource: Switched to clocksource kvm-clock
[    0.410471] VFS: Disk quotas dquot_6.6.0
[    0.410900] VFS: Dquot-cache hash table entries: 512 (order 0, 4096 bytes)
[    0.411641] netfs: FS-Cache loaded
[    0.411641] pnp: PnP ACPI init
[    0.411641] pnp: PnP ACPI: found 5 devices
[    0.417195] clocksource: acpi_pm: mask: 0xffffff max_cycles: 0xffffff, max_idle_ns: 2085701024 ns
[    0.418228] NET: Registered PF_INET protocol family
[    0.419071] IP idents hash table entries: 262144 (order: 9, 2097152 bytes, linear)
[    0.429492] tcp_listen_portaddr_hash hash table entries: 32768 (order: 7, 524288 bytes, linear)
[    0.430480] Table-perturb hash table entries: 65536 (order: 6, 262144 bytes, linear)
[    0.431355] TCP established hash table entries: 524288 (order: 10, 4194304 bytes, linear)
[    0.432766] TCP bind hash table entries: 65536 (order: 9, 2097152 bytes, linear)
[    0.433837] TCP: Hash tables configured (established 524288 bind 65536)
[    0.434837] MPTCP token hash table entries: 65536 (order: 9, 1572864 bytes, linear)
[    0.435724] UDP hash table entries: 32768 (order: 9, 2097152 bytes, linear)
[    0.436777] UDP-Lite hash table entries: 32768 (order: 9, 2097152 bytes, linear)
[    0.437912] NET: Registered PF_UNIX/PF_LOCAL protocol family
[    0.438535] NET: Registered PF_XDP protocol family
[    0.439062] pci_bus 0000:00: resource 4 [io  0x0000-0x0cf7 window]
[    0.439764] pci_bus 0000:00: resource 5 [io  0x0d00-0xffff window]
[    0.440434] pci_bus 0000:00: resource 6 [mem 0x000a0000-0x000bffff window]
[    0.441182] pci_bus 0000:00: resource 7 [mem 0xc0000000-0xfebfffff window]
[    0.441915] pci_bus 0000:00: resource 8 [mem 0x380000000000-0x38007fffffff window]
[    0.442756] pci 0000:00:01.0: PIIX3: Enabling Passive Release
[    0.443405] pci 0000:00:00.0: Limiting direct PCI/PCI transfers
[    0.444153] PCI: CLS 0 bytes, default 64
[    0.444624] PCI-DMA: Using software bounce buffering for IO (SWIOTLB)
[    0.444821] Trying to unpack rootfs image as initramfs...
[    0.445321] software IO TLB: mapped [mem 0x00000000bb36b000-0x00000000bf36b000] (64MB)
[    0.446873] clocksource: tsc: mask: 0xffffffffffffffff max_cycles: 0x6a464ae9873, max_idle_ns: 881590529744 ns
[    0.450958] Freeing initrd memory: 12692K
[    0.455754] Initialise system trusted keyrings
[    0.456262] Key type blacklist registered
[    0.456864] workingset: timestamp_bits=36 max_order=24 bucket_order=0
[    0.457900] SGI XFS with ACLs, security attributes, quota, no debug enabled
[    0.459275] 9p: Installing v9fs 9p2000 file system support
[    0.460205] integrity: Platform Keyring initialized
[    0.460906] cryptd: max_cpu_qlen set to 1000
[    0.466520] Key type asymmetric registered
[    0.466965] Asymmetric key parser 'x509' registered
[    0.467498] Block layer SCSI generic (bsg) driver version 0.4 loaded (major 248)
[    0.468353] io scheduler mq-deadline registered
[    0.468838] io scheduler kyber registered
[    0.469276] io scheduler bfq registered
[    0.477703] ACPI: \_SB_.LNKB: Enabled at IRQ 10
[    0.486590] ACPI: \_SB_.LNKC: Enabled at IRQ 11
[    0.495297] ACPI: \_SB_.LNKA: Enabled at IRQ 10
[    0.520237] ACPI: \_SB_.LNKD: Enabled at IRQ 11
[    0.537888] Serial: 8250/16550 driver, 4 ports, IRQ sharing disabled
[    0.538713] 00:03: ttyS0 at I/O 0x3f8 (irq = 4, base_baud = 115200) is a 16550A
[    0.610531] loop: module loaded
[    0.611341] tun: Universal TUN/TAP device driver, 1.6
[    0.612183] rtc_cmos 00:04: RTC can wake from S4
[    0.613257] rtc_cmos 00:04: registered as rtc0
[    0.613801] rtc_cmos 00:04: setting system clock to 2026-09-26T00:50:14 UTC (1790383814)
[    0.614714] rtc_cmos 00:04: alarms up to one day, y3k, 242 bytes nvram, hpet irqs
[    0.615561] intel_pstate: CPU model not supported
[    0.616107] hid: raw HID events driver (C) Jiri Kosina
[    0.617094] NET: Registered PF_INET6 protocol family
[    0.618096] Segment Routing with IPv6
[    0.618501] In-situ OAM (IOAM) with IPv6
[    0.618944] NET: Registered PF_PACKET protocol family
[    0.619494] bridge: filtering via arp/ip/ip6tables is no longer available by default. Update your scripts to load br_netfilter if you need this.
[    0.621028] 9pnet: Installing 9P2000 support
[    0.623389] IPI shorthand broadcast: enabled
[    0.625423] sched_clock: Marking stable (622788567, 538599)->(623432488, -105322)
[    0.626430] registered taskstats version 1
[    0.626997] Loading compiled-in X.509 certificates
[    0.627915] Loaded X.509 cert 'Build time autogenerated kernel key: d1424aba97e5b78a90400dcad095464dbcbd105a'
[    0.630453] Demotion targets for Node 0: null
[    0.631015] Key type .fscrypt registered
[    0.631441] Key type fscrypt-provisioning registered
[    0.631997] ima: No TPM chip found, activating TPM-bypass!
[    0.632589] ima: Allocated hash algorithm: sha256
[    0.633106] ima: No architecture policies found
[    0.633948] clk: Disabling unused clocks
[    0.640072] Freeing unused decrypted memory: 2036K
[    0.641235] Freeing unused kernel image (initmem) memory: 4024K
[    0.641685] Write protecting the kernel read-only data: 32768k
[    0.642691] Freeing unused kernel image (text/rodata gap) memory: 1940K
[    0.643584] Freeing unused kernel image (rodata/data gap) memory: 1740K
[    0.644058] Run /init as init process
[    0.644696] virtme initramfs: loading fuse.ko...
[    0.646929] fuse: module verification failed: signature and/or required key missing - tainting kernel
[    0.652468] fuse: init (API version 7.45)
[    0.653532] virtme initramfs: loading virtiofs.ko...
[    0.655127] virtme initramfs: loading virtio_mmio.ko...
[    0.655964] virtme initramfs: loading serio.ko...
[    0.656806] virtme initramfs: loading i8042.ko...
[    0.658139] i8042: PNP: PS/2 Controller [PNP0303:KBD,PNP0f13:MOU] at 0x60,0x64 irq 1,12
[    0.660330] serio: i8042 KBD port at 0x60,0x64 irq 1
[    0.661160] serio: i8042 AUX port at 0x60,0x64 irq 12
[    0.662142] virtme initramfs: loading libps2.ko...
[    0.663747] virtme initramfs: loading vivaldi-fmap.ko...
[    0.665038] virtme initramfs: loading atkbd.ko...
[    0.666702] virtme initramfs: mounting hostfs...
[    0.667006] input: AT Translated Set 2 keyboard as /devices/platform/i8042/serio0/input/input0
[    0.667857] virtio-fs: tag <ROOTFS> not found
[    0.669750] 9pnet: Limiting 'msize' to 512000 as this is the maximum supported by transport virtio
[    0.674170] virtme initramfs: done; switching to real root
[    0.702838] virtme-ng-init: Setting hostname to virtme-ng...
[    0.753986] virtme-ng-init: running systemd-tmpfiles
[    0.968621] virtme-ng-init: basic initialization done
[    0.972914] virtme-ng-init: you have CONFIG_UEVENT_HELPER on; turn it off
[    0.974381] 9pnet: Limiting 'msize' to 512000 as this is the maximum supported by transport virtio
[    0.997633] virtme-ng-init: Starting systemd-udevd version 255.4-1ubuntu8.17
[    0.999098] virtme-ng-init: triggering udev coldplug
[    1.673338] virtme-ng-init: waiting for udev to settle
[    1.679509] input: Power Button as /devices/platform/LNXPWRBN:00/input/input2
[    1.687929] ACPI: button: Power Button [PWRF]
[    1.705635] input: VirtualPS/2 VMware VMMouse as /devices/platform/i8042/serio1/input/input4
[    1.710210] input: VirtualPS/2 VMware VMMouse as /devices/platform/i8042/serio1/input/input3
[    1.710273] piix4_smbus 0000:00:01.3: SMBus Host Controller at 0x700, revision 0
[    1.710416] SCSI subsystem initialized
[    1.713426] i2c i2c-0: Memory type 0x07 not supported yet, not instantiating SPD
[    1.716115] mousedev: PS/2 mouse device common for all mice
[    1.815632] scsi host0: ata_piix
[    1.816624] scsi host1: ata_piix
[    1.817357] ata1: PATA max MWDMA2 cmd 0x1f0 ctl 0x3f6 bmdma 0xc200 irq 14 lpm-pol 0
[    1.818632] ata2: PATA max MWDMA2 cmd 0x170 ctl 0x376 bmdma 0xc208 irq 15 lpm-pol 0
[    1.980981] ata2: found unknown device (class 0)
[    1.981836] ata2.00: ATAPI: QEMU DVD-ROM, 2.5+, max UDMA/100
[    1.983737] scsi 1:0:0:0: CD-ROM            QEMU     QEMU DVD-ROM     2.5+ PQ: 0 ANSI: 5
[    2.105793] scsi 1:0:0:0: Attached scsi generic sg0 type 5
[    2.252009] sr 1:0:0:0: [sr0] scsi3-mmc drive: 4x/4x cd/rw xa/form2 tray
[    2.253093] cdrom: Uniform CD-ROM driver Revision: 3.20
[    3.810191] virtme-ng-init: udev is done
[    3.812969] virtme-ng-init: starting script
[    4.044784] loop0: detected capacity change from 0 to 134217728
[    4.051528] EXT4-fs (loop0): mounted filesystem 3c3b2797-b11a-4c83-b3c3-8090a08fef1b r/w with ordered data mode. Quota mode: none.
[    6.758404] Initializing XFRM netlink socket
[   42.767687] bpf_x86_alu: loading out-of-tree module taints kernel.
[   43.818579] ipip: IPv4 and MPLS over IPv4 tunneling driver
[   48.726432] pktgen: no symbol version for set_freezable
[   48.728272] pktgen: Packet Generator for packet performance testing. Version: 2.75
[  565.635962] ACPI: PM: Preparing to enter system sleep state S5
[  565.636671] kvm: exiting hardware virtualization
[  565.637221] reboot: Power down
