WARNING: No swap limit support
WARNING: IPv4 forwarding is disabled
Loaded image: bpf-benchmark/runner-runtime:x86_64
WARNING: IPv4 forwarding is disabled. Networking will not work.
_DISK_SIZE:-64G}" /var/tmp/bpf-benchmark-docker.img
mkfs.ext4 -F -q /var/tmp/bpf-benchmark-docker.img
mount -o loop,discard /var/tmp/bpf-benchmark-docker.img /run/bpf-benchmark-docker
dockerd --data-root /run/bpf-benchmark-docker/data --exec-root /run/bpf-benchmark-docker/exec --pidfile /run/bpf-benchmark-docker/docker.pid --host unix:///run/docker.sock --bridge=none --iptables=false --ip-masq=false --ip-forward=false >/run/bpf-benchmark-docker/dockerd.log 2>&1 &
for _ in 1 2 3 4 5 6 7 8 9 10; do docker info >/dev/null 2>&1 && break; sleep 1; done
docker info >/dev/null
install -d "/workspaces/repository/corpus/results"
"/workspaces/repository/runner/scripts/bpfrejit-install" --image "bpf-benchmark/runner-runtime:x86_64" "/workspaces/repository/.cache/container-images/x86_64-runner-runtime.image.tar"
docker run --rm --privileged --pid=host --network=host --ipc=host --cgroupns=host -e BPFREJIT_INSIDE_RUNTIME_CONTAINER=1 -e HOME=/root -e TARGET="x86-kvm" -e RUN_TARGET_NAME="x86-kvm" -e RUN_TOKEN="b891166e" -e RUN_TARGET_ARCH="x86_64" -e RUN_EXECUTOR="kvm" -e RUN_REMOTE_PYTHON_BIN="python3" -e RUN_RUNTIME_PYTHON_BIN="python3" -e RUN_BPFTOOL_BIN="bpftool" -e RUN_NATIVE_REPOS_CSV="bcc,katran,tracee,tetragon" -e SAMPLES="3"      -e FUZZ_ROUNDS="1000"  -e WORKLOAD_DURATION="60" -e KEEP_WORKDIRS="1" -e BPFREJIT_BENCH_PASSES="," -e BPFREJIT_CORPUS_APPS="bcc/set" -e SKIP_REJIT="norejit"          -e MERLIN_COMPILETIME_MODE="none"                    -w "/workspaces/repository" -v /sys:/sys -v /sys/fs/bpf:/sys/fs/bpf -v /sys/kernel/debug:/sys/kernel/debug -v /lib/modules:/lib/modules:ro -v /boot:/boot:ro -v "/workspaces/repository/corpus/results:/workspaces/repository/corpus/results" "bpf-benchmark/runner-runtime:x86_64" python3 -m corpus.driver
{"active_env_keys": ["BPFREJIT_NATIVE_LOADER_REQUIRE_PREBUILT_PROOF", "BPFREJIT_NATIVE_LOADER_SO"], "event": "native_loader_mode", "post_only": false, "saved_env_keys": ["BPFREJIT_NATIVE_LOADER_REQUIRE_PREBUILT_PROOF", "BPFREJIT_NATIVE_LOADER_SO"]}
{"app": "bcc/set", "event": "app_start", "runner": "bcc_set", "workload": "stress_ng_bcc_hook_hot"}
{"app": "bcc/set", "event": "phase_start", "phase": "baseline_start", "runner": "bcc_set", "workload": "stress_ng_bcc_hook_hot"}
{"active_env_keys": ["BPFREJIT_NATIVE_LOADER_REQUIRE_PREBUILT_PROOF", "BPFREJIT_NATIVE_LOADER_SO"], "app": "bcc/set", "event": "native_loader_phase_env", "phase": "baseline_start", "runner": "bcc_set", "temporary_set_keys": ["BPFREJIT_SHIM_LOADTIME_PLAN", "BPFREJIT_SHIM_LOG"], "temporary_unset_keys": []}
{"app": "bcc/set", "event": "phase_done", "phase": "baseline_start", "runner": "bcc_set", "status": "ok"}
{"app": "bcc/set", "event": "measurement_start", "phase": "baseline", "runner": "bcc_set", "samples": 3, "workload": "stress_ng_bcc_hook_hot"}
{"app": "bcc/set", "event": "measurement_done", "phase": "baseline", "runner": "bcc_set", "status": "ok"}
{"app": "bcc/set", "event": "phase_start", "phase": "baseline_stop", "runner": "bcc_set"}
{"app": "bcc/set", "event": "phase_step", "phase": "baseline_stop", "runner": "bcc_set", "step": "runner_stop_done"}
{"app": "bcc/set", "event": "phase_step", "phase": "baseline_stop", "runner": "bcc_set", "step": "quiesce_start"}
{"app": "bcc/set", "event": "phase_step", "phase": "baseline_stop", "runner": "bcc_set", "step": "quiesce_done"}
{"app": "bcc/set", "event": "phase_step", "phase": "baseline_stop", "runner": "bcc_set", "step": "bpf_stats_disabled"}
{"app": "bcc/set", "event": "phase_done", "phase": "baseline_stop", "runner": "bcc_set", "status": "ok"}
{"active_env_keys": ["BPFREJIT_NATIVE_LOADER_REQUIRE_PREBUILT_PROOF", "BPFREJIT_NATIVE_LOADER_SO"], "app": "bcc/set", "event": "native_loader_phase_env", "phase": "post_rejit_start", "runner": "bcc_set", "temporary_set_keys": ["BPFREJIT_REPO_ROOT", "BPFREJIT_SHIM_LOADTIME_PLAN", "BPFREJIT_SHIM_LOG"], "temporary_unset_keys": []}
{"app": "bcc/set", "event": "rejit_skipped", "runner": "bcc_set"}
{"app": "bcc/set", "event": "phase_start", "phase": "post_rejit_start", "runner": "bcc_set", "workload": "stress_ng_bcc_hook_hot"}
{"app": "bcc/set", "event": "phase_done", "phase": "post_rejit_start", "runner": "bcc_set", "status": "ok"}
{"app": "bcc/set", "event": "measurement_start", "phase": "post_rejit", "runner": "bcc_set", "samples": 3, "workload": "stress_ng_bcc_hook_hot"}
{"app": "bcc/set", "event": "measurement_done", "phase": "post_rejit", "runner": "bcc_set", "status": "ok"}
{"app": "bcc/set", "event": "phase_start", "phase": "post_rejit_stop", "runner": "bcc_set"}
{"app": "bcc/set", "event": "phase_step", "phase": "post_rejit_stop", "runner": "bcc_set", "step": "runner_stop_done"}
{"app": "bcc/set", "event": "phase_step", "phase": "post_rejit_stop", "runner": "bcc_set", "step": "quiesce_start"}
{"app": "bcc/set", "event": "phase_step", "phase": "post_rejit_stop", "runner": "bcc_set", "step": "quiesce_done"}
{"app": "bcc/set", "event": "phase_step", "phase": "post_rejit_stop", "runner": "bcc_set", "step": "bpf_stats_disabled"}
{"app": "bcc/set", "event": "phase_done", "phase": "post_rejit_stop", "runner": "bcc_set", "status": "ok"}
{"app": "bcc/set", "error": "", "event": "app_done", "status": "ok"}
{
  "status": "ok",
  "artifact_run_dir": "/workspaces/repository/corpus/results/x86_kvm_corpus_20260926_073026_776920",
  "artifact_metadata": "/workspaces/repository/corpus/results/x86_kvm_corpus_20260926_073026_776920/metadata.json"
}
make: Leaving directory '/workspaces/repository'
0.025642] ACPI: LAPIC_NMI (acpi_id[0xff] dfl dfl lint[0x1])
[    0.026267] IOAPIC[0]: apic_id 0, version 17, address 0xfec00000, GSI 0-23
[    0.026979] ACPI: INT_SRC_OVR (bus 0 bus_irq 0 global_irq 2 dfl dfl)
[    0.027637] ACPI: INT_SRC_OVR (bus 0 bus_irq 5 global_irq 5 high level)
[    0.028322] ACPI: INT_SRC_OVR (bus 0 bus_irq 9 global_irq 9 high level)
[    0.029006] ACPI: INT_SRC_OVR (bus 0 bus_irq 10 global_irq 10 high level)
[    0.029713] ACPI: INT_SRC_OVR (bus 0 bus_irq 11 global_irq 11 high level)
[    0.030420] ACPI: Using ACPI (MADT) for SMP configuration information
[    0.031087] ACPI: HPET id: 0x8086a201 base: 0xfed00000
[    0.031618] TSC deadline timer available
[    0.032024] CPU topo: Max. logical packages:   1
[    0.032503] CPU topo: Max. logical nodes:      1
[    0.032979] CPU topo: Num. nodes per package:  1
[    0.033458] CPU topo: Max. logical dies:       1
[    0.033934] CPU topo: Max. dies per package:   1
[    0.034415] CPU topo: Max. threads per core:   1
[    0.034890] CPU topo: Num. cores per package:     8
[    0.035397] CPU topo: Num. threads per package:   8
[    0.035901] CPU topo: Allowing 8 present CPUs plus 0 hotplug CPUs
[    0.036546] kvm-guest: APIC: eoi() replaced with kvm_guest_apic_eoi_write()
[    0.037278] kvm-guest: KVM setup pv remote TLB flush
[    0.037791] kvm-guest: setup PV sched yield
[    0.038228] PM: hibernation: Registered nosave memory: [mem 0x00000000-0x00000fff]
[    0.039009] PM: hibernation: Registered nosave memory: [mem 0x0009f000-0x000fffff]
[    0.039791] PM: hibernation: Registered nosave memory: [mem 0xbffdf000-0xffffffff]
[    0.040573] [gap 0xc0000000-0xfeffbfff] available for PCI devices
[    0.041203] Booting paravirtualized kernel on KVM
[    0.041688] clocksource: refined-jiffies: mask: 0xffffffff max_cycles: 0xffffffff, max_idle_ns: 19112604462750000 ns
[    0.047135] Zone ranges:
[    0.047417]   DMA      [mem 0x0000000000001000-0x0000000000ffffff]
[    0.048058]   DMA32    [mem 0x0000000001000000-0x00000000ffffffff]
[    0.048694]   Normal   [mem 0x0000000100000000-0x000000103fffffff]
[    0.049333]   Device   empty
[    0.049630] Movable zone start for each node
[    0.050071] Early memory node ranges
[    0.050438]   node   0: [mem 0x0000000000001000-0x000000000009efff]
[    0.051086]   node   0: [mem 0x0000000000100000-0x00000000bffdefff]
[    0.051730]   node   0: [mem 0x0000000100000000-0x000000103fffffff]
[    0.052379] Initmem setup node 0 [mem 0x0000000000001000-0x000000103fffffff]
[    0.053295] On node 0, zone DMA: 1 pages in unavailable ranges
[    0.053911] On node 0, zone DMA: 97 pages in unavailable ranges
[    0.060035] On node 0, zone Normal: 33 pages in unavailable ranges
[    0.060746] setup_percpu: NR_CPUS:8192 nr_cpumask_bits:8 nr_cpu_ids:8 nr_node_ids:1
[    0.061830] percpu: Embedded 61 pages/cpu s212992 r8192 d28672 u262144
[    0.062599] kvm-guest: PV spinlocks enabled
[    0.063038] PV qspinlock hash table entries: 256 (order: 0, 4096 bytes, linear)
[    0.063802] Kernel command line: virtme_hostname=virtme-ng nr_open=2147483584 virtme_link_mods=/workspaces/repository/vendor/build/x86/linux/.virtme_mods/lib/modules/0.0.0 virtme_initmount0=workspaces/repository virtme_rw_overlay0=/etc virtme_rw_overlay1=/lib virtme_rw_overlay2=/home virtme_rw_overlay3=/opt virtme_rw_overlay4=/srv virtme_rw_overlay5=/usr virtme_rw_overlay6=/var virtme_rw_overlay7=/tmp virtme_console=ttyS0 console=ttyS0 earlyprintk=serial,ttyS0,115200 panic=-1 \
[    0.068221] Kernel command line: virtme.exec=`bWFrZSAtQyAvd29ya3NwYWNlcy9yZXBvc2l0b3J5IF9fcnVudGltZS12bS1jb3JwdXMgVEFSR0VUPSd4ODYta3ZtJyBSVU5fVEFSR0VUX05BTUU9J3g4Ni1rdm0nIFJVTl9UQVJHRVRfQVJDSD0neDg2XzY0JyBSVU5fRVhFQ1VUT1I9J2t2bScgUlVOVElNRV9DT05UQUlORVJfSU1BR0U9J2JwZi1iZW5jaG1hcmsvcnVubmVyLXJ1bnRpbWU6eDg2XzY0JyBSVU5USU1FX0lNQUdFX1RBUj0nL3dvcmtzcGFjZXMvcmVwb3NpdG9yeS8uY2FjaGUvY29udGFpbmVyLWltYWdlcy94ODZfNjQtcnVubmVyLXJ1bnRpbWUuaW1hZ2UudGFyJyBSVU5fUkVNT1RFX1BZVEhPTl9CSU49J3B5dGhvbjMnIFJVTl9SVU5USU1FX1BZVEhPTl9CSU49J3B5dGhvbjMnIFJVTl9CUEZUT09MX0JJTj0nYnBmdG9vbCcgUlVOX05BVElWRV9SRVBPU19DU1Y9J2JjYyxrYXRyYW4sdHJhY2VlLHRldHJhZ29uJyBSVU5fVE9LRU49J2I4OTExNjZlJyBTQU1QTEVTPSczJyAgICAgIEZVWlpfUk9VTkRTPScxMDAwJyAgV09SS0xPQURfRFVSQVRJT049JzYwJyBLRUVQX1dPUktESVJTPScxJyBCUEZSRUpJVF9CRU5DSF9QQVNTRVM9JywnIEJQRlJFSklUX0NPUlBVU19BUFBTPSdiY2Mvc2V0JyBTS0lQX1JFSklUPSdub3Jlaml0JyAgICAgICAgICBNRVJMSU5fQ09NUElMRVRJTUVfTU9ERT0nbm9uZScgICAgICAgICAgICAgICAgICAg` virtme_chdir=workspaces/repository virtme_root_user=1 debug loglevel=7 panic=30 \
[    0.077574] Kernel command line: oops=panic init=/opt/virtme-ng/lib/python3.12/site-packages/virtme/guest/bin/virtme-ng-init
[    0.078910] Unknown kernel command line parameters "virtme_hostname=virtme-ng nr_open=2147483584 virtme_link_mods=/workspaces/repository/vendor/build/x86/linux/.virtme_mods/lib/modules/0.0.0 virtme_initmount0=workspaces/repository virtme_rw_overlay0=/etc virtme_rw_overlay1=/lib virtme_rw_overlay2=/home virtme_rw_overlay3=/opt virtme_rw_overlay4=/srv virtme_rw_overlay5=/usr virtme_rw_overlay6=/var virtme_rw_overlay7=/tmp virtme_console=ttyS0 virtme_chdir=workspaces/repository virtme_root_user=1", will be passed to user space.
[    0.083752] random: crng init done
[    0.084106] printk: log buffer data + meta data: 2097152 + 7340032 = 9437184 bytes
[    0.092065] Dentry cache hash table entries: 8388608 (order: 14, 67108864 bytes, linear)
[    0.096527] Inode-cache hash table entries: 4194304 (order: 13, 33554432 bytes, linear)
[    0.097494] software IO TLB: area num 8.
[    0.109382] Fallback order for Node 0: 0
[    0.109388] Built 1 zonelists, mobility grouping on.  Total pages: 16777085
[    0.110532] Policy zone: Normal
[    0.110849] mem auto-init: stack:off, heap alloc:off, heap free:off
[    0.123704] SLUB: HWalign=64, Order=0-3, MinObjects=0, CPUs=8, Nodes=1
Poking KASLR using RDRAND RDTSC...
[    0.133020] ftrace: allocating 51964 entries in 204 pages
[    0.133576] ftrace: allocated 204 pages with 4 groups
[    0.134492] Dynamic Preempt: lazy
[    0.135027] rcu: Preemptible hierarchical RCU implementation.
[    0.135608] rcu: 	RCU restricting CPUs from NR_CPUS=8192 to nr_cpu_ids=8.
[    0.136295] 	Trampoline variant of Tasks RCU enabled.
[    0.136802] 	Rude variant of Tasks RCU enabled.
[    0.137260] 	Tracing variant of Tasks RCU enabled.
[    0.137741] rcu: RCU calculated value of scheduler-enlistment delay is 10 jiffies.
[    0.138505] rcu: Adjusting geometry for rcu_fanout_leaf=16, nr_cpu_ids=8
[    0.139188] RCU Tasks: Setting shift to 3 and lim to 1 rcu_task_cb_adjust=1 rcu_task_cpu_ids=8.
[    0.140074] RCU Tasks Rude: Setting shift to 3 and lim to 1 rcu_task_cb_adjust=1 rcu_task_cpu_ids=8.
[    0.143727] NR_IRQS: 524544, nr_irqs: 488, preallocated irqs: 16
[    0.144527] rcu: srcu_init: Setting srcu_struct sizes based on contention.
[    0.145348] Console: colour *CGA 80x25
[    0.145756] printk: legacy console [ttyS0] enabled
[    0.145756] printk: legacy console [ttyS0] enabled
[    0.146738] printk: legacy bootconsole [earlyser0] disabled
[    0.146738] printk: legacy bootconsole [earlyser0] disabled
[    0.147892] ACPI: Core revision 20251212
[    0.148423] clocksource: hpet: mask: 0xffffffff max_cycles: 0xffffffff, max_idle_ns: 19112604467 ns
[    0.149442] APIC: Switch to symmetric I/O mode setup
[    0.150133] x2apic enabled
[    0.150611] APIC: Switched APIC routing to: physical x2apic
[    0.151192] kvm-guest: APIC: send_IPI_mask() replaced with kvm_send_ipi_mask()
[    0.151940] kvm-guest: APIC: send_IPI_mask_allbutself() replaced with kvm_send_ipi_mask_allbutself()
[    0.152880] kvm-guest: setup PV IPIs
[    0.153943] ..TIMER: vector=0x30 apic1=0 pin1=2 apic2=-1 pin2=-1
[    0.154585] clocksource: tsc-early: mask: 0xffffffffffffffff max_cycles: 0x6a464ae9873, max_idle_ns: 881590529744 ns
[    0.155669] Calibrating delay loop (skipped) preset value.. 7372.80 BogoMIPS (lpj=36864000)
[    0.156657] x86/cpu: User Mode Instruction Prevention (UMIP) activated
[    0.157394] Last level iTLB entries: 4KB 0, 2MB 0, 4MB 0
[    0.157946] Last level dTLB entries: 4KB 0, 2MB 0, 4MB 0, 1GB 0
[    0.158566] mitigations: Enabled attack vectors: user_kernel, user_user, guest_host, guest_guest, SMT mitigations: auto
[    0.165672] Speculative Store Bypass: Mitigation: Speculative Store Bypass disabled via prctl
[    0.166548] Spectre V2 : Mitigation: Enhanced / Automatic IBRS
[    0.167153] ITS: Mitigation: Aligned branch/return thunks
[    0.167709] Spectre V1 : Mitigation: usercopy/swapgs barriers and __user pointer sanitization
[    0.168584] Spectre V2 : mitigation: Enabling conditional Indirect Branch Prediction Barrier
[    0.169454] active return thunk: its_return_thunk
[    0.169946] Spectre V2 : Spectre BHI mitigation: SW BHB clearing on syscall and VM exit
[    0.170789] x86/fpu: Supporting XSAVE feature 0x001: 'x87 floating point registers'
[    0.171602] x86/fpu: Supporting XSAVE feature 0x002: 'SSE registers'
[    0.172274] x86/fpu: Supporting XSAVE feature 0x004: 'AVX registers'
[    0.172941] x86/fpu: Supporting XSAVE feature 0x200: 'Protection Keys User registers'
[    0.173762] x86/fpu: xstate_offset[2]:  576, xstate_sizes[2]:  256
[    0.174414] x86/fpu: xstate_offset[9]:  832, xstate_sizes[9]:    8
[    0.175067] x86/fpu: Enabled xstate features 0x207, context size is 840 bytes, using 'compacted' format.
[    0.190055] Freeing SMP alternatives memory: 48K
[    0.190597] pid_max: default: 32768 minimum: 301
[    0.191197] landlock: Up and running.
[    0.191592] Yama: becoming mindful.
[    0.191972] SELinux:  Initializing.
[    0.192561] LSM support for eBPF active
[    0.193094] Mount-cache hash table entries: 131072 (order: 8, 1048576 bytes, linear)
[    0.194143] Mountpoint-cache hash table entries: 131072 (order: 8, 1048576 bytes, linear)
[    0.195084] VFS: Finished mounting rootfs on nullfs
[    0.195880] smpboot: CPU0: Intel(R) Core(TM) Ultra 9 285K (family: 0x6, model: 0xc6, stepping: 0x2)
[    0.196960] Performance Events: unsupported CPU family 6 model 198 no PMU driver, software events only.
[    0.198031] signal: max sigframe size: 3632
[    0.198509] rcu: Hierarchical SRCU implementation.
[    0.199018] rcu: 	Max phase no-delay instances is 1000.
[    0.199606] Timer migration: 1 hierarchy levels; 8 children per group; 1 crossnode level
[    0.202346] smp: Bringing up secondary CPUs ...
[    0.202914] smpboot: x86: Booting SMP configuration:
[    0.203445] .... node  #0, CPUs:      #1 #2 #3 #4 #5 #6 #7
[    0.206011] smp: Brought up 1 node, 8 CPUs
[    0.207054] smpboot: Total of 8 processors activated (58982.40 BogoMIPS)
[    0.251808] node 0 deferred pages initialised in 40ms
[    0.251808] Memory: 65806828K/67108340K available (16491K kernel code, 9695K rwdata, 12596K rodata, 4024K init, 7316K bss, 1288220K reserved, 0K cma-reserved)
[    0.256813] devtmpfs: initialized
[    0.256813] x86/mm: Memory block size: 1024MB
[    0.257085] clocksource: jiffies: mask: 0xffffffff max_cycles: 0xffffffff, max_idle_ns: 19112604462750000 ns
[    0.257085] posixtimers hash table entries: 4096 (order: 4, 65536 bytes, linear)
[    0.257545] futex hash table entries: 2048 (131072 bytes on 1 NUMA nodes, total 128 KiB, linear).
[    0.259183] NET: Registered PF_NETLINK/PF_ROUTE protocol family
[    0.259932] DMA: preallocated 4096 KiB GFP_KERNEL pool for atomic allocations
[    0.260707] DMA: preallocated 4096 KiB GFP_KERNEL|GFP_DMA pool for atomic allocations
[    0.261538] DMA: preallocated 4096 KiB GFP_KERNEL|GFP_DMA32 pool for atomic allocations
[    0.265682] audit: initializing netlink subsys (disabled)
[    0.266264] audit: type=2000 audit(1790407677.671:1): state=initialized audit_enabled=0 res=1
[    0.266264] thermal_sys: Registered thermal governor 'fair_share'
[    0.267556] thermal_sys: Registered thermal governor 'step_wise'
[    0.268202] thermal_sys: Registered thermal governor 'user_space'
[    0.268847] cpuidle: using governor ladder
[    0.268847] cpuidle: using governor menu
[    0.268847] acpiphp: ACPI Hot Plug PCI Controller Driver version: 0.5
[    0.268847] PCI: Using configuration type 1 for base access
[    0.268847] kprobes: kprobe jump-optimization is enabled. All kprobes are optimized if possible.
[    0.268847] HugeTLB: registered 1.00 GiB page size, pre-allocated 0 pages
[    0.275671] HugeTLB: 16380 KiB vmemmap can be freed for a 1.00 GiB page
[    0.276370] HugeTLB: registered 2.00 MiB page size, pre-allocated 0 pages
[    0.277086] HugeTLB: 28 KiB vmemmap can be freed for a 2.00 MiB page
[    0.277839] ACPI: Added _OSI(Module Device)
[    0.277839] ACPI: Added _OSI(Processor Device)
[    0.277839] ACPI: Added _OSI(Processor Aggregator Device)
[    0.278050] ACPI: 1 ACPI AML tables successfully acquired and loaded
[    0.278874] ACPI: \_SB_: platform _OSC: OS support mask [00227eff]
[    0.278874] ACPI: Interpreter enabled
[    0.278874] ACPI: PM: (supports S0 S4 S5)
[    0.278874] ACPI: Using IOAPIC for interrupt routing
[    0.278874] PCI: Using host bridge windows from ACPI; if necessary, use "pci=nocrs" and report a bug
[    0.285671] PCI: Using E820 reservations for host bridge windows
[    0.286367] ACPI: Enabled 2 GPEs in block 00 to 0F
[    0.288137] ACPI: PCI Root Bridge [PCI0] (domain 0000 [bus 00-ff])
[    0.288798] acpi PNP0A03:00: _OSC: OS supports [ASPM ClockPM Segments MSI HPX-Type3]
[    0.289612] acpi PNP0A03:00: _OSC: not requesting OS control; OS requires [ExtendedConfig ASPM ClockPM MSI]
[    0.290640] acpi PNP0A03:00: _OSC: platform retains control of PCIe features (AE_ERROR)
[    0.291491] acpi PNP0A03:00: fail to add MMCONFIG information, can't access extended configuration space under this bridge
[    0.292858] acpiphp: Slot [2] registered
[    0.293290] acpiphp: Slot [3] registered
[    0.293722] acpiphp: Slot [4] registered
[    0.294152] acpiphp: Slot [5] registered
[    0.294579] acpiphp: Slot [6] registered
[    0.295009] acpiphp: Slot [7] registered
[    0.295436] acpiphp: Slot [8] registered
[    0.295682] acpiphp: Slot [9] registered
[    0.296120] acpiphp: Slot [10] registered
[    0.296561] acpiphp: Slot [11] registered
[    0.296997] acpiphp: Slot [12] registered
[    0.297433] acpiphp: Slot [13] registered
[    0.297871] acpiphp: Slot [14] registered
[    0.298309] acpiphp: Slot [15] registered
[    0.298753] acpiphp: Slot [16] registered
[    0.299197] acpiphp: Slot [17] registered
[    0.299641] acpiphp: Slot [18] registered
[    0.300079] acpiphp: Slot [19] registered
[    0.300525] acpiphp: Slot [20] registered
[    0.300965] acpiphp: Slot [21] registered
[    0.301406] acpiphp: Slot [22] registered
[    0.301861] acpiphp: Slot [23] registered
[    0.302303] acpiphp: Slot [24] registered
[    0.302749] acpiphp: Slot [25] registered
[    0.303198] acpiphp: Slot [26] registered
[    0.303643] acpiphp: Slot [27] registered
[    0.304084] acpiphp: Slot [28] registered
[    0.304523] acpiphp: Slot [29] registered
[    0.304960] acpiphp: Slot [30] registered
[    0.305402] acpiphp: Slot [31] registered
[    0.305680] PCI host bridge to bus 0000:00
[    0.306119] pci_bus 0000:00: root bus resource [io  0x0000-0x0cf7 window]
[    0.306838] pci_bus 0000:00: root bus resource [io  0x0d00-0xffff window]
[    0.307553] pci_bus 0000:00: root bus resource [mem 0x000a0000-0x000bffff window]
[    0.308342] pci_bus 0000:00: root bus resource [mem 0xc0000000-0xfebfffff window]
[    0.309125] pci_bus 0000:00: root bus resource [mem 0x380000000000-0x38007fffffff window]
[    0.309983] pci_bus 0000:00: root bus resource [bus 00-ff]
[    0.310605] pci 0000:00:00.0: [8086:1237] type 00 class 0x060000 conventional PCI endpoint
[    0.311930] pci 0000:00:01.0: [8086:7000] type 00 class 0x060100 conventional PCI endpoint
[    0.313263] pci 0000:00:01.1: [8086:7010] type 00 class 0x010180 conventional PCI endpoint
[    0.314927] pci 0000:00:01.1: BAR 4 [io  0xc200-0xc20f]
[    0.315522] pci 0000:00:01.1: BAR 0 [io  0x01f0-0x01f7]: legacy IDE quirk
[    0.315671] pci 0000:00:01.1: BAR 1 [io  0x03f6]: legacy IDE quirk
[    0.316323] pci 0000:00:01.1: BAR 2 [io  0x0170-0x0177]: legacy IDE quirk
[    0.317039] pci 0000:00:01.1: BAR 3 [io  0x0376]: legacy IDE quirk
[    0.317832] pci 0000:00:01.3: [8086:7113] type 00 class 0x068000 conventional PCI endpoint
[    0.319046] pci 0000:00:01.3: quirk: [io  0x0600-0x063f] claimed by PIIX4 ACPI
[    0.319813] pci 0000:00:01.3: quirk: [io  0x0700-0x070f] claimed by PIIX4 SMB
[    0.320930] pci 0000:00:02.0: [1af4:1009] type 00 class 0x000200 conventional PCI endpoint
[    0.323419] pci 0000:00:02.0: BAR 0 [io  0xc000-0xc03f]
[    0.323985] pci 0000:00:02.0: BAR 1 [mem 0xfebf7000-0xfebf7fff]
[    0.324637] pci 0000:00:02.0: BAR 4 [mem 0x380000000000-0x380000003fff 64bit pref]
[    0.326288] pci 0000:00:03.0: [1af4:1009] type 00 class 0x000200 conventional PCI endpoint
[    0.328685] pci 0000:00:03.0: BAR 0 [io  0xc040-0xc07f]
[    0.329255] pci 0000:00:03.0: BAR 1 [mem 0xfebf8000-0xfebf8fff]
[    0.329914] pci 0000:00:03.0: BAR 4 [mem 0x380000004000-0x380000007fff 64bit pref]
[    0.331441] pci 0000:00:04.0: [8086:25ab] type 00 class 0x088000 conventional PCI endpoint
[    0.333536] pci 0000:00:04.0: BAR 0 [mem 0xfebf9000-0xfebf900f]
[    0.334694] pci 0000:00:05.0: [1af4:1003] type 00 class 0x078000 conventional PCI endpoint
[    0.336652] pci 0000:00:05.0: BAR 0 [io  0xc080-0xc0bf]
[    0.337276] pci 0000:00:05.0: BAR 1 [mem 0xfebfa000-0xfebfafff]
[    0.337935] pci 0000:00:05.0: BAR 4 [mem 0x380000008000-0x38000000bfff 64bit pref]
[    0.339571] pci 0000:00:06.0: [1af4:1003] type 00 class 0x078000 conventional PCI endpoint
[    0.341679] pci 0000:00:06.0: BAR 0 [io  0xc0c0-0xc0ff]
[    0.342761] pci 0000:00:06.0: BAR 1 [mem 0xfebfb000-0xfebfbfff]
[    0.343419] pci 0000:00:06.0: BAR 4 [mem 0x38000000c000-0x38000000ffff 64bit pref]
[    0.345093] pci 0000:00:07.0: [1af4:1003] type 00 class 0x078000 conventional PCI endpoint
[    0.346501] pci 0000:00:07.0: BAR 0 [io  0xc100-0xc13f]
[    0.347072] pci 0000:00:07.0: BAR 1 [mem 0xfebfc000-0xfebfcfff]
[    0.347735] pci 0000:00:07.0: BAR 4 [mem 0x380000010000-0x380000013fff 64bit pref]
[    0.349400] pci 0000:00:08.0: [1af4:1003] type 00 class 0x078000 conventional PCI endpoint
[    0.351211] pci 0000:00:08.0: BAR 0 [io  0xc140-0xc17f]
[    0.351788] pci 0000:00:08.0: BAR 1 [mem 0xfebfd000-0xfebfdfff]
[    0.352924] pci 0000:00:08.0: BAR 4 [mem 0x380000014000-0x380000017fff 64bit pref]
[    0.354605] pci 0000:00:09.0: [1af4:1003] type 00 class 0x078000 conventional PCI endpoint
[    0.356142] pci 0000:00:09.0: BAR 0 [io  0xc180-0xc1bf]
[    0.356710] pci 0000:00:09.0: BAR 1 [mem 0xfebfe000-0xfebfefff]
[    0.357377] pci 0000:00:09.0: BAR 4 [mem 0x380000018000-0x38000001bfff 64bit pref]
[    0.358989] pci 0000:00:0a.0: [1af4:1003] type 00 class 0x078000 conventional PCI endpoint
[    0.360624] pci 0000:00:0a.0: BAR 0 [io  0xc1c0-0xc1ff]
[    0.361190] pci 0000:00:0a.0: BAR 1 [mem 0xfebff000-0xfebfffff]
[    0.361844] pci 0000:00:0a.0: BAR 4 [mem 0x38000001c000-0x38000001ffff 64bit pref]
[    0.366099] ACPI: PCI: Interrupt link LNKA configured for IRQ 10
[    0.366810] ACPI: PCI: Interrupt link LNKB configured for IRQ 10
[    0.367499] ACPI: PCI: Interrupt link LNKC configured for IRQ 11
[    0.368186] ACPI: PCI: Interrupt link LNKD configured for IRQ 11
[    0.368848] ACPI: PCI: Interrupt link LNKS configured for IRQ 9
[    0.369779] iommu: Default domain type: Translated
[    0.369779] iommu: DMA domain TLB invalidation policy: lazy mode
[    0.369779] pps_core: LinuxPPS API ver. 1 registered
[    0.369779] pps_core: Software ver. 5.3.6 - Copyright 2005-2007 Rodolfo Giometti <giometti@linux.it>
[    0.369779] PTP clock support registered
[    0.369779] EDAC MC: Ver: 3.0.0
[    0.375925] NetLabel: Initializing
[    0.376330] NetLabel:  domain hash size = 128
[    0.376791] NetLabel:  protocols = UNLABELED CIPSOv4 CALIPSO
[    0.377397] NetLabel:  unlabeled traffic allowed by default
[    0.377986] PCI: Using ACPI for IRQ routing
[    0.378632] e820: register RAM buffer resource [mem 0x0009fc00-0x0009ffff]
[    0.379360] e820: register RAM buffer resource [mem 0xbffdf000-0xbfffffff]
[    0.380091] hpet0: at MMIO 0xfed00000, IRQs 2, 8, 0
[    0.380091] hpet0: 3 comparators, 64-bit 100.000000 MHz counter
[    0.385720] clocksource: Switched to clocksource kvm-clock
[    0.386392] VFS: Disk quotas dquot_6.6.0
[    0.386819] VFS: Dquot-cache hash table entries: 512 (order 0, 4096 bytes)
[    0.387932] netfs: FS-Cache loaded
[    0.388374] pnp: PnP ACPI init
[    0.388860] pnp: PnP ACPI: found 5 devices
[    0.395192] clocksource: acpi_pm: mask: 0xffffff max_cycles: 0xffffff, max_idle_ns: 2085701024 ns
[    0.396168] NET: Registered PF_INET protocol family
[    0.396928] IP idents hash table entries: 262144 (order: 9, 2097152 bytes, linear)
[    0.407200] tcp_listen_portaddr_hash hash table entries: 32768 (order: 7, 524288 bytes, linear)
[    0.408159] Table-perturb hash table entries: 65536 (order: 6, 262144 bytes, linear)
[    0.408999] TCP established hash table entries: 524288 (order: 10, 4194304 bytes, linear)
[    0.410385] TCP bind hash table entries: 65536 (order: 9, 2097152 bytes, linear)
[    0.411325] TCP: Hash tables configured (established 524288 bind 65536)
[    0.412307] MPTCP token hash table entries: 65536 (order: 9, 1572864 bytes, linear)
[    0.413172] UDP hash table entries: 32768 (order: 9, 2097152 bytes, linear)
[    0.414189] UDP-Lite hash table entries: 32768 (order: 9, 2097152 bytes, linear)
[    0.415458] NET: Registered PF_UNIX/PF_LOCAL protocol family
[    0.416070] NET: Registered PF_XDP protocol family
[    0.416590] pci_bus 0000:00: resource 4 [io  0x0000-0x0cf7 window]
[    0.417251] pci_bus 0000:00: resource 5 [io  0x0d00-0xffff window]
[    0.417904] pci_bus 0000:00: resource 6 [mem 0x000a0000-0x000bffff window]
[    0.418629] pci_bus 0000:00: resource 7 [mem 0xc0000000-0xfebfffff window]
[    0.419355] pci_bus 0000:00: resource 8 [mem 0x380000000000-0x38007fffffff window]
[    0.420182] pci 0000:00:01.0: PIIX3: Enabling Passive Release
[    0.420821] pci 0000:00:00.0: Limiting direct PCI/PCI transfers
[    0.421554] PCI: CLS 0 bytes, default 64
[    0.422018] PCI-DMA: Using software bounce buffering for IO (SWIOTLB)
[    0.422197] Trying to unpack rootfs image as initramfs...
[    0.422700] software IO TLB: mapped [mem 0x00000000bb36b000-0x00000000bf36b000] (64MB)
[    0.424789] clocksource: tsc: mask: 0xffffffffffffffff max_cycles: 0x6a464ae9873, max_idle_ns: 881590529744 ns
[    0.428405] Freeing initrd memory: 12692K
[    0.434241] Initialise system trusted keyrings
[    0.434741] Key type blacklist registered
[    0.435216] workingset: timestamp_bits=36 max_order=24 bucket_order=0
[    0.436297] SGI XFS with ACLs, security attributes, quota, no debug enabled
[    0.437339] 9p: Installing v9fs 9p2000 file system support
[    0.438921] integrity: Platform Keyring initialized
[    0.439487] cryptd: max_cpu_qlen set to 1000
[    0.445137] Key type asymmetric registered
[    0.445586] Asymmetric key parser 'x509' registered
[    0.446126] Block layer SCSI generic (bsg) driver version 0.4 loaded (major 248)
[    0.446965] io scheduler mq-deadline registered
[    0.447454] io scheduler kyber registered
[    0.447890] io scheduler bfq registered
[    0.456383] ACPI: \_SB_.LNKB: Enabled at IRQ 10
[    0.465132] ACPI: \_SB_.LNKC: Enabled at IRQ 11
[    0.473745] ACPI: \_SB_.LNKA: Enabled at IRQ 10
[    0.498377] ACPI: \_SB_.LNKD: Enabled at IRQ 11
[    0.516603] Serial: 8250/16550 driver, 4 ports, IRQ sharing disabled
[    0.517427] 00:03: ttyS0 at I/O 0x3f8 (irq = 4, base_baud = 115200) is a 16550A
[    0.627963] loop: module loaded
[    0.628594] tun: Universal TUN/TAP device driver, 1.6
[    0.629474] rtc_cmos 00:04: RTC can wake from S4
[    0.630401] rtc_cmos 00:04: registered as rtc0
[    0.630945] rtc_cmos 00:04: setting system clock to 2026-09-26T07:27:57 UTC (1790407677)
[    0.631840] rtc_cmos 00:04: alarms up to one day, y3k, 242 bytes nvram, hpet irqs
[    0.632644] intel_pstate: CPU model not supported
[    0.633164] hid: raw HID events driver (C) Jiri Kosina
[    0.634109] NET: Registered PF_INET6 protocol family
[    0.635091] Segment Routing with IPv6
[    0.635493] In-situ OAM (IOAM) with IPv6
[    0.635930] NET: Registered PF_PACKET protocol family
[    0.636477] bridge: filtering via arp/ip/ip6tables is no longer available by default. Update your scripts to load br_netfilter if you need this.
[    0.638049] 9pnet: Installing 9P2000 support
[    0.640643] IPI shorthand broadcast: enabled
[    0.643001] sched_clock: Marking stable (640154960, 429789)->(637493624, 3091125)
[    0.644126] registered taskstats version 1
[    0.644668] Loading compiled-in X.509 certificates
[    0.645554] Loaded X.509 cert 'Build time autogenerated kernel key: d1424aba97e5b78a90400dcad095464dbcbd105a'
[    0.648046] Demotion targets for Node 0: null
[    0.648579] Key type .fscrypt registered
[    0.648998] Key type fscrypt-provisioning registered
[    0.649544] ima: No TPM chip found, activating TPM-bypass!
[    0.650133] ima: Allocated hash algorithm: sha256
[    0.650657] ima: No architecture policies found
[    0.651461] clk: Disabling unused clocks
[    0.657815] Freeing unused decrypted memory: 2036K
[    0.659053] Freeing unused kernel image (initmem) memory: 4024K
[    0.659496] Write protecting the kernel read-only data: 32768k
[    0.660650] Freeing unused kernel image (text/rodata gap) memory: 1940K
[    0.661692] Freeing unused kernel image (rodata/data gap) memory: 1740K
[    0.662153] Run /init as init process
[    0.662895] virtme initramfs: loading fuse.ko...
[    0.664907] fuse: module verification failed: signature and/or required key missing - tainting kernel
[    0.669187] fuse: init (API version 7.45)
[    0.669925] virtme initramfs: loading virtiofs.ko...
[    0.671306] virtme initramfs: loading virtio_mmio.ko...
[    0.672280] virtme initramfs: loading serio.ko...
[    0.673194] virtme initramfs: loading i8042.ko...
[    0.674108] i8042: PNP: PS/2 Controller [PNP0303:KBD,PNP0f13:MOU] at 0x60,0x64 irq 1,12
[    0.675298] serio: i8042 KBD port at 0x60,0x64 irq 1
[    0.675643] serio: i8042 AUX port at 0x60,0x64 irq 12
[    0.676112] virtme initramfs: loading libps2.ko...
[    0.677145] virtme initramfs: loading vivaldi-fmap.ko...
[    0.677784] virtme initramfs: loading atkbd.ko...
[    0.678722] virtme initramfs: mounting hostfs...
[    0.679094] input: AT Translated Set 2 keyboard as /devices/platform/i8042/serio0/input/input0
[    0.679382] virtio-fs: tag <ROOTFS> not found
[    0.681210] 9pnet: Limiting 'msize' to 512000 as this is the maximum supported by transport virtio
[    0.686177] virtme initramfs: done; switching to real root
[    0.710283] virtme-ng-init: Setting hostname to virtme-ng...
[    0.760878] virtme-ng-init: running systemd-tmpfiles
[    0.990766] virtme-ng-init: basic initialization done
[    0.994174] virtme-ng-init: you have CONFIG_UEVENT_HELPER on; turn it off
[    0.997020] 9pnet: Limiting 'msize' to 512000 as this is the maximum supported by transport virtio
[    1.016474] virtme-ng-init: Starting systemd-udevd version 255.4-1ubuntu8.17
[    1.017840] virtme-ng-init: triggering udev coldplug
[    1.783856] virtme-ng-init: waiting for udev to settle
[    1.790667] input: Power Button as /devices/platform/LNXPWRBN:00/input/input2
[    1.796253] ACPI: button: Power Button [PWRF]
[    1.807543] SCSI subsystem initialized
[    1.810468] piix4_smbus 0000:00:01.3: SMBus Host Controller at 0x700, revision 0
[    1.810703] input: VirtualPS/2 VMware VMMouse as /devices/platform/i8042/serio1/input/input4
[    1.815261] i2c i2c-0: Memory type 0x07 not supported yet, not instantiating SPD
[    1.817214] input: VirtualPS/2 VMware VMMouse as /devices/platform/i8042/serio1/input/input3
[    1.820566] mousedev: PS/2 mouse device common for all mice
[    1.885883] scsi host0: ata_piix
[    1.886742] scsi host1: ata_piix
[    1.887413] ata1: PATA max MWDMA2 cmd 0x1f0 ctl 0x3f6 bmdma 0xc200 irq 14 lpm-pol 0
[    1.888600] ata2: PATA max MWDMA2 cmd 0x170 ctl 0x376 bmdma 0xc208 irq 15 lpm-pol 0
[    2.060580] ata2: found unknown device (class 0)
[    2.061416] ata2.00: ATAPI: QEMU DVD-ROM, 2.5+, max UDMA/100
[    2.063593] scsi 1:0:0:0: CD-ROM            QEMU     QEMU DVD-ROM     2.5+ PQ: 0 ANSI: 5
[    2.200743] scsi 1:0:0:0: Attached scsi generic sg0 type 5
[    2.341691] sr 1:0:0:0: [sr0] scsi3-mmc drive: 4x/4x cd/rw xa/form2 tray
[    2.342696] cdrom: Uniform CD-ROM driver Revision: 3.20
[    3.867080] virtme-ng-init: udev is done
[    3.869039] virtme-ng-init: starting script
[    4.116186] loop0: detected capacity change from 0 to 134217728
[    4.123751] EXT4-fs (loop0): mounted filesystem c7c6d8f1-6f97-458a-bab6-5a98a948430b r/w with ordered data mode. Quota mode: none.
[    6.861350] Initializing XFRM netlink socket
[   54.929650] clocksource: Long readout interval, skipping watchdog check: cs_nsec: 1269198659 wd_nsec: 1269198411
[  148.034048] bpf_x86_alu: loading out-of-tree module taints kernel.
[  149.969457] NOTICE: Automounting of tracing to debugfs is deprecated and will be removed in 2030
[  166.317736] capability: warning: `stress-ng-cap' uses deprecated v2 capabilities in a way that may be insecure
[  166.319437] capability: warning: `stress-ng-cap' uses 32-bit capabilities (legacy support in use)
[  227.013654] mmap: stress-ng-sysca (1975) uses deprecated remap_file_pages() syscall. See Documentation/mm/remap_file_pages.rst.
[  227.040846] capability: warning: `stress-ng-cap' uses deprecated v2 capabilities in a way that may be insecure
[  227.041647] capability: warning: `stress-ng-cap' uses 32-bit capabilities (legacy support in use)
[  228.910450] mmap: stress-ng-sysca (2015) uses deprecated remap_file_pages() syscall. See Documentation/mm/remap_file_pages.rst.
[  287.063195] capability: warning: `stress-ng-cap' uses deprecated v2 capabilities in a way that may be insecure
[  287.063979] capability: warning: `stress-ng-cap' uses 32-bit capabilities (legacy support in use)
[  347.133683] mmap: stress-ng-sysca (2091) uses deprecated remap_file_pages() syscall. See Documentation/mm/remap_file_pages.rst.
[  348.081107] capability: warning: `stress-ng-cap' uses deprecated v2 capabilities in a way that may be insecure
[  348.081880] capability: warning: `stress-ng-cap' uses 32-bit capabilities (legacy support in use)
[  349.474537] mmap: stress-ng-sysca (2132) uses deprecated remap_file_pages() syscall. See Documentation/mm/remap_file_pages.rst.
[  430.739579] capability: warning: `stress-ng-cap' uses deprecated v2 capabilities in a way that may be insecure
[  430.743092] capability: warning: `stress-ng-cap' uses 32-bit capabilities (legacy support in use)
[  432.683979] mmap: stress-ng-sysca (2237) uses deprecated remap_file_pages() syscall. See Documentation/mm/remap_file_pages.rst.
[  490.765138] capability: warning: `stress-ng-cap' uses deprecated v2 capabilities in a way that may be insecure
[  490.765912] capability: warning: `stress-ng-cap' uses 32-bit capabilities (legacy support in use)
[  492.475651] mmap: stress-ng-sysca (2279) uses deprecated remap_file_pages() syscall. See Documentation/mm/remap_file_pages.rst.
[  550.781274] capability: warning: `stress-ng-cap' uses deprecated v2 capabilities in a way that may be insecure
[  550.782075] capability: warning: `stress-ng-cap' uses 32-bit capabilities (legacy support in use)
[  611.406880] mmap: stress-ng-sysca (2319) uses deprecated remap_file_pages() syscall. See Documentation/mm/remap_file_pages.rst.
[  611.802427] capability: warning: `stress-ng-cap' uses deprecated v2 capabilities in a way that may be insecure
[  611.803204] capability: warning: `stress-ng-cap' uses 32-bit capabilities (legacy support in use)
[  671.818228] mmap: stress-ng-sysca (2359) uses deprecated remap_file_pages() syscall. See Documentation/mm/remap_file_pages.rst.
[  678.967520] ACPI: PM: Preparing to enter system sleep state S5
[  678.968001] kvm: exiting hardware virtualization
[  678.968763] reboot: Power down
