WARNING: No swap limit support
WARNING: IPv4 forwarding is disabled
Loaded image: bpf-benchmark/runner-runtime:x86_64
WARNING: IPv4 forwarding is disabled. Networking will not work.
_DISK_SIZE:-64G}" /var/tmp/bpf-benchmark-docker.img
mkfs.ext4 -F -q /var/tmp/bpf-benchmark-docker.img
mount -o loop,discard /var/tmp/bpf-benchmark-docker.img /run/bpf-benchmark-docker
dockerd --data-root /run/bpf-benchmark-docker/data --exec-root /run/bpf-benchmark-docker/exec --pidfile /run/bpf-benchmark-docker/docker.pid --host unix:///run/docker.sock --bridge=none --iptables=false --ip-masq=false --ip-forward=false >/run/bpf-benchmark-docker/dockerd.log 2>&1 &
for _ in 1 2 3 4 5 6 7 8 9 10; do docker info >/dev/null 2>&1 && break; sleep 1; done
docker info >/dev/null
install -d "/workspaces/repository/corpus/results"
"/workspaces/repository/runner/scripts/bpfrejit-install" --image "bpf-benchmark/runner-runtime:x86_64" "/workspaces/repository/.cache/container-images/x86_64-runner-runtime.image.tar"
docker run --rm --privileged --pid=host --network=host --ipc=host --cgroupns=host -e BPFREJIT_INSIDE_RUNTIME_CONTAINER=1 -e HOME=/root -e TARGET="x86-kvm" -e RUN_TARGET_NAME="x86-kvm" -e RUN_TOKEN="42cda15b" -e RUN_TARGET_ARCH="x86_64" -e RUN_EXECUTOR="kvm" -e RUN_REMOTE_PYTHON_BIN="python3" -e RUN_RUNTIME_PYTHON_BIN="python3" -e RUN_BPFTOOL_BIN="bpftool" -e RUN_NATIVE_REPOS_CSV="bcc,katran,tracee,tetragon" -e SAMPLES="3"      -e FUZZ_ROUNDS="1000"  -e WORKLOAD_DURATION="30"   -e BPFREJIT_CORPUS_APPS="cilium/agent"           -e MERLIN_COMPILETIME_MODE="none"      -e BPFREJIT_SHIM_NATIVE_LOADER="post"              -w "/workspaces/repository" -v /sys:/sys -v /sys/fs/bpf:/sys/fs/bpf -v /sys/kernel/debug:/sys/kernel/debug -v /lib/modules:/lib/modules:ro -v /boot:/boot:ro -v "/workspaces/repository/corpus/results:/workspaces/repository/corpus/results" "bpf-benchmark/runner-runtime:x86_64" python3 -m corpus.driver
{"active_env_keys": [], "event": "native_loader_mode", "post_only": true, "saved_env_keys": ["BPFREJIT_NATIVE_LOADER_REQUIRE_PREBUILT_PROOF", "BPFREJIT_NATIVE_LOADER_SO", "BPFREJIT_SHIM_NATIVE_LOADER"]}
{"app": "cilium/agent", "event": "app_start", "runner": "cilium", "workload": "cilium_endpoint_pktgen"}
{"app": "cilium/agent", "event": "phase_start", "phase": "baseline_start", "runner": "cilium", "workload": "cilium_endpoint_pktgen"}
{"active_env_keys": [], "app": "cilium/agent", "event": "native_loader_phase_env", "phase": "baseline_start", "runner": "cilium", "temporary_set_keys": ["BPFREJIT_SHIM_LOADTIME_PLAN", "BPFREJIT_SHIM_LOG"], "temporary_unset_keys": []}
{"app": "cilium/agent", "event": "phase_done", "phase": "baseline_start", "runner": "cilium", "status": "ok"}
{"app": "cilium/agent", "event": "measurement_start", "phase": "baseline", "runner": "cilium", "samples": 3, "workload": "cilium_endpoint_pktgen"}
{"app": "cilium/agent", "event": "measurement_done", "phase": "baseline", "runner": "cilium", "status": "ok"}
{"app": "cilium/agent", "event": "phase_start", "phase": "baseline_stop", "runner": "cilium"}
{"app": "cilium/agent", "event": "phase_step", "phase": "baseline_stop", "runner": "cilium", "step": "runner_stop_done"}
{"app": "cilium/agent", "event": "phase_step", "phase": "baseline_stop", "runner": "cilium", "step": "quiesce_start"}
{"app": "cilium/agent", "event": "phase_step", "phase": "baseline_stop", "runner": "cilium", "step": "quiesce_done"}
{"app": "cilium/agent", "event": "phase_step", "phase": "baseline_stop", "runner": "cilium", "step": "bpf_stats_disabled"}
{"app": "cilium/agent", "event": "phase_done", "phase": "baseline_stop", "runner": "cilium", "status": "ok"}
{"active_env_keys": [], "app": "cilium/agent", "event": "native_loader_phase_env", "phase": "post_rejit_start", "runner": "cilium", "temporary_set_keys": ["BPFREJIT_NATIVE_LOADER_REQUIRE_PREBUILT_PROOF", "BPFREJIT_NATIVE_LOADER_SO", "BPFREJIT_REPO_ROOT", "BPFREJIT_SHIM_LOADTIME_PLAN", "BPFREJIT_SHIM_LOG", "BPFREJIT_SHIM_NATIVE_LOADER"], "temporary_unset_keys": ["BPFREJIT_NATIVE_DISABLE_MAP_LOWERING", "BPFREJIT_NATIVE_LINK_BINARY", "BPFREJIT_SHIM_NATIVE_JIT_DUMP_LIMIT", "BPFREJIT_SHIM_NATIVE_KMSG_PROGRESS", "BPFREJIT_SHIM_NATIVE_MANIFEST"]}
{"app": "cilium/agent", "event": "loadtime_plan_done", "runner": "cilium", "status": "native_loader_only"}
{"app": "cilium/agent", "event": "phase_start", "phase": "post_rejit_start", "runner": "cilium", "workload": "cilium_endpoint_pktgen"}
{"app": "cilium/agent", "event": "phase_done", "phase": "post_rejit_start", "runner": "cilium", "status": "ok"}
{"app": "cilium/agent", "event": "measurement_start", "phase": "post_rejit", "runner": "cilium", "samples": 3, "workload": "cilium_endpoint_pktgen"}
{"app": "cilium/agent", "event": "measurement_done", "phase": "post_rejit", "runner": "cilium", "status": "ok"}
{"app": "cilium/agent", "event": "phase_start", "phase": "post_rejit_stop", "runner": "cilium"}
{"app": "cilium/agent", "event": "phase_step", "phase": "post_rejit_stop", "runner": "cilium", "step": "runner_stop_done"}
{"app": "cilium/agent", "event": "phase_step", "phase": "post_rejit_stop", "runner": "cilium", "step": "quiesce_start"}
{"app": "cilium/agent", "event": "phase_step", "phase": "post_rejit_stop", "runner": "cilium", "step": "quiesce_done"}
{"app": "cilium/agent", "event": "phase_step", "phase": "post_rejit_stop", "runner": "cilium", "step": "bpf_stats_disabled"}
{"app": "cilium/agent", "event": "phase_done", "phase": "post_rejit_stop", "runner": "cilium", "status": "ok"}
{"app": "cilium/agent", "error": "", "event": "app_done", "status": "ok"}
{
  "status": "ok",
  "artifact_run_dir": "/workspaces/repository/corpus/results/x86_kvm_corpus_20260924_164153_955835",
  "artifact_metadata": "/workspaces/repository/corpus/results/x86_kvm_corpus_20260924_164153_955835/metadata.json"
}
make: Leaving directory '/workspaces/repository'
q 2 dfl dfl)
[    0.034725] ACPI: INT_SRC_OVR (bus 0 bus_irq 5 global_irq 5 high level)
[    0.035432] ACPI: INT_SRC_OVR (bus 0 bus_irq 9 global_irq 9 high level)
[    0.036140] ACPI: INT_SRC_OVR (bus 0 bus_irq 10 global_irq 10 high level)
[    0.036860] ACPI: INT_SRC_OVR (bus 0 bus_irq 11 global_irq 11 high level)
[    0.037588] ACPI: Using ACPI (MADT) for SMP configuration information
[    0.038277] ACPI: HPET id: 0x8086a201 base: 0xfed00000
[    0.038822] TSC deadline timer available
[    0.039242] CPU topo: Max. logical packages:   1
[    0.039729] CPU topo: Max. logical nodes:      1
[    0.040222] CPU topo: Num. nodes per package:  1
[    0.040708] CPU topo: Max. logical dies:       1
[    0.041201] CPU topo: Max. dies per package:   1
[    0.041688] CPU topo: Max. threads per core:   1
[    0.042181] CPU topo: Num. cores per package:     8
[    0.042695] CPU topo: Num. threads per package:   8
[    0.043211] CPU topo: Allowing 8 present CPUs plus 0 hotplug CPUs
[    0.043870] kvm-guest: APIC: eoi() replaced with kvm_guest_apic_eoi_write()
[    0.044623] kvm-guest: KVM setup pv remote TLB flush
[    0.045152] kvm-guest: setup PV sched yield
[    0.045606] PM: hibernation: Registered nosave memory: [mem 0x00000000-0x00000fff]
[    0.046408] PM: hibernation: Registered nosave memory: [mem 0x0009f000-0x000fffff]
[    0.047208] PM: hibernation: Registered nosave memory: [mem 0xbffdf000-0xffffffff]
[    0.048011] [gap 0xc0000000-0xfeffbfff] available for PCI devices
[    0.048652] Booting paravirtualized kernel on KVM
[    0.049153] clocksource: refined-jiffies: mask: 0xffffffff max_cycles: 0xffffffff, max_idle_ns: 19112604462750000 ns
[    0.054765] Zone ranges:
[    0.055049]   DMA      [mem 0x0000000000001000-0x0000000000ffffff]
[    0.055702]   DMA32    [mem 0x0000000001000000-0x00000000ffffffff]
[    0.056358]   Normal   [mem 0x0000000100000000-0x000000103fffffff]
[    0.057013]   Device   empty
[    0.057316] Movable zone start for each node
[    0.057766] Early memory node ranges
[    0.058144]   node   0: [mem 0x0000000000001000-0x000000000009efff]
[    0.058803]   node   0: [mem 0x0000000000100000-0x00000000bffdefff]
[    0.059465]   node   0: [mem 0x0000000100000000-0x000000103fffffff]
[    0.060129] Initmem setup node 0 [mem 0x0000000000001000-0x000000103fffffff]
[    0.064204] On node 0, zone DMA: 1 pages in unavailable ranges
[    0.065041] On node 0, zone DMA: 97 pages in unavailable ranges
[    0.149334] On node 0, zone Normal: 33 pages in unavailable ranges
[    0.150063] setup_percpu: NR_CPUS:8192 nr_cpumask_bits:8 nr_cpu_ids:8 nr_node_ids:1
[    0.163281] percpu: Embedded 61 pages/cpu s212992 r8192 d28672 u262144
[    0.164062] kvm-guest: PV spinlocks enabled
[    0.164510] PV qspinlock hash table entries: 256 (order: 0, 4096 bytes, linear)
[    0.165301] Kernel command line: virtme_hostname=virtme-ng nr_open=1048576 virtme_link_mods=/workspaces/repository/vendor/build/x86/linux/.virtme_mods/lib/modules/0.0.0 virtme_initmount0=workspaces/repository virtme_rw_overlay0=/etc virtme_rw_overlay1=/lib virtme_rw_overlay2=/home virtme_rw_overlay3=/opt virtme_rw_overlay4=/srv virtme_rw_overlay5=/usr virtme_rw_overlay6=/var virtme_rw_overlay7=/tmp virtme_console=ttyS0 console=ttyS0 earlyprintk=serial,ttyS0,115200 panic=-1 \
[    0.169794] Kernel command line: virtme.exec=`bWFrZSAtQyAvd29ya3NwYWNlcy9yZXBvc2l0b3J5IF9fcnVudGltZS12bS1jb3JwdXMgVEFSR0VUPSd4ODYta3ZtJyBSVU5fVEFSR0VUX05BTUU9J3g4Ni1rdm0nIFJVTl9UQVJHRVRfQVJDSD0neDg2XzY0JyBSVU5fRVhFQ1VUT1I9J2t2bScgUlVOVElNRV9DT05UQUlORVJfSU1BR0U9J2JwZi1iZW5jaG1hcmsvcnVubmVyLXJ1bnRpbWU6eDg2XzY0JyBSVU5USU1FX0lNQUdFX1RBUj0nL3dvcmtzcGFjZXMvcmVwb3NpdG9yeS8uY2FjaGUvY29udGFpbmVyLWltYWdlcy94ODZfNjQtcnVubmVyLXJ1bnRpbWUuaW1hZ2UudGFyJyBSVU5fUkVNT1RFX1BZVEhPTl9CSU49J3B5dGhvbjMnIFJVTl9SVU5USU1FX1BZVEhPTl9CSU49J3B5dGhvbjMnIFJVTl9CUEZUT09MX0JJTj0nYnBmdG9vbCcgUlVOX05BVElWRV9SRVBPU19DU1Y9J2JjYyxrYXRyYW4sdHJhY2VlLHRldHJhZ29uJyBSVU5fVE9LRU49JzQyY2RhMTViJyBTQU1QTEVTPSczJyAgICAgIEZVWlpfUk9VTkRTPScxMDAwJyAgV09SS0xPQURfRFVSQVRJT049JzMwJyAgIEJQRlJFSklUX0NPUlBVU19BUFBTPSdjaWxpdW0vYWdlbnQnICAgICAgICAgICBNRVJMSU5fQ09NUElMRVRJTUVfTU9ERT0nbm9uZScgICAgICBCUEZSRUpJVF9TSElNX05BVElWRV9MT0FERVI9J3Bvc3QnICAgICAgICAgICAgIA==` virtme_chdir=workspaces/repository virtme_root_user=1 debug loglevel=7 panic=30 oops=panic \
[    0.179204] Kernel command line: init=/opt/virtme-ng/lib/python3.12/site-packages/virtme/guest/bin/virtme-ng-init
[    0.180469] Unknown kernel command line parameters "virtme_hostname=virtme-ng nr_open=1048576 virtme_link_mods=/workspaces/repository/vendor/build/x86/linux/.virtme_mods/lib/modules/0.0.0 virtme_initmount0=workspaces/repository virtme_rw_overlay0=/etc virtme_rw_overlay1=/lib virtme_rw_overlay2=/home virtme_rw_overlay3=/opt virtme_rw_overlay4=/srv virtme_rw_overlay5=/usr virtme_rw_overlay6=/var virtme_rw_overlay7=/tmp virtme_console=ttyS0 virtme_chdir=workspaces/repository virtme_root_user=1", will be passed to user space.
[    0.185404] random: crng init done
[    0.185765] printk: log buffer data + meta data: 2097152 + 7340032 = 9437184 bytes
[    0.222320] Dentry cache hash table entries: 8388608 (order: 14, 67108864 bytes, linear)
[    0.248279] Inode-cache hash table entries: 4194304 (order: 13, 33554432 bytes, linear)
[    0.249374] software IO TLB: area num 8.
[    0.309529] Fallback order for Node 0: 0
[    0.309536] Built 1 zonelists, mobility grouping on.  Total pages: 16777085
[    0.310731] Policy zone: Normal
[    0.311059] mem auto-init: stack:off, heap alloc:off, heap free:off
[    0.343593] SLUB: HWalign=64, Order=0-3, MinObjects=0, CPUs=8, Nodes=1
Poking KASLR using RDRAND RDTSC...
[    0.353675] ftrace: allocating 51964 entries in 204 pages
[    0.354272] ftrace: allocated 204 pages with 4 groups
[    0.355233] Dynamic Preempt: lazy
[    0.357770] rcu: Preemptible hierarchical RCU implementation.
[    0.358433] rcu: 	RCU restricting CPUs from NR_CPUS=8192 to nr_cpu_ids=8.
[    0.359132] 	Trampoline variant of Tasks RCU enabled.
[    0.359647] 	Rude variant of Tasks RCU enabled.
[    0.360116] 	Tracing variant of Tasks RCU enabled.
[    0.360605] rcu: RCU calculated value of scheduler-enlistment delay is 10 jiffies.
[    0.361384] rcu: Adjusting geometry for rcu_fanout_leaf=16, nr_cpu_ids=8
[    0.362086] RCU Tasks: Setting shift to 3 and lim to 1 rcu_task_cb_adjust=1 rcu_task_cpu_ids=8.
[    0.363081] RCU Tasks Rude: Setting shift to 3 and lim to 1 rcu_task_cb_adjust=1 rcu_task_cpu_ids=8.
[    0.367688] NR_IRQS: 524544, nr_irqs: 488, preallocated irqs: 16
[    0.368528] rcu: srcu_init: Setting srcu_struct sizes based on contention.
[    0.369369] Console: colour *CGA 80x25
[    0.369787] printk: legacy console [ttyS0] enabled
[    0.369787] printk: legacy console [ttyS0] enabled
[    0.370795] printk: legacy bootconsole [earlyser0] disabled
[    0.370795] printk: legacy bootconsole [earlyser0] disabled
[    0.371984] ACPI: Core revision 20251212
[    0.372531] clocksource: hpet: mask: 0xffffffff max_cycles: 0xffffffff, max_idle_ns: 19112604467 ns
[    0.373583] APIC: Switch to symmetric I/O mode setup
[    0.374272] x2apic enabled
[    0.374764] APIC: Switched APIC routing to: physical x2apic
[    0.375365] kvm-guest: APIC: send_IPI_mask() replaced with kvm_send_ipi_mask()
[    0.376134] kvm-guest: APIC: send_IPI_mask_allbutself() replaced with kvm_send_ipi_mask_allbutself()
[    0.377094] kvm-guest: setup PV IPIs
[    0.378176] ..TIMER: vector=0x30 apic1=0 pin1=2 apic2=-1 pin2=-1
[    0.378832] clocksource: tsc-early: mask: 0xffffffffffffffff max_cycles: 0x6a464ae9873, max_idle_ns: 881590529744 ns
[    0.379946] Calibrating delay loop (skipped) preset value.. 7372.80 BogoMIPS (lpj=36864000)
[    0.380953] x86/cpu: User Mode Instruction Prevention (UMIP) activated
[    0.381707] Last level iTLB entries: 4KB 0, 2MB 0, 4MB 0
[    0.382276] Last level dTLB entries: 4KB 0, 2MB 0, 4MB 0, 1GB 0
[    0.382906] mitigations: Enabled attack vectors: user_kernel, user_user, guest_host, guest_guest, SMT mitigations: auto
[    0.389948] Speculative Store Bypass: Mitigation: Speculative Store Bypass disabled via prctl
[    0.390849] Spectre V2 : Mitigation: Enhanced / Automatic IBRS
[    0.391462] ITS: Mitigation: Aligned branch/return thunks
[    0.392039] Spectre V1 : Mitigation: usercopy/swapgs barriers and __user pointer sanitization
[    0.392940] Spectre V2 : mitigation: Enabling conditional Indirect Branch Prediction Barrier
[    0.393835] active return thunk: its_return_thunk
[    0.394340] Spectre V2 : Spectre BHI mitigation: SW BHB clearing on syscall and VM exit
[    0.395206] x86/fpu: Supporting XSAVE feature 0x001: 'x87 floating point registers'
[    0.396038] x86/fpu: Supporting XSAVE feature 0x002: 'SSE registers'
[    0.396722] x86/fpu: Supporting XSAVE feature 0x004: 'AVX registers'
[    0.397411] x86/fpu: Supporting XSAVE feature 0x200: 'Protection Keys User registers'
[    0.398252] x86/fpu: xstate_offset[2]:  576, xstate_sizes[2]:  256
[    0.398919] x86/fpu: xstate_offset[9]:  832, xstate_sizes[9]:    8
[    0.399944] x86/fpu: Enabled xstate features 0x207, context size is 840 bytes, using 'compacted' format.
[    0.417828] Freeing SMP alternatives memory: 48K
[    0.418388] pid_max: default: 32768 minimum: 301
[    0.419002] landlock: Up and running.
[    0.419411] Yama: becoming mindful.
[    0.419800] SELinux:  Initializing.
[    0.420187] LSM support for eBPF active
[    0.420736] Mount-cache hash table entries: 131072 (order: 8, 1048576 bytes, linear)
[    0.423767] Mountpoint-cache hash table entries: 131072 (order: 8, 1048576 bytes, linear)
[    0.424755] VFS: Finished mounting rootfs on nullfs
[    0.425590] smpboot: CPU0: Intel(R) Core(TM) Ultra 9 285K (family: 0x6, model: 0xc6, stepping: 0x2)
[    0.426717] Performance Events: unsupported CPU family 6 model 198 no PMU driver, software events only.
[    0.427813] signal: max sigframe size: 3632
[    0.428321] rcu: Hierarchical SRCU implementation.
[    0.428847] rcu: 	Max phase no-delay instances is 1000.
[    0.429454] Timer migration: 1 hierarchy levels; 8 children per group; 1 crossnode level
[    0.429943] smp: Bringing up secondary CPUs ...
[    0.429943] smpboot: x86: Booting SMP configuration:
[    0.429954] .... node  #0, CPUs:      #1 #2 #3 #4 #5 #6 #7
[    0.430720] smp: Brought up 1 node, 8 CPUs
[    0.432258] smpboot: Total of 8 processors activated (58982.40 BogoMIPS)
[    0.656072] node 0 deferred pages initialised in 220ms
[    0.656072] Memory: 65808480K/67108340K available (16491K kernel code, 9695K rwdata, 12596K rodata, 4024K init, 7316K bss, 1288212K reserved, 0K cma-reserved)
[    0.661509] devtmpfs: initialized
[    0.661509] x86/mm: Memory block size: 1024MB
[    0.662568] clocksource: jiffies: mask: 0xffffffff max_cycles: 0xffffffff, max_idle_ns: 19112604462750000 ns
[    0.662568] posixtimers hash table entries: 4096 (order: 4, 65536 bytes, linear)
[    0.663996] futex hash table entries: 2048 (131072 bytes on 1 NUMA nodes, total 128 KiB, linear).
[    0.672879] NET: Registered PF_NETLINK/PF_ROUTE protocol family
[    0.674456] DMA: preallocated 4096 KiB GFP_KERNEL pool for atomic allocations
[    0.676113] DMA: preallocated 4096 KiB GFP_KERNEL|GFP_DMA pool for atomic allocations
[    0.677947] DMA: preallocated 4096 KiB GFP_KERNEL|GFP_DMA32 pool for atomic allocations
[    0.679825] audit: initializing netlink subsys (disabled)
[    0.679992] audit: type=2000 audit(1790268063.691:1): state=initialized audit_enabled=0 res=1
[    0.682772] thermal_sys: Registered thermal governor 'fair_share'
[    0.682774] thermal_sys: Registered thermal governor 'step_wise'
[    0.684208] thermal_sys: Registered thermal governor 'user_space'
[    0.685665] cpuidle: using governor ladder
[    0.685665] cpuidle: using governor menu
[    0.685665] acpiphp: ACPI Hot Plug PCI Controller Driver version: 0.5
[    0.690195] PCI: Using configuration type 1 for base access
[    0.691632] kprobes: kprobe jump-optimization is enabled. All kprobes are optimized if possible.
[    0.692032] HugeTLB: registered 1.00 GiB page size, pre-allocated 0 pages
[    0.692032] HugeTLB: 16380 KiB vmemmap can be freed for a 1.00 GiB page
[    0.693094] HugeTLB: registered 2.00 MiB page size, pre-allocated 0 pages
[    0.699956] HugeTLB: 28 KiB vmemmap can be freed for a 2.00 MiB page
[    0.701582] ACPI: Added _OSI(Module Device)
[    0.701582] ACPI: Added _OSI(Processor Device)
[    0.702606] ACPI: Added _OSI(Processor Aggregator Device)
[    0.704187] ACPI: 1 ACPI AML tables successfully acquired and loaded
[    0.713531] ACPI: \_SB_: platform _OSC: OS support mask [00227eff]
[    0.713531] ACPI: Interpreter enabled
[    0.719969] ACPI: PM: (supports S0 S4 S5)
[    0.720912] ACPI: Using IOAPIC for interrupt routing
[    0.722087] PCI: Using host bridge windows from ACPI; if necessary, use "pci=nocrs" and report a bug
[    0.724184] PCI: Using E820 reservations for host bridge windows
[    0.725663] ACPI: Enabled 2 GPEs in block 00 to 0F
[    0.729236] ACPI: PCI Root Bridge [PCI0] (domain 0000 [bus 00-ff])
[    0.729964] acpi PNP0A03:00: _OSC: OS supports [ASPM ClockPM Segments MSI HPX-Type3]
[    0.731732] acpi PNP0A03:00: _OSC: not requesting OS control; OS requires [ExtendedConfig ASPM ClockPM MSI]
[    0.733993] acpi PNP0A03:00: _OSC: platform retains control of PCIe features (AE_ERROR)
[    0.735831] acpi PNP0A03:00: fail to add MMCONFIG information, can't access extended configuration space under this bridge
[    0.738715] acpiphp: Slot [2] registered
[    0.739663] acpiphp: Slot [3] registered
[    0.739979] acpiphp: Slot [4] registered
[    0.740903] acpiphp: Slot [5] registered
[    0.741837] acpiphp: Slot [6] registered
[    0.742794] acpiphp: Slot [7] registered
[    0.743729] acpiphp: Slot [8] registered
[    0.744664] acpiphp: Slot [9] registered
[    0.745600] acpiphp: Slot [10] registered
[    0.746551] acpiphp: Slot [11] registered
[    0.747508] acpiphp: Slot [12] registered
[    0.748480] acpiphp: Slot [13] registered
[    0.749435] acpiphp: Slot [14] registered
[    0.749978] acpiphp: Slot [15] registered
[    0.750932] acpiphp: Slot [16] registered
[    0.751890] acpiphp: Slot [17] registered
[    0.752839] acpiphp: Slot [18] registered
[    0.753844] acpiphp: Slot [19] registered
[    0.754806] acpiphp: Slot [20] registered
[    0.755766] acpiphp: Slot [21] registered
[    0.756813] acpiphp: Slot [22] registered
[    0.757769] acpiphp: Slot [23] registered
[    0.758752] acpiphp: Slot [24] registered
[    0.759732] acpiphp: Slot [25] registered
[    0.759975] acpiphp: Slot [26] registered
[    0.760924] acpiphp: Slot [27] registered
[    0.761868] acpiphp: Slot [28] registered
[    0.762842] acpiphp: Slot [29] registered
[    0.763805] acpiphp: Slot [30] registered
[    0.764756] acpiphp: Slot [31] registered
[    0.765703] PCI host bridge to bus 0000:00
[    0.766686] pci_bus 0000:00: root bus resource [io  0x0000-0x0cf7 window]
[    0.768245] pci_bus 0000:00: root bus resource [io  0x0d00-0xffff window]
[    0.769785] pci_bus 0000:00: root bus resource [mem 0x000a0000-0x000bffff window]
[    0.769953] pci_bus 0000:00: root bus resource [mem 0xc0000000-0xfebfffff window]
[    0.771650] pci_bus 0000:00: root bus resource [mem 0x380000000000-0x38007fffffff window]
[    0.773515] pci_bus 0000:00: root bus resource [bus 00-ff]
[    0.774875] pci 0000:00:00.0: [8086:1237] type 00 class 0x060000 conventional PCI endpoint
[    0.777677] pci 0000:00:01.0: [8086:7000] type 00 class 0x060100 conventional PCI endpoint
[    0.780496] pci 0000:00:01.1: [8086:7010] type 00 class 0x010180 conventional PCI endpoint
[    0.783395] pci 0000:00:01.1: BAR 4 [io  0xc200-0xc20f]
[    0.784661] pci 0000:00:01.1: BAR 0 [io  0x01f0-0x01f7]: legacy IDE quirk
[    0.786216] pci 0000:00:01.1: BAR 1 [io  0x03f6]: legacy IDE quirk
[    0.787658] pci 0000:00:01.1: BAR 2 [io  0x0170-0x0177]: legacy IDE quirk
[    0.789224] pci 0000:00:01.1: BAR 3 [io  0x0376]: legacy IDE quirk
[    0.790302] pci 0000:00:01.3: [8086:7113] type 00 class 0x068000 conventional PCI endpoint
[    0.792840] pci 0000:00:01.3: quirk: [io  0x0600-0x063f] claimed by PIIX4 ACPI
[    0.794545] pci 0000:00:01.3: quirk: [io  0x0700-0x070f] claimed by PIIX4 SMB
[    0.796753] pci 0000:00:02.0: [1af4:1009] type 00 class 0x000200 conventional PCI endpoint
[    0.799967] pci 0000:00:02.0: BAR 0 [io  0xc000-0xc03f]
[    0.801196] pci 0000:00:02.0: BAR 1 [mem 0xfebf7000-0xfebf7fff]
[    0.802613] pci 0000:00:02.0: BAR 4 [mem 0x380000000000-0x380000003fff 64bit pref]
[    0.806091] pci 0000:00:03.0: [1af4:1009] type 00 class 0x000200 conventional PCI endpoint
[    0.809667] pci 0000:00:03.0: BAR 0 [io  0xc040-0xc07f]
[    0.809965] pci 0000:00:03.0: BAR 1 [mem 0xfebf8000-0xfebf8fff]
[    0.811799] pci 0000:00:03.0: BAR 4 [mem 0x380000004000-0x380000007fff 64bit pref]
[    0.814994] pci 0000:00:04.0: [8086:25ab] type 00 class 0x088000 conventional PCI endpoint
[    0.817696] pci 0000:00:04.0: BAR 0 [mem 0xfebf9000-0xfebf900f]
[    0.820011] pci 0000:00:05.0: [1af4:1003] type 00 class 0x078000 conventional PCI endpoint
[    0.823251] pci 0000:00:05.0: BAR 0 [io  0xc080-0xc0bf]
[    0.824491] pci 0000:00:05.0: BAR 1 [mem 0xfebfa000-0xfebfafff]
[    0.825911] pci 0000:00:05.0: BAR 4 [mem 0x380000008000-0x38000000bfff 64bit pref]
[    0.829321] pci 0000:00:06.0: [1af4:1003] type 00 class 0x078000 conventional PCI endpoint
[    0.831347] pci 0000:00:06.0: BAR 0 [io  0xc0c0-0xc0ff]
[    0.832591] pci 0000:00:06.0: BAR 1 [mem 0xfebfb000-0xfebfbfff]
[    0.834006] pci 0000:00:06.0: BAR 4 [mem 0x38000000c000-0x38000000ffff 64bit pref]
[    0.840820] pci 0000:00:07.0: [1af4:1003] type 00 class 0x078000 conventional PCI endpoint
[    0.844007] pci 0000:00:07.0: BAR 0 [io  0xc100-0xc13f]
[    0.845227] pci 0000:00:07.0: BAR 1 [mem 0xfebfc000-0xfebfcfff]
[    0.846647] pci 0000:00:07.0: BAR 4 [mem 0x380000010000-0x380000013fff 64bit pref]
[    0.849993] pci 0000:00:08.0: [1af4:1003] type 00 class 0x078000 conventional PCI endpoint
[    0.853042] pci 0000:00:08.0: BAR 0 [io  0xc140-0xc17f]
[    0.854268] pci 0000:00:08.0: BAR 1 [mem 0xfebfd000-0xfebfdfff]
[    0.855688] pci 0000:00:08.0: BAR 4 [mem 0x380000014000-0x380000017fff 64bit pref]
[    0.859119] pci 0000:00:09.0: [1af4:1003] type 00 class 0x078000 conventional PCI endpoint
[    0.861133] pci 0000:00:09.0: BAR 0 [io  0xc180-0xc1bf]
[    0.862365] pci 0000:00:09.0: BAR 1 [mem 0xfebfe000-0xfebfefff]
[    0.863780] pci 0000:00:09.0: BAR 4 [mem 0x380000018000-0x38000001bfff 64bit pref]
[    0.867154] pci 0000:00:0a.0: [1af4:1003] type 00 class 0x078000 conventional PCI endpoint
[    0.870344] pci 0000:00:0a.0: BAR 0 [io  0xc1c0-0xc1ff]
[    0.871575] pci 0000:00:0a.0: BAR 1 [mem 0xfebff000-0xfebfffff]
[    0.873011] pci 0000:00:0a.0: BAR 4 [mem 0x38000001c000-0x38000001ffff 64bit pref]
[    0.881130] ACPI: PCI: Interrupt link LNKA configured for IRQ 10
[    0.882688] ACPI: PCI: Interrupt link LNKB configured for IRQ 10
[    0.884190] ACPI: PCI: Interrupt link LNKC configured for IRQ 11
[    0.885695] ACPI: PCI: Interrupt link LNKD configured for IRQ 11
[    0.887140] ACPI: PCI: Interrupt link LNKS configured for IRQ 9
[    0.889202] iommu: Default domain type: Translated
[    0.889957] iommu: DMA domain TLB invalidation policy: lazy mode
[    0.891407] pps_core: LinuxPPS API ver. 1 registered
[    0.891407] pps_core: Software ver. 5.3.6 - Copyright 2005-2007 Rodolfo Giometti <giometti@linux.it>
[    0.893313] PTP clock support registered
[    0.894268] EDAC MC: Ver: 3.0.0
[    0.894268] NetLabel: Initializing
[    0.894268] NetLabel:  domain hash size = 128
[    0.899952] NetLabel:  protocols = UNLABELED CIPSOv4 CALIPSO
[    0.901284] NetLabel:  unlabeled traffic allowed by default
[    0.902574] PCI: Using ACPI for IRQ routing
[    0.903954] e820: register RAM buffer resource [mem 0x0009fc00-0x0009ffff]
[    0.905544] e820: register RAM buffer resource [mem 0xbffdf000-0xbfffffff]
[    0.907157] hpet0: at MMIO 0xfed00000, IRQs 2, 8, 0
[    0.907157] hpet0: 3 comparators, 64-bit 100.000000 MHz counter
[    0.912232] clocksource: Switched to clocksource kvm-clock
[    0.916312] VFS: Disk quotas dquot_6.6.0
[    0.917318] VFS: Dquot-cache hash table entries: 512 (order 0, 4096 bytes)
[    0.918949] netfs: FS-Cache loaded
[    0.918949] pnp: PnP ACPI init
[    0.919336] pnp: PnP ACPI: found 5 devices
[    0.926803] clocksource: acpi_pm: mask: 0xffffff max_cycles: 0xffffff, max_idle_ns: 2085701024 ns
[    0.928902] NET: Registered PF_INET protocol family
[    0.932506] IP idents hash table entries: 262144 (order: 9, 2097152 bytes, linear)
[    0.952205] tcp_listen_portaddr_hash hash table entries: 32768 (order: 7, 524288 bytes, linear)
[    0.954313] Table-perturb hash table entries: 65536 (order: 6, 262144 bytes, linear)
[    0.956096] TCP established hash table entries: 524288 (order: 10, 4194304 bytes, linear)
[    0.966748] TCP bind hash table entries: 65536 (order: 9, 2097152 bytes, linear)
[    0.969687] TCP: Hash tables configured (established 524288 bind 65536)
[    0.972139] MPTCP token hash table entries: 65536 (order: 9, 1572864 bytes, linear)
[    0.973055] UDP hash table entries: 32768 (order: 9, 2097152 bytes, linear)
[    0.975360] UDP-Lite hash table entries: 32768 (order: 9, 2097152 bytes, linear)
[    0.981703] NET: Registered PF_UNIX/PF_LOCAL protocol family
[    0.982386] NET: Registered PF_XDP protocol family
[    0.982936] pci_bus 0000:00: resource 4 [io  0x0000-0x0cf7 window]
[    0.983621] pci_bus 0000:00: resource 5 [io  0x0d00-0xffff window]
[    0.984300] pci_bus 0000:00: resource 6 [mem 0x000a0000-0x000bffff window]
[    0.985059] pci_bus 0000:00: resource 7 [mem 0xc0000000-0xfebfffff window]
[    0.985816] pci_bus 0000:00: resource 8 [mem 0x380000000000-0x38007fffffff window]
[    0.986686] pci 0000:00:01.0: PIIX3: Enabling Passive Release
[    0.987352] pci 0000:00:00.0: Limiting direct PCI/PCI transfers
[    0.988114] PCI: CLS 0 bytes, default 64
[    0.988600] PCI-DMA: Using software bounce buffering for IO (SWIOTLB)
[    0.988725] Trying to unpack rootfs image as initramfs...
[    0.989308] software IO TLB: mapped [mem 0x00000000bb36b000-0x00000000bf36b000] (64MB)
[    0.991559] clocksource: tsc: mask: 0xffffffffffffffff max_cycles: 0x6a464ae9873, max_idle_ns: 881590529744 ns
[    1.003642] Freeing initrd memory: 12692K
[    1.016644] Initialise system trusted keyrings
[    1.017763] Key type blacklist registered
[    1.018791] workingset: timestamp_bits=36 max_order=24 bucket_order=0
[    1.020715] SGI XFS with ACLs, security attributes, quota, no debug enabled
[    1.022602] 9p: Installing v9fs 9p2000 file system support
[    1.024412] integrity: Platform Keyring initialized
[    1.025660] cryptd: max_cpu_qlen set to 1000
[    1.033424] Key type asymmetric registered
[    1.034442] Asymmetric key parser 'x509' registered
[    1.035661] Block layer SCSI generic (bsg) driver version 0.4 loaded (major 248)
[    1.037485] io scheduler mq-deadline registered
[    1.038539] io scheduler kyber registered
[    1.039507] io scheduler bfq registered
[    1.055097] ACPI: \_SB_.LNKB: Enabled at IRQ 10
[    1.067326] ACPI: \_SB_.LNKC: Enabled at IRQ 11
[    1.079640] ACPI: \_SB_.LNKA: Enabled at IRQ 10
[    1.113412] ACPI: \_SB_.LNKD: Enabled at IRQ 11
[    1.137793] Serial: 8250/16550 driver, 4 ports, IRQ sharing disabled
[    1.139509] 00:03: ttyS0 at I/O 0x3f8 (irq = 4, base_baud = 115200) is a 16550A
[    1.277014] loop: module loaded
[    1.278042] tun: Universal TUN/TAP device driver, 1.6
[    1.279404] rtc_cmos 00:04: RTC can wake from S4
[    1.281505] rtc_cmos 00:04: registered as rtc0
[    1.282653] rtc_cmos 00:04: setting system clock to 2026-09-24T16:41:04 UTC (1790268064)
[    1.284604] rtc_cmos 00:04: alarms up to one day, y3k, 242 bytes nvram, hpet irqs
[    1.286409] intel_pstate: CPU model not supported
[    1.287533] hid: raw HID events driver (C) Jiri Kosina
[    1.291560] NET: Registered PF_INET6 protocol family
[    1.293144] Segment Routing with IPv6
[    1.294009] In-situ OAM (IOAM) with IPv6
[    1.294944] NET: Registered PF_PACKET protocol family
[    1.296120] bridge: filtering via arp/ip/ip6tables is no longer available by default. Update your scripts to load br_netfilter if you need this.
[    1.299505] 9pnet: Installing 9P2000 support
[    1.304594] IPI shorthand broadcast: enabled
[    1.313822] sched_clock: Marking stable (1311651515, 695799)->(1430786761, -118439447)
[    1.316221] registered taskstats version 1
[    1.317420] Loading compiled-in X.509 certificates
[    1.319368] Loaded X.509 cert 'Build time autogenerated kernel key: d1424aba97e5b78a90400dcad095464dbcbd105a'
[    1.324142] Demotion targets for Node 0: null
[    1.325355] Key type .fscrypt registered
[    1.326278] Key type fscrypt-provisioning registered
[    1.327472] ima: No TPM chip found, activating TPM-bypass!
[    1.328769] ima: Allocated hash algorithm: sha256
[    1.329878] ima: No architecture policies found
[    1.332588] clk: Disabling unused clocks
[    1.335663] Freeing unused decrypted memory: 2036K
[    1.337356] Freeing unused kernel image (initmem) memory: 4024K
[    1.338324] Write protecting the kernel read-only data: 32768k
[    1.340316] Freeing unused kernel image (text/rodata gap) memory: 1940K
[    1.341803] Freeing unused kernel image (rodata/data gap) memory: 1740K
[    1.342864] Run /init as init process
[    1.343985] virtme initramfs: loading fuse.ko...
[    1.355507] fuse: module verification failed: signature and/or required key missing - tainting kernel
[    1.360983] fuse: init (API version 7.45)
[    1.362091] virtme initramfs: loading virtiofs.ko...
[    1.365140] virtme initramfs: loading virtio_mmio.ko...
[    1.367403] virtme initramfs: loading serio.ko...
[    1.370669] virtme initramfs: loading i8042.ko...
[    1.373470] i8042: PNP: PS/2 Controller [PNP0303:KBD,PNP0f13:MOU] at 0x60,0x64 irq 1,12
[    1.375781] serio: i8042 KBD port at 0x60,0x64 irq 1
[    1.376613] serio: i8042 AUX port at 0x60,0x64 irq 12
[    1.377861] virtme initramfs: loading libps2.ko...
[    1.379863] virtme initramfs: loading vivaldi-fmap.ko...
[    1.383886] virtme initramfs: loading atkbd.ko...
[    1.386447] virtme initramfs: mounting hostfs...
[    1.386875] input: AT Translated Set 2 keyboard as /devices/platform/i8042/serio0/input/input0
[    1.387828] virtio-fs: tag <ROOTFS> not found
[    1.390060] 9pnet: Limiting 'msize' to 512000 as this is the maximum supported by transport virtio
[    1.395848] virtme initramfs: done; switching to real root
[    1.437462] virtme-ng-init: Setting hostname to virtme-ng...
[    1.481075] virtme-ng-init: running systemd-tmpfiles
[    1.769720] virtme-ng-init: basic initialization done
[    1.773864] virtme-ng-init: you have CONFIG_UEVENT_HELPER on; turn it off
[    1.780214] 9pnet: Limiting 'msize' to 512000 as this is the maximum supported by transport virtio
[    1.809998] virtme-ng-init: Starting systemd-udevd version 255.4-1ubuntu8.17
[    1.811612] virtme-ng-init: triggering udev coldplug
[    2.385094] virtme-ng-init: waiting for udev to settle
[    2.428574] input: Power Button as /devices/platform/LNXPWRBN:00/input/input2
[    2.435391] ACPI: button: Power Button [PWRF]
[    2.510794] SCSI subsystem initialized
[    2.513274] piix4_smbus 0000:00:01.3: SMBus Host Controller at 0x700, revision 0
[    2.514949] i2c i2c-0: Memory type 0x07 not supported yet, not instantiating SPD
[    2.532461] input: VirtualPS/2 VMware VMMouse as /devices/platform/i8042/serio1/input/input4
[    2.535220] input: VirtualPS/2 VMware VMMouse as /devices/platform/i8042/serio1/input/input3
[    2.617582] mousedev: PS/2 mouse device common for all mice
[    2.724504] scsi host0: ata_piix
[    2.725577] scsi host1: ata_piix
[    2.726407] ata1: PATA max MWDMA2 cmd 0x1f0 ctl 0x3f6 bmdma 0xc200 irq 14 lpm-pol 0
[    2.727765] ata2: PATA max MWDMA2 cmd 0x170 ctl 0x376 bmdma 0xc208 irq 15 lpm-pol 0
[    2.890991] ata2: found unknown device (class 0)
[    2.892570] ata2.00: ATAPI: QEMU DVD-ROM, 2.5+, max UDMA/100
[    2.895242] scsi 1:0:0:0: CD-ROM            QEMU     QEMU DVD-ROM     2.5+ PQ: 0 ANSI: 5
[    3.032264] scsi 1:0:0:0: Attached scsi generic sg0 type 5
[    3.210934] sr 1:0:0:0: [sr0] scsi3-mmc drive: 4x/4x cd/rw xa/form2 tray
[    3.212073] cdrom: Uniform CD-ROM driver Revision: 3.20
[    4.856940] virtme-ng-init: udev is done
[    4.858798] virtme-ng-init: starting script
[    5.257945] loop0: detected capacity change from 0 to 134217728
[    5.264371] EXT4-fs (loop0): mounted filesystem 2dbf5f3a-b8be-4a3c-9f61-f9ee578c40e9 r/w with ordered data mode. Quota mode: none.
[    8.551230] Initializing XFRM netlink socket
[   49.703247] bpf_x86_alu: loading out-of-tree module taints kernel.
[   61.633960] eth0: renamed from lxcbench0p
[   63.624205] eth0: renamed from lxcbench1p
[   63.769391] pktgen: no symbol version for set_freezable
[   63.770262] pktgen: Packet Generator for packet performance testing. Version: 2.75
[  200.004408] eth0: renamed from lxcbench0p
[  202.103885] eth0: renamed from lxcbench1p
[  327.810324] ACPI: PM: Preparing to enter system sleep state S5
[  327.810868] kvm: exiting hardware virtualization
[  327.811370] reboot: Power down
