started=2026-09-24T19:41:58+00:00 commit=68a77fe0e703f8873875f6eab8381b0181ebd4a9
make: Entering directory '/workspaces/repository/native-sim/formal'
install -d build
python3 generate_ptr_add_spec.py --check
python3 generate_abi_load_spec.py --check
python3 generate_arm64_width_spec.py --check
python3 generate_arm64_flags_spec.py --check
python3 generate_arm64_decode_spec.py --check
python3 generate_arm64_alu_result_spec.py --check
python3 generate_arm64_alu_handler_spec.py --check
python3 generate_arm64_alu_operand_spec.py --check
python3 generate_arm64_flag_handler_spec.py --check
python3 generate_arm64_logic_flag_handler_spec.py --check
python3 generate_arm64_ccmp_handler_spec.py --check
python3 generate_arm64_mod_spec.py --check
python3 generate_arm64_bitfield_spec.py --check
python3 generate_arm64_mul_spec.py --check
python3 generate_arm64_extrev_spec.py --check
python3 generate_arm64_csel_spec.py --check
python3 generate_arm64_movk_spec.py --check
python3 generate_arm64_shift_spec.py --check
python3 generate_arm64_reduction_spec.py --check
python3 generate_arm64_mem_offset_spec.py --check
python3 generate_arm64_fmov_spec.py --check
python3 generate_arm64_load_bytes_spec.py --check
python3 generate_arm64_byte_lane_spec.py --check
python3 generate_arm64_mem_dispatch_spec.py --check
python3 generate_arm64_stack_tag_spec.py --check
python3 generate_arm64_branch_spec.py --check
python3 generate_arm64_branch_emit_spec.py --check
python3 generate_arm64_cond_spec.py --check
python3 generate_x86_cond_spec.py --check
python3 generate_x86_logic_flags_spec.py --check
python3 generate_x86_width_spec.py --check
python3 generate_x86_immediate_spec.py --check
python3 generate_x86_alu_decode_spec.py --check
python3 generate_x86_not_spec.py --check
python3 generate_x86_shift_count_spec.py --check
python3 generate_x86_shift_result_spec.py --check
python3 generate_x86_bswap_spec.py --check
python3 generate_x86_signed_spec.py --check
python3 generate_x86_popcount_spec.py --check
python3 generate_x86_bitops_spec.py --check
python3 generate_x86_doubleshift_spec.py --check
python3 generate_x86_shift_flags_spec.py --check
python3 generate_x86_reg_write_spec.py --check
python3 generate_x86_reg_read_spec.py --check
python3 generate_x86_reg_lane_aux_spec.py --check
python3 generate_x86_sub_flags_spec.py --check
python3 generate_x86_add_flags_spec.py --check
python3 generate_x86_sbb_result_spec.py --check
python3 generate_x86_sbb_flags_spec.py --check
python3 generate_x86_adc_spec.py --check
python3 generate_x86_imul_flags_spec.py --check
python3 generate_x86_mem_access_spec.py --check
lake build
Build completed successfully.
lake env lean KProgFormal/TagErasure.lean
lake env lean KProgFormal/Arm64ControlFlow.lean
lake env lean KProgFormal/X86ControlFlow.lean
lake env lean KProgFormal/X86LogicFlags.lean
lake env lean KProgFormal/X86Width.lean
lake env lean KProgFormal/X86Immediate.lean
lake env lean KProgFormal/X86SubFlags.lean
lake env lean KProgFormal/X86AddFlags.lean
lake env lean KProgFormal/X86SbbResult.lean
lake env lean KProgFormal/X86SbbFlags.lean
lake env lean KProgFormal/X86Adc.lean
lake env lean KProgFormal/X86AddResult.lean
lake env lean KProgFormal/X86SubResult.lean
lake env lean KProgFormal/X86AluDecode.lean
lake env lean KProgFormal/X86IncDec.lean
lake env lean KProgFormal/X86Not.lean
lake env lean KProgFormal/X86ShiftCount.lean
lake env lean KProgFormal/X86ShiftResult.lean
cc -Wall -Wextra -O2 -I. test_x86_ror_result_host.c -o build/test_x86_ror_result_host
./build/test_x86_ror_result_host
x86 ror result host cross-check: OK (20320 cases)
lake env lean KProgFormal/GeneratedX86Bswap.lean
lake env lean KProgFormal/X86Bswap.lean
cc -Wall -Wextra -O2 -I. test_x86_bswap_host.c -o build/test_x86_bswap_host
./build/test_x86_bswap_host
x86 bswap host cross-check: OK (20028 cases)
lake env lean KProgFormal/GeneratedX86Signed.lean
lake env lean KProgFormal/X86Signed.lean
cc -Wall -Wextra -O2 -I. test_x86_signed_host.c -o build/test_x86_signed_host
./build/test_x86_signed_host
x86 signed host cross-check: OK (20036 cases)
lake env lean KProgFormal/GeneratedX86Popcount.lean
lake env lean KProgFormal/X86Popcount.lean
cc -Wall -Wextra -O2 -I. test_x86_popcount_host.c -o build/test_x86_popcount_host
./build/test_x86_popcount_host
x86 popcount host cross-check: OK (40009 cases)
lake env lean KProgFormal/GeneratedX86Bitops.lean
lake env lean KProgFormal/X86Bitops.lean
cc -Wall -Wextra -O2 -I. test_x86_bitops_host.c -o build/test_x86_bitops_host
./build/test_x86_bitops_host
x86 bitops host cross-check: OK (22048 cases)
lake env lean KProgFormal/GeneratedX86DoubleShift.lean
lake env lean KProgFormal/X86DoubleShift.lean
cc -Wall -Wextra -O2 -I. test_x86_doubleshift_host.c -o build/test_x86_doubleshift_host
./build/test_x86_doubleshift_host
x86 doubleshift host cross-check: OK (32544 cases)
lake env lean KProgFormal/X86ShiftFlags.lean
lake env lean KProgFormal/X86ImulFlags.lean
lake env lean KProgFormal/X86RegWrite.lean
lake env lean KProgFormal/X86AluWriteback.lean
lake env lean KProgFormal/X86RegRead.lean
lake env lean KProgFormal/X86RegLaneAux.lean
lake env lean KProgFormal/X86UnaryWriteback.lean
lake env lean KProgFormal/X86MemAccess.lean
cc -Wall -Wextra -O2 -I. test_mem_access_host.c -o build/test_mem_access_host
./build/test_mem_access_host
x86 memory-access host cross-check: OK (40020 cases)
lake env lean KProgFormal/Arm64Flags.lean
cc -Wall -Wextra -O2 -I. test_arm64_flags_host.c -o build/test_arm64_flags_host
./build/test_arm64_flags_host
arm64 flag host cross-check: OK (60144 cases)
lake env lean KProgFormal/Arm64AluResult.lean
cc -Wall -Wextra -O2 -I. test_arm64_alu_result_host.c -o build/test_arm64_alu_result_host
./build/test_arm64_alu_result_host
arm64 alu result host cross-check: OK (120073 cases)
lake env lean KProgFormal/GeneratedArm64AluHandler.lean
lake env lean KProgFormal/Arm64AluHandler.lean
cc -Wall -Wextra -O2 -I. test_arm64_alu_handler_host.c -o build/test_arm64_alu_handler_host
./build/test_arm64_alu_handler_host
arm64 ALU handler path host cross-check: OK (168 cases)
lake env lean KProgFormal/GeneratedArm64AluOperand.lean
lake env lean KProgFormal/Arm64AluOperandHandler.lean
cc -Wall -Wextra -O2 -I. test_arm64_alu_operand_host.c -o build/test_arm64_alu_operand_host
./build/test_arm64_alu_operand_host
arm64 ALU operand host cross-check: OK (5632 cases)
lake env lean KProgFormal/GeneratedArm64FlagHandler.lean
lake env lean KProgFormal/Arm64FlagHandler.lean
cc -Wall -Wextra -O2 -I. test_arm64_flag_handler_host.c -o build/test_arm64_flag_handler_host
./build/test_arm64_flag_handler_host
arm64 flag handler host cross-check: OK (64 cases)
lake env lean KProgFormal/GeneratedArm64LogicFlagHandler.lean
lake env lean KProgFormal/Arm64LogicFlagHandler.lean
cc -Wall -Wextra -O2 -I. test_arm64_logic_flag_handler_host.c -o build/test_arm64_logic_flag_handler_host
./build/test_arm64_logic_flag_handler_host
arm64 logic flag handler host cross-check: OK (64 cases)
lake env lean KProgFormal/GeneratedArm64CcmpHandler.lean
lake env lean KProgFormal/Arm64CcmpHandler.lean
cc -Wall -Wextra -O2 -I. test_arm64_ccmp_handler_host.c -o build/test_arm64_ccmp_handler_host
./build/test_arm64_ccmp_handler_host
arm64 CCMP handler host cross-check: OK (122880 cases)
lake env lean KProgFormal/Arm64Mod.lean
cc -Wall -Wextra -O2 -I. test_arm64_mod_host.c -o build/test_arm64_mod_host
./build/test_arm64_mod_host
arm64 mod host cross-check: OK (225292 cases)
lake env lean KProgFormal/GeneratedArm64Bitfield.lean
lake env lean KProgFormal/Arm64Bitfield.lean
cc -Wall -Wextra -O2 -I. test_arm64_bitfield_host.c -o build/test_arm64_bitfield_host
./build/test_arm64_bitfield_host
arm64 bitfield host cross-check: OK (126246 cases)
lake env lean KProgFormal/GeneratedArm64Mul.lean
lake env lean KProgFormal/Arm64Mul.lean
cc -Wall -Wextra -O2 -I. test_arm64_mul_host.c -o build/test_arm64_mul_host
./build/test_arm64_mul_host
arm64 mul host cross-check: OK (160161 cases)
lake env lean KProgFormal/GeneratedArm64Extrev.lean
lake env lean KProgFormal/Arm64Extrev.lean
cc -Wall -Wextra -O2 -I. test_arm64_extrev_host.c -o build/test_arm64_extrev_host
./build/test_arm64_extrev_host
arm64 extract/reverse/extend host cross-check: OK (120145 cases)
lake env lean KProgFormal/GeneratedArm64Csel.lean
lake env lean KProgFormal/Arm64Csel.lean
cc -Wall -Wextra -O2 -I. test_arm64_csel_host.c -o build/test_arm64_csel_host
./build/test_arm64_csel_host
arm64 conditional-select host cross-check: OK (160161 cases)
lake env lean KProgFormal/GeneratedArm64Branch.lean
lake env lean KProgFormal/Arm64Branch.lean
cc -Wall -Wextra -O2 -I. test_arm64_branch_host.c -o build/test_arm64_branch_host
./build/test_arm64_branch_host
arm64 branch host cross-check: OK (80256 cases)
lake env lean KProgFormal/GeneratedArm64BranchEmit.lean
lake env lean KProgFormal/Arm64BranchEmit.lean
cc -Wall -Wextra -O2 -I. test_arm64_branch_emit_host.c -o build/test_arm64_branch_emit_host
./build/test_arm64_branch_emit_host
arm64 branch emit host cross-check: OK (64 cases)
lake env lean KProgFormal/GeneratedArm64Movk.lean
lake env lean KProgFormal/Arm64Movk.lean
cc -Wall -Wextra -O2 -I. test_arm64_movk_host.c -o build/test_arm64_movk_host
./build/test_arm64_movk_host
arm64 movk host cross-check: OK (20145 cases)
lake env lean KProgFormal/GeneratedArm64Shift.lean
lake env lean KProgFormal/Arm64Shift.lean
cc -Wall -Wextra -O2 -I. test_arm64_shift_host.c -o build/test_arm64_shift_host
./build/test_arm64_shift_host
arm64 shift host cross-check: OK (20513 cases)
lake env lean KProgFormal/GeneratedArm64Reduction.lean
lake env lean KProgFormal/Arm64Reduction.lean
cc -Wall -Wextra -O2 -I. test_arm64_reduction_host.c -o build/test_arm64_reduction_host
./build/test_arm64_reduction_host
arm64 reduction host cross-check: OK (20017 cases)
lake env lean KProgFormal/GeneratedArm64MemOffset.lean
lake env lean KProgFormal/Arm64MemOffset.lean
cc -Wall -Wextra -O2 -I. test_arm64_mem_offset_host.c -o build/test_arm64_mem_offset_host
./build/test_arm64_mem_offset_host
arm64 mem offset host cross-check: OK (20168 cases)
lake env lean KProgFormal/GeneratedArm64Fmov.lean
lake env lean KProgFormal/Arm64Fmov.lean
cc -Wall -Wextra -O2 -I. test_arm64_fmov_host.c -o build/test_arm64_fmov_host
./build/test_arm64_fmov_host
arm64 fmov host cross-check: OK (20145 cases)
lake env lean KProgFormal/GeneratedArm64LoadBytes.lean
lake env lean KProgFormal/Arm64LoadBytes.lean
cc -Wall -Wextra -O2 -I. test_arm64_load_bytes_host.c -o build/test_arm64_load_bytes_host
./build/test_arm64_load_bytes_host
arm64 load bytes host cross-check: OK (20024 cases)
lake env lean KProgFormal/GeneratedArm64ByteLane.lean
lake env lean KProgFormal/Arm64ByteLane.lean
cc -Wall -Wextra -O2 -I. test_arm64_byte_lane_host.c -o build/test_arm64_byte_lane_host
./build/test_arm64_byte_lane_host
arm64 byte lane host cross-check: OK (20057 cases)
lake env lean KProgFormal/GeneratedArm64MemDispatch.lean
lake env lean KProgFormal/Arm64MemDispatch.lean
cc -Wall -Wextra -O2 -I. test_arm64_mem_dispatch_host.c -o build/test_arm64_mem_dispatch_host
./build/test_arm64_mem_dispatch_host
arm64 mem dispatch host cross-check: OK (72 cases)
lake env lean KProgFormal/GeneratedArm64StackTag.lean
lake env lean KProgFormal/Arm64StackTag.lean
cc -Wall -Wextra -O2 -I. test_arm64_stack_tag_host.c -o build/test_arm64_stack_tag_host
./build/test_arm64_stack_tag_host
arm64 stack tag host cross-check: OK (36 cases)
lake env lean KProgFormal/Arm64Decode.lean
make: Leaving directory '/workspaces/repository/native-sim/formal'
exit=0 ended=2026-09-24T19:45:01+00:00
