printf 'performance\n' | sudo tee /sys/devices/system/cpu/cpu0/cpufreq/scaling_governor /sys/devices/system/cpu/cpu1/cpufreq/scaling_governor /sys/devices/system/cpu/cpu10/cpufreq/scaling_governor /sys/devices/system/cpu/cpu11/cpufreq/scaling_governor /sys/devices/system/cpu/cpu12/cpufreq/scaling_governor /sys/devices/system/cpu/cpu13/cpufreq/scaling_governor /sys/devices/system/cpu/cpu14/cpufreq/scaling_governor /sys/devices/system/cpu/cpu15/cpufreq/scaling_governor /sys/devices/system/cpu/cpu16/cpufreq/scaling_governor /sys/devices/system/cpu/cpu17/cpufreq/scaling_governor /sys/devices/system/cpu/cpu18/cpufreq/scaling_governor /sys/devices/system/cpu/cpu19/cpufreq/scaling_governor /sys/devices/system/cpu/cpu2/cpufreq/scaling_governor /sys/devices/system/cpu/cpu20/cpufreq/scaling_governor /sys/devices/system/cpu/cpu21/cpufreq/scaling_governor /sys/devices/system/cpu/cpu22/cpufreq/scaling_governor /sys/devices/system/cpu/cpu23/cpufreq/scaling_governor /sys/devices/system/cpu/cpu3/cpufreq/scaling_governor /sys/devices/system/cpu/cpu4/cpufreq/scaling_governor /sys/devices/system/cpu/cpu5/cpufreq/scaling_governor /sys/devices/system/cpu/cpu6/cpufreq/scaling_governor /sys/devices/system/cpu/cpu7/cpufreq/scaling_governor /sys/devices/system/cpu/cpu8/cpufreq/scaling_governor /sys/devices/system/cpu/cpu9/cpufreq/scaling_governor >/dev/null
printf '1\n' | sudo tee /sys/devices/system/cpu/intel_pstate/no_turbo >/dev/null
sudo cp "/sys/devices/system/cpu/cpufreq/policy0/scaling_max_freq" "/sys/devices/system/cpu/cpufreq/policy0/scaling_min_freq"; sudo cp "/sys/devices/system/cpu/cpufreq/policy1/scaling_max_freq" "/sys/devices/system/cpu/cpufreq/policy1/scaling_min_freq"; sudo cp "/sys/devices/system/cpu/cpufreq/policy2/scaling_max_freq" "/sys/devices/system/cpu/cpufreq/policy2/scaling_min_freq"; sudo cp "/sys/devices/system/cpu/cpufreq/policy3/scaling_max_freq" "/sys/devices/system/cpu/cpufreq/policy3/scaling_min_freq"; sudo cp "/sys/devices/system/cpu/cpufreq/policy4/scaling_max_freq" "/sys/devices/system/cpu/cpufreq/policy4/scaling_min_freq"; sudo cp "/sys/devices/system/cpu/cpufreq/policy5/scaling_max_freq" "/sys/devices/system/cpu/cpufreq/policy5/scaling_min_freq"; sudo cp "/sys/devices/system/cpu/cpufreq/policy6/scaling_max_freq" "/sys/devices/system/cpu/cpufreq/policy6/scaling_min_freq"; sudo cp "/sys/devices/system/cpu/cpufreq/policy7/scaling_max_freq" "/sys/devices/system/cpu/cpufreq/policy7/scaling_min_freq";
vng --run "/workspaces/repository/vendor/build/x86/linux/arch/x86/boot/bzImage" --cwd "/workspaces/repository" --disable-monitor --verbose --cpus "8" --mem "64G" --rwdir "/workspaces/repository" --overlay-rwdir /tmp --append "loglevel=7 panic=30 oops=panic" --exec "make -C /workspaces/repository __runtime-vm-corpus TARGET='x86-kvm' RUN_TARGET_NAME='x86-kvm' RUN_TARGET_ARCH='x86_64' RUN_EXECUTOR='kvm' RUNTIME_CONTAINER_IMAGE='bpf-benchmark/runner-runtime:x86_64' RUNTIME_IMAGE_TAR='/workspaces/repository/.cache/container-images/x86_64-runner-runtime.image.tar' RUN_REMOTE_PYTHON_BIN='python3' RUN_RUNTIME_PYTHON_BIN='python3' RUN_BPFTOOL_BIN='bpftool' RUN_NATIVE_REPOS_CSV='bcc,katran,tracee,tetragon' RUN_TOKEN='af6d49a5' SAMPLES='1'      FUZZ_ROUNDS='1000'  WORKLOAD_DURATION='30' KEEP_WORKDIRS='1' BPFREJIT_BENCH_PASSES='map_inline' BPFREJIT_CORPUS_APPS='katran'           MERLIN_COMPILETIME_MODE='none'                   "
early console in setup code
No EFI environment detected.
early console in extract_kernel
input_data: 0x00000000044f62cc
input_len: 0x0000000000e6796f
output: 0x0000000001000000
output_len: 0x00000000042f9f58
kernel_total_size: 0x0000000003a30000
needed_size: 0x0000000004400000
trampoline_32bit: 0x0000000000000000
Physical KASLR using RDRAND RDTSC...
Virtual KASLR using RDRAND RDTSC...

Decompressing Linux... No EFI environment detected.
Parsing ELF... Performing relocations... done.
Booting the kernel (entry_offset: 0x0000000002ef0000).
[    0.000000] Linux version 7.0.0-rc2+ (root@coder-22123351-d4a5-40fc-bc3b-1b853af74a7e-554fbb8645-9lsxc) (gcc (Ubuntu 13.3.0-6ubuntu2~24.04.1) 13.3.0, GNU ld (GNU Binutils for Ubuntu) 2.42) #7 SMP PREEMPT_DYNAMIC Thu Sep 24 16:09:08 UTC 2026
[    0.000000] Command line: virtme_hostname=virtme-ng nr_open=1048576 virtme_link_mods=/workspaces/repository/vendor/build/x86/linux/.virtme_mods/lib/modules/0.0.0 virtme_initmount0=workspaces/repository virtme_rw_overlay0=/etc virtme_rw_overlay1=/lib virtme_rw_overlay2=/home virtme_rw_overlay3=/opt virtme_rw_overlay4=/srv virtme_rw_overlay5=/usr virtme_rw_overlay6=/var virtme_rw_overlay7=/tmp virtme_console=ttyS0 console=ttyS0 earlyprintk=serial,ttyS0,115200 panic=-1 virtme.exec=`bWFrZSAtQyAvd29ya3NwYWNlcy9yZXBvc2l0b3J5IF9fcnVudGltZS12bS1jb3JwdXMgVEFSR0VUPSd4ODYta3ZtJyBSVU5fVEFSR0VUX05BTUU9J3g4Ni1rdm0nIFJVTl9UQVJHRVRfQVJDSD0neDg2XzY0JyBSVU5fRVhFQ1VUT1I9J2t2bScgUlVOVElNRV9DT05UQUlORVJfSU1BR0U9J2JwZi1iZW5jaG1hcmsvcnVubmVyLXJ1bnRpbWU6eDg2XzY0JyBSVU5USU1FX0lNQUdFX1RBUj0nL3dvcmtzcGFjZXMvcmVwb3NpdG9yeS8uY2FjaGUvY29udGFpbmVyLWltYWdlcy94ODZfNjQtcnVubmVyLXJ1bnRpbWUuaW1hZ2UudGFyJyBSVU5fUkVNT1RFX1BZVEhPTl9CSU49J3B5dGhvbjMnIFJVTl9SVU5USU1FX1BZVEhPTl9CSU49J3B5dGhvbjMnIFJVTl9CUEZUT09MX0JJTj0nYnBmdG9vbCcgUlVOX05BVElWRV9SRVBPU19DU1Y9J
[    0.000000] x86/split lock detection: #DB: warning on user-space bus_locks
[    0.000000] BIOS-provided physical RAM map:
[    0.000000] BIOS-e820: [mem 0x0000000000000000-0x000000000009fbff]  System RAM
[    0.000000] BIOS-e820: [mem 0x000000000009fc00-0x000000000009ffff]  device reserved
[    0.000000] BIOS-e820: [gap 0x00000000000a0000-0x00000000000effff]
[    0.000000] BIOS-e820: [mem 0x00000000000f0000-0x00000000000fffff]  device reserved
[    0.000000] BIOS-e820: [mem 0x0000000000100000-0x00000000bffdefff]  System RAM
[    0.000000] BIOS-e820: [mem 0x00000000bffdf000-0x00000000bfffffff]  device reserved
[    0.000000] BIOS-e820: [gap 0x00000000c0000000-0x00000000feffbfff]
[    0.000000] BIOS-e820: [mem 0x00000000feffc000-0x00000000feffffff]  device reserved
[    0.000000] BIOS-e820: [gap 0x00000000ff000000-0x00000000fffbffff]
[    0.000000] BIOS-e820: [mem 0x00000000fffc0000-0x00000000ffffffff]  device reserved
[    0.000000] BIOS-e820: [mem 0x0000000100000000-0x000000103fffffff]  System RAM
[    0.000000] printk: legacy bootconsole [earlyser0] enabled
[    0.000000] NX (Execute Disable) protection: active
[    0.000000] APIC: Static calls initialized
[    0.000000] SMBIOS 3.0.0 present.
[    0.000000] DMI: QEMU Ubuntu 24.04 PC v2 (i440FX + PIIX, arch_caps fix, 1996), BIOS 1.16.3-debian-1.16.3-2 04/01/2014
[    0.000000] DMI: Memory slots populated: 4/4
[    0.000000] Hypervisor detected: KVM
[    0.000000] last_pfn = 0xbffdf max_arch_pfn = 0x400000000
[    0.000000] kvm-clock: Using msrs 4b564d01 and 4b564d00
[    0.000000] kvm-clock: using sched offset of 234040660 cycles
[    0.000570] clocksource: kvm-clock: mask: 0xffffffffffffffff max_cycles: 0x1cd42e4dffb, max_idle_ns: 881590591483 ns
[    0.002371] tsc: Detected 3686.400 MHz processor
[    0.003044] last_pfn = 0x1040000 max_arch_pfn = 0x400000000
[    0.003692] MTRR map: 4 entries (3 fixed + 1 variable; max 19), built from 8 variable MTRRs
[    0.004617] x86/PAT: Configuration [0-7]: WB  WC  UC- UC  WB  WP  UC- WT
Memory KASLR using RDRAND RDTSC...
[    0.005763] last_pfn = 0xbffdf max_arch_pfn = 0x400000000
[    0.009137] found SMP MP-table at [mem 0x000f5440-0x000f544f]
[    0.009787] Using GB pages for direct mapping
[    0.010376] RAMDISK: [mem 0xbf36b000-0xbffcffff]
[    0.010904] ACPI: Early table checksum verification disabled
[    0.011533] ACPI: RSDP 0x00000000000F5400 000014 (v00 BOCHS )
[    0.012173] ACPI: RSDT 0x00000000BFFE1C9C 000034 (v01 BOCHS  BXPC     00000001 BXPC 00000001)
[    0.013124] ACPI: FACP 0x00000000BFFE1B18 000074 (v01 BOCHS  BXPC     00000001 BXPC 00000001)
[    0.014073] ACPI: DSDT 0x00000000BFFDFDC0 001D58 (v01 BOCHS  BXPC     00000001 BXPC 00000001)
[    0.015020] ACPI: FACS 0x00000000BFFDFD80 000040
[    0.015532] ACPI: APIC 0x00000000BFFE1B8C 0000B0 (v03 BOCHS  BXPC     00000001 BXPC 00000001)
[    0.016479] ACPI: HPET 0x00000000BFFE1C3C 000038 (v01 BOCHS  BXPC     00000001 BXPC 00000001)
[    0.017426] ACPI: WAET 0x00000000BFFE1C74 000028 (v01 BOCHS  BXPC     00000001 BXPC 00000001)
[    0.018374] ACPI: Reserving FACP table memory at [mem 0xbffe1b18-0xbffe1b8b]
[    0.019157] ACPI: Reserving DSDT table memory at [mem 0xbffdfdc0-0xbffe1b17]
[    0.019938] ACPI: Reserving FACS table memory at [mem 0xbffdfd80-0xbffdfdbf]
[    0.020719] ACPI: Reserving APIC table memory at [mem 0xbffe1b8c-0xbffe1c3b]
[    0.021498] ACPI: Reserving HPET table memory at [mem 0xbffe1c3c-0xbffe1c73]
[    0.022279] ACPI: Reserving WAET table memory at [mem 0xbffe1c74-0xbffe1c9b]
[    0.023331] No NUMA configuration found
[    0.023755] Faking a node at [mem 0x0000000000000000-0x000000103fffffff]
[    0.024500] NODE_DATA(0) allocated [mem 0x103ffd5500-0x103fffffff]
[    0.025954] ACPI: PM-Timer IO Port: 0x608
[    0.026409] ACPI: LAPIC_NMI (acpi_id[0xff] dfl dfl lint[0x1])
[    0.027075] IOAPIC[0]: apic_id 0, version 17, address 0xfec00000, GSI 0-23
[    0.027842] ACPI: INT_SRC_OVR (bus 0 bus_irq 0 global_irq 2 dfl dfl)
[    0.028548] ACPI: INT_SRC_OVR (bus 0 bus_irq 5 global_irq 5 high level)
[    0.029285] ACPI: INT_SRC_OVR (bus 0 bus_irq 9 global_irq 9 high level)
[    0.030021] ACPI: INT_SRC_OVR (bus 0 bus_irq 10 global_irq 10 high level)
[    0.030777] ACPI: INT_SRC_OVR (bus 0 bus_irq 11 global_irq 11 high level)
[    0.031533] ACPI: Using ACPI (MADT) for SMP configuration information
[    0.032250] ACPI: HPET id: 0x8086a201 base: 0xfed00000
[    0.032823] TSC deadline timer available
[    0.033259] CPU topo: Max. logical packages:   1
[    0.033774] CPU topo: Max. logical nodes:      1
[    0.034285] CPU topo: Num. nodes per package:  1
[    0.034799] CPU topo: Max. logical dies:       1
[    0.035311] CPU topo: Max. dies per package:   1
[    0.035826] CPU topo: Max. threads per core:   1
[    0.036337] CPU topo: Num. cores per package:     8
[    0.036880] CPU topo: Num. threads per package:   8
[    0.037419] CPU topo: Allowing 8 present CPUs plus 0 hotplug CPUs
[    0.038108] kvm-guest: APIC: eoi() replaced with kvm_guest_apic_eoi_write()
[    0.038892] kvm-guest: KVM setup pv remote TLB flush
[    0.039445] kvm-guest: setup PV sched yield
[    0.039913] PM: hibernation: Registered nosave memory: [mem 0x00000000-0x00000fff]
[    0.040779] PM: hibernation: Registered nosave memory: [mem 0x0009f000-0x000fffff]
[    0.041615] PM: hibernation: Registered nosave memory: [mem 0xbffdf000-0xffffffff]
[    0.042452] [gap 0xc0000000-0xfeffbfff] available for PCI devices
[    0.043126] Booting paravirtualized kernel on KVM
[    0.043647] clocksource: refined-jiffies: mask: 0xffffffff max_cycles: 0xffffffff, max_idle_ns: 19112604462750000 ns
[    0.049202] Zone ranges:
[    0.049502]   DMA      [mem 0x0000000000001000-0x0000000000ffffff]
[    0.050190]   DMA32    [mem 0x0000000001000000-0x00000000ffffffff]
[    0.050875]   Normal   [mem 0x0000000100000000-0x000000103fffffff]
[    0.051559]   Device   empty
[    0.051872] Movable zone start for each node
[    0.052337] Early memory node ranges
[    0.052733]   node   0: [mem 0x0000000000001000-0x000000000009efff]
[    0.053425]   node   0: [mem 0x0000000000100000-0x00000000bffdefff]
[    0.054118]   node   0: [mem 0x0000000100000000-0x000000103fffffff]
[    0.054812] Initmem setup node 0 [mem 0x0000000000001000-0x000000103fffffff]
[    0.055801] On node 0, zone DMA: 1 pages in unavailable ranges
[    0.056462] On node 0, zone DMA: 97 pages in unavailable ranges
[    0.062655] On node 0, zone Normal: 33 pages in unavailable ranges
[    0.063404] setup_percpu: NR_CPUS:8192 nr_cpumask_bits:8 nr_cpu_ids:8 nr_node_ids:1
[    0.064554] percpu: Embedded 61 pages/cpu s212992 r8192 d28672 u262144
[    0.065351] kvm-guest: PV spinlocks enabled
[    0.065823] PV qspinlock hash table entries: 256 (order: 0, 4096 bytes, linear)
[    0.066652] Kernel command line: virtme_hostname=virtme-ng nr_open=1048576 virtme_link_mods=/workspaces/repository/vendor/build/x86/linux/.virtme_mods/lib/modules/0.0.0 virtme_initmount0=workspaces/repository virtme_rw_overlay0=/etc virtme_rw_overlay1=/lib virtme_rw_overlay2=/home virtme_rw_overlay3=/opt virtme_rw_overlay4=/srv virtme_rw_overlay5=/usr virtme_rw_overlay6=/var virtme_rw_overlay7=/tmp virtme_console=ttyS0 console=ttyS0 earlyprintk=serial,ttyS0,115200 panic=-1 \
[    0.071352] Kernel command line: virtme.exec=`bWFrZSAtQyAvd29ya3NwYWNlcy9yZXBvc2l0b3J5IF9fcnVudGltZS12bS1jb3JwdXMgVEFSR0VUPSd4ODYta3ZtJyBSVU5fVEFSR0VUX05BTUU9J3g4Ni1rdm0nIFJVTl9UQVJHRVRfQVJDSD0neDg2XzY0JyBSVU5fRVhFQ1VUT1I9J2t2bScgUlVOVElNRV9DT05UQUlORVJfSU1BR0U9J2JwZi1iZW5jaG1hcmsvcnVubmVyLXJ1bnRpbWU6eDg2XzY0JyBSVU5USU1FX0lNQUdFX1RBUj0nL3dvcmtzcGFjZXMvcmVwb3NpdG9yeS8uY2FjaGUvY29udGFpbmVyLWltYWdlcy94ODZfNjQtcnVubmVyLXJ1bnRpbWUuaW1hZ2UudGFyJyBSVU5fUkVNT1RFX1BZVEhPTl9CSU49J3B5dGhvbjMnIFJVTl9SVU5USU1FX1BZVEhPTl9CSU49J3B5dGhvbjMnIFJVTl9CUEZUT09MX0JJTj0nYnBmdG9vbCcgUlVOX05BVElWRV9SRVBPU19DU1Y9J2JjYyxrYXRyYW4sdHJhY2VlLHRldHJhZ29uJyBSVU5fVE9LRU49J2FmNmQ0OWE1JyBTQU1QTEVTPScxJyAgICAgIEZVWlpfUk9VTkRTPScxMDAwJyAgV09SS0xPQURfRFVSQVRJT049JzMwJyBLRUVQX1dPUktESVJTPScxJyBCUEZSRUpJVF9CRU5DSF9QQVNTRVM9J21hcF9pbmxpbmUnIEJQRlJFSklUX0NPUlBVU19BUFBTPSdrYXRyYW4nICAgICAgICAgICBNRVJMSU5fQ09NUElMRVRJTUVfTU9ERT0nbm9uZScgICAgICAgICAgICAgICAgICAg` virtme_chdir=workspaces/repository virtme_root_user=1 debug loglevel=7 panic=30 oops=panic \
[    0.081349] Kernel command line: init=/opt/virtme-ng/lib/python3.12/site-packages/virtme/guest/bin/virtme-ng-init
[    0.082661] Unknown kernel command line parameters "virtme_hostname=virtme-ng nr_open=1048576 virtme_link_mods=/workspaces/repository/vendor/build/x86/linux/.virtme_mods/lib/modules/0.0.0 virtme_initmount0=workspaces/repository virtme_rw_overlay0=/etc virtme_rw_overlay1=/lib virtme_rw_overlay2=/home virtme_rw_overlay3=/opt virtme_rw_overlay4=/srv virtme_rw_overlay5=/usr virtme_rw_overlay6=/var virtme_rw_overlay7=/tmp virtme_console=ttyS0 virtme_chdir=workspaces/repository virtme_root_user=1", will be passed to user space.
[    0.087848] random: crng init done
[    0.088227] printk: log buffer data + meta data: 2097152 + 7340032 = 9437184 bytes
[    0.096181] Dentry cache hash table entries: 8388608 (order: 14, 67108864 bytes, linear)
[    0.100703] Inode-cache hash table entries: 4194304 (order: 13, 33554432 bytes, linear)
[    0.101720] software IO TLB: area num 8.
[    0.113453] Fallback order for Node 0: 0
[    0.113458] Built 1 zonelists, mobility grouping on.  Total pages: 16777085
[    0.114657] Policy zone: Normal
[    0.114998] mem auto-init: stack:off, heap alloc:off, heap free:off
[    0.128218] SLUB: HWalign=64, Order=0-3, MinObjects=0, CPUs=8, Nodes=1
Poking KASLR using RDRAND RDTSC...
[    0.137957] ftrace: allocating 51964 entries in 204 pages
[    0.138547] ftrace: allocated 204 pages with 4 groups
[    0.139508] Dynamic Preempt: lazy
[    0.140075] rcu: Preemptible hierarchical RCU implementation.
[    0.140701] rcu:    RCU restricting CPUs from NR_CPUS=8192 to nr_cpu_ids=8.
[    0.141436]    Trampoline variant of Tasks RCU enabled.
[    0.141982]    Rude variant of Tasks RCU enabled.
[    0.142472]    Tracing variant of Tasks RCU enabled.
[    0.142991] rcu: RCU calculated value of scheduler-enlistment delay is 10 jiffies.
[    0.143814] rcu: Adjusting geometry for rcu_fanout_leaf=16, nr_cpu_ids=8
[    0.144544] RCU Tasks: Setting shift to 3 and lim to 1 rcu_task_cb_adjust=1 rcu_task_cpu_ids=8.
[    0.145477] RCU Tasks Rude: Setting shift to 3 and lim to 1 rcu_task_cb_adjust=1 rcu_task_cpu_ids=8.
[    0.149206] NR_IRQS: 524544, nr_irqs: 488, preallocated irqs: 16
[    0.150039] rcu: srcu_init: Setting srcu_struct sizes based on contention.
[    0.150902] Console: colour *CGA 80x25
[    0.151337] printk: legacy console [ttyS0] enabled
[    0.151337] printk: legacy console [ttyS0] enabled
[    0.152387] printk: legacy bootconsole [earlyser0] disabled
[    0.152387] printk: legacy bootconsole [earlyser0] disabled
[    0.153620] ACPI: Core revision 20251212
[    0.154179] clocksource: hpet: mask: 0xffffffff max_cycles: 0xffffffff, max_idle_ns: 19112604467 ns
[    0.155267] APIC: Switch to symmetric I/O mode setup
[    0.155993] x2apic enabled
[    0.156492] APIC: Switched APIC routing to: physical x2apic
[    0.157114] kvm-guest: APIC: send_IPI_mask() replaced with kvm_send_ipi_mask()
[    0.157916] kvm-guest: APIC: send_IPI_mask_allbutself() replaced with kvm_send_ipi_mask_allbutself()
[    0.158923] kvm-guest: setup PV IPIs
[    0.160013] ..TIMER: vector=0x30 apic1=0 pin1=2 apic2=-1 pin2=-1
[    0.160701] clocksource: tsc-early: mask: 0xffffffffffffffff max_cycles: 0x6a464ae9873, max_idle_ns: 881590529744 ns
[    0.161864] Calibrating delay loop (skipped) preset value.. 7372.80 BogoMIPS (lpj=36864000)
[    0.162910] x86/cpu: User Mode Instruction Prevention (UMIP) activated
[    0.163693] Last level iTLB entries: 4KB 0, 2MB 0, 4MB 0
[    0.164283] Last level dTLB entries: 4KB 0, 2MB 0, 4MB 0, 1GB 0
[    0.164946] mitigations: Enabled attack vectors: user_kernel, user_user, guest_host, guest_guest, SMT mitigations: auto
[    0.171865] Speculative Store Bypass: Mitigation: Speculative Store Bypass disabled via prctl
[    0.172808] Spectre V2 : Mitigation: Enhanced / Automatic IBRS
[    0.173456] ITS: Mitigation: Aligned branch/return thunks
[    0.174054] Spectre V1 : Mitigation: usercopy/swapgs barriers and __user pointer sanitization
[    0.174995] Spectre V2 : mitigation: Enabling conditional Indirect Branch Prediction Barrier
[    0.175926] active return thunk: its_return_thunk
[    0.176455] Spectre V2 : Spectre BHI mitigation: SW BHB clearing on syscall and VM exit
[    0.177351] x86/fpu: Supporting XSAVE feature 0x001: 'x87 floating point registers'
[    0.178211] x86/fpu: Supporting XSAVE feature 0x002: 'SSE registers'
[    0.178925] x86/fpu: Supporting XSAVE feature 0x004: 'AVX registers'
[    0.179640] x86/fpu: Supporting XSAVE feature 0x200: 'Protection Keys User registers'
[    0.180518] x86/fpu: xstate_offset[2]:  576, xstate_sizes[2]:  256
[    0.181863] x86/fpu: xstate_offset[9]:  832, xstate_sizes[9]:    8
[    0.182558] x86/fpu: Enabled xstate features 0x207, context size is 840 bytes, using 'compacted' format.
[    0.197511] Freeing SMP alternatives memory: 48K
[    0.198045] pid_max: default: 32768 minimum: 301
[    0.198662] landlock: Up and running.
[    0.199079] Yama: becoming mindful.
[    0.199487] SELinux:  Initializing.
[    0.200105] LSM support for eBPF active
[    0.200641] Mount-cache hash table entries: 131072 (order: 8, 1048576 bytes, linear)
[    0.201722] Mountpoint-cache hash table entries: 131072 (order: 8, 1048576 bytes, linear)
[    0.201924] VFS: Finished mounting rootfs on nullfs
[    0.202736] smpboot: CPU0: Intel(R) Core(TM) Ultra 9 285K (family: 0x6, model: 0xc6, stepping: 0x2)
[    0.203880] Performance Events: unsupported CPU family 6 model 198 no PMU driver, software events only.
[    0.204990] signal: max sigframe size: 3632
[    0.205487] rcu: Hierarchical SRCU implementation.
[    0.206029] rcu:    Max phase no-delay instances is 1000.
[    0.206652] Timer migration: 1 hierarchy levels; 8 children per group; 1 crossnode level
[    0.209418] smp: Bringing up secondary CPUs ...
[    0.210031] smpboot: x86: Booting SMP configuration:
[    0.210597] .... node  #0, CPUs:      #1 #2 #3 #4 #5 #6 #7
[    0.212230] smp: Brought up 1 node, 8 CPUs
[    0.213329] smpboot: Total of 8 processors activated (58982.40 BogoMIPS)
[    0.251871] node 0 deferred pages initialised in 40ms
[    0.253056] Memory: 65808688K/67108340K available (16491K kernel code, 9695K rwdata, 12596K rodata, 4024K init, 7316K bss, 1288212K reserved, 0K cma-reserved)
[    0.255335] devtmpfs: initialized
[    0.255335] x86/mm: Memory block size: 1024MB
[    0.255335] clocksource: jiffies: mask: 0xffffffff max_cycles: 0xffffffff, max_idle_ns: 19112604462750000 ns
[    0.261870] posixtimers hash table entries: 4096 (order: 4, 65536 bytes, linear)
[    0.262723] futex hash table entries: 2048 (131072 bytes on 1 NUMA nodes, total 128 KiB, linear).
[    0.264298] NET: Registered PF_NETLINK/PF_ROUTE protocol family
[    0.265075] DMA: preallocated 4096 KiB GFP_KERNEL pool for atomic allocations
[    0.265942] DMA: preallocated 4096 KiB GFP_KERNEL|GFP_DMA pool for atomic allocations
[    0.266826] DMA: preallocated 4096 KiB GFP_KERNEL|GFP_DMA32 pool for atomic allocations
[    0.267736] audit: initializing netlink subsys (disabled)
[    0.268358] audit: type=2000 audit(1790330980.530:1): state=initialized audit_enabled=0 res=1
[    0.268358] thermal_sys: Registered thermal governor 'fair_share'
[    0.268358] thermal_sys: Registered thermal governor 'step_wise'
[    0.268358] thermal_sys: Registered thermal governor 'user_space'
[    0.268358] cpuidle: using governor ladder
[    0.272338] cpuidle: using governor menu
[    0.272593] acpiphp: ACPI Hot Plug PCI Controller Driver version: 0.5
[    0.273434] PCI: Using configuration type 1 for base access
[    0.274138] kprobes: kprobe jump-optimization is enabled. All kprobes are optimized if possible.
[    0.274138] HugeTLB: registered 1.00 GiB page size, pre-allocated 0 pages
[    0.274138] HugeTLB: 16380 KiB vmemmap can be freed for a 1.00 GiB page
[    0.274998] HugeTLB: registered 2.00 MiB page size, pre-allocated 0 pages
[    0.274998] HugeTLB: 28 KiB vmemmap can be freed for a 2.00 MiB page
[    0.282501] ACPI: Added _OSI(Module Device)
[    0.283494] ACPI: Added _OSI(Processor Device)
[    0.284524] ACPI: Added _OSI(Processor Aggregator Device)
[    0.286105] ACPI: 1 ACPI AML tables successfully acquired and loaded
[    0.310655] ACPI: \_SB_: platform _OSC: OS support mask [00227eff]
[    0.312015] ACPI: Interpreter enabled
[    0.312877] ACPI: PM: (supports S0 S4 S5)
[    0.313808] ACPI: Using IOAPIC for interrupt routing
[    0.314958] PCI: Using host bridge windows from ACPI; if necessary, use "pci=nocrs" and report a bug
[    0.317058] PCI: Using E820 reservations for host bridge windows
[    0.318537] ACPI: Enabled 2 GPEs in block 00 to 0F
[    0.322418] ACPI: PCI Root Bridge [PCI0] (domain 0000 [bus 00-ff])
[    0.323837] acpi PNP0A03:00: _OSC: OS supports [ASPM ClockPM Segments MSI HPX-Type3]
[    0.325604] acpi PNP0A03:00: _OSC: not requesting OS control; OS requires [ExtendedConfig ASPM ClockPM MSI]
[    0.327807] acpi PNP0A03:00: _OSC: platform retains control of PCIe features (AE_ERROR)
[    0.329640] acpi PNP0A03:00: fail to add MMCONFIG information, can't access extended configuration space under this bridge
[    0.332225] acpiphp: Slot [2] registered
[    0.333157] acpiphp: Slot [3] registered
[    0.334094] acpiphp: Slot [4] registered
[    0.335027] acpiphp: Slot [5] registered
[    0.335961] acpiphp: Slot [6] registered
[    0.336906] acpiphp: Slot [7] registered
[    0.337845] acpiphp: Slot [8] registered
[    0.338787] acpiphp: Slot [9] registered
[    0.339805] acpiphp: Slot [10] registered
[    0.340758] acpiphp: Slot [11] registered
[    0.341695] acpiphp: Slot [12] registered
[    0.341891] acpiphp: Slot [13] registered
[    0.342843] acpiphp: Slot [14] registered
[    0.343808] acpiphp: Slot [15] registered
[    0.344767] acpiphp: Slot [16] registered
[    0.345717] acpiphp: Slot [17] registered
[    0.346648] acpiphp: Slot [18] registered
[    0.347593] acpiphp: Slot [19] registered
[    0.348552] acpiphp: Slot [20] registered
[    0.349514] acpiphp: Slot [21] registered
[    0.350466] acpiphp: Slot [22] registered
[    0.351417] acpiphp: Slot [23] registered
[    0.351890] acpiphp: Slot [24] registered
[    0.352845] acpiphp: Slot [25] registered
[    0.353793] acpiphp: Slot [26] registered
[    0.354745] acpiphp: Slot [27] registered
[    0.355697] acpiphp: Slot [28] registered
[    0.356652] acpiphp: Slot [29] registered
[    0.357616] acpiphp: Slot [30] registered
[    0.358566] acpiphp: Slot [31] registered
[    0.359515] PCI host bridge to bus 0000:00
[    0.360469] pci_bus 0000:00: root bus resource [io  0x0000-0x0cf7 window]
[    0.361867] pci_bus 0000:00: root bus resource [io  0x0d00-0xffff window]
[    0.363484] pci_bus 0000:00: root bus resource [mem 0x000a0000-0x000bffff window]
[    0.364337] pci_bus 0000:00: root bus resource [mem 0xc0000000-0xfebfffff window]
[    0.365179] pci_bus 0000:00: root bus resource [mem 0x380000000000-0x38007fffffff window]
[    0.366100] pci_bus 0000:00: root bus resource [bus 00-ff]
[    0.366768] pci 0000:00:00.0: [8086:1237] type 00 class 0x060000 conventional PCI endpoint
[    0.368171] pci 0000:00:01.0: [8086:7000] type 00 class 0x060100 conventional PCI endpoint
[    0.369563] pci 0000:00:01.1: [8086:7010] type 00 class 0x010180 conventional PCI endpoint
[    0.371334] pci 0000:00:01.1: BAR 4 [io  0xc200-0xc20f]
[    0.371902] pci 0000:00:01.1: BAR 0 [io  0x01f0-0x01f7]: legacy IDE quirk
[    0.372667] pci 0000:00:01.1: BAR 1 [io  0x03f6]: legacy IDE quirk
[    0.373365] pci 0000:00:01.1: BAR 2 [io  0x0170-0x0177]: legacy IDE quirk
[    0.374124] pci 0000:00:01.1: BAR 3 [io  0x0376]: legacy IDE quirk
[    0.374964] pci 0000:00:01.3: [8086:7113] type 00 class 0x068000 conventional PCI endpoint
[    0.376269] pci 0000:00:01.3: quirk: [io  0x0600-0x063f] claimed by PIIX4 ACPI
[    0.377088] pci 0000:00:01.3: quirk: [io  0x0700-0x070f] claimed by PIIX4 SMB
[    0.378204] pci 0000:00:02.0: [1af4:1009] type 00 class 0x000200 conventional PCI endpoint
[    0.380719] pci 0000:00:02.0: BAR 0 [io  0xc000-0xc03f]
[    0.381309] pci 0000:00:02.0: BAR 1 [mem 0xfebf7000-0xfebf7fff]
[    0.381894] pci 0000:00:02.0: BAR 4 [mem 0x380000000000-0x380000003fff 64bit pref]
[    0.383606] pci 0000:00:03.0: [1af4:1009] type 00 class 0x000200 conventional PCI endpoint
[    0.386195] pci 0000:00:03.0: BAR 0 [io  0xc040-0xc07f]
[    0.386795] pci 0000:00:03.0: BAR 1 [mem 0xfebf8000-0xfebf8fff]
[    0.387489] pci 0000:00:03.0: BAR 4 [mem 0x380000004000-0x380000007fff 64bit pref]
[    0.389039] pci 0000:00:04.0: [8086:25ab] type 00 class 0x088000 conventional PCI endpoint
[    0.390668] pci 0000:00:04.0: BAR 0 [mem 0xfebf9000-0xfebf900f]
[    0.392351] pci 0000:00:05.0: [1af4:1003] type 00 class 0x078000 conventional PCI endpoint
[    0.394247] pci 0000:00:05.0: BAR 0 [io  0xc080-0xc0bf]
[    0.394851] pci 0000:00:05.0: BAR 1 [mem 0xfebfa000-0xfebfafff]
[    0.395551] pci 0000:00:05.0: BAR 4 [mem 0x380000008000-0x38000000bfff 64bit pref]
[    0.397204] pci 0000:00:06.0: [1af4:1003] type 00 class 0x078000 conventional PCI endpoint
[    0.399092] pci 0000:00:06.0: BAR 0 [io  0xc0c0-0xc0ff]
[    0.399692] pci 0000:00:06.0: BAR 1 [mem 0xfebfb000-0xfebfbfff]
[    0.400386] pci 0000:00:06.0: BAR 4 [mem 0x38000000c000-0x38000000ffff 64bit pref]
[    0.402336] pci 0000:00:07.0: [1af4:1003] type 00 class 0x078000 conventional PCI endpoint
[    0.404204] pci 0000:00:07.0: BAR 0 [io  0xc100-0xc13f]
[    0.404806] pci 0000:00:07.0: BAR 1 [mem 0xfebfc000-0xfebfcfff]
[    0.405502] pci 0000:00:07.0: BAR 4 [mem 0x380000010000-0x380000013fff 64bit pref]
[    0.407137] pci 0000:00:08.0: [1af4:1003] type 00 class 0x078000 conventional PCI endpoint
[    0.408900] pci 0000:00:08.0: BAR 0 [io  0xc140-0xc17f]
[    0.409500] pci 0000:00:08.0: BAR 1 [mem 0xfebfd000-0xfebfdfff]
[    0.410193] pci 0000:00:08.0: BAR 4 [mem 0x380000014000-0x380000017fff 64bit pref]
[    0.411858] pci 0000:00:09.0: [1af4:1003] type 00 class 0x078000 conventional PCI endpoint
[    0.412634] pci 0000:00:09.0: BAR 0 [io  0xc180-0xc1bf]
[    0.413238] pci 0000:00:09.0: BAR 1 [mem 0xfebfe000-0xfebfefff]
[    0.413932] pci 0000:00:09.0: BAR 4 [mem 0x380000018000-0x38000001bfff 64bit pref]
[    0.415609] pci 0000:00:0a.0: [1af4:1003] type 00 class 0x078000 conventional PCI endpoint
[    0.417295] pci 0000:00:0a.0: BAR 0 [io  0xc1c0-0xc1ff]
[    0.417891] pci 0000:00:0a.0: BAR 1 [mem 0xfebff000-0xfebfffff]
[    0.418584] pci 0000:00:0a.0: BAR 4 [mem 0x38000001c000-0x38000001ffff 64bit pref]
[    0.422765] ACPI: PCI: Interrupt link LNKA configured for IRQ 10
[    0.423516] ACPI: PCI: Interrupt link LNKB configured for IRQ 10
[    0.424244] ACPI: PCI: Interrupt link LNKC configured for IRQ 11
[    0.424980] ACPI: PCI: Interrupt link LNKD configured for IRQ 11
[    0.425683] ACPI: PCI: Interrupt link LNKS configured for IRQ 9
[    0.426648] iommu: Default domain type: Translated
[    0.426648] iommu: DMA domain TLB invalidation policy: lazy mode
[    0.426648] pps_core: LinuxPPS API ver. 1 registered
[    0.426648] pps_core: Software ver. 5.3.6 - Copyright 2005-2007 Rodolfo Giometti <giometti@linux.it>
[    0.426648] PTP clock support registered
[    0.431889] EDAC MC: Ver: 3.0.0
[    0.432533] NetLabel: Initializing
[    0.432936] NetLabel:  domain hash size = 128
[    0.433429] NetLabel:  protocols = UNLABELED CIPSOv4 CALIPSO
[    0.434076] NetLabel:  unlabeled traffic allowed by default
[    0.434706] PCI: Using ACPI for IRQ routing
[    0.435375] e820: register RAM buffer resource [mem 0x0009fc00-0x0009ffff]
[    0.436148] e820: register RAM buffer resource [mem 0xbffdf000-0xbfffffff]
[    0.436924] hpet0: at MMIO 0xfed00000, IRQs 2, 8, 0
[    0.436924] hpet0: 3 comparators, 64-bit 100.000000 MHz counter
[    0.441865] clocksource: Switched to clocksource kvm-clock
[    0.443254] VFS: Disk quotas dquot_6.6.0
[    0.443707] VFS: Dquot-cache hash table entries: 512 (order 0, 4096 bytes)
[    0.444570] netfs: FS-Cache loaded
[    0.445034] pnp: PnP ACPI init
[    0.445537] pnp: PnP ACPI: found 5 devices
[    0.451850] clocksource: acpi_pm: mask: 0xffffff max_cycles: 0xffffff, max_idle_ns: 2085701024 ns
[    0.452870] NET: Registered PF_INET protocol family
[    0.453664] IP idents hash table entries: 262144 (order: 9, 2097152 bytes, linear)
[    0.463962] tcp_listen_portaddr_hash hash table entries: 32768 (order: 7, 524288 bytes, linear)
[    0.464974] Table-perturb hash table entries: 65536 (order: 6, 262144 bytes, linear)
[    0.465905] TCP established hash table entries: 524288 (order: 10, 4194304 bytes, linear)
[    0.467179] TCP bind hash table entries: 65536 (order: 9, 2097152 bytes, linear)
[    0.468294] TCP: Hash tables configured (established 524288 bind 65536)
[    0.469314] MPTCP token hash table entries: 65536 (order: 9, 1572864 bytes, linear)
[    0.470272] UDP hash table entries: 32768 (order: 9, 2097152 bytes, linear)
[    0.471363] UDP-Lite hash table entries: 32768 (order: 9, 2097152 bytes, linear)
[    0.472523] NET: Registered PF_UNIX/PF_LOCAL protocol family
[    0.473180] NET: Registered PF_XDP protocol family
[    0.473735] pci_bus 0000:00: resource 4 [io  0x0000-0x0cf7 window]
[    0.474442] pci_bus 0000:00: resource 5 [io  0x0d00-0xffff window]
[    0.475147] pci_bus 0000:00: resource 6 [mem 0x000a0000-0x000bffff window]
[    0.475926] pci_bus 0000:00: resource 7 [mem 0xc0000000-0xfebfffff window]
[    0.476707] pci_bus 0000:00: resource 8 [mem 0x380000000000-0x38007fffffff window]
[    0.477597] pci 0000:00:01.0: PIIX3: Enabling Passive Release
[    0.478315] pci 0000:00:00.0: Limiting direct PCI/PCI transfers
[    0.479091] PCI: CLS 0 bytes, default 64
[    0.479585] PCI-DMA: Using software bounce buffering for IO (SWIOTLB)
[    0.479792] Trying to unpack rootfs image as initramfs...
[    0.480317] software IO TLB: mapped [mem 0x00000000bb36b000-0x00000000bf36b000] (64MB)
[    0.481903] clocksource: tsc: mask: 0xffffffffffffffff max_cycles: 0x6a464ae9873, max_idle_ns: 881590529744 ns
[    0.485741] Freeing initrd memory: 12692K
[    0.495854] Initialise system trusted keyrings
[    0.496427] Key type blacklist registered
[    0.497008] workingset: timestamp_bits=36 max_order=24 bucket_order=0
[    0.497958] SGI XFS with ACLs, security attributes, quota, no debug enabled
[    0.499403] 9p: Installing v9fs 9p2000 file system support
[    0.500384] integrity: Platform Keyring initialized
[    0.500987] cryptd: max_cpu_qlen set to 1000
[    0.506676] Key type asymmetric registered
[    0.507142] Asymmetric key parser 'x509' registered
[    0.507707] Block layer SCSI generic (bsg) driver version 0.4 loaded (major 248)
[    0.509070] io scheduler mq-deadline registered
[    0.509647] io scheduler kyber registered
[    0.510120] io scheduler bfq registered
[    0.519082] ACPI: \_SB_.LNKB: Enabled at IRQ 10
[    0.527825] ACPI: \_SB_.LNKC: Enabled at IRQ 11
[    0.536536] ACPI: \_SB_.LNKA: Enabled at IRQ 10
[    0.561411] ACPI: \_SB_.LNKD: Enabled at IRQ 11
[    0.578894] Serial: 8250/16550 driver, 4 ports, IRQ sharing disabled
[    0.579742] 00:03: ttyS0 at I/O 0x3f8 (irq = 4, base_baud = 115200) is a 16550A
[    0.649027] loop: module loaded
[    0.649925] tun: Universal TUN/TAP device driver, 1.6
[    0.650556] rtc_cmos 00:04: RTC can wake from S4
[    0.651486] rtc_cmos 00:04: registered as rtc0
[    0.652053] rtc_cmos 00:04: setting system clock to 2026-09-25T10:09:40 UTC (1790330980)
[    0.652972] rtc_cmos 00:04: alarms up to one day, y3k, 242 bytes nvram, hpet irqs
[    0.653802] intel_pstate: CPU model not supported
[    0.654335] hid: raw HID events driver (C) Jiri Kosina
[    0.655254] NET: Registered PF_INET6 protocol family
[    0.656164] Segment Routing with IPv6
[    0.656575] In-situ OAM (IOAM) with IPv6
[    0.657026] NET: Registered PF_PACKET protocol family
[    0.657591] bridge: filtering via arp/ip/ip6tables is no longer available by default. Update your scripts to load br_netfilter if you need this.
[    0.659047] 9pnet: Installing 9P2000 support
[    0.661527] IPI shorthand broadcast: enabled
[    0.676235] sched_clock: Marking stable (670003267, 1069516)->(671639286, -566503)
[    0.678705] registered taskstats version 1
[    0.679268] Loading compiled-in X.509 certificates
[    0.680263] Loaded X.509 cert 'Build time autogenerated kernel key: d1424aba97e5b78a90400dcad095464dbcbd105a'
[    0.682713] Demotion targets for Node 0: null
[    0.683274] Key type .fscrypt registered
[    0.683732] Key type fscrypt-provisioning registered
[    0.684318] ima: No TPM chip found, activating TPM-bypass!
[    0.684923] ima: Allocated hash algorithm: sha256
[    0.685450] ima: No architecture policies found
[    0.686278] clk: Disabling unused clocks
[    0.692393] Freeing unused decrypted memory: 2036K
[    0.693391] Freeing unused kernel image (initmem) memory: 4024K
[    0.693851] Write protecting the kernel read-only data: 32768k
[    0.695234] Freeing unused kernel image (text/rodata gap) memory: 1940K
[    0.696218] Freeing unused kernel image (rodata/data gap) memory: 1740K
[    0.696709] Run /init as init process
[    0.697281] virtme initramfs: loading fuse.ko...
[    0.707861] fuse: module verification failed: signature and/or required key missing - tainting kernel
[    0.711815] fuse: init (API version 7.45)
[    0.712745] virtme initramfs: loading virtiofs.ko...
[    0.728110] virtme initramfs: loading virtio_mmio.ko...
[    0.728995] virtme initramfs: loading serio.ko...
[    0.735803] virtme initramfs: loading i8042.ko...
[    0.737047] i8042: PNP: PS/2 Controller [PNP0303:KBD,PNP0f13:MOU] at 0x60,0x64 irq 1,12
[    0.739365] serio: i8042 KBD port at 0x60,0x64 irq 1
[    0.740199] serio: i8042 AUX port at 0x60,0x64 irq 12
[    0.741250] virtme initramfs: loading libps2.ko...
[    0.742336] virtme initramfs: loading vivaldi-fmap.ko...
[    0.747238] virtme initramfs: loading atkbd.ko...
[    0.748824] virtme initramfs: mounting hostfs...
[    0.749218] input: AT Translated Set 2 keyboard as /devices/platform/i8042/serio0/input/input0
[    0.749985] virtio-fs: tag <ROOTFS> not found
[    0.751914] 9pnet: Limiting 'msize' to 512000 as this is the maximum supported by transport virtio
[    0.756993] virtme initramfs: done; switching to real root
[    0.781266] virtme-ng-init: Setting hostname to virtme-ng...
[    0.829419] virtme-ng-init: running systemd-tmpfiles
[    1.053417] virtme-ng-init: basic initialization done
[    1.058663] virtme-ng-init: you have CONFIG_UEVENT_HELPER on; turn it off
[    1.060818] 9pnet: Limiting 'msize' to 512000 as this is the maximum supported by transport virtio
[    1.083871] virtme-ng-init: Starting systemd-udevd version 255.4-1ubuntu8.17
[    1.085195] virtme-ng-init: triggering udev coldplug
[    1.848825] virtme-ng-init: waiting for udev to settle
[    1.896011] input: Power Button as /devices/platform/LNXPWRBN:00/input/input2
[    1.896803] ACPI: button: Power Button [PWRF]
[    2.014030] SCSI subsystem initialized
[    2.017502] input: VirtualPS/2 VMware VMMouse as /devices/platform/i8042/serio1/input/input4
[    2.019814] input: VirtualPS/2 VMware VMMouse as /devices/platform/i8042/serio1/input/input3
[    2.046539] piix4_smbus 0000:00:01.3: SMBus Host Controller at 0x700, revision 0
[    2.047759] i2c i2c-0: Memory type 0x07 not supported yet, not instantiating SPD
[    2.058898] mousedev: PS/2 mouse device common for all mice
[    2.110583] scsi host0: ata_piix
[    2.111601] scsi host1: ata_piix
[    2.112592] ata1: PATA max MWDMA2 cmd 0x1f0 ctl 0x3f6 bmdma 0xc200 irq 14 lpm-pol 0
[    2.113950] ata2: PATA max MWDMA2 cmd 0x170 ctl 0x376 bmdma 0xc208 irq 15 lpm-pol 0
[    2.271347] ata2: found unknown device (class 0)
[    2.273018] ata2.00: ATAPI: QEMU DVD-ROM, 2.5+, max UDMA/100
[    2.275924] scsi 1:0:0:0: CD-ROM            QEMU     QEMU DVD-ROM     2.5+ PQ: 0 ANSI: 5
[    2.452997] scsi 1:0:0:0: Attached scsi generic sg0 type 5
[    2.642478] sr 1:0:0:0: [sr0] scsi3-mmc drive: 4x/4x cd/rw xa/form2 tray
[    2.643547] cdrom: Uniform CD-ROM driver Revision: 3.20
[    4.258503] virtme-ng-init: udev is done
[    4.260395] virtme-ng-init: starting script
make: Entering directory '/workspaces/repository'
install -d /run/bpf-benchmark-docker /run/bpf-benchmark-docker/data /run/bpf-benchmark-docker/exec
truncate -s "${BPFREJIT_VM_DOCKER_DISK_SIZE:-64G}" /var/tmp/bpf-benchmark-docker.img
mkfs.ext4 -F -q /var/tmp/bpf-benchmark-docker.img
mount -o loop,discard /var/tmp/bpf-benchmark-docker.img /run/bpf-benchmark-docker
[    4.661830] loop0: detected capacity change from 0 to 134217728
[    4.671280] EXT4-fs (loop0): mounted filesystem 90465e8b-53a9-4571-afaf-1d2afdab8286 r/w with ordered data mode. Quota mode: none.
dockerd --data-root /run/bpf-benchmark-docker/data --exec-root /run/bpf-benchmark-docker/exec --pidfile /run/bpf-benchmark-docker/docker.pid --host unix:///run/docker.sock --bridge=none --iptables=false --ip-masq=false --ip-forward=false >/run/bpf-benchmark-docker/dockerd.log 2>&1 &
for _ in 1 2 3 4 5 6 7 8 9 10; do docker info >/dev/null 2>&1 && break; sleep 1; done
[    7.929881] Initializing XFRM netlink socket
docker info >/dev/null
WARNING: No swap limit support
WARNING: IPv4 forwarding is disabled
install -d "/workspaces/repository/corpus/results"
"/workspaces/repository/runner/scripts/bpfrejit-install" --image "bpf-benchmark/runner-runtime:x86_64" "/workspaces/repository/.cache/container-images/x86_64-runner-runtime.image.tar"
Loaded image: bpf-benchmark/runner-runtime:x86_64
WARNING: IPv4 forwarding is disabled. Networking will not work.
[   47.875865] bpf_x86_alu: loading out-of-tree module taints kernel.
docker run --rm --privileged --pid=host --network=host --ipc=host --cgroupns=host -e BPFREJIT_INSIDE_RUNTIME_CONTAINER=1 -e HOME=/root -e TARGET="x86-kvm" -e RUN_TARGET_NAME="x86-kvm" -e RUN_TOKEN="af6d49a5" -e RUN_TARGET_ARCH="x86_64" -e RUN_EXECUTOR="kvm" -e RUN_REMOTE_PYTHON_BIN="python3" -e RUN_RUNTIME_PYTHON_BIN="python3" -e RUN_BPFTOOL_BIN="bpftool" -e RUN_NATIVE_REPOS_CSV="bcc,katran,tracee,tetragon" -e SAMPLES="1"      -e FUZZ_ROUNDS="1000"  -e WORKLOAD_DURATION="30" -e KEEP_WORKDIRS="1" -e BPFREJIT_BENCH_PASSES="map_inline" -e BPFREJIT_CORPUS_APPS="katran"           -e MERLIN_COMPILETIME_MODE="none"                    -w "/workspaces/repository" -v /sys:/sys -v /sys/fs/bpf:/sys/fs/bpf -v /sys/kernel/debug:/sys/kernel/debug -v /lib/modules:/lib/modules:ro -v /boot:/boot:ro -v "/workspaces/repository/corpus/results:/workspaces/repository/corpus/results" "bpf-benchmark/runner-runtime:x86_64" python3 -m corpus.driver
{"active_env_keys": ["BPFREJIT_NATIVE_LOADER_REQUIRE_PREBUILT_PROOF", "BPFREJIT_NATIVE_LOADER_SO"], "event": "native_loader_mode", "post_only": false, "saved_env_keys": ["BPFREJIT_NATIVE_LOADER_REQUIRE_PREBUILT_PROOF", "BPFREJIT_NATIVE_LOADER_SO"]}
{"app": "katran", "event": "app_start", "runner": "katran", "workload": "xdp_pktgen"}
{"app": "katran", "event": "phase_start", "phase": "baseline_start", "runner": "katran", "workload": "xdp_pktgen"}
{"active_env_keys": ["BPFREJIT_NATIVE_LOADER_REQUIRE_PREBUILT_PROOF", "BPFREJIT_NATIVE_LOADER_SO"], "app": "katran", "event": "native_loader_phase_env", "phase": "baseline_start", "runner": "katran", "temporary_set_keys": ["BPFREJIT_SHIM_LOADTIME_PLAN", "BPFREJIT_SHIM_LOG"], "temporary_unset_keys": []}
[   49.204535] ipip: IPv4 and MPLS over IPv4 tunneling driver
{"app": "katran", "event": "phase_done", "phase": "baseline_start", "runner": "katran", "status": "ok"}
{"app": "katran", "event": "measurement_start", "phase": "baseline", "runner": "katran", "samples": 1, "workload": "xdp_pktgen"}
[   54.287684] pktgen: no symbol version for set_freezable
[   54.289631] pktgen: Packet Generator for packet performance testing. Version: 2.75
{"app": "katran", "event": "measurement_done", "phase": "baseline", "runner": "katran", "status": "ok"}
{"app": "katran", "event": "phase_start", "phase": "baseline_stop", "runner": "katran"}
{"app": "katran", "event": "phase_step", "phase": "baseline_stop", "runner": "katran", "step": "runner_stop_done"}
{"app": "katran", "event": "phase_step", "phase": "baseline_stop", "runner": "katran", "step": "quiesce_start"}
{"app": "katran", "event": "phase_step", "phase": "baseline_stop", "runner": "katran", "step": "quiesce_done"}
{"app": "katran", "event": "phase_step", "phase": "baseline_stop", "runner": "katran", "step": "bpf_stats_disabled"}
{"app": "katran", "event": "phase_done", "phase": "baseline_stop", "runner": "katran", "status": "ok"}
{"active_env_keys": ["BPFREJIT_NATIVE_LOADER_REQUIRE_PREBUILT_PROOF", "BPFREJIT_NATIVE_LOADER_SO"], "app": "katran", "event": "native_loader_phase_env", "phase": "post_rejit_start", "runner": "katran", "temporary_set_keys": ["BPFREJIT_REPO_ROOT", "BPFREJIT_SHIM_LOADTIME_PLAN", "BPFREJIT_SHIM_LOG"], "temporary_unset_keys": []}
{"app": "katran", "event": "loadtime_plan_start", "runner": "katran"}
{"app": "katran", "event": "loadtime_plan_done", "runner": "katran", "status": "ok"}
{"app": "katran", "event": "phase_start", "phase": "post_rejit_start", "runner": "katran", "workload": "xdp_pktgen"}
{"app": "katran", "event": "phase_done", "phase": "post_rejit_start", "runner": "katran", "status": "ok"}
{"app": "katran", "event": "measurement_start", "phase": "post_rejit", "runner": "katran", "samples": 1, "workload": "xdp_pktgen"}
{"app": "katran", "event": "measurement_done", "phase": "post_rejit", "runner": "katran", "status": "ok"}
{"app": "katran", "event": "phase_start", "phase": "post_rejit_stop", "runner": "katran"}
{"app": "katran", "event": "phase_step", "phase": "post_rejit_stop", "runner": "katran", "step": "runner_stop_done"}
{"app": "katran", "event": "phase_step", "phase": "post_rejit_stop", "runner": "katran", "step": "quiesce_start"}
{"app": "katran", "event": "phase_step", "phase": "post_rejit_stop", "runner": "katran", "step": "quiesce_done"}
{"app": "katran", "event": "phase_step", "phase": "post_rejit_stop", "runner": "katran", "step": "bpf_stats_disabled"}
{"app": "katran", "event": "phase_done", "phase": "post_rejit_stop", "runner": "katran", "status": "ok"}
{"app": "katran", "error": "", "event": "app_done", "status": "ok"}
{
  "status": "ok",
  "artifact_run_dir": "/workspaces/repository/corpus/results/x86_kvm_corpus_20260925_101028_808501",
  "artifact_metadata": "/workspaces/repository/corpus/results/x86_kvm_corpus_20260925_101028_808501/metadata.json"
}
make: Leaving directory '/workspaces/repository'
[  208.285914] ACPI: PM: Preparing to enter system sleep state S5
[  208.286411] kvm: exiting hardware virtualization
[  208.287304] reboot: Power down
