WARNING: No swap limit support
WARNING: IPv4 forwarding is disabled
Loaded image: bpf-benchmark/runner-runtime:x86_64
WARNING: IPv4 forwarding is disabled. Networking will not work.
_DISK_SIZE:-64G}" /var/tmp/bpf-benchmark-docker.img
mkfs.ext4 -F -q /var/tmp/bpf-benchmark-docker.img
mount -o loop,discard /var/tmp/bpf-benchmark-docker.img /run/bpf-benchmark-docker
dockerd --data-root /run/bpf-benchmark-docker/data --exec-root /run/bpf-benchmark-docker/exec --pidfile /run/bpf-benchmark-docker/docker.pid --host unix:///run/docker.sock --bridge=none --iptables=false --ip-masq=false --ip-forward=false >/run/bpf-benchmark-docker/dockerd.log 2>&1 &
for _ in 1 2 3 4 5 6 7 8 9 10; do docker info >/dev/null 2>&1 && break; sleep 1; done
docker info >/dev/null
install -d "/workspaces/repository/corpus/results"
"/workspaces/repository/runner/scripts/bpfrejit-install" --image "bpf-benchmark/runner-runtime:x86_64" "/workspaces/repository/.cache/container-images/x86_64-runner-runtime.image.tar"
docker run --rm --privileged --pid=host --network=host --ipc=host --cgroupns=host -e BPFREJIT_INSIDE_RUNTIME_CONTAINER=1 -e HOME=/root -e TARGET="x86-kvm" -e RUN_TARGET_NAME="x86-kvm" -e RUN_TOKEN="eb1321dc" -e RUN_TARGET_ARCH="x86_64" -e RUN_EXECUTOR="kvm" -e RUN_REMOTE_PYTHON_BIN="python3" -e RUN_RUNTIME_PYTHON_BIN="python3" -e RUN_BPFTOOL_BIN="bpftool" -e RUN_NATIVE_REPOS_CSV="bcc,katran,tracee,tetragon" -e SAMPLES="3"      -e FUZZ_ROUNDS="1000"  -e WORKLOAD_DURATION="60" -e KEEP_WORKDIRS="1" -e BPFREJIT_BENCH_PASSES="dce" -e BPFREJIT_CORPUS_APPS="tetragon/observer"           -e MERLIN_COMPILETIME_MODE="none"                    -w "/workspaces/repository" -v /sys:/sys -v /sys/fs/bpf:/sys/fs/bpf -v /sys/kernel/debug:/sys/kernel/debug -v /lib/modules:/lib/modules:ro -v /boot:/boot:ro -v "/workspaces/repository/corpus/results:/workspaces/repository/corpus/results" "bpf-benchmark/runner-runtime:x86_64" python3 -m corpus.driver
{"active_env_keys": ["BPFREJIT_NATIVE_LOADER_REQUIRE_PREBUILT_PROOF", "BPFREJIT_NATIVE_LOADER_SO"], "event": "native_loader_mode", "post_only": false, "saved_env_keys": ["BPFREJIT_NATIVE_LOADER_REQUIRE_PREBUILT_PROOF", "BPFREJIT_NATIVE_LOADER_SO"]}
{"app": "tetragon/observer", "event": "app_start", "runner": "tetragon", "workload": "stress_ng_tetragon_policy_hot"}
{"app": "tetragon/observer", "event": "phase_start", "phase": "baseline_start", "runner": "tetragon", "workload": "stress_ng_tetragon_policy_hot"}
{"active_env_keys": ["BPFREJIT_NATIVE_LOADER_REQUIRE_PREBUILT_PROOF", "BPFREJIT_NATIVE_LOADER_SO"], "app": "tetragon/observer", "event": "native_loader_phase_env", "phase": "baseline_start", "runner": "tetragon", "temporary_set_keys": ["BPFREJIT_SHIM_LOADTIME_PLAN", "BPFREJIT_SHIM_LOG"], "temporary_unset_keys": []}
{"app": "tetragon/observer", "event": "phase_done", "phase": "baseline_start", "runner": "tetragon", "status": "ok"}
{"app": "tetragon/observer", "event": "measurement_start", "phase": "baseline", "runner": "tetragon", "samples": 3, "workload": "stress_ng_tetragon_policy_hot"}
{"app": "tetragon/observer", "event": "measurement_done", "phase": "baseline", "runner": "tetragon", "status": "ok"}
{"app": "tetragon/observer", "event": "phase_start", "phase": "baseline_stop", "runner": "tetragon"}
{"app": "tetragon/observer", "event": "phase_step", "phase": "baseline_stop", "runner": "tetragon", "step": "runner_stop_done"}
{"app": "tetragon/observer", "event": "phase_step", "phase": "baseline_stop", "runner": "tetragon", "step": "quiesce_start"}
{"app": "tetragon/observer", "event": "phase_step", "phase": "baseline_stop", "runner": "tetragon", "step": "quiesce_done"}
{"app": "tetragon/observer", "event": "phase_step", "phase": "baseline_stop", "runner": "tetragon", "step": "bpf_stats_disabled"}
{"app": "tetragon/observer", "event": "phase_done", "phase": "baseline_stop", "runner": "tetragon", "status": "ok"}
{"active_env_keys": ["BPFREJIT_NATIVE_LOADER_REQUIRE_PREBUILT_PROOF", "BPFREJIT_NATIVE_LOADER_SO"], "app": "tetragon/observer", "event": "native_loader_phase_env", "phase": "post_rejit_start", "runner": "tetragon", "temporary_set_keys": ["BPFREJIT_REPO_ROOT", "BPFREJIT_SHIM_LOADTIME_PLAN", "BPFREJIT_SHIM_LOG"], "temporary_unset_keys": []}
{"app": "tetragon/observer", "event": "loadtime_plan_start", "runner": "tetragon"}
{"app": "tetragon/observer", "event": "loadtime_plan_done", "runner": "tetragon", "status": "ok"}
{"app": "tetragon/observer", "event": "phase_start", "phase": "post_rejit_start", "runner": "tetragon", "workload": "stress_ng_tetragon_policy_hot"}
{"app": "tetragon/observer", "event": "phase_done", "phase": "post_rejit_start", "runner": "tetragon", "status": "ok"}
{"app": "tetragon/observer", "event": "measurement_start", "phase": "post_rejit", "runner": "tetragon", "samples": 3, "workload": "stress_ng_tetragon_policy_hot"}
{"app": "tetragon/observer", "event": "measurement_done", "phase": "post_rejit", "runner": "tetragon", "status": "ok"}
{"app": "tetragon/observer", "event": "phase_start", "phase": "post_rejit_stop", "runner": "tetragon"}
{"app": "tetragon/observer", "event": "phase_step", "phase": "post_rejit_stop", "runner": "tetragon", "step": "runner_stop_done"}
{"app": "tetragon/observer", "event": "phase_step", "phase": "post_rejit_stop", "runner": "tetragon", "step": "quiesce_start"}
{"app": "tetragon/observer", "event": "phase_step", "phase": "post_rejit_stop", "runner": "tetragon", "step": "quiesce_done"}
{"app": "tetragon/observer", "event": "phase_step", "phase": "post_rejit_stop", "runner": "tetragon", "step": "bpf_stats_disabled"}
{"app": "tetragon/observer", "event": "phase_done", "phase": "post_rejit_stop", "runner": "tetragon", "status": "ok"}
{"app": "tetragon/observer", "error": "", "event": "app_done", "status": "ok"}
{
  "status": "ok",
  "artifact_run_dir": "/workspaces/repository/corpus/results/x86_kvm_corpus_20260926_164707_409188",
  "artifact_metadata": "/workspaces/repository/corpus/results/x86_kvm_corpus_20260926_164707_409188/metadata.json"
}
make: Leaving directory '/workspaces/repository'
 0 bus_irq 10 global_irq 10 high level)
[    0.032196] ACPI: INT_SRC_OVR (bus 0 bus_irq 11 global_irq 11 high level)
[    0.032900] ACPI: Using ACPI (MADT) for SMP configuration information
[    0.033566] ACPI: HPET id: 0x8086a201 base: 0xfed00000
[    0.034097] TSC deadline timer available
[    0.034505] CPU topo: Max. logical packages:   1
[    0.034980] CPU topo: Max. logical nodes:      1
[    0.035457] CPU topo: Num. nodes per package:  1
[    0.035933] CPU topo: Max. logical dies:       1
[    0.036410] CPU topo: Max. dies per package:   1
[    0.036887] CPU topo: Max. threads per core:   1
[    0.037364] CPU topo: Num. cores per package:     8
[    0.037866] CPU topo: Num. threads per package:   8
[    0.038370] CPU topo: Allowing 8 present CPUs plus 0 hotplug CPUs
[    0.039008] kvm-guest: APIC: eoi() replaced with kvm_guest_apic_eoi_write()
[    0.039738] kvm-guest: KVM setup pv remote TLB flush
[    0.040254] kvm-guest: setup PV sched yield
[    0.040691] PM: hibernation: Registered nosave memory: [mem 0x00000000-0x00000fff]
[    0.041480] PM: hibernation: Registered nosave memory: [mem 0x0009f000-0x000fffff]
[    0.042263] PM: hibernation: Registered nosave memory: [mem 0xbffdf000-0xffffffff]
[    0.043044] [gap 0xc0000000-0xfeffbfff] available for PCI devices
[    0.043674] Booting paravirtualized kernel on KVM
[    0.044160] clocksource: refined-jiffies: mask: 0xffffffff max_cycles: 0xffffffff, max_idle_ns: 19112604462750000 ns
[    0.049663] Zone ranges:
[    0.049935]   DMA      [mem 0x0000000000001000-0x0000000000ffffff]
[    0.050577]   DMA32    [mem 0x0000000001000000-0x00000000ffffffff]
[    0.051217]   Normal   [mem 0x0000000100000000-0x000000103fffffff]
[    0.051856]   Device   empty
[    0.052152] Movable zone start for each node
[    0.052595] Early memory node ranges
[    0.052963]   node   0: [mem 0x0000000000001000-0x000000000009efff]
[    0.053611]   node   0: [mem 0x0000000000100000-0x00000000bffdefff]
[    0.054260]   node   0: [mem 0x0000000100000000-0x000000103fffffff]
[    0.054907] Initmem setup node 0 [mem 0x0000000000001000-0x000000103fffffff]
[    0.055735] On node 0, zone DMA: 1 pages in unavailable ranges
[    0.056540] On node 0, zone DMA: 97 pages in unavailable ranges
[    1.395438] On node 0, zone Normal: 33 pages in unavailable ranges
[    1.396168] setup_percpu: NR_CPUS:8192 nr_cpumask_bits:8 nr_cpu_ids:8 nr_node_ids:1
[    1.538177] percpu: Embedded 61 pages/cpu s212992 r8192 d28672 u262144
[    1.538965] kvm-guest: PV spinlocks enabled
[    1.539413] PV qspinlock hash table entries: 256 (order: 0, 4096 bytes, linear)
[    1.540190] Kernel command line: virtme_hostname=virtme-ng nr_open=2147483584 virtme_link_mods=/workspaces/repository/vendor/build/x86/linux/.virtme_mods/lib/modules/0.0.0 virtme_initmount0=workspaces/repository virtme_rw_overlay0=/etc virtme_rw_overlay1=/lib virtme_rw_overlay2=/home virtme_rw_overlay3=/opt virtme_rw_overlay4=/srv virtme_rw_overlay5=/usr virtme_rw_overlay6=/var virtme_rw_overlay7=/tmp virtme_console=ttyS0 console=ttyS0 earlyprintk=serial,ttyS0,115200 panic=-1 \
[    1.544637] Kernel command line: virtme.exec=`bWFrZSAtQyAvd29ya3NwYWNlcy9yZXBvc2l0b3J5IF9fcnVudGltZS12bS1jb3JwdXMgVEFSR0VUPSd4ODYta3ZtJyBSVU5fVEFSR0VUX05BTUU9J3g4Ni1rdm0nIFJVTl9UQVJHRVRfQVJDSD0neDg2XzY0JyBSVU5fRVhFQ1VUT1I9J2t2bScgUlVOVElNRV9DT05UQUlORVJfSU1BR0U9J2JwZi1iZW5jaG1hcmsvcnVubmVyLXJ1bnRpbWU6eDg2XzY0JyBSVU5USU1FX0lNQUdFX1RBUj0nL3dvcmtzcGFjZXMvcmVwb3NpdG9yeS8uY2FjaGUvY29udGFpbmVyLWltYWdlcy94ODZfNjQtcnVubmVyLXJ1bnRpbWUuaW1hZ2UudGFyJyBSVU5fUkVNT1RFX1BZVEhPTl9CSU49J3B5dGhvbjMnIFJVTl9SVU5USU1FX1BZVEhPTl9CSU49J3B5dGhvbjMnIFJVTl9CUEZUT09MX0JJTj0nYnBmdG9vbCcgUlVOX05BVElWRV9SRVBPU19DU1Y9J2JjYyxrYXRyYW4sdHJhY2VlLHRldHJhZ29uJyBSVU5fVE9LRU49J2ViMTMyMWRjJyBTQU1QTEVTPSczJyAgICAgIEZVWlpfUk9VTkRTPScxMDAwJyAgV09SS0xPQURfRFVSQVRJT049JzYwJyBLRUVQX1dPUktESVJTPScxJyBCUEZSRUpJVF9CRU5DSF9QQVNTRVM9J2RjZScgQlBGUkVKSVRfQ09SUFVTX0FQUFM9J3RldHJhZ29uL29ic2VydmVyJyAgICAgICAgICAgTUVSTElOX0NPTVBJTEVUSU1FX01PREU9J25vbmUnICAgICAgICAgICAgICAgICAgIA==` virtme_chdir=workspaces/repository virtme_root_user=1 debug loglevel=7 panic=30 oops=panic \
[    1.554062] Kernel command line: init=/opt/virtme-ng/lib/python3.12/site-packages/virtme/guest/bin/virtme-ng-init
[    1.555332] Unknown kernel command line parameters "virtme_hostname=virtme-ng nr_open=2147483584 virtme_link_mods=/workspaces/repository/vendor/build/x86/linux/.virtme_mods/lib/modules/0.0.0 virtme_initmount0=workspaces/repository virtme_rw_overlay0=/etc virtme_rw_overlay1=/lib virtme_rw_overlay2=/home virtme_rw_overlay3=/opt virtme_rw_overlay4=/srv virtme_rw_overlay5=/usr virtme_rw_overlay6=/var virtme_rw_overlay7=/tmp virtme_console=ttyS0 virtme_chdir=workspaces/repository virtme_root_user=1", will be passed to user space.
[    1.560207] random: crng init done
[    1.560561] printk: log buffer data + meta data: 2097152 + 7340032 = 9437184 bytes
[    2.034554] Dentry cache hash table entries: 8388608 (order: 14, 67108864 bytes, linear)
[    2.063571] Inode-cache hash table entries: 4194304 (order: 13, 33554432 bytes, linear)
[    2.064653] software IO TLB: area num 8.
[    5.678596] Fallback order for Node 0: 0
[    5.678622] Built 1 zonelists, mobility grouping on.  Total pages: 16777085
[    5.679787] Policy zone: Normal
[    5.680109] mem auto-init: stack:off, heap alloc:off, heap free:off
[    5.712790] SLUB: HWalign=64, Order=0-3, MinObjects=0, CPUs=8, Nodes=1
Poking KASLR using RDRAND RDTSC...
[    5.723884] ftrace: allocating 51964 entries in 204 pages
[    5.724444] ftrace: allocated 204 pages with 4 groups
[    5.725514] Dynamic Preempt: lazy
[    5.726355] rcu: Preemptible hierarchical RCU implementation.
[    5.726941] rcu: 	RCU restricting CPUs from NR_CPUS=8192 to nr_cpu_ids=8.
[    5.727630] 	Trampoline variant of Tasks RCU enabled.
[    5.728142] 	Rude variant of Tasks RCU enabled.
[    5.728598] 	Tracing variant of Tasks RCU enabled.
[    5.729082] rcu: RCU calculated value of scheduler-enlistment delay is 10 jiffies.
[    5.729843] rcu: Adjusting geometry for rcu_fanout_leaf=16, nr_cpu_ids=8
[    5.730526] RCU Tasks: Setting shift to 3 and lim to 1 rcu_task_cb_adjust=1 rcu_task_cpu_ids=8.
[    5.731413] RCU Tasks Rude: Setting shift to 3 and lim to 1 rcu_task_cb_adjust=1 rcu_task_cpu_ids=8.
[    5.737296] NR_IRQS: 524544, nr_irqs: 488, preallocated irqs: 16
[    5.738141] rcu: srcu_init: Setting srcu_struct sizes based on contention.
[    5.738973] Console: colour *CGA 80x25
[    5.739389] printk: legacy console [ttyS0] enabled
[    5.739389] printk: legacy console [ttyS0] enabled
[    5.740376] printk: legacy bootconsole [earlyser0] disabled
[    5.740376] printk: legacy bootconsole [earlyser0] disabled
[    5.741544] ACPI: Core revision 20251212
[    5.742075] clocksource: hpet: mask: 0xffffffff max_cycles: 0xffffffff, max_idle_ns: 19112604467 ns
[    5.743101] APIC: Switch to symmetric I/O mode setup
[    5.743804] x2apic enabled
[    5.744291] APIC: Switched APIC routing to: physical x2apic
[    5.744872] kvm-guest: APIC: send_IPI_mask() replaced with kvm_send_ipi_mask()
[    5.745624] kvm-guest: APIC: send_IPI_mask_allbutself() replaced with kvm_send_ipi_mask_allbutself()
[    5.746568] kvm-guest: setup PV IPIs
[    5.747644] ..TIMER: vector=0x30 apic1=0 pin1=2 apic2=-1 pin2=-1
[    5.748287] clocksource: tsc-early: mask: 0xffffffffffffffff max_cycles: 0x6a464ae9873, max_idle_ns: 881590529744 ns
[    5.749375] Calibrating delay loop (skipped) preset value.. 7372.80 BogoMIPS (lpj=36864000)
[    5.750358] x86/cpu: User Mode Instruction Prevention (UMIP) activated
[    5.751105] Last level iTLB entries: 4KB 0, 2MB 0, 4MB 0
[    5.751656] Last level dTLB entries: 4KB 0, 2MB 0, 4MB 0, 1GB 0
[    5.752275] mitigations: Enabled attack vectors: user_kernel, user_user, guest_host, guest_guest, SMT mitigations: auto
[    5.759375] Speculative Store Bypass: Mitigation: Speculative Store Bypass disabled via prctl
[    5.760255] Spectre V2 : Mitigation: Enhanced / Automatic IBRS
[    5.760857] ITS: Mitigation: Aligned branch/return thunks
[    5.761418] Spectre V1 : Mitigation: usercopy/swapgs barriers and __user pointer sanitization
[    5.762295] Spectre V2 : mitigation: Enabling conditional Indirect Branch Prediction Barrier
[    5.763166] active return thunk: its_return_thunk
[    5.763660] Spectre V2 : Spectre BHI mitigation: SW BHB clearing on syscall and VM exit
[    5.764501] x86/fpu: Supporting XSAVE feature 0x001: 'x87 floating point registers'
[    5.765308] x86/fpu: Supporting XSAVE feature 0x002: 'SSE registers'
[    5.765976] x86/fpu: Supporting XSAVE feature 0x004: 'AVX registers'
[    5.766648] x86/fpu: Supporting XSAVE feature 0x200: 'Protection Keys User registers'
[    5.767471] x86/fpu: xstate_offset[2]:  576, xstate_sizes[2]:  256
[    5.768123] x86/fpu: xstate_offset[9]:  832, xstate_sizes[9]:    8
[    5.768772] x86/fpu: Enabled xstate features 0x207, context size is 840 bytes, using 'compacted' format.
[    5.784320] Freeing SMP alternatives memory: 48K
[    5.784823] pid_max: default: 32768 minimum: 301
[    5.785427] landlock: Up and running.
[    5.785819] Yama: becoming mindful.
[    5.786198] SELinux:  Initializing.
[    5.786795] LSM support for eBPF active
[    5.787973] Mount-cache hash table entries: 131072 (order: 8, 1048576 bytes, linear)
[    5.789551] Mountpoint-cache hash table entries: 131072 (order: 8, 1048576 bytes, linear)
[    5.790538] VFS: Finished mounting rootfs on nullfs
[    5.791571] smpboot: CPU0: Intel(R) Core(TM) Ultra 9 285K (family: 0x6, model: 0xc6, stepping: 0x2)
[    5.792862] Performance Events: unsupported CPU family 6 model 198 no PMU driver, software events only.
[    5.793905] signal: max sigframe size: 3632
[    5.794392] rcu: Hierarchical SRCU implementation.
[    5.794901] rcu: 	Max phase no-delay instances is 1000.
[    5.795542] Timer migration: 1 hierarchy levels; 8 children per group; 1 crossnode level
[    5.798341] smp: Bringing up secondary CPUs ...
[    5.798992] smpboot: x86: Booting SMP configuration:
[    5.799371] .... node  #0, CPUs:      #1 #2 #3 #4 #5 #6 #7
[    5.799625] smp: Brought up 1 node, 8 CPUs
[    5.800648] smpboot: Total of 8 processors activated (58982.40 BogoMIPS)
[    8.632712] node 0 deferred pages initialised in 2840ms
[    8.639591] Memory: 65808688K/67108340K available (16491K kernel code, 9695K rwdata, 12596K rodata, 4024K init, 7316K bss, 1288212K reserved, 0K cma-reserved)
[    8.719544] devtmpfs: initialized
[    8.719896] x86/mm: Memory block size: 1024MB
[    8.721182] clocksource: jiffies: mask: 0xffffffff max_cycles: 0xffffffff, max_idle_ns: 19112604462750000 ns
[    8.721182] posixtimers hash table entries: 4096 (order: 4, 65536 bytes, linear)
[    8.721461] futex hash table entries: 2048 (131072 bytes on 1 NUMA nodes, total 128 KiB, linear).
[    8.725493] NET: Registered PF_NETLINK/PF_ROUTE protocol family
[    8.729475] DMA: preallocated 4096 KiB GFP_KERNEL pool for atomic allocations
[    8.730295] DMA: preallocated 4096 KiB GFP_KERNEL|GFP_DMA pool for atomic allocations
[    8.731175] DMA: preallocated 4096 KiB GFP_KERNEL|GFP_DMA32 pool for atomic allocations
[    8.732076] audit: initializing netlink subsys (disabled)
[    8.732685] audit: type=2000 audit(1790440637.254:1): state=initialized audit_enabled=0 res=1
[    8.739535] thermal_sys: Registered thermal governor 'fair_share'
[    8.739538] thermal_sys: Registered thermal governor 'step_wise'
[    8.740272] thermal_sys: Registered thermal governor 'user_space'
[    8.740962] cpuidle: using governor ladder
[    8.740962] cpuidle: using governor menu
[    8.740962] acpiphp: ACPI Hot Plug PCI Controller Driver version: 0.5
[    8.740962] PCI: Using configuration type 1 for base access
[    8.741665] kprobes: kprobe jump-optimization is enabled. All kprobes are optimized if possible.
[    8.741665] HugeTLB: registered 1.00 GiB page size, pre-allocated 0 pages
[    8.741665] HugeTLB: 16380 KiB vmemmap can be freed for a 1.00 GiB page
[    8.741665] HugeTLB: registered 2.00 MiB page size, pre-allocated 0 pages
[    8.741665] HugeTLB: 28 KiB vmemmap can be freed for a 2.00 MiB page
[    8.750088] ACPI: Added _OSI(Module Device)
[    8.750564] ACPI: Added _OSI(Processor Device)
[    8.751063] ACPI: Added _OSI(Processor Aggregator Device)
[    8.751953] ACPI: 1 ACPI AML tables successfully acquired and loaded
[    8.779403] ACPI: \_SB_: platform _OSC: OS support mask [00227eff]
[    8.780220] ACPI: Interpreter enabled
[    8.780656] ACPI: PM: (supports S0 S4 S5)
[    8.781108] ACPI: Using IOAPIC for interrupt routing
[    8.781680] PCI: Using host bridge windows from ACPI; if necessary, use "pci=nocrs" and report a bug
[    8.782698] PCI: Using E820 reservations for host bridge windows
[    8.783424] ACPI: Enabled 2 GPEs in block 00 to 0F
[    8.785530] ACPI: PCI Root Bridge [PCI0] (domain 0000 [bus 00-ff])
[    8.786228] acpi PNP0A03:00: _OSC: OS supports [ASPM ClockPM Segments MSI HPX-Type3]
[    8.787091] acpi PNP0A03:00: _OSC: not requesting OS control; OS requires [ExtendedConfig ASPM ClockPM MSI]
[    8.789378] acpi PNP0A03:00: _OSC: platform retains control of PCIe features (AE_ERROR)
[    8.790273] acpi PNP0A03:00: fail to add MMCONFIG information, can't access extended configuration space under this bridge
[    8.791710] acpiphp: Slot [2] registered
[    8.792188] acpiphp: Slot [3] registered
[    8.792640] acpiphp: Slot [4] registered
[    8.793095] acpiphp: Slot [5] registered
[    8.793546] acpiphp: Slot [6] registered
[    8.794000] acpiphp: Slot [7] registered
[    8.794451] acpiphp: Slot [8] registered
[    8.794911] acpiphp: Slot [9] registered
[    8.795363] acpiphp: Slot [10] registered
[    8.795826] acpiphp: Slot [11] registered
[    8.796286] acpiphp: Slot [12] registered
[    8.796747] acpiphp: Slot [13] registered
[    8.797209] acpiphp: Slot [14] registered
[    8.797670] acpiphp: Slot [15] registered
[    8.798133] acpiphp: Slot [16] registered
[    8.798598] acpiphp: Slot [17] registered
[    8.799061] acpiphp: Slot [18] registered
[    8.799384] acpiphp: Slot [19] registered
[    8.799847] acpiphp: Slot [20] registered
[    8.800308] acpiphp: Slot [21] registered
[    8.800771] acpiphp: Slot [22] registered
[    8.801233] acpiphp: Slot [23] registered
[    8.801678] acpiphp: Slot [24] registered
[    8.802116] acpiphp: Slot [25] registered
[    8.802552] acpiphp: Slot [26] registered
[    8.802990] acpiphp: Slot [27] registered
[    8.803621] acpiphp: Slot [28] registered
[    8.804069] acpiphp: Slot [29] registered
[    8.804507] acpiphp: Slot [30] registered
[    8.804947] acpiphp: Slot [31] registered
[    8.805382] PCI host bridge to bus 0000:00
[    8.805822] pci_bus 0000:00: root bus resource [io  0x0000-0x0cf7 window]
[    8.806541] pci_bus 0000:00: root bus resource [io  0x0d00-0xffff window]
[    8.807256] pci_bus 0000:00: root bus resource [mem 0x000a0000-0x000bffff window]
[    8.808041] pci_bus 0000:00: root bus resource [mem 0xc0000000-0xfebfffff window]
[    8.808826] pci_bus 0000:00: root bus resource [mem 0x380000000000-0x38007fffffff window]
[    8.809375] pci_bus 0000:00: root bus resource [bus 00-ff]
[    8.810001] pci 0000:00:00.0: [8086:1237] type 00 class 0x060000 conventional PCI endpoint
[    8.811363] pci 0000:00:01.0: [8086:7000] type 00 class 0x060100 conventional PCI endpoint
[    8.812716] pci 0000:00:01.1: [8086:7010] type 00 class 0x010180 conventional PCI endpoint
[    8.814400] pci 0000:00:01.1: BAR 4 [io  0xc200-0xc20f]
[    8.814991] pci 0000:00:01.1: BAR 0 [io  0x01f0-0x01f7]: legacy IDE quirk
[    8.815705] pci 0000:00:01.1: BAR 1 [io  0x03f6]: legacy IDE quirk
[    8.816357] pci 0000:00:01.1: BAR 2 [io  0x0170-0x0177]: legacy IDE quirk
[    8.817069] pci 0000:00:01.1: BAR 3 [io  0x0376]: legacy IDE quirk
[    8.817881] pci 0000:00:01.3: [8086:7113] type 00 class 0x068000 conventional PCI endpoint
[    8.819094] pci 0000:00:01.3: quirk: [io  0x0600-0x063f] claimed by PIIX4 ACPI
[    8.819382] pci 0000:00:01.3: quirk: [io  0x0700-0x070f] claimed by PIIX4 SMB
[    8.820432] pci 0000:00:02.0: [1af4:1009] type 00 class 0x000200 conventional PCI endpoint
[    8.822821] pci 0000:00:02.0: BAR 0 [io  0xc000-0xc03f]
[    8.823384] pci 0000:00:02.0: BAR 1 [mem 0xfebf7000-0xfebf7fff]
[    8.824038] pci 0000:00:02.0: BAR 4 [mem 0x380000000000-0x380000003fff 64bit pref]
[    8.825683] pci 0000:00:03.0: [1af4:1009] type 00 class 0x000200 conventional PCI endpoint
[    8.828050] pci 0000:00:03.0: BAR 0 [io  0xc040-0xc07f]
[    8.828610] pci 0000:00:03.0: BAR 1 [mem 0xfebf8000-0xfebf8fff]
[    8.829263] pci 0000:00:03.0: BAR 4 [mem 0x380000004000-0x380000007fff 64bit pref]
[    8.830084] pci 0000:00:04.0: [8086:25ab] type 00 class 0x088000 conventional PCI endpoint
[    8.831635] pci 0000:00:04.0: BAR 0 [mem 0xfebf9000-0xfebf900f]
[    8.832743] pci 0000:00:05.0: [1af4:1003] type 00 class 0x078000 conventional PCI endpoint
[    8.835155] pci 0000:00:05.0: BAR 0 [io  0xc080-0xc0bf]
[    8.835738] pci 0000:00:05.0: BAR 1 [mem 0xfebfa000-0xfebfafff]
[    8.836394] pci 0000:00:05.0: BAR 4 [mem 0x380000008000-0x38000000bfff 64bit pref]
[    8.838042] pci 0000:00:06.0: [1af4:1003] type 00 class 0x078000 conventional PCI endpoint
[    8.840006] pci 0000:00:06.0: BAR 0 [io  0xc0c0-0xc0ff]
[    8.840570] pci 0000:00:06.0: BAR 1 [mem 0xfebfb000-0xfebfbfff]
[    8.841223] pci 0000:00:06.0: BAR 4 [mem 0x38000000c000-0x38000000ffff 64bit pref]
[    8.842861] pci 0000:00:07.0: [1af4:1003] type 00 class 0x078000 conventional PCI endpoint
[    8.844892] pci 0000:00:07.0: BAR 0 [io  0xc100-0xc13f]
[    8.845462] pci 0000:00:07.0: BAR 1 [mem 0xfebfc000-0xfebfcfff]
[    8.846116] pci 0000:00:07.0: BAR 4 [mem 0x380000010000-0x380000013fff 64bit pref]
[    8.847779] pci 0000:00:08.0: [1af4:1003] type 00 class 0x078000 conventional PCI endpoint
[    8.849383] pci 0000:00:08.0: BAR 0 [io  0xc140-0xc17f]
[    8.849946] pci 0000:00:08.0: BAR 1 [mem 0xfebfd000-0xfebfdfff]
[    8.850603] pci 0000:00:08.0: BAR 4 [mem 0x380000014000-0x380000017fff 64bit pref]
[    8.852264] pci 0000:00:09.0: [1af4:1003] type 00 class 0x078000 conventional PCI endpoint
[    8.854391] pci 0000:00:09.0: BAR 0 [io  0xc180-0xc1bf]
[    8.855351] pci 0000:00:09.0: BAR 1 [mem 0xfebfe000-0xfebfefff]
[    8.856013] pci 0000:00:09.0: BAR 4 [mem 0x380000018000-0x38000001bfff 64bit pref]
[    8.857688] pci 0000:00:0a.0: [1af4:1003] type 00 class 0x078000 conventional PCI endpoint
[    8.859387] pci 0000:00:0a.0: BAR 0 [io  0xc1c0-0xc1ff]
[    8.859950] pci 0000:00:0a.0: BAR 1 [mem 0xfebff000-0xfebfffff]
[    8.860607] pci 0000:00:0a.0: BAR 4 [mem 0x38000001c000-0x38000001ffff 64bit pref]
[    8.864391] ACPI: PCI: Interrupt link LNKA configured for IRQ 10
[    8.865126] ACPI: PCI: Interrupt link LNKB configured for IRQ 10
[    8.865808] ACPI: PCI: Interrupt link LNKC configured for IRQ 11
[    8.866491] ACPI: PCI: Interrupt link LNKD configured for IRQ 11
[    8.867152] ACPI: PCI: Interrupt link LNKS configured for IRQ 9
[    8.868108] iommu: Default domain type: Translated
[    8.868108] iommu: DMA domain TLB invalidation policy: lazy mode
[    8.869450] pps_core: LinuxPPS API ver. 1 registered
[    8.869979] pps_core: Software ver. 5.3.6 - Copyright 2005-2007 Rodolfo Giometti <giometti@linux.it>
[    8.870938] PTP clock support registered
[    8.871364] EDAC MC: Ver: 3.0.0
[    8.871364] NetLabel: Initializing
[    8.871364] NetLabel:  domain hash size = 128
[    8.871364] NetLabel:  protocols = UNLABELED CIPSOv4 CALIPSO
[    8.871444] NetLabel:  unlabeled traffic allowed by default
[    8.872033] PCI: Using ACPI for IRQ routing
[    8.872678] e820: register RAM buffer resource [mem 0x0009fc00-0x0009ffff]
[    8.873403] e820: register RAM buffer resource [mem 0xbffdf000-0xbfffffff]
[    8.874132] hpet0: at MMIO 0xfed00000, IRQs 2, 8, 0
[    8.879374] hpet0: 3 comparators, 64-bit 100.000000 MHz counter
[    8.884382] clocksource: Switched to clocksource kvm-clock
[    8.885171] VFS: Disk quotas dquot_6.6.0
[    8.885607] VFS: Dquot-cache hash table entries: 512 (order 0, 4096 bytes)
[    8.886399] netfs: FS-Cache loaded
[    8.886399] pnp: PnP ACPI init
[    8.886399] pnp: PnP ACPI: found 5 devices
[    8.889822] clocksource: acpi_pm: mask: 0xffffff max_cycles: 0xffffff, max_idle_ns: 2085701024 ns
[    8.890822] NET: Registered PF_INET protocol family
[    8.892812] IP idents hash table entries: 262144 (order: 9, 2097152 bytes, linear)
[    8.906707] tcp_listen_portaddr_hash hash table entries: 32768 (order: 7, 524288 bytes, linear)
[    8.907660] Table-perturb hash table entries: 65536 (order: 6, 262144 bytes, linear)
[    8.908528] TCP established hash table entries: 524288 (order: 10, 4194304 bytes, linear)
[    8.912527] TCP bind hash table entries: 65536 (order: 9, 2097152 bytes, linear)
[    8.914624] TCP: Hash tables configured (established 524288 bind 65536)
[    8.915513] MPTCP token hash table entries: 65536 (order: 9, 1572864 bytes, linear)
[    8.916396] UDP hash table entries: 32768 (order: 9, 2097152 bytes, linear)
[    8.918787] UDP-Lite hash table entries: 32768 (order: 9, 2097152 bytes, linear)
[    8.921697] NET: Registered PF_UNIX/PF_LOCAL protocol family
[    8.922305] NET: Registered PF_XDP protocol family
[    8.922829] pci_bus 0000:00: resource 4 [io  0x0000-0x0cf7 window]
[    8.923481] pci_bus 0000:00: resource 5 [io  0x0d00-0xffff window]
[    8.924133] pci_bus 0000:00: resource 6 [mem 0x000a0000-0x000bffff window]
[    8.924856] pci_bus 0000:00: resource 7 [mem 0xc0000000-0xfebfffff window]
[    8.925577] pci_bus 0000:00: resource 8 [mem 0x380000000000-0x38007fffffff window]
[    8.926398] pci 0000:00:01.0: PIIX3: Enabling Passive Release
[    8.927061] pci 0000:00:00.0: Limiting direct PCI/PCI transfers
[    8.927791] PCI: CLS 0 bytes, default 64
[    8.928250] PCI-DMA: Using software bounce buffering for IO (SWIOTLB)
[    8.928498] Trying to unpack rootfs image as initramfs...
[    8.928931] software IO TLB: mapped [mem 0x00000000bb36b000-0x00000000bf36b000] (64MB)
[    8.930410] clocksource: tsc: mask: 0xffffffffffffffff max_cycles: 0x6a464ae9873, max_idle_ns: 881590529744 ns
[    8.940408] Freeing initrd memory: 12692K
[   12.011050] Initialise system trusted keyrings
[   12.012100] Key type blacklist registered
[   12.013101] workingset: timestamp_bits=36 max_order=24 bucket_order=0
[   12.014989] SGI XFS with ACLs, security attributes, quota, no debug enabled
[   12.017208] 9p: Installing v9fs 9p2000 file system support
[   12.018985] integrity: Platform Keyring initialized
[   12.020174] cryptd: max_cpu_qlen set to 1000
[   12.027793] Key type asymmetric registered
[   12.028697] Asymmetric key parser 'x509' registered
[   12.029828] Block layer SCSI generic (bsg) driver version 0.4 loaded (major 248)
[   12.031706] io scheduler mq-deadline registered
[   12.032726] io scheduler kyber registered
[   12.033637] io scheduler bfq registered
[   12.043629] ACPI: \_SB_.LNKB: Enabled at IRQ 10
[   12.052509] ACPI: \_SB_.LNKC: Enabled at IRQ 11
[   12.061116] ACPI: \_SB_.LNKA: Enabled at IRQ 10
[   12.085775] ACPI: \_SB_.LNKD: Enabled at IRQ 11
[   12.103212] Serial: 8250/16550 driver, 4 ports, IRQ sharing disabled
[   12.104020] 00:03: ttyS0 at I/O 0x3f8 (irq = 4, base_baud = 115200) is a 16550A
[   12.169942] loop: module loaded
[   12.170648] tun: Universal TUN/TAP device driver, 1.6
[   12.171395] rtc_cmos 00:04: RTC can wake from S4
[   12.172313] rtc_cmos 00:04: registered as rtc0
[   12.172844] rtc_cmos 00:04: setting system clock to 2026-09-26T16:37:42 UTC (1790440662)
[   12.173722] rtc_cmos 00:04: alarms up to one day, y3k, 242 bytes nvram, hpet irqs
[   12.174508] intel_pstate: CPU model not supported
[   12.175028] hid: raw HID events driver (C) Jiri Kosina
[   12.177329] NET: Registered PF_INET6 protocol family
[   12.178307] Segment Routing with IPv6
[   12.178711] In-situ OAM (IOAM) with IPv6
[   12.179161] NET: Registered PF_PACKET protocol family
[   12.179740] bridge: filtering via arp/ip/ip6tables is no longer available by default. Update your scripts to load br_netfilter if you need this.
[   12.181267] 9pnet: Installing 9P2000 support
[   12.183992] IPI shorthand broadcast: enabled
[   13.831582] sched_clock: Marking stable (13830002646, 525188)->(35261386464, -21430858630)
[   14.309964] hpet: Lost 135 RTC interrupts
[   14.310880] registered taskstats version 1
[   14.311559] Loading compiled-in X.509 certificates
[   14.312486] Loaded X.509 cert 'Build time autogenerated kernel key: d1424aba97e5b78a90400dcad095464dbcbd105a'
[   14.315616] Demotion targets for Node 0: null
[   14.316357] Key type .fscrypt registered
[   14.316777] Key type fscrypt-provisioning registered
[   14.317332] ima: No TPM chip found, activating TPM-bypass!
[   14.317914] ima: Allocated hash algorithm: sha256
[   14.318419] ima: No architecture policies found
[   14.319378] clk: Disabling unused clocks
[   14.325897] Freeing unused decrypted memory: 2036K
[   14.327281] Freeing unused kernel image (initmem) memory: 4024K
[   14.327734] Write protecting the kernel read-only data: 32768k
[   14.328947] Freeing unused kernel image (text/rodata gap) memory: 1940K
[   14.330205] Freeing unused kernel image (rodata/data gap) memory: 1740K
[   14.330710] Run /init as init process
[   14.331896] virtme initramfs: loading fuse.ko...
[   14.341950] fuse: module verification failed: signature and/or required key missing - tainting kernel
[   14.348042] fuse: init (API version 7.45)
[   14.349243] virtme initramfs: loading virtiofs.ko...
[   14.351348] virtme initramfs: loading virtio_mmio.ko...
[   14.352843] virtme initramfs: loading serio.ko...
[   14.354381] virtme initramfs: loading i8042.ko...
[   14.356180] i8042: PNP: PS/2 Controller [PNP0303:KBD,PNP0f13:MOU] at 0x60,0x64 irq 1,12
[   14.357365] serio: i8042 KBD port at 0x60,0x64 irq 1
[   14.357713] serio: i8042 AUX port at 0x60,0x64 irq 12
[   14.358337] virtme initramfs: loading libps2.ko...
[   14.360339] virtme initramfs: loading vivaldi-fmap.ko...
[   14.361416] virtme initramfs: loading atkbd.ko...
[   14.363596] virtme initramfs: mounting hostfs...
[   14.363871] input: AT Translated Set 2 keyboard as /devices/platform/i8042/serio0/input/input0
[   14.364357] virtio-fs: tag <ROOTFS> not found
[   14.366193] 9pnet: Limiting 'msize' to 512000 as this is the maximum supported by transport virtio
[   14.372187] virtme initramfs: done; switching to real root
[   14.401591] virtme-ng-init: Setting hostname to virtme-ng...
[   14.470351] virtme-ng-init: running systemd-tmpfiles
[   14.697384] virtme-ng-init: basic initialization done
[   14.702750] virtme-ng-init: you have CONFIG_UEVENT_HELPER on; turn it off
[   14.705021] 9pnet: Limiting 'msize' to 512000 as this is the maximum supported by transport virtio
[   14.726849] virtme-ng-init: Starting systemd-udevd version 255.4-1ubuntu8.17
[   14.727600] virtme-ng-init: triggering udev coldplug
[   17.733551] clocksource: Long readout interval, skipping watchdog check: cs_nsec: 2402982087 wd_nsec: 2402981592
[   17.738254] virtme-ng-init: waiting for udev to settle
[   17.796276] input: Power Button as /devices/platform/LNXPWRBN:00/input/input2
[   17.798197] ACPI: button: Power Button [PWRF]
[   17.893963] SCSI subsystem initialized
[   17.935260] input: VirtualPS/2 VMware VMMouse as /devices/platform/i8042/serio1/input/input4
[   17.936424] input: VirtualPS/2 VMware VMMouse as /devices/platform/i8042/serio1/input/input3
[   17.963064] piix4_smbus 0000:00:01.3: SMBus Host Controller at 0x700, revision 0
[   17.964235] i2c i2c-0: Memory type 0x07 not supported yet, not instantiating SPD
[   17.966128] mousedev: PS/2 mouse device common for all mice
[   18.736754] scsi host0: ata_piix
[   18.737851] scsi host1: ata_piix
[   18.738677] ata1: PATA max MWDMA2 cmd 0x1f0 ctl 0x3f6 bmdma 0xc200 irq 14 lpm-pol 0
[   18.739938] ata2: PATA max MWDMA2 cmd 0x170 ctl 0x376 bmdma 0xc208 irq 15 lpm-pol 0
[   18.900850] ata2: found unknown device (class 0)
[   18.905492] ata2.00: ATAPI: QEMU DVD-ROM, 2.5+, max UDMA/100
[   18.911507] scsi 1:0:0:0: CD-ROM            QEMU     QEMU DVD-ROM     2.5+ PQ: 0 ANSI: 5
[   19.694411] scsi 1:0:0:0: Attached scsi generic sg0 type 5
[   21.141523] sr 1:0:0:0: [sr0] scsi3-mmc drive: 4x/4x cd/rw xa/form2 tray
[   21.143195] cdrom: Uniform CD-ROM driver Revision: 3.20
[   22.965696] virtme-ng-init: udev is done
[   22.966991] virtme-ng-init: starting script
[   23.205974] loop0: detected capacity change from 0 to 134217728
[   23.213100] EXT4-fs (loop0): mounted filesystem 948e417b-9cd1-48f9-abbc-822ea0466b51 r/w with ordered data mode. Quota mode: none.
[   35.443671] Initializing XFRM netlink socket
[  575.960136] bpf_x86_alu: loading out-of-tree module taints kernel.
[ 1146.563476] ACPI: PM: Preparing to enter system sleep state S5
[ 1146.564019] kvm: exiting hardware virtualization
[ 1146.564976] reboot: Power down
