WARNING: No swap limit support
WARNING: IPv4 forwarding is disabled
Loaded image: bpf-benchmark/runner-runtime:x86_64
WARNING: IPv4 forwarding is disabled. Networking will not work.
_DISK_SIZE:-64G}" /var/tmp/bpf-benchmark-docker.img
mkfs.ext4 -F -q /var/tmp/bpf-benchmark-docker.img
mount -o loop,discard /var/tmp/bpf-benchmark-docker.img /run/bpf-benchmark-docker
dockerd --data-root /run/bpf-benchmark-docker/data --exec-root /run/bpf-benchmark-docker/exec --pidfile /run/bpf-benchmark-docker/docker.pid --host unix:///run/docker.sock --bridge=none --iptables=false --ip-masq=false --ip-forward=false >/run/bpf-benchmark-docker/dockerd.log 2>&1 &
for _ in 1 2 3 4 5 6 7 8 9 10; do docker info >/dev/null 2>&1 && break; sleep 1; done
docker info >/dev/null
install -d "/workspaces/repository/corpus/results"
"/workspaces/repository/runner/scripts/bpfrejit-install" --image "bpf-benchmark/runner-runtime:x86_64" "/workspaces/repository/.cache/container-images/x86_64-runner-runtime.image.tar"
docker run --rm --privileged --pid=host --network=host --ipc=host --cgroupns=host -e BPFREJIT_INSIDE_RUNTIME_CONTAINER=1 -e HOME=/root -e TARGET="x86-kvm" -e RUN_TARGET_NAME="x86-kvm" -e RUN_TOKEN="4f38d7c5" -e RUN_TARGET_ARCH="x86_64" -e RUN_EXECUTOR="kvm" -e RUN_REMOTE_PYTHON_BIN="python3" -e RUN_RUNTIME_PYTHON_BIN="python3" -e RUN_BPFTOOL_BIN="bpftool" -e RUN_NATIVE_REPOS_CSV="bcc,katran,tracee,tetragon" -e SAMPLES="3"      -e FUZZ_ROUNDS="1000"  -e WORKLOAD_DURATION="60" -e KEEP_WORKDIRS="1" -e BPFREJIT_BENCH_PASSES="," -e BPFREJIT_CORPUS_APPS="tetragon/observer" -e SKIP_REJIT="norejit"          -e MERLIN_COMPILETIME_MODE="none"                    -w "/workspaces/repository" -v /sys:/sys -v /sys/fs/bpf:/sys/fs/bpf -v /sys/kernel/debug:/sys/kernel/debug -v /lib/modules:/lib/modules:ro -v /boot:/boot:ro -v "/workspaces/repository/corpus/results:/workspaces/repository/corpus/results" "bpf-benchmark/runner-runtime:x86_64" python3 -m corpus.driver
{"active_env_keys": ["BPFREJIT_NATIVE_LOADER_REQUIRE_PREBUILT_PROOF", "BPFREJIT_NATIVE_LOADER_SO"], "event": "native_loader_mode", "post_only": false, "saved_env_keys": ["BPFREJIT_NATIVE_LOADER_REQUIRE_PREBUILT_PROOF", "BPFREJIT_NATIVE_LOADER_SO"]}
{"app": "tetragon/observer", "event": "app_start", "runner": "tetragon", "workload": "stress_ng_tetragon_policy_hot"}
{"app": "tetragon/observer", "event": "phase_start", "phase": "baseline_start", "runner": "tetragon", "workload": "stress_ng_tetragon_policy_hot"}
{"active_env_keys": ["BPFREJIT_NATIVE_LOADER_REQUIRE_PREBUILT_PROOF", "BPFREJIT_NATIVE_LOADER_SO"], "app": "tetragon/observer", "event": "native_loader_phase_env", "phase": "baseline_start", "runner": "tetragon", "temporary_set_keys": ["BPFREJIT_SHIM_LOADTIME_PLAN", "BPFREJIT_SHIM_LOG"], "temporary_unset_keys": []}
{"app": "tetragon/observer", "event": "phase_done", "phase": "baseline_start", "runner": "tetragon", "status": "ok"}
{"app": "tetragon/observer", "event": "measurement_start", "phase": "baseline", "runner": "tetragon", "samples": 3, "workload": "stress_ng_tetragon_policy_hot"}
{"app": "tetragon/observer", "event": "measurement_done", "phase": "baseline", "runner": "tetragon", "status": "ok"}
{"app": "tetragon/observer", "event": "phase_start", "phase": "baseline_stop", "runner": "tetragon"}
{"app": "tetragon/observer", "event": "phase_step", "phase": "baseline_stop", "runner": "tetragon", "step": "runner_stop_done"}
{"app": "tetragon/observer", "event": "phase_step", "phase": "baseline_stop", "runner": "tetragon", "step": "quiesce_start"}
{"app": "tetragon/observer", "event": "phase_step", "phase": "baseline_stop", "runner": "tetragon", "step": "quiesce_done"}
{"app": "tetragon/observer", "event": "phase_step", "phase": "baseline_stop", "runner": "tetragon", "step": "bpf_stats_disabled"}
{"app": "tetragon/observer", "event": "phase_done", "phase": "baseline_stop", "runner": "tetragon", "status": "ok"}
{"active_env_keys": ["BPFREJIT_NATIVE_LOADER_REQUIRE_PREBUILT_PROOF", "BPFREJIT_NATIVE_LOADER_SO"], "app": "tetragon/observer", "event": "native_loader_phase_env", "phase": "post_rejit_start", "runner": "tetragon", "temporary_set_keys": ["BPFREJIT_REPO_ROOT", "BPFREJIT_SHIM_LOADTIME_PLAN", "BPFREJIT_SHIM_LOG"], "temporary_unset_keys": []}
{"app": "tetragon/observer", "event": "rejit_skipped", "runner": "tetragon"}
{"app": "tetragon/observer", "event": "phase_start", "phase": "post_rejit_start", "runner": "tetragon", "workload": "stress_ng_tetragon_policy_hot"}
{"app": "tetragon/observer", "event": "phase_done", "phase": "post_rejit_start", "runner": "tetragon", "status": "ok"}
{"app": "tetragon/observer", "event": "measurement_start", "phase": "post_rejit", "runner": "tetragon", "samples": 3, "workload": "stress_ng_tetragon_policy_hot"}
{"app": "tetragon/observer", "event": "measurement_done", "phase": "post_rejit", "runner": "tetragon", "status": "ok"}
{"app": "tetragon/observer", "event": "phase_start", "phase": "post_rejit_stop", "runner": "tetragon"}
{"app": "tetragon/observer", "event": "phase_step", "phase": "post_rejit_stop", "runner": "tetragon", "step": "runner_stop_done"}
{"app": "tetragon/observer", "event": "phase_step", "phase": "post_rejit_stop", "runner": "tetragon", "step": "quiesce_start"}
{"app": "tetragon/observer", "event": "phase_step", "phase": "post_rejit_stop", "runner": "tetragon", "step": "quiesce_done"}
{"app": "tetragon/observer", "event": "phase_step", "phase": "post_rejit_stop", "runner": "tetragon", "step": "bpf_stats_disabled"}
{"app": "tetragon/observer", "event": "phase_done", "phase": "post_rejit_stop", "runner": "tetragon", "status": "ok"}
{"app": "tetragon/observer", "error": "", "event": "app_done", "status": "ok"}
{
  "status": "ok",
  "artifact_run_dir": "/workspaces/repository/corpus/results/x86_kvm_corpus_20260926_173231_340346",
  "artifact_metadata": "/workspaces/repository/corpus/results/x86_kvm_corpus_20260926_173231_340346/metadata.json"
}
make: Leaving directory '/workspaces/repository'
 (bus 0 bus_irq 9 global_irq 9 high level)
[    0.027999] ACPI: INT_SRC_OVR (bus 0 bus_irq 10 global_irq 10 high level)
[    0.028693] ACPI: INT_SRC_OVR (bus 0 bus_irq 11 global_irq 11 high level)
[    0.029384] ACPI: Using ACPI (MADT) for SMP configuration information
[    0.030039] ACPI: HPET id: 0x8086a201 base: 0xfed00000
[    0.030563] TSC deadline timer available
[    0.030963] CPU topo: Max. logical packages:   1
[    0.031432] CPU topo: Max. logical nodes:      1
[    0.031903] CPU topo: Num. nodes per package:  1
[    0.032372] CPU topo: Max. logical dies:       1
[    0.032844] CPU topo: Max. dies per package:   1
[    0.033315] CPU topo: Max. threads per core:   1
[    0.033786] CPU topo: Num. cores per package:     8
[    0.034281] CPU topo: Num. threads per package:   8
[    0.034778] CPU topo: Allowing 8 present CPUs plus 0 hotplug CPUs
[    0.035408] kvm-guest: APIC: eoi() replaced with kvm_guest_apic_eoi_write()
[    0.036127] kvm-guest: KVM setup pv remote TLB flush
[    0.036634] kvm-guest: setup PV sched yield
[    0.037061] PM: hibernation: Registered nosave memory: [mem 0x00000000-0x00000fff]
[    0.037831] PM: hibernation: Registered nosave memory: [mem 0x0009f000-0x000fffff]
[    0.038601] PM: hibernation: Registered nosave memory: [mem 0xbffdf000-0xffffffff]
[    0.039368] [gap 0xc0000000-0xfeffbfff] available for PCI devices
[    0.039988] Booting paravirtualized kernel on KVM
[    0.040465] clocksource: refined-jiffies: mask: 0xffffffff max_cycles: 0xffffffff, max_idle_ns: 19112604462750000 ns
[    0.045868] Zone ranges:
[    0.046164]   DMA      [mem 0x0000000000001000-0x0000000000ffffff]
[    0.046795]   DMA32    [mem 0x0000000001000000-0x00000000ffffffff]
[    0.047422]   Normal   [mem 0x0000000100000000-0x000000103fffffff]
[    0.048052]   Device   empty
[    0.048344] Movable zone start for each node
[    0.048779] Early memory node ranges
[    0.049141]   node   0: [mem 0x0000000000001000-0x000000000009efff]
[    0.049779]   node   0: [mem 0x0000000000100000-0x00000000bffdefff]
[    0.050415]   node   0: [mem 0x0000000100000000-0x000000103fffffff]
[    0.051054] Initmem setup node 0 [mem 0x0000000000001000-0x000000103fffffff]
[    0.051967] On node 0, zone DMA: 1 pages in unavailable ranges
[    0.052576] On node 0, zone DMA: 97 pages in unavailable ranges
[    0.058625] On node 0, zone Normal: 33 pages in unavailable ranges
[    0.059298] setup_percpu: NR_CPUS:8192 nr_cpumask_bits:8 nr_cpu_ids:8 nr_node_ids:1
[    0.060368] percpu: Embedded 61 pages/cpu s212992 r8192 d28672 u262144
[    0.061091] kvm-guest: PV spinlocks enabled
[    0.061522] PV qspinlock hash table entries: 256 (order: 0, 4096 bytes, linear)
[    0.062280] Kernel command line: virtme_hostname=virtme-ng nr_open=2147483584 virtme_link_mods=/workspaces/repository/vendor/build/x86/linux/.virtme_mods/lib/modules/0.0.0 virtme_initmount0=workspaces/repository virtme_rw_overlay0=/etc virtme_rw_overlay1=/lib virtme_rw_overlay2=/home virtme_rw_overlay3=/opt virtme_rw_overlay4=/srv virtme_rw_overlay5=/usr virtme_rw_overlay6=/var virtme_rw_overlay7=/tmp virtme_console=ttyS0 console=ttyS0 earlyprintk=serial,ttyS0,115200 panic=-1 \
[    0.066638] Kernel command line: virtme.exec=`bWFrZSAtQyAvd29ya3NwYWNlcy9yZXBvc2l0b3J5IF9fcnVudGltZS12bS1jb3JwdXMgVEFSR0VUPSd4ODYta3ZtJyBSVU5fVEFSR0VUX05BTUU9J3g4Ni1rdm0nIFJVTl9UQVJHRVRfQVJDSD0neDg2XzY0JyBSVU5fRVhFQ1VUT1I9J2t2bScgUlVOVElNRV9DT05UQUlORVJfSU1BR0U9J2JwZi1iZW5jaG1hcmsvcnVubmVyLXJ1bnRpbWU6eDg2XzY0JyBSVU5USU1FX0lNQUdFX1RBUj0nL3dvcmtzcGFjZXMvcmVwb3NpdG9yeS8uY2FjaGUvY29udGFpbmVyLWltYWdlcy94ODZfNjQtcnVubmVyLXJ1bnRpbWUuaW1hZ2UudGFyJyBSVU5fUkVNT1RFX1BZVEhPTl9CSU49J3B5dGhvbjMnIFJVTl9SVU5USU1FX1BZVEhPTl9CSU49J3B5dGhvbjMnIFJVTl9CUEZUT09MX0JJTj0nYnBmdG9vbCcgUlVOX05BVElWRV9SRVBPU19DU1Y9J2JjYyxrYXRyYW4sdHJhY2VlLHRldHJhZ29uJyBSVU5fVE9LRU49JzRmMzhkN2M1JyBTQU1QTEVTPSczJyAgICAgIEZVWlpfUk9VTkRTPScxMDAwJyAgV09SS0xPQURfRFVSQVRJT049JzYwJyBLRUVQX1dPUktESVJTPScxJyBCUEZSRUpJVF9CRU5DSF9QQVNTRVM9JywnIEJQRlJFSklUX0NPUlBVU19BUFBTPSd0ZXRyYWdvbi9vYnNlcnZlcicgU0tJUF9SRUpJVD0nbm9yZWppdCcgICAgICAgICAgTUVSTElOX0NPTVBJTEVUSU1FX01PREU9J25vbmUnICAgICAgICAgICAgICAgICAgIA==` virtme_chdir=workspaces/repository virtme_root_user=1 debug \
[    0.075811] Kernel command line: loglevel=7 panic=30 oops=panic init=/opt/virtme-ng/lib/python3.12/site-packages/virtme/guest/bin/virtme-ng-init
[    0.077307] Unknown kernel command line parameters "virtme_hostname=virtme-ng nr_open=2147483584 virtme_link_mods=/workspaces/repository/vendor/build/x86/linux/.virtme_mods/lib/modules/0.0.0 virtme_initmount0=workspaces/repository virtme_rw_overlay0=/etc virtme_rw_overlay1=/lib virtme_rw_overlay2=/home virtme_rw_overlay3=/opt virtme_rw_overlay4=/srv virtme_rw_overlay5=/usr virtme_rw_overlay6=/var virtme_rw_overlay7=/tmp virtme_console=ttyS0 virtme_chdir=workspaces/repository virtme_root_user=1", will be passed to user space.
[    0.082078] random: crng init done
[    0.082425] printk: log buffer data + meta data: 2097152 + 7340032 = 9437184 bytes
[    0.090157] Dentry cache hash table entries: 8388608 (order: 14, 67108864 bytes, linear)
[    0.094569] Inode-cache hash table entries: 4194304 (order: 13, 33554432 bytes, linear)
[    0.095512] software IO TLB: area num 8.
[    0.107024] Fallback order for Node 0: 0
[    0.107028] Built 1 zonelists, mobility grouping on.  Total pages: 16777085
[    0.108141] Policy zone: Normal
[    0.108454] mem auto-init: stack:off, heap alloc:off, heap free:off
[    0.121392] SLUB: HWalign=64, Order=0-3, MinObjects=0, CPUs=8, Nodes=1
Poking KASLR using RDRAND RDTSC...
[    0.130479] ftrace: allocating 51964 entries in 204 pages
[    0.131028] ftrace: allocated 204 pages with 4 groups
[    0.131920] Dynamic Preempt: lazy
[    0.132439] rcu: Preemptible hierarchical RCU implementation.
[    0.133014] rcu: 	RCU restricting CPUs from NR_CPUS=8192 to nr_cpu_ids=8.
[    0.133692] 	Trampoline variant of Tasks RCU enabled.
[    0.134193] 	Rude variant of Tasks RCU enabled.
[    0.134646] 	Tracing variant of Tasks RCU enabled.
[    0.135121] rcu: RCU calculated value of scheduler-enlistment delay is 10 jiffies.
[    0.135874] rcu: Adjusting geometry for rcu_fanout_leaf=16, nr_cpu_ids=8
[    0.136543] RCU Tasks: Setting shift to 3 and lim to 1 rcu_task_cb_adjust=1 rcu_task_cpu_ids=8.
[    0.137415] RCU Tasks Rude: Setting shift to 3 and lim to 1 rcu_task_cb_adjust=1 rcu_task_cpu_ids=8.
[    0.141033] NR_IRQS: 524544, nr_irqs: 488, preallocated irqs: 16
[    0.141818] rcu: srcu_init: Setting srcu_struct sizes based on contention.
[    0.142615] Console: colour *CGA 80x25
[    0.143018] printk: legacy console [ttyS0] enabled
[    0.143018] printk: legacy console [ttyS0] enabled
[    0.143999] printk: legacy bootconsole [earlyser0] disabled
[    0.143999] printk: legacy bootconsole [earlyser0] disabled
[    0.145133] ACPI: Core revision 20251212
[    0.145655] clocksource: hpet: mask: 0xffffffff max_cycles: 0xffffffff, max_idle_ns: 19112604467 ns
[    0.146665] APIC: Switch to symmetric I/O mode setup
[    0.147335] x2apic enabled
[    0.147812] APIC: Switched APIC routing to: physical x2apic
[    0.148384] kvm-guest: APIC: send_IPI_mask() replaced with kvm_send_ipi_mask()
[    0.149120] kvm-guest: APIC: send_IPI_mask_allbutself() replaced with kvm_send_ipi_mask_allbutself()
[    0.150041] kvm-guest: setup PV IPIs
[    0.151096] ..TIMER: vector=0x30 apic1=0 pin1=2 apic2=-1 pin2=-1
[    0.151725] clocksource: tsc-early: mask: 0xffffffffffffffff max_cycles: 0x6a464ae9873, max_idle_ns: 881590529744 ns
[    0.152787] Calibrating delay loop (skipped) preset value.. 7372.80 BogoMIPS (lpj=36864000)
[    0.153753] x86/cpu: User Mode Instruction Prevention (UMIP) activated
[    0.154472] Last level iTLB entries: 4KB 0, 2MB 0, 4MB 0
[    0.155013] Last level dTLB entries: 4KB 0, 2MB 0, 4MB 0, 1GB 0
[    0.155620] mitigations: Enabled attack vectors: user_kernel, user_user, guest_host, guest_guest, SMT mitigations: auto
[    0.156703] Speculative Store Bypass: Mitigation: Speculative Store Bypass disabled via prctl
[    0.162788] Spectre V2 : Mitigation: Enhanced / Automatic IBRS
[    0.163379] ITS: Mitigation: Aligned branch/return thunks
[    0.163927] Spectre V1 : Mitigation: usercopy/swapgs barriers and __user pointer sanitization
[    0.164787] Spectre V2 : mitigation: Enabling conditional Indirect Branch Prediction Barrier
[    0.165639] active return thunk: its_return_thunk
[    0.166126] Spectre V2 : Spectre BHI mitigation: SW BHB clearing on syscall and VM exit
[    0.166951] x86/fpu: Supporting XSAVE feature 0x001: 'x87 floating point registers'
[    0.167740] x86/fpu: Supporting XSAVE feature 0x002: 'SSE registers'
[    0.168396] x86/fpu: Supporting XSAVE feature 0x004: 'AVX registers'
[    0.169053] x86/fpu: Supporting XSAVE feature 0x200: 'Protection Keys User registers'
[    0.169860] x86/fpu: xstate_offset[2]:  576, xstate_sizes[2]:  256
[    0.170498] x86/fpu: xstate_offset[9]:  832, xstate_sizes[9]:    8
[    0.171140] x86/fpu: Enabled xstate features 0x207, context size is 840 bytes, using 'compacted' format.
[    0.185677] Freeing SMP alternatives memory: 48K
[    0.186171] pid_max: default: 32768 minimum: 301
[    0.186733] landlock: Up and running.
[    0.187118] Yama: becoming mindful.
[    0.187490] SELinux:  Initializing.
[    0.188059] LSM support for eBPF active
[    0.188547] Mount-cache hash table entries: 131072 (order: 8, 1048576 bytes, linear)
[    0.189528] Mountpoint-cache hash table entries: 131072 (order: 8, 1048576 bytes, linear)
[    0.190424] VFS: Finished mounting rootfs on nullfs
[    0.191165] smpboot: CPU0: Intel(R) Core(TM) Ultra 9 285K (family: 0x6, model: 0xc6, stepping: 0x2)
[    0.192200] Performance Events: unsupported CPU family 6 model 198 no PMU driver, software events only.
[    0.192785] signal: max sigframe size: 3632
[    0.192785] rcu: Hierarchical SRCU implementation.
[    0.192785] rcu: 	Max phase no-delay instances is 1000.
[    0.192785] Timer migration: 1 hierarchy levels; 8 children per group; 1 crossnode level
[    0.192785] smp: Bringing up secondary CPUs ...
[    0.192785] smpboot: x86: Booting SMP configuration:
[    0.192785] .... node  #0, CPUs:      #1 #2 #3 #4 #5 #6 #7
[    0.192904] smp: Brought up 1 node, 8 CPUs
[    0.193905] smpboot: Total of 8 processors activated (58982.40 BogoMIPS)
[    0.684299] node 0 deferred pages initialised in 490ms
[    0.684308] Memory: 65808476K/67108340K available (16491K kernel code, 9695K rwdata, 12596K rodata, 4024K init, 7316K bss, 1288216K reserved, 0K cma-reserved)
[    0.711100] devtmpfs: initialized
[    0.711100] x86/mm: Memory block size: 1024MB
[    0.712849] clocksource: jiffies: mask: 0xffffffff max_cycles: 0xffffffff, max_idle_ns: 19112604462750000 ns
[    0.713814] posixtimers hash table entries: 4096 (order: 4, 65536 bytes, linear)
[    0.714598] futex hash table entries: 2048 (131072 bytes on 1 NUMA nodes, total 128 KiB, linear).
[    0.721978] NET: Registered PF_NETLINK/PF_ROUTE protocol family
[    0.722887] DMA: preallocated 4096 KiB GFP_KERNEL pool for atomic allocations
[    0.723662] DMA: preallocated 4096 KiB GFP_KERNEL|GFP_DMA pool for atomic allocations
[    0.724479] DMA: preallocated 4096 KiB GFP_KERNEL|GFP_DMA32 pool for atomic allocations
[    0.725314] audit: initializing netlink subsys (disabled)
[    0.725881] audit: type=2000 audit(1790443024.187:1): state=initialized audit_enabled=0 res=1
[    0.732885] thermal_sys: Registered thermal governor 'fair_share'
[    0.732887] thermal_sys: Registered thermal governor 'step_wise'
[    0.733533] thermal_sys: Registered thermal governor 'user_space'
[    0.734169] cpuidle: using governor ladder
[    0.734169] cpuidle: using governor menu
[    0.734169] acpiphp: ACPI Hot Plug PCI Controller Driver version: 0.5
[    0.734215] PCI: Using configuration type 1 for base access
[    0.734865] kprobes: kprobe jump-optimization is enabled. All kprobes are optimized if possible.
[    0.742906] HugeTLB: registered 1.00 GiB page size, pre-allocated 0 pages
[    0.743535] HugeTLB: 16380 KiB vmemmap can be freed for a 1.00 GiB page
[    0.744226] HugeTLB: registered 2.00 MiB page size, pre-allocated 0 pages
[    0.744931] HugeTLB: 28 KiB vmemmap can be freed for a 2.00 MiB page
[    0.745655] ACPI: Added _OSI(Module Device)
[    0.745655] ACPI: Added _OSI(Processor Device)
[    0.745655] ACPI: Added _OSI(Processor Aggregator Device)
[    0.753018] ACPI: 1 ACPI AML tables successfully acquired and loaded
[    0.762834] ACPI: \_SB_: platform _OSC: OS support mask [00227eff]
[    0.763573] ACPI: Interpreter enabled
[    0.763987] ACPI: PM: (supports S0 S4 S5)
[    0.764410] ACPI: Using IOAPIC for interrupt routing
[    0.764941] PCI: Using host bridge windows from ACPI; if necessary, use "pci=nocrs" and report a bug
[    0.765886] PCI: Using E820 reservations for host bridge windows
[    0.766562] ACPI: Enabled 2 GPEs in block 00 to 0F
[    0.768329] ACPI: PCI Root Bridge [PCI0] (domain 0000 [bus 00-ff])
[    0.768978] acpi PNP0A03:00: _OSC: OS supports [ASPM ClockPM Segments MSI HPX-Type3]
[    0.772789] acpi PNP0A03:00: _OSC: not requesting OS control; OS requires [ExtendedConfig ASPM ClockPM MSI]
[    0.773796] acpi PNP0A03:00: _OSC: platform retains control of PCIe features (AE_ERROR)
[    0.774630] acpi PNP0A03:00: fail to add MMCONFIG information, can't access extended configuration space under this bridge
[    0.775965] acpiphp: Slot [2] registered
[    0.776388] acpiphp: Slot [3] registered
[    0.776813] acpiphp: Slot [4] registered
[    0.777236] acpiphp: Slot [5] registered
[    0.777660] acpiphp: Slot [6] registered
[    0.778082] acpiphp: Slot [7] registered
[    0.778506] acpiphp: Slot [8] registered
[    0.778926] acpiphp: Slot [9] registered
[    0.779349] acpiphp: Slot [10] registered
[    0.779782] acpiphp: Slot [11] registered
[    0.780212] acpiphp: Slot [12] registered
[    0.780645] acpiphp: Slot [13] registered
[    0.781074] acpiphp: Slot [14] registered
[    0.781508] acpiphp: Slot [15] registered
[    0.781938] acpiphp: Slot [16] registered
[    0.782369] acpiphp: Slot [17] registered
[    0.782797] acpiphp: Slot [18] registered
[    0.783227] acpiphp: Slot [19] registered
[    0.783661] acpiphp: Slot [20] registered
[    0.784091] acpiphp: Slot [21] registered
[    0.784525] acpiphp: Slot [22] registered
[    0.784960] acpiphp: Slot [23] registered
[    0.785390] acpiphp: Slot [24] registered
[    0.785822] acpiphp: Slot [25] registered
[    0.786252] acpiphp: Slot [26] registered
[    0.786685] acpiphp: Slot [27] registered
[    0.787114] acpiphp: Slot [28] registered
[    0.787547] acpiphp: Slot [29] registered
[    0.787976] acpiphp: Slot [30] registered
[    0.788405] acpiphp: Slot [31] registered
[    0.788835] PCI host bridge to bus 0000:00
[    0.789264] pci_bus 0000:00: root bus resource [io  0x0000-0x0cf7 window]
[    0.789969] pci_bus 0000:00: root bus resource [io  0x0d00-0xffff window]
[    0.790674] pci_bus 0000:00: root bus resource [mem 0x000a0000-0x000bffff window]
[    0.791448] pci_bus 0000:00: root bus resource [mem 0xc0000000-0xfebfffff window]
[    0.792219] pci_bus 0000:00: root bus resource [mem 0x380000000000-0x38007fffffff window]
[    0.792787] pci_bus 0000:00: root bus resource [bus 00-ff]
[    0.793396] pci 0000:00:00.0: [8086:1237] type 00 class 0x060000 conventional PCI endpoint
[    0.794692] pci 0000:00:01.0: [8086:7000] type 00 class 0x060100 conventional PCI endpoint
[    0.796011] pci 0000:00:01.1: [8086:7010] type 00 class 0x010180 conventional PCI endpoint
[    0.797645] pci 0000:00:01.1: BAR 4 [io  0xc200-0xc20f]
[    0.798226] pci 0000:00:01.1: BAR 0 [io  0x01f0-0x01f7]: legacy IDE quirk
[    0.798927] pci 0000:00:01.1: BAR 1 [io  0x03f6]: legacy IDE quirk
[    0.799570] pci 0000:00:01.1: BAR 2 [io  0x0170-0x0177]: legacy IDE quirk
[    0.800272] pci 0000:00:01.1: BAR 3 [io  0x0376]: legacy IDE quirk
[    0.801065] pci 0000:00:01.3: [8086:7113] type 00 class 0x068000 conventional PCI endpoint
[    0.802263] pci 0000:00:01.3: quirk: [io  0x0600-0x063f] claimed by PIIX4 ACPI
[    0.802794] pci 0000:00:01.3: quirk: [io  0x0700-0x070f] claimed by PIIX4 SMB
[    0.803818] pci 0000:00:02.0: [1af4:1009] type 00 class 0x000200 conventional PCI endpoint
[    0.806044] pci 0000:00:02.0: BAR 0 [io  0xc000-0xc03f]
[    0.806600] pci 0000:00:02.0: BAR 1 [mem 0xfebf7000-0xfebf7fff]
[    0.807246] pci 0000:00:02.0: BAR 4 [mem 0x380000000000-0x380000003fff 64bit pref]
[    0.808864] pci 0000:00:03.0: [1af4:1009] type 00 class 0x000200 conventional PCI endpoint
[    0.811345] pci 0000:00:03.0: BAR 0 [io  0xc040-0xc07f]
[    0.811909] pci 0000:00:03.0: BAR 1 [mem 0xfebf8000-0xfebf8fff]
[    0.812551] pci 0000:00:03.0: BAR 4 [mem 0x380000004000-0x380000007fff 64bit pref]
[    0.813486] pci 0000:00:04.0: [8086:25ab] type 00 class 0x088000 conventional PCI endpoint
[    0.815217] pci 0000:00:04.0: BAR 0 [mem 0xfebf9000-0xfebf900f]
[    0.816335] pci 0000:00:05.0: [1af4:1003] type 00 class 0x078000 conventional PCI endpoint
[    0.818156] pci 0000:00:05.0: BAR 0 [io  0xc080-0xc0bf]
[    0.818712] pci 0000:00:05.0: BAR 1 [mem 0xfebfa000-0xfebfafff]
[    0.819353] pci 0000:00:05.0: BAR 4 [mem 0x380000008000-0x38000000bfff 64bit pref]
[    0.820942] pci 0000:00:06.0: [1af4:1003] type 00 class 0x078000 conventional PCI endpoint
[    0.822796] pci 0000:00:06.0: BAR 0 [io  0xc0c0-0xc0ff]
[    0.823349] pci 0000:00:06.0: BAR 1 [mem 0xfebfb000-0xfebfbfff]
[    0.824330] pci 0000:00:06.0: BAR 4 [mem 0x38000000c000-0x38000000ffff 64bit pref]
[    0.825959] pci 0000:00:07.0: [1af4:1003] type 00 class 0x078000 conventional PCI endpoint
[    0.827550] pci 0000:00:07.0: BAR 0 [io  0xc100-0xc13f]
[    0.828102] pci 0000:00:07.0: BAR 1 [mem 0xfebfc000-0xfebfcfff]
[    0.828745] pci 0000:00:07.0: BAR 4 [mem 0x380000010000-0x380000013fff 64bit pref]
[    0.830336] pci 0000:00:08.0: [1af4:1003] type 00 class 0x078000 conventional PCI endpoint
[    0.832142] pci 0000:00:08.0: BAR 0 [io  0xc140-0xc17f]
[    0.832696] pci 0000:00:08.0: BAR 1 [mem 0xfebfd000-0xfebfdfff]
[    0.832817] pci 0000:00:08.0: BAR 4 [mem 0x380000014000-0x380000017fff 64bit pref]
[    0.834800] pci 0000:00:09.0: [1af4:1003] type 00 class 0x078000 conventional PCI endpoint
[    0.836431] pci 0000:00:09.0: BAR 0 [io  0xc180-0xc1bf]
[    0.836987] pci 0000:00:09.0: BAR 1 [mem 0xfebfe000-0xfebfefff]
[    0.837632] pci 0000:00:09.0: BAR 4 [mem 0x380000018000-0x38000001bfff 64bit pref]
[    0.839220] pci 0000:00:0a.0: [1af4:1003] type 00 class 0x078000 conventional PCI endpoint
[    0.840895] pci 0000:00:0a.0: BAR 0 [io  0xc1c0-0xc1ff]
[    0.841446] pci 0000:00:0a.0: BAR 1 [mem 0xfebff000-0xfebfffff]
[    0.842089] pci 0000:00:0a.0: BAR 4 [mem 0x38000001c000-0x38000001ffff 64bit pref]
[    0.852912] ACPI: PCI: Interrupt link LNKA configured for IRQ 10
[    0.853606] ACPI: PCI: Interrupt link LNKB configured for IRQ 10
[    0.854283] ACPI: PCI: Interrupt link LNKC configured for IRQ 11
[    0.854958] ACPI: PCI: Interrupt link LNKD configured for IRQ 11
[    0.855607] ACPI: PCI: Interrupt link LNKS configured for IRQ 9
[    0.856527] iommu: Default domain type: Translated
[    0.856527] iommu: DMA domain TLB invalidation policy: lazy mode
[    0.856527] pps_core: LinuxPPS API ver. 1 registered
[    0.856527] pps_core: Software ver. 5.3.6 - Copyright 2005-2007 Rodolfo Giometti <giometti@linux.it>
[    0.856527] PTP clock support registered
[    0.856527] EDAC MC: Ver: 3.0.0
[    0.856527] NetLabel: Initializing
[    0.856527] NetLabel:  domain hash size = 128
[    0.862789] NetLabel:  protocols = UNLABELED CIPSOv4 CALIPSO
[    0.863385] NetLabel:  unlabeled traffic allowed by default
[    0.863963] PCI: Using ACPI for IRQ routing
[    0.864594] e820: register RAM buffer resource [mem 0x0009fc00-0x0009ffff]
[    0.865305] e820: register RAM buffer resource [mem 0xbffdf000-0xbfffffff]
[    0.866019] hpet0: at MMIO 0xfed00000, IRQs 2, 8, 0
[    0.866019] hpet0: 3 comparators, 64-bit 100.000000 MHz counter
[    0.872850] clocksource: Switched to clocksource kvm-clock
[    0.873617] VFS: Disk quotas dquot_6.6.0
[    0.874086] VFS: Dquot-cache hash table entries: 512 (order 0, 4096 bytes)
[    0.897060] netfs: FS-Cache loaded
[    0.897490] pnp: PnP ACPI init
[    0.898004] pnp: PnP ACPI: found 5 devices
[    0.904292] clocksource: acpi_pm: mask: 0xffffff max_cycles: 0xffffff, max_idle_ns: 2085701024 ns
[    0.905251] NET: Registered PF_INET protocol family
[    0.935647] IP idents hash table entries: 262144 (order: 9, 2097152 bytes, linear)
[    3.174301] tcp_listen_portaddr_hash hash table entries: 32768 (order: 7, 524288 bytes, linear)
[    3.175281] Table-perturb hash table entries: 65536 (order: 6, 262144 bytes, linear)
[    3.176129] TCP established hash table entries: 524288 (order: 10, 4194304 bytes, linear)
[    3.666752] TCP bind hash table entries: 65536 (order: 9, 2097152 bytes, linear)
[    3.864261] TCP: Hash tables configured (established 524288 bind 65536)
[    3.881903] MPTCP token hash table entries: 65536 (order: 9, 1572864 bytes, linear)
[    3.882772] UDP hash table entries: 32768 (order: 9, 2097152 bytes, linear)
[    3.891890] UDP-Lite hash table entries: 32768 (order: 9, 2097152 bytes, linear)
[    3.909033] NET: Registered PF_UNIX/PF_LOCAL protocol family
[    3.909647] NET: Registered PF_XDP protocol family
[    3.910177] pci_bus 0000:00: resource 4 [io  0x0000-0x0cf7 window]
[    3.910829] pci_bus 0000:00: resource 5 [io  0x0d00-0xffff window]
[    3.911477] pci_bus 0000:00: resource 6 [mem 0x000a0000-0x000bffff window]
[    3.912193] pci_bus 0000:00: resource 7 [mem 0xc0000000-0xfebfffff window]
[    3.912905] pci_bus 0000:00: resource 8 [mem 0x380000000000-0x38007fffffff window]
[    3.913731] pci 0000:00:01.0: PIIX3: Enabling Passive Release
[    3.914391] pci 0000:00:00.0: Limiting direct PCI/PCI transfers
[    3.915112] PCI: CLS 0 bytes, default 64
[    3.915569] PCI-DMA: Using software bounce buffering for IO (SWIOTLB)
[    3.915627] Trying to unpack rootfs image as initramfs...
[    3.916240] software IO TLB: mapped [mem 0x00000000bb36b000-0x00000000bf36b000] (64MB)
[    3.918310] clocksource: tsc: mask: 0xffffffffffffffff max_cycles: 0x6a464ae9873, max_idle_ns: 881590529744 ns
[    3.981446] Initialise system trusted keyrings
[    3.981957] Key type blacklist registered
[    3.982454] workingset: timestamp_bits=36 max_order=24 bucket_order=0
[    3.983379] SGI XFS with ACLs, security attributes, quota, no debug enabled
[    3.988227] 9p: Installing v9fs 9p2000 file system support
[    3.989110] integrity: Platform Keyring initialized
[    3.989717] cryptd: max_cpu_qlen set to 1000
[    3.995719] Key type asymmetric registered
[    3.996184] Asymmetric key parser 'x509' registered
[    3.996769] Block layer SCSI generic (bsg) driver version 0.4 loaded (major 248)
[    3.997746] io scheduler mq-deadline registered
[    3.998264] io scheduler kyber registered
[    3.998722] io scheduler bfq registered
[    4.004218] Freeing initrd memory: 12692K
[    4.018680] ACPI: \_SB_.LNKB: Enabled at IRQ 10
[    4.028268] ACPI: \_SB_.LNKC: Enabled at IRQ 11
[    6.291081] ACPI: \_SB_.LNKA: Enabled at IRQ 10
[    6.315952] ACPI: \_SB_.LNKD: Enabled at IRQ 11
[    6.333599] Serial: 8250/16550 driver, 4 ports, IRQ sharing disabled
[    6.334433] 00:03: ttyS0 at I/O 0x3f8 (irq = 4, base_baud = 115200) is a 16550A
[    7.184877] loop: module loaded
[    7.185468] tun: Universal TUN/TAP device driver, 1.6
[    7.186093] rtc_cmos 00:04: RTC can wake from S4
[    7.187016] rtc_cmos 00:04: registered as rtc0
[    7.187543] rtc_cmos 00:04: setting system clock to 2026-09-26T17:17:22 UTC (1790443042)
[    7.188420] rtc_cmos 00:04: alarms up to one day, y3k, 242 bytes nvram, hpet irqs
[    7.189216] intel_pstate: CPU model not supported
[    7.189724] hid: raw HID events driver (C) Jiri Kosina
[    7.213881] NET: Registered PF_INET6 protocol family
[    7.214777] Segment Routing with IPv6
[    7.215196] In-situ OAM (IOAM) with IPv6
[    7.215624] NET: Registered PF_PACKET protocol family
[    7.216183] bridge: filtering via arp/ip/ip6tables is no longer available by default. Update your scripts to load br_netfilter if you need this.
[    7.217612] 9pnet: Installing 9P2000 support
[    7.220436] IPI shorthand broadcast: enabled
[    7.250383] sched_clock: Marking stable (7250001819, 277881)->(18952392521, -11702112821)
[    7.286853] registered taskstats version 1
[    7.287464] Loading compiled-in X.509 certificates
[    7.288361] Loaded X.509 cert 'Build time autogenerated kernel key: d1424aba97e5b78a90400dcad095464dbcbd105a'
[    7.302478] Demotion targets for Node 0: null
[    7.303074] Key type .fscrypt registered
[    7.303548] Key type fscrypt-provisioning registered
[    7.304087] ima: No TPM chip found, activating TPM-bypass!
[    7.304658] ima: Allocated hash algorithm: sha256
[    7.305157] ima: No architecture policies found
[    7.306018] clk: Disabling unused clocks
[    7.312535] Freeing unused decrypted memory: 2036K
[    7.313839] Freeing unused kernel image (initmem) memory: 4024K
[    7.314270] Write protecting the kernel read-only data: 32768k
[    7.315377] Freeing unused kernel image (text/rodata gap) memory: 1940K
[    7.316416] Freeing unused kernel image (rodata/data gap) memory: 1740K
[    7.316862] Run /init as init process
[    7.317471] virtme initramfs: loading fuse.ko...
[    7.355519] fuse: module verification failed: signature and/or required key missing - tainting kernel
[    7.359459] fuse: init (API version 7.45)
[    7.360038] virtme initramfs: loading virtiofs.ko...
[    7.408946] virtme initramfs: loading virtio_mmio.ko...
[    7.410069] virtme initramfs: loading serio.ko...
[    7.411642] virtme initramfs: loading i8042.ko...
[    7.413231] i8042: PNP: PS/2 Controller [PNP0303:KBD,PNP0f13:MOU] at 0x60,0x64 irq 1,12
[    7.414407] serio: i8042 KBD port at 0x60,0x64 irq 1
[    7.414753] serio: i8042 AUX port at 0x60,0x64 irq 12
[    7.415243] virtme initramfs: loading libps2.ko...
[    7.434561] virtme initramfs: loading vivaldi-fmap.ko...
[    7.435506] virtme initramfs: loading atkbd.ko...
[    7.436931] virtme initramfs: mounting hostfs...
[    7.437193] input: AT Translated Set 2 keyboard as /devices/platform/i8042/serio0/input/input0
[   10.696461] virtio-fs: tag <ROOTFS> not found
[   10.697645] 9pnet: Limiting 'msize' to 512000 as this is the maximum supported by transport virtio
[   10.701746] virtme initramfs: done; switching to real root
[   10.774958] virtme-ng-init: Setting hostname to virtme-ng...
[   10.812534] virtme-ng-init: running systemd-tmpfiles
[   11.070927] virtme-ng-init: basic initialization done
[   11.076510] virtme-ng-init: you have CONFIG_UEVENT_HELPER on; turn it off
[   11.077308] 9pnet: Limiting 'msize' to 512000 as this is the maximum supported by transport virtio
[   11.101168] virtme-ng-init: Starting systemd-udevd version 255.4-1ubuntu8.17
[   11.101672] virtme-ng-init: triggering udev coldplug
[   11.815560] virtme-ng-init: waiting for udev to settle
[   11.837859] input: Power Button as /devices/platform/LNXPWRBN:00/input/input2
[   11.842551] ACPI: button: Power Button [PWRF]
[   12.378489] SCSI subsystem initialized
[   12.443364] input: VirtualPS/2 VMware VMMouse as /devices/platform/i8042/serio1/input/input4
[   12.445692] input: VirtualPS/2 VMware VMMouse as /devices/platform/i8042/serio1/input/input3
[   12.509464] piix4_smbus 0000:00:01.3: SMBus Host Controller at 0x700, revision 0
[   12.510973] i2c i2c-0: Memory type 0x07 not supported yet, not instantiating SPD
[   12.590785] mousedev: PS/2 mouse device common for all mice
[   12.779193] scsi host0: ata_piix
[   12.780237] scsi host1: ata_piix
[   12.780961] ata1: PATA max MWDMA2 cmd 0x1f0 ctl 0x3f6 bmdma 0xc200 irq 14 lpm-pol 0
[   12.782173] ata2: PATA max MWDMA2 cmd 0x170 ctl 0x376 bmdma 0xc208 irq 15 lpm-pol 0
[   12.940765] ata2: found unknown device (class 0)
[   12.942230] ata2.00: ATAPI: QEMU DVD-ROM, 2.5+, max UDMA/100
[   12.944930] scsi 1:0:0:0: CD-ROM            QEMU     QEMU DVD-ROM     2.5+ PQ: 0 ANSI: 5
[   13.096929] scsi 1:0:0:0: Attached scsi generic sg0 type 5
[   13.261820] sr 1:0:0:0: [sr0] scsi3-mmc drive: 4x/4x cd/rw xa/form2 tray
[   13.262303] cdrom: Uniform CD-ROM driver Revision: 3.20
[   14.904228] virtme-ng-init: udev is done
[   14.907250] virtme-ng-init: starting script
[   15.355700] loop0: detected capacity change from 0 to 134217728
[   15.363204] EXT4-fs (loop0): mounted filesystem bc471f06-390e-485c-aac2-ff8e1724bf32 r/w with ordered data mode. Quota mode: none.
[   27.716169] clocksource: Long readout interval, skipping watchdog check: cs_nsec: 1915860777 wd_nsec: 1915860452
[   30.904516] Initializing XFRM netlink socket
[   72.548195] clocksource: Long readout interval, skipping watchdog check: cs_nsec: 4387884558 wd_nsec: 4387883822
[  915.124066] bpf_x86_alu: loading out-of-tree module taints kernel.
[ 1446.051853] ACPI: PM: Preparing to enter system sleep state S5
[ 1446.052498] kvm: exiting hardware virtualization
[ 1446.053597] reboot: Power down
