WARNING: No swap limit support
WARNING: IPv4 forwarding is disabled
Loaded image: bpf-benchmark/runner-runtime:x86_64
WARNING: IPv4 forwarding is disabled. Networking will not work.
_DISK_SIZE:-64G}" /var/tmp/bpf-benchmark-docker.img
mkfs.ext4 -F -q /var/tmp/bpf-benchmark-docker.img
mount -o loop,discard /var/tmp/bpf-benchmark-docker.img /run/bpf-benchmark-docker
dockerd --data-root /run/bpf-benchmark-docker/data --exec-root /run/bpf-benchmark-docker/exec --pidfile /run/bpf-benchmark-docker/docker.pid --host unix:///run/docker.sock --bridge=none --iptables=false --ip-masq=false --ip-forward=false >/run/bpf-benchmark-docker/dockerd.log 2>&1 &
for _ in 1 2 3 4 5 6 7 8 9 10; do docker info >/dev/null 2>&1 && break; sleep 1; done
docker info >/dev/null
install -d "/workspaces/repository/corpus/results"
"/workspaces/repository/runner/scripts/bpfrejit-install" --image "bpf-benchmark/runner-runtime:x86_64" "/workspaces/repository/.cache/container-images/x86_64-runner-runtime.image.tar"
docker run --rm --privileged --pid=host --network=host --ipc=host --cgroupns=host -e BPFREJIT_INSIDE_RUNTIME_CONTAINER=1 -e HOME=/root -e TARGET="x86-kvm" -e RUN_TARGET_NAME="x86-kvm" -e RUN_TOKEN="e596439c" -e RUN_TARGET_ARCH="x86_64" -e RUN_EXECUTOR="kvm" -e RUN_REMOTE_PYTHON_BIN="python3" -e RUN_RUNTIME_PYTHON_BIN="python3" -e RUN_BPFTOOL_BIN="bpftool" -e RUN_NATIVE_REPOS_CSV="bcc,katran,tracee,tetragon" -e SAMPLES="3"      -e FUZZ_ROUNDS="1000"  -e WORKLOAD_DURATION="60" -e KEEP_WORKDIRS="1" -e BPFREJIT_BENCH_PASSES="map_inline" -e BPFREJIT_CORPUS_APPS="cilium/agent"           -e MERLIN_COMPILETIME_MODE="none"                    -w "/workspaces/repository" -v /sys:/sys -v /sys/fs/bpf:/sys/fs/bpf -v /sys/kernel/debug:/sys/kernel/debug -v /lib/modules:/lib/modules:ro -v /boot:/boot:ro -v "/workspaces/repository/corpus/results:/workspaces/repository/corpus/results" "bpf-benchmark/runner-runtime:x86_64" python3 -m corpus.driver
{"active_env_keys": ["BPFREJIT_NATIVE_LOADER_REQUIRE_PREBUILT_PROOF", "BPFREJIT_NATIVE_LOADER_SO"], "event": "native_loader_mode", "post_only": false, "saved_env_keys": ["BPFREJIT_NATIVE_LOADER_REQUIRE_PREBUILT_PROOF", "BPFREJIT_NATIVE_LOADER_SO"]}
{"app": "cilium/agent", "event": "app_start", "runner": "cilium", "workload": "cilium_endpoint_pktgen"}
{"app": "cilium/agent", "event": "phase_start", "phase": "baseline_start", "runner": "cilium", "workload": "cilium_endpoint_pktgen"}
{"active_env_keys": ["BPFREJIT_NATIVE_LOADER_REQUIRE_PREBUILT_PROOF", "BPFREJIT_NATIVE_LOADER_SO"], "app": "cilium/agent", "event": "native_loader_phase_env", "phase": "baseline_start", "runner": "cilium", "temporary_set_keys": ["BPFREJIT_SHIM_LOADTIME_PLAN", "BPFREJIT_SHIM_LOG"], "temporary_unset_keys": []}
{"app": "cilium/agent", "event": "phase_done", "phase": "baseline_start", "runner": "cilium", "status": "ok"}
{"app": "cilium/agent", "event": "measurement_start", "phase": "baseline", "runner": "cilium", "samples": 3, "workload": "cilium_endpoint_pktgen"}
{"app": "cilium/agent", "event": "measurement_done", "phase": "baseline", "runner": "cilium", "status": "ok"}
{"app": "cilium/agent", "event": "phase_start", "phase": "baseline_stop", "runner": "cilium"}
{"app": "cilium/agent", "event": "phase_step", "phase": "baseline_stop", "runner": "cilium", "step": "runner_stop_done"}
{"app": "cilium/agent", "event": "phase_step", "phase": "baseline_stop", "runner": "cilium", "step": "quiesce_start"}
{"app": "cilium/agent", "event": "phase_step", "phase": "baseline_stop", "runner": "cilium", "step": "quiesce_done"}
{"app": "cilium/agent", "event": "phase_step", "phase": "baseline_stop", "runner": "cilium", "step": "bpf_stats_disabled"}
{"app": "cilium/agent", "event": "phase_done", "phase": "baseline_stop", "runner": "cilium", "status": "ok"}
{"active_env_keys": ["BPFREJIT_NATIVE_LOADER_REQUIRE_PREBUILT_PROOF", "BPFREJIT_NATIVE_LOADER_SO"], "app": "cilium/agent", "event": "native_loader_phase_env", "phase": "post_rejit_start", "runner": "cilium", "temporary_set_keys": ["BPFREJIT_REPO_ROOT", "BPFREJIT_SHIM_LOADTIME_PLAN", "BPFREJIT_SHIM_LOG"], "temporary_unset_keys": []}
{"app": "cilium/agent", "event": "loadtime_plan_start", "runner": "cilium"}
{"app": "cilium/agent", "event": "loadtime_plan_done", "runner": "cilium", "status": "ok"}
{"app": "cilium/agent", "event": "phase_start", "phase": "post_rejit_start", "runner": "cilium", "workload": "cilium_endpoint_pktgen"}
{"app": "cilium/agent", "event": "phase_done", "phase": "post_rejit_start", "runner": "cilium", "status": "ok"}
{"app": "cilium/agent", "event": "measurement_start", "phase": "post_rejit", "runner": "cilium", "samples": 3, "workload": "cilium_endpoint_pktgen"}
{"app": "cilium/agent", "event": "measurement_done", "phase": "post_rejit", "runner": "cilium", "status": "ok"}
{"app": "cilium/agent", "event": "phase_start", "phase": "post_rejit_stop", "runner": "cilium"}
{"app": "cilium/agent", "event": "phase_step", "phase": "post_rejit_stop", "runner": "cilium", "step": "runner_stop_done"}
{"app": "cilium/agent", "event": "phase_step", "phase": "post_rejit_stop", "runner": "cilium", "step": "quiesce_start"}
{"app": "cilium/agent", "event": "phase_step", "phase": "post_rejit_stop", "runner": "cilium", "step": "quiesce_done"}
{"app": "cilium/agent", "event": "phase_step", "phase": "post_rejit_stop", "runner": "cilium", "step": "bpf_stats_disabled"}
{"app": "cilium/agent", "event": "phase_done", "phase": "post_rejit_stop", "runner": "cilium", "status": "ok"}
{"app": "cilium/agent", "error": "", "event": "app_done", "status": "ok"}
{
  "status": "ok",
  "artifact_run_dir": "/workspaces/repository/corpus/results/x86_kvm_corpus_20260926_034321_368659",
  "artifact_metadata": "/workspaces/repository/corpus/results/x86_kvm_corpus_20260926_034321_368659/metadata.json"
}
make: Leaving directory '/workspaces/repository'
 global_irq 2 dfl dfl)
[    0.027461] ACPI: INT_SRC_OVR (bus 0 bus_irq 5 global_irq 5 high level)
[    0.028161] ACPI: INT_SRC_OVR (bus 0 bus_irq 9 global_irq 9 high level)
[    0.028864] ACPI: INT_SRC_OVR (bus 0 bus_irq 10 global_irq 10 high level)
[    0.029585] ACPI: INT_SRC_OVR (bus 0 bus_irq 11 global_irq 11 high level)
[    0.030308] ACPI: Using ACPI (MADT) for SMP configuration information
[    0.030989] ACPI: HPET id: 0x8086a201 base: 0xfed00000
[    0.031537] TSC deadline timer available
[    0.031953] CPU topo: Max. logical packages:   1
[    0.032444] CPU topo: Max. logical nodes:      1
[    0.032931] CPU topo: Num. nodes per package:  1
[    0.033422] CPU topo: Max. logical dies:       1
[    0.033910] CPU topo: Max. dies per package:   1
[    0.034402] CPU topo: Max. threads per core:   1
[    0.034891] CPU topo: Num. cores per package:     8
[    0.035409] CPU topo: Num. threads per package:   8
[    0.035925] CPU topo: Allowing 8 present CPUs plus 0 hotplug CPUs
[    0.036583] kvm-guest: APIC: eoi() replaced with kvm_guest_apic_eoi_write()
[    0.037330] kvm-guest: KVM setup pv remote TLB flush
[    0.037858] kvm-guest: setup PV sched yield
[    0.038303] PM: hibernation: Registered nosave memory: [mem 0x00000000-0x00000fff]
[    0.039104] PM: hibernation: Registered nosave memory: [mem 0x0009f000-0x000fffff]
[    0.039905] PM: hibernation: Registered nosave memory: [mem 0xbffdf000-0xffffffff]
[    0.040708] [gap 0xc0000000-0xfeffbfff] available for PCI devices
[    0.041354] Booting paravirtualized kernel on KVM
[    0.041851] clocksource: refined-jiffies: mask: 0xffffffff max_cycles: 0xffffffff, max_idle_ns: 19112604462750000 ns
[    0.047278] Zone ranges:
[    0.047590]   DMA      [mem 0x0000000000001000-0x0000000000ffffff]
[    0.048250]   DMA32    [mem 0x0000000001000000-0x00000000ffffffff]
[    0.048906]   Normal   [mem 0x0000000100000000-0x000000103fffffff]
[    0.049562]   Device   empty
[    0.049867] Movable zone start for each node
[    0.050320] Early memory node ranges
[    0.050697]   node   0: [mem 0x0000000000001000-0x000000000009efff]
[    0.051361]   node   0: [mem 0x0000000000100000-0x00000000bffdefff]
[    0.052023]   node   0: [mem 0x0000000100000000-0x000000103fffffff]
[    0.052691] Initmem setup node 0 [mem 0x0000000000001000-0x000000103fffffff]
[    0.053590] On node 0, zone DMA: 1 pages in unavailable ranges
[    0.054219] On node 0, zone DMA: 97 pages in unavailable ranges
[    0.059886] On node 0, zone Normal: 33 pages in unavailable ranges
[    0.060632] setup_percpu: NR_CPUS:8192 nr_cpumask_bits:8 nr_cpu_ids:8 nr_node_ids:1
[    0.061693] percpu: Embedded 61 pages/cpu s212992 r8192 d28672 u262144
[    0.062443] kvm-guest: PV spinlocks enabled
[    0.062890] PV qspinlock hash table entries: 256 (order: 0, 4096 bytes, linear)
[    0.063677] Kernel command line: virtme_hostname=virtme-ng nr_open=1048576 virtme_link_mods=/workspaces/repository/vendor/build/x86/linux/.virtme_mods/lib/modules/0.0.0 virtme_initmount0=workspaces/repository virtme_rw_overlay0=/etc virtme_rw_overlay1=/lib virtme_rw_overlay2=/home virtme_rw_overlay3=/opt virtme_rw_overlay4=/srv virtme_rw_overlay5=/usr virtme_rw_overlay6=/var virtme_rw_overlay7=/tmp virtme_console=ttyS0 console=ttyS0 earlyprintk=serial,ttyS0,115200 panic=-1 \
[    0.068175] Kernel command line: virtme.exec=`bWFrZSAtQyAvd29ya3NwYWNlcy9yZXBvc2l0b3J5IF9fcnVudGltZS12bS1jb3JwdXMgVEFSR0VUPSd4ODYta3ZtJyBSVU5fVEFSR0VUX05BTUU9J3g4Ni1rdm0nIFJVTl9UQVJHRVRfQVJDSD0neDg2XzY0JyBSVU5fRVhFQ1VUT1I9J2t2bScgUlVOVElNRV9DT05UQUlORVJfSU1BR0U9J2JwZi1iZW5jaG1hcmsvcnVubmVyLXJ1bnRpbWU6eDg2XzY0JyBSVU5USU1FX0lNQUdFX1RBUj0nL3dvcmtzcGFjZXMvcmVwb3NpdG9yeS8uY2FjaGUvY29udGFpbmVyLWltYWdlcy94ODZfNjQtcnVubmVyLXJ1bnRpbWUuaW1hZ2UudGFyJyBSVU5fUkVNT1RFX1BZVEhPTl9CSU49J3B5dGhvbjMnIFJVTl9SVU5USU1FX1BZVEhPTl9CSU49J3B5dGhvbjMnIFJVTl9CUEZUT09MX0JJTj0nYnBmdG9vbCcgUlVOX05BVElWRV9SRVBPU19DU1Y9J2JjYyxrYXRyYW4sdHJhY2VlLHRldHJhZ29uJyBSVU5fVE9LRU49J2U1OTY0MzljJyBTQU1QTEVTPSczJyAgICAgIEZVWlpfUk9VTkRTPScxMDAwJyAgV09SS0xPQURfRFVSQVRJT049JzYwJyBLRUVQX1dPUktESVJTPScxJyBCUEZSRUpJVF9CRU5DSF9QQVNTRVM9J21hcF9pbmxpbmUnIEJQRlJFSklUX0NPUlBVU19BUFBTPSdjaWxpdW0vYWdlbnQnICAgICAgICAgICBNRVJMSU5fQ09NUElMRVRJTUVfTU9ERT0nbm9uZScgICAgICAgICAgICAgICAgICAg` virtme_chdir=workspaces/repository virtme_root_user=1 debug loglevel=7 panic=30 oops=panic \
[    0.077788] Kernel command line: init=/opt/virtme-ng/lib/python3.12/site-packages/virtme/guest/bin/virtme-ng-init
[    0.079051] Unknown kernel command line parameters "virtme_hostname=virtme-ng nr_open=1048576 virtme_link_mods=/workspaces/repository/vendor/build/x86/linux/.virtme_mods/lib/modules/0.0.0 virtme_initmount0=workspaces/repository virtme_rw_overlay0=/etc virtme_rw_overlay1=/lib virtme_rw_overlay2=/home virtme_rw_overlay3=/opt virtme_rw_overlay4=/srv virtme_rw_overlay5=/usr virtme_rw_overlay6=/var virtme_rw_overlay7=/tmp virtme_console=ttyS0 virtme_chdir=workspaces/repository virtme_root_user=1", will be passed to user space.
[    0.083992] random: crng init done
[    0.084356] printk: log buffer data + meta data: 2097152 + 7340032 = 9437184 bytes
[    0.091655] Dentry cache hash table entries: 8388608 (order: 14, 67108864 bytes, linear)
[    0.095358] Inode-cache hash table entries: 4194304 (order: 13, 33554432 bytes, linear)
[    0.096340] software IO TLB: area num 8.
[    0.106468] Fallback order for Node 0: 0
[    0.106473] Built 1 zonelists, mobility grouping on.  Total pages: 16777085
[    0.107641] Policy zone: Normal
[    0.107966] mem auto-init: stack:off, heap alloc:off, heap free:off
[    0.120326] SLUB: HWalign=64, Order=0-3, MinObjects=0, CPUs=8, Nodes=1
Poking KASLR using RDRAND RDTSC...
[    0.128683] ftrace: allocating 51964 entries in 204 pages
[    0.129250] ftrace: allocated 204 pages with 4 groups
[    0.130180] Dynamic Preempt: lazy
[    0.130684] rcu: Preemptible hierarchical RCU implementation.
[    0.131278] rcu: 	RCU restricting CPUs from NR_CPUS=8192 to nr_cpu_ids=8.
[    0.131983] 	Trampoline variant of Tasks RCU enabled.
[    0.132505] 	Rude variant of Tasks RCU enabled.
[    0.132970] 	Tracing variant of Tasks RCU enabled.
[    0.133465] rcu: RCU calculated value of scheduler-enlistment delay is 10 jiffies.
[    0.134243] rcu: Adjusting geometry for rcu_fanout_leaf=16, nr_cpu_ids=8
[    0.134941] RCU Tasks: Setting shift to 3 and lim to 1 rcu_task_cb_adjust=1 rcu_task_cpu_ids=8.
[    0.135844] RCU Tasks Rude: Setting shift to 3 and lim to 1 rcu_task_cb_adjust=1 rcu_task_cpu_ids=8.
[    0.139423] NR_IRQS: 524544, nr_irqs: 488, preallocated irqs: 16
[    0.140229] rcu: srcu_init: Setting srcu_struct sizes based on contention.
[    0.141048] Console: colour *CGA 80x25
[    0.141467] printk: legacy console [ttyS0] enabled
[    0.141467] printk: legacy console [ttyS0] enabled
[    0.142471] printk: legacy bootconsole [earlyser0] disabled
[    0.142471] printk: legacy bootconsole [earlyser0] disabled
[    0.143648] ACPI: Core revision 20251212
[    0.144181] clocksource: hpet: mask: 0xffffffff max_cycles: 0xffffffff, max_idle_ns: 19112604467 ns
[    0.145222] APIC: Switch to symmetric I/O mode setup
[    0.145938] x2apic enabled
[    0.146428] APIC: Switched APIC routing to: physical x2apic
[    0.147020] kvm-guest: APIC: send_IPI_mask() replaced with kvm_send_ipi_mask()
[    0.147786] kvm-guest: APIC: send_IPI_mask_allbutself() replaced with kvm_send_ipi_mask_allbutself()
[    0.148747] kvm-guest: setup PV IPIs
[    0.149812] ..TIMER: vector=0x30 apic1=0 pin1=2 apic2=-1 pin2=-1
[    0.150466] clocksource: tsc-early: mask: 0xffffffffffffffff max_cycles: 0x6a464ae9873, max_idle_ns: 881590529744 ns
[    0.151572] Calibrating delay loop (skipped) preset value.. 7372.80 BogoMIPS (lpj=36864000)
[    0.152572] x86/cpu: User Mode Instruction Prevention (UMIP) activated
[    0.153319] Last level iTLB entries: 4KB 0, 2MB 0, 4MB 0
[    0.153881] Last level dTLB entries: 4KB 0, 2MB 0, 4MB 0, 1GB 0
[    0.154512] mitigations: Enabled attack vectors: user_kernel, user_user, guest_host, guest_guest, SMT mitigations: auto
[    0.161573] Speculative Store Bypass: Mitigation: Speculative Store Bypass disabled via prctl
[    0.162468] Spectre V2 : Mitigation: Enhanced / Automatic IBRS
[    0.163082] ITS: Mitigation: Aligned branch/return thunks
[    0.163653] Spectre V1 : Mitigation: usercopy/swapgs barriers and __user pointer sanitization
[    0.164548] Spectre V2 : mitigation: Enabling conditional Indirect Branch Prediction Barrier
[    0.165436] active return thunk: its_return_thunk
[    0.165938] Spectre V2 : Spectre BHI mitigation: SW BHB clearing on syscall and VM exit
[    0.166796] x86/fpu: Supporting XSAVE feature 0x001: 'x87 floating point registers'
[    0.167618] x86/fpu: Supporting XSAVE feature 0x002: 'SSE registers'
[    0.168303] x86/fpu: Supporting XSAVE feature 0x004: 'AVX registers'
[    0.168985] x86/fpu: Supporting XSAVE feature 0x200: 'Protection Keys User registers'
[    0.169826] x86/fpu: xstate_offset[2]:  576, xstate_sizes[2]:  256
[    0.170496] x86/fpu: xstate_offset[9]:  832, xstate_sizes[9]:    8
[    0.171162] x86/fpu: Enabled xstate features 0x207, context size is 840 bytes, using 'compacted' format.
[    0.183514] Freeing SMP alternatives memory: 48K
[    0.184028] pid_max: default: 32768 minimum: 301
[    0.184613] landlock: Up and running.
[    0.185015] Yama: becoming mindful.
[    0.185402] SELinux:  Initializing.
[    0.185961] LSM support for eBPF active
[    0.186466] Mount-cache hash table entries: 131072 (order: 8, 1048576 bytes, linear)
[    0.187464] Mountpoint-cache hash table entries: 131072 (order: 8, 1048576 bytes, linear)
[    0.188400] VFS: Finished mounting rootfs on nullfs
[    0.189133] smpboot: CPU0: Intel(R) Core(TM) Ultra 9 285K (family: 0x6, model: 0xc6, stepping: 0x2)
[    0.190216] Performance Events: unsupported CPU family 6 model 198 no PMU driver, software events only.
[    0.191281] signal: max sigframe size: 3632
[    0.191570] rcu: Hierarchical SRCU implementation.
[    0.191570] rcu: 	Max phase no-delay instances is 1000.
[    0.191570] Timer migration: 1 hierarchy levels; 8 children per group; 1 crossnode level
[    0.191570] smp: Bringing up secondary CPUs ...
[    0.191570] smpboot: x86: Booting SMP configuration:
[    0.191570] .... node  #0, CPUs:      #1 #2 #3 #4 #5 #6 #7
[    0.191617] smp: Brought up 1 node, 8 CPUs
[    0.192662] smpboot: Total of 8 processors activated (58982.40 BogoMIPS)
[    0.229044] node 0 deferred pages initialised in 30ms
[    0.229044] Memory: 65808684K/67108340K available (16491K kernel code, 9695K rwdata, 12596K rodata, 4024K init, 7316K bss, 1288216K reserved, 0K cma-reserved)
[    0.232997] devtmpfs: initialized
[    0.232997] x86/mm: Memory block size: 1024MB
[    0.233055] clocksource: jiffies: mask: 0xffffffff max_cycles: 0xffffffff, max_idle_ns: 19112604462750000 ns
[    0.233055] posixtimers hash table entries: 4096 (order: 4, 65536 bytes, linear)
[    0.233485] futex hash table entries: 2048 (131072 bytes on 1 NUMA nodes, total 128 KiB, linear).
[    0.235178] NET: Registered PF_NETLINK/PF_ROUTE protocol family
[    0.235919] DMA: preallocated 4096 KiB GFP_KERNEL pool for atomic allocations
[    0.236733] DMA: preallocated 4096 KiB GFP_KERNEL|GFP_DMA pool for atomic allocations
[    0.241576] DMA: preallocated 4096 KiB GFP_KERNEL|GFP_DMA32 pool for atomic allocations
[    0.242440] audit: initializing netlink subsys (disabled)
[    0.243031] audit: type=2000 audit(1790394156.976:1): state=initialized audit_enabled=0 res=1
[    0.243031] thermal_sys: Registered thermal governor 'fair_share'
[    0.243554] thermal_sys: Registered thermal governor 'step_wise'
[    0.244223] thermal_sys: Registered thermal governor 'user_space'
[    0.244880] cpuidle: using governor ladder
[    0.244880] cpuidle: using governor menu
[    0.244880] acpiphp: ACPI Hot Plug PCI Controller Driver version: 0.5
[    0.244880] PCI: Using configuration type 1 for base access
[    0.244880] kprobes: kprobe jump-optimization is enabled. All kprobes are optimized if possible.
[    0.251861] HugeTLB: registered 1.00 GiB page size, pre-allocated 0 pages
[    0.253277] HugeTLB: 16380 KiB vmemmap can be freed for a 1.00 GiB page
[    0.254799] HugeTLB: registered 2.00 MiB page size, pre-allocated 0 pages
[    0.256347] HugeTLB: 28 KiB vmemmap can be freed for a 2.00 MiB page
[    0.257882] ACPI: Added _OSI(Module Device)
[    0.257882] ACPI: Added _OSI(Processor Device)
[    0.257882] ACPI: Added _OSI(Processor Aggregator Device)
[    0.257882] ACPI: 1 ACPI AML tables successfully acquired and loaded
[    0.287507] ACPI: \_SB_: platform _OSC: OS support mask [00227eff]
[    0.287507] ACPI: Interpreter enabled
[    0.287507] ACPI: PM: (supports S0 S4 S5)
[    0.287507] ACPI: Using IOAPIC for interrupt routing
[    0.287507] PCI: Using host bridge windows from ACPI; if necessary, use "pci=nocrs" and report a bug
[    0.287507] PCI: Using E820 reservations for host bridge windows
[    0.287507] ACPI: Enabled 2 GPEs in block 00 to 0F
[    0.290715] ACPI: PCI Root Bridge [PCI0] (domain 0000 [bus 00-ff])
[    0.291579] acpi PNP0A03:00: _OSC: OS supports [ASPM ClockPM Segments MSI HPX-Type3]
[    0.293339] acpi PNP0A03:00: _OSC: not requesting OS control; OS requires [ExtendedConfig ASPM ClockPM MSI]
[    0.295541] acpi PNP0A03:00: _OSC: platform retains control of PCIe features (AE_ERROR)
[    0.297348] acpi PNP0A03:00: fail to add MMCONFIG information, can't access extended configuration space under this bridge
[    0.300177] acpiphp: Slot [2] registered
[    0.301115] acpiphp: Slot [3] registered
[    0.301599] acpiphp: Slot [4] registered
[    0.302526] acpiphp: Slot [5] registered
[    0.303440] acpiphp: Slot [6] registered
[    0.304375] acpiphp: Slot [7] registered
[    0.305302] acpiphp: Slot [8] registered
[    0.306246] acpiphp: Slot [9] registered
[    0.307439] acpiphp: Slot [10] registered
[    0.308400] acpiphp: Slot [11] registered
[    0.309353] acpiphp: Slot [12] registered
[    0.310298] acpiphp: Slot [13] registered
[    0.311256] acpiphp: Slot [14] registered
[    0.311602] acpiphp: Slot [15] registered
[    0.312562] acpiphp: Slot [16] registered
[    0.313512] acpiphp: Slot [17] registered
[    0.314455] acpiphp: Slot [18] registered
[    0.315391] acpiphp: Slot [19] registered
[    0.316337] acpiphp: Slot [20] registered
[    0.317306] acpiphp: Slot [21] registered
[    0.318266] acpiphp: Slot [22] registered
[    0.319226] acpiphp: Slot [23] registered
[    0.320180] acpiphp: Slot [24] registered
[    0.321137] acpiphp: Slot [25] registered
[    0.331600] acpiphp: Slot [26] registered
[    0.332550] acpiphp: Slot [27] registered
[    0.333500] acpiphp: Slot [28] registered
[    0.334455] acpiphp: Slot [29] registered
[    0.335400] acpiphp: Slot [30] registered
[    0.336353] acpiphp: Slot [31] registered
[    0.337298] PCI host bridge to bus 0000:00
[    0.338260] pci_bus 0000:00: root bus resource [io  0x0000-0x0cf7 window]
[    0.339800] pci_bus 0000:00: root bus resource [io  0x0d00-0xffff window]
[    0.341350] pci_bus 0000:00: root bus resource [mem 0x000a0000-0x000bffff window]
[    0.341575] pci_bus 0000:00: root bus resource [mem 0xc0000000-0xfebfffff window]
[    0.343262] pci_bus 0000:00: root bus resource [mem 0x380000000000-0x38007fffffff window]
[    0.344621] pci_bus 0000:00: root bus resource [bus 00-ff]
[    0.345259] pci 0000:00:00.0: [8086:1237] type 00 class 0x060000 conventional PCI endpoint
[    0.346620] pci 0000:00:01.0: [8086:7000] type 00 class 0x060100 conventional PCI endpoint
[    0.347973] pci 0000:00:01.1: [8086:7010] type 00 class 0x010180 conventional PCI endpoint
[    0.349665] pci 0000:00:01.1: BAR 4 [io  0xc200-0xc20f]
[    0.350270] pci 0000:00:01.1: BAR 0 [io  0x01f0-0x01f7]: legacy IDE quirk
[    0.351004] pci 0000:00:01.1: BAR 1 [io  0x03f6]: legacy IDE quirk
[    0.351574] pci 0000:00:01.1: BAR 2 [io  0x0170-0x0177]: legacy IDE quirk
[    0.352303] pci 0000:00:01.1: BAR 3 [io  0x0376]: legacy IDE quirk
[    0.353108] pci 0000:00:01.3: [8086:7113] type 00 class 0x068000 conventional PCI endpoint
[    0.354338] pci 0000:00:01.3: quirk: [io  0x0600-0x063f] claimed by PIIX4 ACPI
[    0.355124] pci 0000:00:01.3: quirk: [io  0x0700-0x070f] claimed by PIIX4 SMB
[    0.356202] pci 0000:00:02.0: [1af4:1009] type 00 class 0x000200 conventional PCI endpoint
[    0.358733] pci 0000:00:02.0: BAR 0 [io  0xc000-0xc03f]
[    0.359309] pci 0000:00:02.0: BAR 1 [mem 0xfebf7000-0xfebf7fff]
[    0.359980] pci 0000:00:02.0: BAR 4 [mem 0x380000000000-0x380000003fff 64bit pref]
[    0.361664] pci 0000:00:03.0: [1af4:1009] type 00 class 0x000200 conventional PCI endpoint
[    0.364259] pci 0000:00:03.0: BAR 0 [io  0xc040-0xc07f]
[    0.364837] pci 0000:00:03.0: BAR 1 [mem 0xfebf8000-0xfebf8fff]
[    0.365506] pci 0000:00:03.0: BAR 4 [mem 0x380000004000-0x380000007fff 64bit pref]
[    0.367020] pci 0000:00:04.0: [8086:25ab] type 00 class 0x088000 conventional PCI endpoint
[    0.368587] pci 0000:00:04.0: BAR 0 [mem 0xfebf9000-0xfebf900f]
[    0.370277] pci 0000:00:05.0: [1af4:1003] type 00 class 0x078000 conventional PCI endpoint
[    0.372080] pci 0000:00:05.0: BAR 0 [io  0xc080-0xc0bf]
[    0.372697] pci 0000:00:05.0: BAR 1 [mem 0xfebfa000-0xfebfafff]
[    0.373368] pci 0000:00:05.0: BAR 4 [mem 0x380000008000-0x38000000bfff 64bit pref]
[    0.375032] pci 0000:00:06.0: [1af4:1003] type 00 class 0x078000 conventional PCI endpoint
[    0.376853] pci 0000:00:06.0: BAR 0 [io  0xc0c0-0xc0ff]
[    0.377431] pci 0000:00:06.0: BAR 1 [mem 0xfebfb000-0xfebfbfff]
[    0.378100] pci 0000:00:06.0: BAR 4 [mem 0x38000000c000-0x38000000ffff 64bit pref]
[    0.379728] pci 0000:00:07.0: [1af4:1003] type 00 class 0x078000 conventional PCI endpoint
[    0.381880] pci 0000:00:07.0: BAR 0 [io  0xc100-0xc13f]
[    0.382463] pci 0000:00:07.0: BAR 1 [mem 0xfebfc000-0xfebfcfff]
[    0.383133] pci 0000:00:07.0: BAR 4 [mem 0x380000010000-0x380000013fff 64bit pref]
[    0.384794] pci 0000:00:08.0: [1af4:1003] type 00 class 0x078000 conventional PCI endpoint
[    0.386501] pci 0000:00:08.0: BAR 0 [io  0xc140-0xc17f]
[    0.387077] pci 0000:00:08.0: BAR 1 [mem 0xfebfd000-0xfebfdfff]
[    0.387744] pci 0000:00:08.0: BAR 4 [mem 0x380000014000-0x380000017fff 64bit pref]
[    0.389382] pci 0000:00:09.0: [1af4:1003] type 00 class 0x078000 conventional PCI endpoint
[    0.391429] pci 0000:00:09.0: BAR 0 [io  0xc180-0xc1bf]
[    0.391583] pci 0000:00:09.0: BAR 1 [mem 0xfebfe000-0xfebfefff]
[    0.392259] pci 0000:00:09.0: BAR 4 [mem 0x380000018000-0x38000001bfff 64bit pref]
[    0.393900] pci 0000:00:0a.0: [1af4:1003] type 00 class 0x078000 conventional PCI endpoint
[    0.395517] pci 0000:00:0a.0: BAR 0 [io  0xc1c0-0xc1ff]
[    0.396095] pci 0000:00:0a.0: BAR 1 [mem 0xfebff000-0xfebfffff]
[    0.396761] pci 0000:00:0a.0: BAR 4 [mem 0x38000001c000-0x38000001ffff 64bit pref]
[    0.400845] ACPI: PCI: Interrupt link LNKA configured for IRQ 10
[    0.401579] ACPI: PCI: Interrupt link LNKB configured for IRQ 10
[    0.402287] ACPI: PCI: Interrupt link LNKC configured for IRQ 11
[    0.402985] ACPI: PCI: Interrupt link LNKD configured for IRQ 11
[    0.403678] ACPI: PCI: Interrupt link LNKS configured for IRQ 9
[    0.404620] iommu: Default domain type: Translated
[    0.404620] iommu: DMA domain TLB invalidation policy: lazy mode
[    0.404620] pps_core: LinuxPPS API ver. 1 registered
[    0.404620] pps_core: Software ver. 5.3.6 - Copyright 2005-2007 Rodolfo Giometti <giometti@linux.it>
[    0.404620] PTP clock support registered
[    0.411590] EDAC MC: Ver: 3.0.0
[    0.412141] NetLabel: Initializing
[    0.412577] NetLabel:  domain hash size = 128
[    0.413065] NetLabel:  protocols = UNLABELED CIPSOv4 CALIPSO
[    0.413065] NetLabel:  unlabeled traffic allowed by default
[    0.413065] PCI: Using ACPI for IRQ routing
[    0.413065] e820: register RAM buffer resource [mem 0x0009fc00-0x0009ffff]
[    0.413575] e820: register RAM buffer resource [mem 0xbffdf000-0xbfffffff]
[    0.414319] hpet0: at MMIO 0xfed00000, IRQs 2, 8, 0
[    0.414319] hpet0: 3 comparators, 64-bit 100.000000 MHz counter
[    0.421574] clocksource: Switched to clocksource kvm-clock
[    0.421581] VFS: Disk quotas dquot_6.6.0
[    0.422838] VFS: Dquot-cache hash table entries: 512 (order 0, 4096 bytes)
[    0.424216] netfs: FS-Cache loaded
[    0.424667] pnp: PnP ACPI init
[    0.425156] pnp: PnP ACPI: found 5 devices
[    0.431156] clocksource: acpi_pm: mask: 0xffffff max_cycles: 0xffffff, max_idle_ns: 2085701024 ns
[    0.432134] NET: Registered PF_INET protocol family
[    0.432916] IP idents hash table entries: 262144 (order: 9, 2097152 bytes, linear)
[    0.442959] tcp_listen_portaddr_hash hash table entries: 32768 (order: 7, 524288 bytes, linear)
[    0.443933] Table-perturb hash table entries: 65536 (order: 6, 262144 bytes, linear)
[    0.444821] TCP established hash table entries: 524288 (order: 10, 4194304 bytes, linear)
[    0.446025] TCP bind hash table entries: 65536 (order: 9, 2097152 bytes, linear)
[    0.447054] TCP: Hash tables configured (established 524288 bind 65536)
[    0.447978] MPTCP token hash table entries: 65536 (order: 9, 1572864 bytes, linear)
[    0.448858] UDP hash table entries: 32768 (order: 9, 2097152 bytes, linear)
[    0.449865] UDP-Lite hash table entries: 32768 (order: 9, 2097152 bytes, linear)
[    0.450963] NET: Registered PF_UNIX/PF_LOCAL protocol family
[    0.451587] NET: Registered PF_XDP protocol family
[    0.452112] pci_bus 0000:00: resource 4 [io  0x0000-0x0cf7 window]
[    0.452784] pci_bus 0000:00: resource 5 [io  0x0d00-0xffff window]
[    0.453452] pci_bus 0000:00: resource 6 [mem 0x000a0000-0x000bffff window]
[    0.454192] pci_bus 0000:00: resource 7 [mem 0xc0000000-0xfebfffff window]
[    0.454934] pci_bus 0000:00: resource 8 [mem 0x380000000000-0x38007fffffff window]
[    0.455774] pci 0000:00:01.0: PIIX3: Enabling Passive Release
[    0.456460] pci 0000:00:00.0: Limiting direct PCI/PCI transfers
[    0.457202] PCI: CLS 0 bytes, default 64
[    0.457675] PCI-DMA: Using software bounce buffering for IO (SWIOTLB)
[    0.457831] Trying to unpack rootfs image as initramfs...
[    0.458369] software IO TLB: mapped [mem 0x00000000bb36b000-0x00000000bf36b000] (64MB)
[    0.459879] clocksource: tsc: mask: 0xffffffffffffffff max_cycles: 0x6a464ae9873, max_idle_ns: 881590529744 ns
[    0.463557] Freeing initrd memory: 12692K
[    0.466937] Initialise system trusted keyrings
[    0.467445] Key type blacklist registered
[    0.468023] workingset: timestamp_bits=36 max_order=24 bucket_order=0
[    0.468960] SGI XFS with ACLs, security attributes, quota, no debug enabled
[    0.469993] 9p: Installing v9fs 9p2000 file system support
[    0.471008] integrity: Platform Keyring initialized
[    0.471589] cryptd: max_cpu_qlen set to 1000
[    0.477176] Key type asymmetric registered
[    0.477624] Asymmetric key parser 'x509' registered
[    0.478161] Block layer SCSI generic (bsg) driver version 0.4 loaded (major 248)
[    0.479019] io scheduler mq-deadline registered
[    0.479513] io scheduler kyber registered
[    0.479956] io scheduler bfq registered
[    0.488817] ACPI: \_SB_.LNKB: Enabled at IRQ 10
[    0.497582] ACPI: \_SB_.LNKC: Enabled at IRQ 11
[    0.506232] ACPI: \_SB_.LNKA: Enabled at IRQ 10
[    0.531095] ACPI: \_SB_.LNKD: Enabled at IRQ 11
[    0.548621] Serial: 8250/16550 driver, 4 ports, IRQ sharing disabled
[    0.549432] 00:03: ttyS0 at I/O 0x3f8 (irq = 4, base_baud = 115200) is a 16550A
[    0.611632] loop: module loaded
[    0.612112] tun: Universal TUN/TAP device driver, 1.6
[    0.612919] rtc_cmos 00:04: RTC can wake from S4
[    0.613835] rtc_cmos 00:04: registered as rtc0
[    0.614377] rtc_cmos 00:04: setting system clock to 2026-09-26T03:42:36 UTC (1790394156)
[    0.615284] rtc_cmos 00:04: alarms up to one day, y3k, 242 bytes nvram, hpet irqs
[    0.616099] intel_pstate: CPU model not supported
[    0.616623] hid: raw HID events driver (C) Jiri Kosina
[    0.617585] NET: Registered PF_INET6 protocol family
[    0.618327] Segment Routing with IPv6
[    0.618741] In-situ OAM (IOAM) with IPv6
[    0.619189] NET: Registered PF_PACKET protocol family
[    0.619755] bridge: filtering via arp/ip/ip6tables is no longer available by default. Update your scripts to load br_netfilter if you need this.
[    0.621306] 9pnet: Installing 9P2000 support
[    0.623634] IPI shorthand broadcast: enabled
[    0.625794] sched_clock: Marking stable (622952694, 623355)->(628475418, -4899369)
[    0.626814] registered taskstats version 1
[    0.627365] Loading compiled-in X.509 certificates
[    0.628257] Loaded X.509 cert 'Build time autogenerated kernel key: d1424aba97e5b78a90400dcad095464dbcbd105a'
[    0.630868] Demotion targets for Node 0: null
[    0.631425] Key type .fscrypt registered
[    0.631858] Key type fscrypt-provisioning registered
[    0.632421] ima: No TPM chip found, activating TPM-bypass!
[    0.633022] ima: Allocated hash algorithm: sha256
[    0.633546] ima: No architecture policies found
[    0.634369] clk: Disabling unused clocks
[    0.640349] Freeing unused decrypted memory: 2036K
[    0.641439] Freeing unused kernel image (initmem) memory: 4024K
[    0.641885] Write protecting the kernel read-only data: 32768k
[    0.643425] Freeing unused kernel image (text/rodata gap) memory: 1940K
[    0.644423] Freeing unused kernel image (rodata/data gap) memory: 1740K
[    0.644916] Run /init as init process
[    0.645503] virtme initramfs: loading fuse.ko...
[    0.648094] fuse: module verification failed: signature and/or required key missing - tainting kernel
[    0.652276] fuse: init (API version 7.45)
[    0.653289] virtme initramfs: loading virtiofs.ko...
[    0.654978] virtme initramfs: loading virtio_mmio.ko...
[    0.655829] virtme initramfs: loading serio.ko...
[    0.656641] virtme initramfs: loading i8042.ko...
[    0.658043] i8042: PNP: PS/2 Controller [PNP0303:KBD,PNP0f13:MOU] at 0x60,0x64 irq 1,12
[    0.659235] serio: i8042 KBD port at 0x60,0x64 irq 1
[    0.659593] serio: i8042 AUX port at 0x60,0x64 irq 12
[    0.660075] virtme initramfs: loading libps2.ko...
[    0.660948] virtme initramfs: loading vivaldi-fmap.ko...
[    0.661631] virtme initramfs: loading atkbd.ko...
[    0.662847] input: AT Translated Set 2 keyboard as /devices/platform/i8042/serio0/input/input0
[    0.663554] virtme initramfs: mounting hostfs...
[    0.664239] virtio-fs: tag <ROOTFS> not found
[    0.665056] 9pnet: Limiting 'msize' to 512000 as this is the maximum supported by transport virtio
[    0.670188] virtme initramfs: done; switching to real root
[    0.698398] virtme-ng-init: Setting hostname to virtme-ng...
[    0.728403] virtme-ng-init: running systemd-tmpfiles
[    0.906453] virtme-ng-init: basic initialization done
[    0.915342] virtme-ng-init: you have CONFIG_UEVENT_HELPER on; turn it off
[    0.918158] 9pnet: Limiting 'msize' to 512000 as this is the maximum supported by transport virtio
[    0.939312] virtme-ng-init: Starting systemd-udevd version 255.4-1ubuntu8.17
[    0.941670] virtme-ng-init: triggering udev coldplug
[    1.745944] virtme-ng-init: waiting for udev to settle
[    1.751929] input: Power Button as /devices/platform/LNXPWRBN:00/input/input2
[    1.755322] ACPI: button: Power Button [PWRF]
[    1.770492] SCSI subsystem initialized
[    1.770730] piix4_smbus 0000:00:01.3: SMBus Host Controller at 0x700, revision 0
[    1.777351] i2c i2c-0: Memory type 0x07 not supported yet, not instantiating SPD
[    1.780269] input: VirtualPS/2 VMware VMMouse as /devices/platform/i8042/serio1/input/input4
[    1.783291] input: VirtualPS/2 VMware VMMouse as /devices/platform/i8042/serio1/input/input3
[    1.815508] mousedev: PS/2 mouse device common for all mice
[    1.878539] scsi host0: ata_piix
[    1.879076] scsi host1: ata_piix
[    1.879473] ata1: PATA max MWDMA2 cmd 0x1f0 ctl 0x3f6 bmdma 0xc200 irq 14 lpm-pol 0
[    1.880465] ata2: PATA max MWDMA2 cmd 0x170 ctl 0x376 bmdma 0xc208 irq 15 lpm-pol 0
[    2.051053] ata2: found unknown device (class 0)
[    2.052732] ata2.00: ATAPI: QEMU DVD-ROM, 2.5+, max UDMA/100
[    2.055682] scsi 1:0:0:0: CD-ROM            QEMU     QEMU DVD-ROM     2.5+ PQ: 0 ANSI: 5
[    2.187616] scsi 1:0:0:0: Attached scsi generic sg0 type 5
[    2.331992] sr 1:0:0:0: [sr0] scsi3-mmc drive: 4x/4x cd/rw xa/form2 tray
[    2.332514] cdrom: Uniform CD-ROM driver Revision: 3.20
[    4.065564] virtme-ng-init: udev is done
[    4.067539] virtme-ng-init: starting script
[    4.313764] loop0: detected capacity change from 0 to 134217728
[    4.320327] EXT4-fs (loop0): mounted filesystem b82bbf86-5ea4-40ed-8001-48faadf9b17d r/w with ordered data mode. Quota mode: none.
[    7.014391] Initializing XFRM netlink socket
[   44.342152] bpf_x86_alu: loading out-of-tree module taints kernel.
[   54.553879] eth0: renamed from lxcbench0p
[   56.334282] eth0: renamed from lxcbench1p
[   56.498921] pktgen: no symbol version for set_freezable
[   56.500569] pktgen: Packet Generator for packet performance testing. Version: 2.75
[  348.973656] eth0: renamed from lxcbench0p
[  353.843708] eth0: renamed from lxcbench1p
[  602.556840] ACPI: PM: Preparing to enter system sleep state S5
[  602.557350] kvm: exiting hardware virtualization
[  602.557762] reboot: Power down
