WARNING: No swap limit support
WARNING: IPv4 forwarding is disabled
Loaded image: bpf-benchmark/runner-runtime:x86_64
WARNING: IPv4 forwarding is disabled. Networking will not work.
_DISK_SIZE:-64G}" /var/tmp/bpf-benchmark-docker.img
mkfs.ext4 -F -q /var/tmp/bpf-benchmark-docker.img
mount -o loop,discard /var/tmp/bpf-benchmark-docker.img /run/bpf-benchmark-docker
dockerd --data-root /run/bpf-benchmark-docker/data --exec-root /run/bpf-benchmark-docker/exec --pidfile /run/bpf-benchmark-docker/docker.pid --host unix:///run/docker.sock --bridge=none --iptables=false --ip-masq=false --ip-forward=false >/run/bpf-benchmark-docker/dockerd.log 2>&1 &
for _ in 1 2 3 4 5 6 7 8 9 10; do docker info >/dev/null 2>&1 && break; sleep 1; done
docker info >/dev/null
install -d "/workspaces/repository/corpus/results"
"/workspaces/repository/runner/scripts/bpfrejit-install" --image "bpf-benchmark/runner-runtime:x86_64" "/workspaces/repository/.cache/container-images/x86_64-runner-runtime.image.tar"
docker run --rm --privileged --pid=host --network=host --ipc=host --cgroupns=host -e BPFREJIT_INSIDE_RUNTIME_CONTAINER=1 -e HOME=/root -e TARGET="x86-kvm" -e RUN_TARGET_NAME="x86-kvm" -e RUN_TOKEN="e12f7d9d" -e RUN_TARGET_ARCH="x86_64" -e RUN_EXECUTOR="kvm" -e RUN_REMOTE_PYTHON_BIN="python3" -e RUN_RUNTIME_PYTHON_BIN="python3" -e RUN_BPFTOOL_BIN="bpftool" -e RUN_NATIVE_REPOS_CSV="bcc,katran,tracee,tetragon" -e SAMPLES="3"      -e FUZZ_ROUNDS="1000"  -e WORKLOAD_DURATION="60" -e KEEP_WORKDIRS="1" -e BPFREJIT_BENCH_PASSES="," -e BPFREJIT_CORPUS_APPS="tracee/monitor" -e SKIP_REJIT="norejit"          -e MERLIN_COMPILETIME_MODE="none"                    -w "/workspaces/repository" -v /sys:/sys -v /sys/fs/bpf:/sys/fs/bpf -v /sys/kernel/debug:/sys/kernel/debug -v /lib/modules:/lib/modules:ro -v /boot:/boot:ro -v "/workspaces/repository/corpus/results:/workspaces/repository/corpus/results" "bpf-benchmark/runner-runtime:x86_64" python3 -m corpus.driver
{"active_env_keys": ["BPFREJIT_NATIVE_LOADER_REQUIRE_PREBUILT_PROOF", "BPFREJIT_NATIVE_LOADER_SO"], "event": "native_loader_mode", "post_only": false, "saved_env_keys": ["BPFREJIT_NATIVE_LOADER_REQUIRE_PREBUILT_PROOF", "BPFREJIT_NATIVE_LOADER_SO"]}
{"app": "tracee/monitor", "event": "app_start", "runner": "tracee", "workload": "stress_ng_tracee_syscall_hot"}
{"app": "tracee/monitor", "event": "phase_start", "phase": "baseline_start", "runner": "tracee", "workload": "stress_ng_tracee_syscall_hot"}
{"active_env_keys": ["BPFREJIT_NATIVE_LOADER_REQUIRE_PREBUILT_PROOF", "BPFREJIT_NATIVE_LOADER_SO"], "app": "tracee/monitor", "event": "native_loader_phase_env", "phase": "baseline_start", "runner": "tracee", "temporary_set_keys": ["BPFREJIT_SHIM_LOADTIME_PLAN", "BPFREJIT_SHIM_LOG"], "temporary_unset_keys": []}
{"child_native_env_keys": [], "event": "tracee_start", "explicit_native_env_keys": [], "parent_native_env_keys": ["BPFREJIT_NATIVE_LOADER_REQUIRE_PREBUILT_PROOF", "BPFREJIT_NATIVE_LOADER_SO"], "pid": 1940}
{"app": "tracee/monitor", "event": "phase_done", "phase": "baseline_start", "runner": "tracee", "status": "ok"}
{"app": "tracee/monitor", "event": "measurement_start", "phase": "baseline", "runner": "tracee", "samples": 3, "workload": "stress_ng_tracee_syscall_hot"}
{"app": "tracee/monitor", "event": "measurement_done", "phase": "baseline", "runner": "tracee", "status": "ok"}
{"app": "tracee/monitor", "event": "phase_start", "phase": "baseline_stop", "runner": "tracee"}
{"child_native_env_keys": [], "event": "tracee_stop", "mode": "kill", "parent_native_env_keys": ["BPFREJIT_NATIVE_LOADER_REQUIRE_PREBUILT_PROOF", "BPFREJIT_NATIVE_LOADER_SO"], "pid": 1940, "step": "pre_signal_env"}
{"event": "tracee_stop", "mode": "kill", "pid": 1940, "signal": "SIGKILL", "step": "send_signal"}
{"event": "tracee_stop", "mode": "kill", "pid": 1940, "signal": "SIGKILL", "step": "signal_sent"}
{"event": "tracee_stop", "mode": "kill", "pid": 1940, "returncode": -9, "step": "wait_done"}
{"app": "tracee/monitor", "event": "phase_step", "phase": "baseline_stop", "runner": "tracee", "step": "runner_stop_done"}
{"app": "tracee/monitor", "event": "phase_step", "phase": "baseline_stop", "runner": "tracee", "step": "quiesce_start"}
{"app": "tracee/monitor", "event": "phase_step", "phase": "baseline_stop", "runner": "tracee", "step": "quiesce_done"}
{"app": "tracee/monitor", "event": "phase_step", "phase": "baseline_stop", "runner": "tracee", "step": "bpf_stats_disabled"}
{"app": "tracee/monitor", "event": "phase_done", "phase": "baseline_stop", "runner": "tracee", "status": "ok"}
{"active_env_keys": ["BPFREJIT_NATIVE_LOADER_REQUIRE_PREBUILT_PROOF", "BPFREJIT_NATIVE_LOADER_SO"], "app": "tracee/monitor", "event": "native_loader_phase_env", "phase": "post_rejit_start", "runner": "tracee", "temporary_set_keys": ["BPFREJIT_REPO_ROOT", "BPFREJIT_SHIM_LOADTIME_PLAN", "BPFREJIT_SHIM_LOG"], "temporary_unset_keys": []}
{"app": "tracee/monitor", "event": "rejit_skipped", "runner": "tracee"}
{"app": "tracee/monitor", "event": "phase_start", "phase": "post_rejit_start", "runner": "tracee", "workload": "stress_ng_tracee_syscall_hot"}
{"child_native_env_keys": [], "event": "tracee_start", "explicit_native_env_keys": [], "parent_native_env_keys": ["BPFREJIT_NATIVE_LOADER_REQUIRE_PREBUILT_PROOF", "BPFREJIT_NATIVE_LOADER_SO"], "pid": 12728}
{"app": "tracee/monitor", "event": "phase_done", "phase": "post_rejit_start", "runner": "tracee", "status": "ok"}
{"app": "tracee/monitor", "event": "measurement_start", "phase": "post_rejit", "runner": "tracee", "samples": 3, "workload": "stress_ng_tracee_syscall_hot"}
{"app": "tracee/monitor", "event": "measurement_done", "phase": "post_rejit", "runner": "tracee", "status": "ok"}
{"app": "tracee/monitor", "event": "phase_start", "phase": "post_rejit_stop", "runner": "tracee"}
{"child_native_env_keys": [], "event": "tracee_stop", "mode": "kill", "parent_native_env_keys": ["BPFREJIT_NATIVE_LOADER_REQUIRE_PREBUILT_PROOF", "BPFREJIT_NATIVE_LOADER_SO"], "pid": 12728, "step": "pre_signal_env"}
{"event": "tracee_stop", "mode": "kill", "pid": 12728, "signal": "SIGKILL", "step": "send_signal"}
{"event": "tracee_stop", "mode": "kill", "pid": 12728, "signal": "SIGKILL", "step": "signal_sent"}
{"event": "tracee_stop", "mode": "kill", "pid": 12728, "returncode": -9, "step": "wait_done"}
{"app": "tracee/monitor", "event": "phase_step", "phase": "post_rejit_stop", "runner": "tracee", "step": "runner_stop_done"}
{"app": "tracee/monitor", "event": "phase_step", "phase": "post_rejit_stop", "runner": "tracee", "step": "quiesce_start"}
{"app": "tracee/monitor", "event": "phase_step", "phase": "post_rejit_stop", "runner": "tracee", "step": "quiesce_done"}
{"app": "tracee/monitor", "event": "phase_step", "phase": "post_rejit_stop", "runner": "tracee", "step": "bpf_stats_disabled"}
{"app": "tracee/monitor", "event": "phase_done", "phase": "post_rejit_stop", "runner": "tracee", "status": "ok"}
{"app": "tracee/monitor", "error": "", "event": "app_done", "status": "ok"}
{
  "status": "ok",
  "artifact_run_dir": "/workspaces/repository/corpus/results/x86_kvm_corpus_20260926_061150_119248",
  "artifact_metadata": "/workspaces/repository/corpus/results/x86_kvm_corpus_20260926_061150_119248/metadata.json"
}
make: Leaving directory '/workspaces/repository'
y: [mem 0xbffdf000-0xffffffff]
[    0.040237] [gap 0xc0000000-0xfeffbfff] available for PCI devices
[    0.040873] Booting paravirtualized kernel on KVM
[    0.041366] clocksource: refined-jiffies: mask: 0xffffffff max_cycles: 0xffffffff, max_idle_ns: 19112604462750000 ns
[    0.046783] Zone ranges:
[    0.047090]   DMA      [mem 0x0000000000001000-0x0000000000ffffff]
[    0.047743]   DMA32    [mem 0x0000000001000000-0x00000000ffffffff]
[    0.048389]   Normal   [mem 0x0000000100000000-0x000000103fffffff]
[    0.049034]   Device   empty
[    0.049336] Movable zone start for each node
[    0.049780] Early memory node ranges
[    0.050152]   node   0: [mem 0x0000000000001000-0x000000000009efff]
[    0.050807]   node   0: [mem 0x0000000000100000-0x00000000bffdefff]
[    0.051462]   node   0: [mem 0x0000000100000000-0x000000103fffffff]
[    0.052116] Initmem setup node 0 [mem 0x0000000000001000-0x000000103fffffff]
[    0.053012] On node 0, zone DMA: 1 pages in unavailable ranges
[    0.053634] On node 0, zone DMA: 97 pages in unavailable ranges
[    0.058734] On node 0, zone Normal: 33 pages in unavailable ranges
[    0.059422] setup_percpu: NR_CPUS:8192 nr_cpumask_bits:8 nr_cpu_ids:8 nr_node_ids:1
[    0.060511] percpu: Embedded 61 pages/cpu s212992 r8192 d28672 u262144
[    0.061234] kvm-guest: PV spinlocks enabled
[    0.061746] PV qspinlock hash table entries: 256 (order: 0, 4096 bytes, linear)
[    0.062525] Kernel command line: virtme_hostname=virtme-ng nr_open=1048576 virtme_link_mods=/workspaces/repository/vendor/build/x86/linux/.virtme_mods/lib/modules/0.0.0 virtme_initmount0=workspaces/repository virtme_rw_overlay0=/etc virtme_rw_overlay1=/lib virtme_rw_overlay2=/home virtme_rw_overlay3=/opt virtme_rw_overlay4=/srv virtme_rw_overlay5=/usr virtme_rw_overlay6=/var virtme_rw_overlay7=/tmp virtme_console=ttyS0 console=ttyS0 earlyprintk=serial,ttyS0,115200 panic=-1 \
[    0.066985] Kernel command line: virtme.exec=`bWFrZSAtQyAvd29ya3NwYWNlcy9yZXBvc2l0b3J5IF9fcnVudGltZS12bS1jb3JwdXMgVEFSR0VUPSd4ODYta3ZtJyBSVU5fVEFSR0VUX05BTUU9J3g4Ni1rdm0nIFJVTl9UQVJHRVRfQVJDSD0neDg2XzY0JyBSVU5fRVhFQ1VUT1I9J2t2bScgUlVOVElNRV9DT05UQUlORVJfSU1BR0U9J2JwZi1iZW5jaG1hcmsvcnVubmVyLXJ1bnRpbWU6eDg2XzY0JyBSVU5USU1FX0lNQUdFX1RBUj0nL3dvcmtzcGFjZXMvcmVwb3NpdG9yeS8uY2FjaGUvY29udGFpbmVyLWltYWdlcy94ODZfNjQtcnVubmVyLXJ1bnRpbWUuaW1hZ2UudGFyJyBSVU5fUkVNT1RFX1BZVEhPTl9CSU49J3B5dGhvbjMnIFJVTl9SVU5USU1FX1BZVEhPTl9CSU49J3B5dGhvbjMnIFJVTl9CUEZUT09MX0JJTj0nYnBmdG9vbCcgUlVOX05BVElWRV9SRVBPU19DU1Y9J2JjYyxrYXRyYW4sdHJhY2VlLHRldHJhZ29uJyBSVU5fVE9LRU49J2UxMmY3ZDlkJyBTQU1QTEVTPSczJyAgICAgIEZVWlpfUk9VTkRTPScxMDAwJyAgV09SS0xPQURfRFVSQVRJT049JzYwJyBLRUVQX1dPUktESVJTPScxJyBCUEZSRUpJVF9CRU5DSF9QQVNTRVM9JywnIEJQRlJFSklUX0NPUlBVU19BUFBTPSd0cmFjZWUvbW9uaXRvcicgU0tJUF9SRUpJVD0nbm9yZWppdCcgICAgICAgICAgTUVSTElOX0NPTVBJTEVUSU1FX01PREU9J25vbmUnICAgICAgICAgICAgICAgICAgIA==` virtme_chdir=workspaces/repository virtme_root_user=1 debug loglevel=7 \
[    0.076526] Kernel command line: panic=30 oops=panic init=/opt/virtme-ng/lib/python3.12/site-packages/virtme/guest/bin/virtme-ng-init
[    0.077978] Unknown kernel command line parameters "virtme_hostname=virtme-ng nr_open=1048576 virtme_link_mods=/workspaces/repository/vendor/build/x86/linux/.virtme_mods/lib/modules/0.0.0 virtme_initmount0=workspaces/repository virtme_rw_overlay0=/etc virtme_rw_overlay1=/lib virtme_rw_overlay2=/home virtme_rw_overlay3=/opt virtme_rw_overlay4=/srv virtme_rw_overlay5=/usr virtme_rw_overlay6=/var virtme_rw_overlay7=/tmp virtme_console=ttyS0 virtme_chdir=workspaces/repository virtme_root_user=1", will be passed to user space.
[    0.082887] random: crng init done
[    0.083244] printk: log buffer data + meta data: 2097152 + 7340032 = 9437184 bytes
[    0.090903] Dentry cache hash table entries: 8388608 (order: 14, 67108864 bytes, linear)
[    0.094837] Inode-cache hash table entries: 4194304 (order: 13, 33554432 bytes, linear)
[    0.095814] software IO TLB: area num 8.
[    0.107492] Fallback order for Node 0: 0
[    0.107496] Built 1 zonelists, mobility grouping on.  Total pages: 16777085
[    0.108669] Policy zone: Normal
[    0.108995] mem auto-init: stack:off, heap alloc:off, heap free:off
[    0.121511] SLUB: HWalign=64, Order=0-3, MinObjects=0, CPUs=8, Nodes=1
Poking KASLR using RDRAND RDTSC...
[    0.129655] ftrace: allocating 51964 entries in 204 pages
[    0.130210] ftrace: allocated 204 pages with 4 groups
[    0.131137] Dynamic Preempt: lazy
[    0.131636] rcu: Preemptible hierarchical RCU implementation.
[    0.132222] rcu: 	RCU restricting CPUs from NR_CPUS=8192 to nr_cpu_ids=8.
[    0.132913] 	Trampoline variant of Tasks RCU enabled.
[    0.133428] 	Rude variant of Tasks RCU enabled.
[    0.133886] 	Tracing variant of Tasks RCU enabled.
[    0.134390] rcu: RCU calculated value of scheduler-enlistment delay is 10 jiffies.
[    0.135159] rcu: Adjusting geometry for rcu_fanout_leaf=16, nr_cpu_ids=8
[    0.135845] RCU Tasks: Setting shift to 3 and lim to 1 rcu_task_cb_adjust=1 rcu_task_cpu_ids=8.
[    0.136736] RCU Tasks Rude: Setting shift to 3 and lim to 1 rcu_task_cb_adjust=1 rcu_task_cpu_ids=8.
[    0.140320] NR_IRQS: 524544, nr_irqs: 488, preallocated irqs: 16
[    0.141118] rcu: srcu_init: Setting srcu_struct sizes based on contention.
[    0.141948] Console: colour *CGA 80x25
[    0.142361] printk: legacy console [ttyS0] enabled
[    0.142361] printk: legacy console [ttyS0] enabled
[    0.143350] printk: legacy bootconsole [earlyser0] disabled
[    0.143350] printk: legacy bootconsole [earlyser0] disabled
[    0.144512] ACPI: Core revision 20251212
[    0.145040] clocksource: hpet: mask: 0xffffffff max_cycles: 0xffffffff, max_idle_ns: 19112604467 ns
[    0.146081] APIC: Switch to symmetric I/O mode setup
[    0.146769] x2apic enabled
[    0.147248] APIC: Switched APIC routing to: physical x2apic
[    0.147833] kvm-guest: APIC: send_IPI_mask() replaced with kvm_send_ipi_mask()
[    0.148586] kvm-guest: APIC: send_IPI_mask_allbutself() replaced with kvm_send_ipi_mask_allbutself()
[    0.149567] kvm-guest: setup PV IPIs
[    0.150632] ..TIMER: vector=0x30 apic1=0 pin1=2 apic2=-1 pin2=-1
[    0.151276] clocksource: tsc-early: mask: 0xffffffffffffffff max_cycles: 0x6a464ae9873, max_idle_ns: 881590529744 ns
[    0.152365] Calibrating delay loop (skipped) preset value.. 7372.80 BogoMIPS (lpj=36864000)
[    0.153372] x86/cpu: User Mode Instruction Prevention (UMIP) activated
[    0.154108] Last level iTLB entries: 4KB 0, 2MB 0, 4MB 0
[    0.154665] Last level dTLB entries: 4KB 0, 2MB 0, 4MB 0, 1GB 0
[    0.155305] mitigations: Enabled attack vectors: user_kernel, user_user, guest_host, guest_guest, SMT mitigations: auto
[    0.162367] Speculative Store Bypass: Mitigation: Speculative Store Bypass disabled via prctl
[    0.163272] Spectre V2 : Mitigation: Enhanced / Automatic IBRS
[    0.163878] ITS: Mitigation: Aligned branch/return thunks
[    0.164443] Spectre V1 : Mitigation: usercopy/swapgs barriers and __user pointer sanitization
[    0.165331] Spectre V2 : mitigation: Enabling conditional Indirect Branch Prediction Barrier
[    0.166207] active return thunk: its_return_thunk
[    0.166721] Spectre V2 : Spectre BHI mitigation: SW BHB clearing on syscall and VM exit
[    0.167567] x86/fpu: Supporting XSAVE feature 0x001: 'x87 floating point registers'
[    0.168377] x86/fpu: Supporting XSAVE feature 0x002: 'SSE registers'
[    0.169047] x86/fpu: Supporting XSAVE feature 0x004: 'AVX registers'
[    0.169720] x86/fpu: Supporting XSAVE feature 0x200: 'Protection Keys User registers'
[    0.170565] x86/fpu: xstate_offset[2]:  576, xstate_sizes[2]:  256
[    0.171221] x86/fpu: xstate_offset[9]:  832, xstate_sizes[9]:    8
[    0.171875] x86/fpu: Enabled xstate features 0x207, context size is 840 bytes, using 'compacted' format.
[    0.185463] Freeing SMP alternatives memory: 48K
[    0.185968] pid_max: default: 32768 minimum: 301
[    0.186554] landlock: Up and running.
[    0.186947] Yama: becoming mindful.
[    0.187326] SELinux:  Initializing.
[    0.187890] LSM support for eBPF active
[    0.188394] Mount-cache hash table entries: 131072 (order: 8, 1048576 bytes, linear)
[    0.189372] Mountpoint-cache hash table entries: 131072 (order: 8, 1048576 bytes, linear)
[    0.190294] VFS: Finished mounting rootfs on nullfs
[    0.191030] smpboot: CPU0: Intel(R) Core(TM) Ultra 9 285K (family: 0x6, model: 0xc6, stepping: 0x2)
[    0.192117] Performance Events: unsupported CPU family 6 model 198 no PMU driver, software events only.
[    0.192363] signal: max sigframe size: 3632
[    0.192363] rcu: Hierarchical SRCU implementation.
[    0.192363] rcu: 	Max phase no-delay instances is 1000.
[    0.192363] Timer migration: 1 hierarchy levels; 8 children per group; 1 crossnode level
[    0.192363] smp: Bringing up secondary CPUs ...
[    0.192363] smpboot: x86: Booting SMP configuration:
[    0.192363] .... node  #0, CPUs:      #1 #2 #3 #4 #5 #6 #7
[    0.192402] smp: Brought up 1 node, 8 CPUs
[    0.193439] smpboot: Total of 8 processors activated (58982.40 BogoMIPS)
[    0.222374] node 0 deferred pages initialised in 30ms
[    0.226621] Memory: 65808680K/67108340K available (16491K kernel code, 9695K rwdata, 12596K rodata, 4024K init, 7316K bss, 1288220K reserved, 0K cma-reserved)
[    0.232918] devtmpfs: initialized
[    0.232918] x86/mm: Memory block size: 1024MB
[    0.233816] clocksource: jiffies: mask: 0xffffffff max_cycles: 0xffffffff, max_idle_ns: 19112604462750000 ns
[    0.233816] posixtimers hash table entries: 4096 (order: 4, 65536 bytes, linear)
[    0.234259] futex hash table entries: 2048 (131072 bytes on 1 NUMA nodes, total 128 KiB, linear).
[    0.235909] NET: Registered PF_NETLINK/PF_ROUTE protocol family
[    0.236671] DMA: preallocated 4096 KiB GFP_KERNEL pool for atomic allocations
[    0.237448] DMA: preallocated 4096 KiB GFP_KERNEL|GFP_DMA pool for atomic allocations
[    0.238287] DMA: preallocated 4096 KiB GFP_KERNEL|GFP_DMA32 pool for atomic allocations
[    0.239137] audit: initializing netlink subsys (disabled)
[    0.239719] audit: type=2000 audit(1790403066.376:1): state=initialized audit_enabled=0 res=1
[    0.242594] thermal_sys: Registered thermal governor 'fair_share'
[    0.244278] thermal_sys: Registered thermal governor 'step_wise'
[    0.244932] thermal_sys: Registered thermal governor 'user_space'
[    0.245575] cpuidle: using governor ladder
[    0.245575] cpuidle: using governor menu
[    0.245575] acpiphp: ACPI Hot Plug PCI Controller Driver version: 0.5
[    0.245575] PCI: Using configuration type 1 for base access
[    0.245575] kprobes: kprobe jump-optimization is enabled. All kprobes are optimized if possible.
[    0.245575] HugeTLB: registered 1.00 GiB page size, pre-allocated 0 pages
[    0.245575] HugeTLB: 16380 KiB vmemmap can be freed for a 1.00 GiB page
[    0.252367] HugeTLB: registered 2.00 MiB page size, pre-allocated 0 pages
[    0.253082] HugeTLB: 28 KiB vmemmap can be freed for a 2.00 MiB page
[    0.253837] ACPI: Added _OSI(Module Device)
[    0.253984] ACPI: Added _OSI(Processor Device)
[    0.254461] ACPI: Added _OSI(Processor Aggregator Device)
[    0.255298] ACPI: 1 ACPI AML tables successfully acquired and loaded
[    0.262385] ACPI: \_SB_: platform _OSC: OS support mask [00227eff]
[    0.263159] ACPI: Interpreter enabled
[    0.263567] ACPI: PM: (supports S0 S4 S5)
[    0.272368] ACPI: Using IOAPIC for interrupt routing
[    0.272907] PCI: Using host bridge windows from ACPI; if necessary, use "pci=nocrs" and report a bug
[    0.273870] PCI: Using E820 reservations for host bridge windows
[    0.274562] ACPI: Enabled 2 GPEs in block 00 to 0F
[    0.276338] ACPI: PCI Root Bridge [PCI0] (domain 0000 [bus 00-ff])
[    0.277000] acpi PNP0A03:00: _OSC: OS supports [ASPM ClockPM Segments MSI HPX-Type3]
[    0.277817] acpi PNP0A03:00: _OSC: not requesting OS control; OS requires [ExtendedConfig ASPM ClockPM MSI]
[    0.278869] acpi PNP0A03:00: _OSC: platform retains control of PCIe features (AE_ERROR)
[    0.279718] acpi PNP0A03:00: fail to add MMCONFIG information, can't access extended configuration space under this bridge
[    0.281084] acpiphp: Slot [2] registered
[    0.281542] acpiphp: Slot [3] registered
[    0.281976] acpiphp: Slot [4] registered
[    0.282377] acpiphp: Slot [5] registered
[    0.282856] acpiphp: Slot [6] registered
[    0.283287] acpiphp: Slot [7] registered
[    0.283718] acpiphp: Slot [8] registered
[    0.284167] acpiphp: Slot [9] registered
[    0.284616] acpiphp: Slot [10] registered
[    0.285057] acpiphp: Slot [11] registered
[    0.285534] acpiphp: Slot [12] registered
[    0.285979] acpiphp: Slot [13] registered
[    0.286421] acpiphp: Slot [14] registered
[    0.286861] acpiphp: Slot [15] registered
[    0.287320] acpiphp: Slot [16] registered
[    0.287766] acpiphp: Slot [17] registered
[    0.288206] acpiphp: Slot [18] registered
[    0.288654] acpiphp: Slot [19] registered
[    0.289094] acpiphp: Slot [20] registered
[    0.289583] acpiphp: Slot [21] registered
[    0.290024] acpiphp: Slot [22] registered
[    0.290475] acpiphp: Slot [23] registered
[    0.290961] acpiphp: Slot [24] registered
[    0.291400] acpiphp: Slot [25] registered
[    0.291840] acpiphp: Slot [26] registered
[    0.292282] acpiphp: Slot [27] registered
[    0.292376] acpiphp: Slot [28] registered
[    0.292819] acpiphp: Slot [29] registered
[    0.293258] acpiphp: Slot [30] registered
[    0.293752] acpiphp: Slot [31] registered
[    0.294192] PCI host bridge to bus 0000:00
[    0.294646] pci_bus 0000:00: root bus resource [io  0x0000-0x0cf7 window]
[    0.295367] pci_bus 0000:00: root bus resource [io  0x0d00-0xffff window]
[    0.296086] pci_bus 0000:00: root bus resource [mem 0x000a0000-0x000bffff window]
[    0.296876] pci_bus 0000:00: root bus resource [mem 0xc0000000-0xfebfffff window]
[    0.297665] pci_bus 0000:00: root bus resource [mem 0x380000000000-0x38007fffffff window]
[    0.298529] pci_bus 0000:00: root bus resource [bus 00-ff]
[    0.299149] pci 0000:00:00.0: [8086:1237] type 00 class 0x060000 conventional PCI endpoint
[    0.300471] pci 0000:00:01.0: [8086:7000] type 00 class 0x060100 conventional PCI endpoint
[    0.301860] pci 0000:00:01.1: [8086:7010] type 00 class 0x010180 conventional PCI endpoint
[    0.303100] pci 0000:00:01.1: BAR 4 [io  0xc200-0xc20f]
[    0.303694] pci 0000:00:01.1: BAR 0 [io  0x01f0-0x01f7]: legacy IDE quirk
[    0.304415] pci 0000:00:01.1: BAR 1 [io  0x03f6]: legacy IDE quirk
[    0.305067] pci 0000:00:01.1: BAR 2 [io  0x0170-0x0177]: legacy IDE quirk
[    0.305785] pci 0000:00:01.1: BAR 3 [io  0x0376]: legacy IDE quirk
[    0.306582] pci 0000:00:01.3: [8086:7113] type 00 class 0x068000 conventional PCI endpoint
[    0.307964] pci 0000:00:01.3: quirk: [io  0x0600-0x063f] claimed by PIIX4 ACPI
[    0.308745] pci 0000:00:01.3: quirk: [io  0x0700-0x070f] claimed by PIIX4 SMB
[    0.309814] pci 0000:00:02.0: [1af4:1009] type 00 class 0x000200 conventional PCI endpoint
[    0.311777] pci 0000:00:02.0: BAR 0 [io  0xc000-0xc03f]
[    0.312347] pci 0000:00:02.0: BAR 1 [mem 0xfebf7000-0xfebf7fff]
[    0.312395] pci 0000:00:02.0: BAR 4 [mem 0x380000000000-0x380000003fff 64bit pref]
[    0.314053] pci 0000:00:03.0: [1af4:1009] type 00 class 0x000200 conventional PCI endpoint
[    0.316394] pci 0000:00:03.0: BAR 0 [io  0xc040-0xc07f]
[    0.316962] pci 0000:00:03.0: BAR 1 [mem 0xfebf8000-0xfebf8fff]
[    0.318054] pci 0000:00:03.0: BAR 4 [mem 0x380000004000-0x380000007fff 64bit pref]
[    0.319591] pci 0000:00:04.0: [8086:25ab] type 00 class 0x088000 conventional PCI endpoint
[    0.320985] pci 0000:00:04.0: BAR 0 [mem 0xfebf9000-0xfebf900f]
[    0.322078] pci 0000:00:05.0: [1af4:1003] type 00 class 0x078000 conventional PCI endpoint
[    0.323370] pci 0000:00:05.0: BAR 0 [io  0xc080-0xc0bf]
[    0.323983] pci 0000:00:05.0: BAR 1 [mem 0xfebfa000-0xfebfafff]
[    0.324638] pci 0000:00:05.0: BAR 4 [mem 0x380000008000-0x38000000bfff 64bit pref]
[    0.326221] pci 0000:00:06.0: [1af4:1003] type 00 class 0x078000 conventional PCI endpoint
[    0.328179] pci 0000:00:06.0: BAR 0 [io  0xc0c0-0xc0ff]
[    0.328742] pci 0000:00:06.0: BAR 1 [mem 0xfebfb000-0xfebfbfff]
[    0.329399] pci 0000:00:06.0: BAR 4 [mem 0x38000000c000-0x38000000ffff 64bit pref]
[    0.330984] pci 0000:00:07.0: [1af4:1003] type 00 class 0x078000 conventional PCI endpoint
[    0.333169] pci 0000:00:07.0: BAR 0 [io  0xc100-0xc13f]
[    0.333737] pci 0000:00:07.0: BAR 1 [mem 0xfebfc000-0xfebfcfff]
[    0.334392] pci 0000:00:07.0: BAR 4 [mem 0x380000010000-0x380000013fff 64bit pref]
[    0.336003] pci 0000:00:08.0: [1af4:1003] type 00 class 0x078000 conventional PCI endpoint
[    0.338499] pci 0000:00:08.0: BAR 0 [io  0xc140-0xc17f]
[    0.339077] pci 0000:00:08.0: BAR 1 [mem 0xfebfd000-0xfebfdfff]
[    0.339731] pci 0000:00:08.0: BAR 4 [mem 0x380000014000-0x380000017fff 64bit pref]
[    0.341354] pci 0000:00:09.0: [1af4:1003] type 00 class 0x078000 conventional PCI endpoint
[    0.342859] pci 0000:00:09.0: BAR 0 [io  0xc180-0xc1bf]
[    0.343427] pci 0000:00:09.0: BAR 1 [mem 0xfebfe000-0xfebfefff]
[    0.344090] pci 0000:00:09.0: BAR 4 [mem 0x380000018000-0x38000001bfff 64bit pref]
[    0.345726] pci 0000:00:0a.0: [1af4:1003] type 00 class 0x078000 conventional PCI endpoint
[    0.347399] pci 0000:00:0a.0: BAR 0 [io  0xc1c0-0xc1ff]
[    0.348437] pci 0000:00:0a.0: BAR 1 [mem 0xfebff000-0xfebfffff]
[    0.349113] pci 0000:00:0a.0: BAR 4 [mem 0x38000001c000-0x38000001ffff 64bit pref]
[    0.352815] ACPI: PCI: Interrupt link LNKA configured for IRQ 10
[    0.353564] ACPI: PCI: Interrupt link LNKB configured for IRQ 10
[    0.354268] ACPI: PCI: Interrupt link LNKC configured for IRQ 11
[    0.354967] ACPI: PCI: Interrupt link LNKD configured for IRQ 11
[    0.355634] ACPI: PCI: Interrupt link LNKS configured for IRQ 9
[    0.356565] iommu: Default domain type: Translated
[    0.356565] iommu: DMA domain TLB invalidation policy: lazy mode
[    0.356565] pps_core: LinuxPPS API ver. 1 registered
[    0.356565] pps_core: Software ver. 5.3.6 - Copyright 2005-2007 Rodolfo Giometti <giometti@linux.it>
[    0.356565] PTP clock support registered
[    0.356565] EDAC MC: Ver: 3.0.0
[    0.362498] NetLabel: Initializing
[    0.362925] NetLabel:  domain hash size = 128
[    0.363391] NetLabel:  protocols = UNLABELED CIPSOv4 CALIPSO
[    0.364000] NetLabel:  unlabeled traffic allowed by default
[    0.364596] PCI: Using ACPI for IRQ routing
[    0.365232] e820: register RAM buffer resource [mem 0x0009fc00-0x0009ffff]
[    0.365960] e820: register RAM buffer resource [mem 0xbffdf000-0xbfffffff]
[    0.366695] hpet0: at MMIO 0xfed00000, IRQs 2, 8, 0
[    0.366695] hpet0: 3 comparators, 64-bit 100.000000 MHz counter
[    0.366845] clocksource: Switched to clocksource kvm-clock
[    0.367525] VFS: Disk quotas dquot_6.6.0
[    0.367525] VFS: Dquot-cache hash table entries: 512 (order 0, 4096 bytes)
[    0.367525] netfs: FS-Cache loaded
[    0.367525] pnp: PnP ACPI init
[    0.367525] pnp: PnP ACPI: found 5 devices
[    0.371800] clocksource: acpi_pm: mask: 0xffffff max_cycles: 0xffffff, max_idle_ns: 2085701024 ns
[    0.372777] NET: Registered PF_INET protocol family
[    0.373482] IP idents hash table entries: 262144 (order: 9, 2097152 bytes, linear)
[    0.383482] tcp_listen_portaddr_hash hash table entries: 32768 (order: 7, 524288 bytes, linear)
[    0.384434] Table-perturb hash table entries: 65536 (order: 6, 262144 bytes, linear)
[    0.385287] TCP established hash table entries: 524288 (order: 10, 4194304 bytes, linear)
[    0.386668] TCP bind hash table entries: 65536 (order: 9, 2097152 bytes, linear)
[    0.387716] TCP: Hash tables configured (established 524288 bind 65536)
[    0.388672] MPTCP token hash table entries: 65536 (order: 9, 1572864 bytes, linear)
[    0.389582] UDP hash table entries: 32768 (order: 9, 2097152 bytes, linear)
[    0.390646] UDP-Lite hash table entries: 32768 (order: 9, 2097152 bytes, linear)
[    0.391712] NET: Registered PF_UNIX/PF_LOCAL protocol family
[    0.392319] NET: Registered PF_XDP protocol family
[    0.392839] pci_bus 0000:00: resource 4 [io  0x0000-0x0cf7 window]
[    0.393493] pci_bus 0000:00: resource 5 [io  0x0d00-0xffff window]
[    0.394148] pci_bus 0000:00: resource 6 [mem 0x000a0000-0x000bffff window]
[    0.394890] pci_bus 0000:00: resource 7 [mem 0xc0000000-0xfebfffff window]
[    0.395615] pci_bus 0000:00: resource 8 [mem 0x380000000000-0x38007fffffff window]
[    0.396437] pci 0000:00:01.0: PIIX3: Enabling Passive Release
[    0.397106] pci 0000:00:00.0: Limiting direct PCI/PCI transfers
[    0.397927] PCI: CLS 0 bytes, default 64
[    0.398388] PCI-DMA: Using software bounce buffering for IO (SWIOTLB)
[    0.398533] Trying to unpack rootfs image as initramfs...
[    0.399072] software IO TLB: mapped [mem 0x00000000bb36b000-0x00000000bf36b000] (64MB)
[    0.401228] clocksource: tsc: mask: 0xffffffffffffffff max_cycles: 0x6a464ae9873, max_idle_ns: 881590529744 ns
[    0.404785] Freeing initrd memory: 12692K
[    0.408751] Initialise system trusted keyrings
[    0.409242] Key type blacklist registered
[    0.409728] workingset: timestamp_bits=36 max_order=24 bucket_order=0
[    0.410635] SGI XFS with ACLs, security attributes, quota, no debug enabled
[    0.411524] 9p: Installing v9fs 9p2000 file system support
[    0.412419] integrity: Platform Keyring initialized
[    0.413013] cryptd: max_cpu_qlen set to 1000
[    0.418817] Key type asymmetric registered
[    0.419258] Asymmetric key parser 'x509' registered
[    0.419789] Block layer SCSI generic (bsg) driver version 0.4 loaded (major 248)
[    0.420652] io scheduler mq-deadline registered
[    0.421140] io scheduler kyber registered
[    0.421577] io scheduler bfq registered
[    0.430648] ACPI: \_SB_.LNKB: Enabled at IRQ 10
[    0.439500] ACPI: \_SB_.LNKC: Enabled at IRQ 11
[    0.448208] ACPI: \_SB_.LNKA: Enabled at IRQ 10
[    0.473316] ACPI: \_SB_.LNKD: Enabled at IRQ 11
[    0.491506] Serial: 8250/16550 driver, 4 ports, IRQ sharing disabled
[    0.492321] 00:03: ttyS0 at I/O 0x3f8 (irq = 4, base_baud = 115200) is a 16550A
[    0.553349] loop: module loaded
[    0.553855] tun: Universal TUN/TAP device driver, 1.6
[    0.554518] rtc_cmos 00:04: RTC can wake from S4
[    0.555432] rtc_cmos 00:04: registered as rtc0
[    0.555970] rtc_cmos 00:04: setting system clock to 2026-09-26T06:11:05 UTC (1790403065)
[    0.556880] rtc_cmos 00:04: alarms up to one day, y3k, 242 bytes nvram, hpet irqs
[    0.557695] intel_pstate: CPU model not supported
[    0.558226] hid: raw HID events driver (C) Jiri Kosina
[    0.559247] NET: Registered PF_INET6 protocol family
[    0.559974] Segment Routing with IPv6
[    0.560373] In-situ OAM (IOAM) with IPv6
[    0.560848] NET: Registered PF_PACKET protocol family
[    0.561396] bridge: filtering via arp/ip/ip6tables is no longer available by default. Update your scripts to load br_netfilter if you need this.
[    0.562911] 9pnet: Installing 9P2000 support
[    0.565380] IPI shorthand broadcast: enabled
[    0.567178] sched_clock: Marking stable (564794608, 523459)->(580082441, -14764374)
[    0.568274] registered taskstats version 1
[    0.568826] Loading compiled-in X.509 certificates
[    0.569711] Loaded X.509 cert 'Build time autogenerated kernel key: d1424aba97e5b78a90400dcad095464dbcbd105a'
[    0.572143] Demotion targets for Node 0: null
[    0.572704] Key type .fscrypt registered
[    0.573127] Key type fscrypt-provisioning registered
[    0.573677] ima: No TPM chip found, activating TPM-bypass!
[    0.574285] ima: Allocated hash algorithm: sha256
[    0.574798] ima: No architecture policies found
[    0.575615] clk: Disabling unused clocks
[    0.581955] Freeing unused decrypted memory: 2036K
[    0.582967] Freeing unused kernel image (initmem) memory: 4024K
[    0.583432] Write protecting the kernel read-only data: 32768k
[    0.584600] Freeing unused kernel image (text/rodata gap) memory: 1940K
[    0.585445] Freeing unused kernel image (rodata/data gap) memory: 1740K
[    0.585917] Run /init as init process
[    0.586470] virtme initramfs: loading fuse.ko...
[    0.588461] fuse: module verification failed: signature and/or required key missing - tainting kernel
[    0.593567] fuse: init (API version 7.45)
[    0.594471] virtme initramfs: loading virtiofs.ko...
[    0.595932] virtme initramfs: loading virtio_mmio.ko...
[    0.596975] virtme initramfs: loading serio.ko...
[    0.597863] virtme initramfs: loading i8042.ko...
[    0.598954] i8042: PNP: PS/2 Controller [PNP0303:KBD,PNP0f13:MOU] at 0x60,0x64 irq 1,12
[    0.600136] serio: i8042 KBD port at 0x60,0x64 irq 1
[    0.600490] serio: i8042 AUX port at 0x60,0x64 irq 12
[    0.600976] virtme initramfs: loading libps2.ko...
[    0.601786] virtme initramfs: loading vivaldi-fmap.ko...
[    0.602429] virtme initramfs: loading atkbd.ko...
[    0.603298] virtme initramfs: mounting hostfs...
[    0.603614] input: AT Translated Set 2 keyboard as /devices/platform/i8042/serio0/input/input0
[    0.604212] virtio-fs: tag <ROOTFS> not found
[    0.605428] 9pnet: Limiting 'msize' to 512000 as this is the maximum supported by transport virtio
[    0.609889] virtme initramfs: done; switching to real root
[    0.634148] virtme-ng-init: Setting hostname to virtme-ng...
[    0.682088] virtme-ng-init: running systemd-tmpfiles
[    0.880492] virtme-ng-init: basic initialization done
[    0.882747] virtme-ng-init: you have CONFIG_UEVENT_HELPER on; turn it off
[    0.884381] 9pnet: Limiting 'msize' to 512000 as this is the maximum supported by transport virtio
[    0.910974] virtme-ng-init: Starting systemd-udevd version 255.4-1ubuntu8.17
[    0.912449] virtme-ng-init: triggering udev coldplug
[    1.681453] virtme-ng-init: waiting for udev to settle
[    1.689700] input: Power Button as /devices/platform/LNXPWRBN:00/input/input2
[    1.693986] ACPI: button: Power Button [PWRF]
[    1.706535] SCSI subsystem initialized
[    1.709336] piix4_smbus 0000:00:01.3: SMBus Host Controller at 0x700, revision 0
[    1.709416] input: VirtualPS/2 VMware VMMouse as /devices/platform/i8042/serio1/input/input4
[    1.713267] i2c i2c-0: Memory type 0x07 not supported yet, not instantiating SPD
[    1.715744] input: VirtualPS/2 VMware VMMouse as /devices/platform/i8042/serio1/input/input3
[    1.719941] mousedev: PS/2 mouse device common for all mice
[    1.785045] scsi host0: ata_piix
[    1.785925] scsi host1: ata_piix
[    1.786872] ata1: PATA max MWDMA2 cmd 0x1f0 ctl 0x3f6 bmdma 0xc200 irq 14 lpm-pol 0
[    1.788181] ata2: PATA max MWDMA2 cmd 0x170 ctl 0x376 bmdma 0xc208 irq 15 lpm-pol 0
[    1.940788] ata2: found unknown device (class 0)
[    1.942414] ata2.00: ATAPI: QEMU DVD-ROM, 2.5+, max UDMA/100
[    1.945555] scsi 1:0:0:0: CD-ROM            QEMU     QEMU DVD-ROM     2.5+ PQ: 0 ANSI: 5
[    2.055671] scsi 1:0:0:0: Attached scsi generic sg0 type 5
[    2.211684] sr 1:0:0:0: [sr0] scsi3-mmc drive: 4x/4x cd/rw xa/form2 tray
[    2.212759] cdrom: Uniform CD-ROM driver Revision: 3.20
[    3.784956] virtme-ng-init: udev is done
[    3.786475] virtme-ng-init: starting script
[    3.982823] loop0: detected capacity change from 0 to 134217728
[    3.988169] EXT4-fs (loop0): mounted filesystem 020efed7-9605-470f-85ca-f837c6476dad r/w with ordered data mode. Quota mode: none.
[    6.484494] Initializing XFRM netlink socket
[   44.114849] bpf_x86_alu: loading out-of-tree module taints kernel.
[   56.936796] capability: warning: `stress-ng-cap' uses deprecated v2 capabilities in a way that may be insecure
[   56.938603] capability: warning: `stress-ng-cap' uses 32-bit capabilities (legacy support in use)
[  116.965237] capability: warning: `stress-ng-cap' uses deprecated v2 capabilities in a way that may be insecure
[  116.966069] capability: warning: `stress-ng-cap' uses 32-bit capabilities (legacy support in use)
[  176.988406] capability: warning: `stress-ng-cap' uses deprecated v2 capabilities in a way that may be insecure
[  176.989232] capability: warning: `stress-ng-cap' uses 32-bit capabilities (legacy support in use)
[  237.017953] capability: warning: `stress-ng-cap' uses deprecated v2 capabilities in a way that may be insecure
[  237.018769] capability: warning: `stress-ng-cap' uses 32-bit capabilities (legacy support in use)
[  331.308904] capability: warning: `stress-ng-cap' uses deprecated v2 capabilities in a way that may be insecure
[  331.309719] capability: warning: `stress-ng-cap' uses 32-bit capabilities (legacy support in use)
[  391.342936] capability: warning: `stress-ng-cap' uses deprecated v2 capabilities in a way that may be insecure
[  391.343770] capability: warning: `stress-ng-cap' uses 32-bit capabilities (legacy support in use)
[  451.368216] capability: warning: `stress-ng-cap' uses deprecated v2 capabilities in a way that may be insecure
[  451.369033] capability: warning: `stress-ng-cap' uses 32-bit capabilities (legacy support in use)
[  511.394487] capability: warning: `stress-ng-cap' uses deprecated v2 capabilities in a way that may be insecure
[  511.395316] capability: warning: `stress-ng-cap' uses 32-bit capabilities (legacy support in use)
[  595.008975] ACPI: PM: Preparing to enter system sleep state S5
[  595.009477] kvm: exiting hardware virtualization
[  595.009871] reboot: Power down
