WARNING: No swap limit support
WARNING: IPv4 forwarding is disabled
Loaded image: bpf-benchmark/runner-runtime:x86_64
WARNING: IPv4 forwarding is disabled. Networking will not work.
_DISK_SIZE:-64G}" /var/tmp/bpf-benchmark-docker.img
mkfs.ext4 -F -q /var/tmp/bpf-benchmark-docker.img
mount -o loop,discard /var/tmp/bpf-benchmark-docker.img /run/bpf-benchmark-docker
dockerd --data-root /run/bpf-benchmark-docker/data --exec-root /run/bpf-benchmark-docker/exec --pidfile /run/bpf-benchmark-docker/docker.pid --host unix:///run/docker.sock --bridge=none --iptables=false --ip-masq=false --ip-forward=false >/run/bpf-benchmark-docker/dockerd.log 2>&1 &
for _ in 1 2 3 4 5 6 7 8 9 10; do docker info >/dev/null 2>&1 && break; sleep 1; done
docker info >/dev/null
install -d "/workspaces/repository/corpus/results"
"/workspaces/repository/runner/scripts/bpfrejit-install" --image "bpf-benchmark/runner-runtime:x86_64" "/workspaces/repository/.cache/container-images/x86_64-runner-runtime.image.tar"
docker run --rm --privileged --pid=host --network=host --ipc=host --cgroupns=host -e BPFREJIT_INSIDE_RUNTIME_CONTAINER=1 -e HOME=/root -e TARGET="x86-kvm" -e RUN_TARGET_NAME="x86-kvm" -e RUN_TOKEN="ef135ab5" -e RUN_TARGET_ARCH="x86_64" -e RUN_EXECUTOR="kvm" -e RUN_REMOTE_PYTHON_BIN="python3" -e RUN_RUNTIME_PYTHON_BIN="python3" -e RUN_BPFTOOL_BIN="bpftool" -e RUN_NATIVE_REPOS_CSV="bcc,katran,tracee,tetragon" -e SAMPLES="3"      -e FUZZ_ROUNDS="1000"  -e WORKLOAD_DURATION="60" -e KEEP_WORKDIRS="1" -e BPFREJIT_BENCH_PASSES="," -e BPFREJIT_CORPUS_APPS="cilium/agent" -e SKIP_REJIT="norejit"          -e MERLIN_COMPILETIME_MODE="none"                    -w "/workspaces/repository" -v /sys:/sys -v /sys/fs/bpf:/sys/fs/bpf -v /sys/kernel/debug:/sys/kernel/debug -v /lib/modules:/lib/modules:ro -v /boot:/boot:ro -v "/workspaces/repository/corpus/results:/workspaces/repository/corpus/results" "bpf-benchmark/runner-runtime:x86_64" python3 -m corpus.driver
{"active_env_keys": ["BPFREJIT_NATIVE_LOADER_REQUIRE_PREBUILT_PROOF", "BPFREJIT_NATIVE_LOADER_SO"], "event": "native_loader_mode", "post_only": false, "saved_env_keys": ["BPFREJIT_NATIVE_LOADER_REQUIRE_PREBUILT_PROOF", "BPFREJIT_NATIVE_LOADER_SO"]}
{"app": "cilium/agent", "event": "app_start", "runner": "cilium", "workload": "cilium_endpoint_pktgen"}
{"app": "cilium/agent", "event": "phase_start", "phase": "baseline_start", "runner": "cilium", "workload": "cilium_endpoint_pktgen"}
{"active_env_keys": ["BPFREJIT_NATIVE_LOADER_REQUIRE_PREBUILT_PROOF", "BPFREJIT_NATIVE_LOADER_SO"], "app": "cilium/agent", "event": "native_loader_phase_env", "phase": "baseline_start", "runner": "cilium", "temporary_set_keys": ["BPFREJIT_SHIM_LOADTIME_PLAN", "BPFREJIT_SHIM_LOG"], "temporary_unset_keys": []}
{"app": "cilium/agent", "event": "phase_done", "phase": "baseline_start", "runner": "cilium", "status": "ok"}
{"app": "cilium/agent", "event": "measurement_start", "phase": "baseline", "runner": "cilium", "samples": 3, "workload": "cilium_endpoint_pktgen"}
{"app": "cilium/agent", "event": "measurement_done", "phase": "baseline", "runner": "cilium", "status": "ok"}
{"app": "cilium/agent", "event": "phase_start", "phase": "baseline_stop", "runner": "cilium"}
{"app": "cilium/agent", "event": "phase_step", "phase": "baseline_stop", "runner": "cilium", "step": "runner_stop_done"}
{"app": "cilium/agent", "event": "phase_step", "phase": "baseline_stop", "runner": "cilium", "step": "quiesce_start"}
{"app": "cilium/agent", "event": "phase_step", "phase": "baseline_stop", "runner": "cilium", "step": "quiesce_done"}
{"app": "cilium/agent", "event": "phase_step", "phase": "baseline_stop", "runner": "cilium", "step": "bpf_stats_disabled"}
{"app": "cilium/agent", "event": "phase_done", "phase": "baseline_stop", "runner": "cilium", "status": "ok"}
{"active_env_keys": ["BPFREJIT_NATIVE_LOADER_REQUIRE_PREBUILT_PROOF", "BPFREJIT_NATIVE_LOADER_SO"], "app": "cilium/agent", "event": "native_loader_phase_env", "phase": "post_rejit_start", "runner": "cilium", "temporary_set_keys": ["BPFREJIT_REPO_ROOT", "BPFREJIT_SHIM_LOADTIME_PLAN", "BPFREJIT_SHIM_LOG"], "temporary_unset_keys": []}
{"app": "cilium/agent", "event": "rejit_skipped", "runner": "cilium"}
{"app": "cilium/agent", "event": "phase_start", "phase": "post_rejit_start", "runner": "cilium", "workload": "cilium_endpoint_pktgen"}
{"app": "cilium/agent", "event": "phase_done", "phase": "post_rejit_start", "runner": "cilium", "status": "ok"}
{"app": "cilium/agent", "event": "measurement_start", "phase": "post_rejit", "runner": "cilium", "samples": 3, "workload": "cilium_endpoint_pktgen"}
{"app": "cilium/agent", "event": "measurement_done", "phase": "post_rejit", "runner": "cilium", "status": "ok"}
{"app": "cilium/agent", "event": "phase_start", "phase": "post_rejit_stop", "runner": "cilium"}
{"app": "cilium/agent", "event": "phase_step", "phase": "post_rejit_stop", "runner": "cilium", "step": "runner_stop_done"}
{"app": "cilium/agent", "event": "phase_step", "phase": "post_rejit_stop", "runner": "cilium", "step": "quiesce_start"}
{"app": "cilium/agent", "event": "phase_step", "phase": "post_rejit_stop", "runner": "cilium", "step": "quiesce_done"}
{"app": "cilium/agent", "event": "phase_step", "phase": "post_rejit_stop", "runner": "cilium", "step": "bpf_stats_disabled"}
{"app": "cilium/agent", "event": "phase_done", "phase": "post_rejit_stop", "runner": "cilium", "status": "ok"}
{"app": "cilium/agent", "error": "", "event": "app_done", "status": "ok"}
{
  "status": "ok",
  "artifact_run_dir": "/workspaces/repository/corpus/results/x86_kvm_corpus_20260926_040241_545335",
  "artifact_metadata": "/workspaces/repository/corpus/results/x86_kvm_corpus_20260926_040241_545335/metadata.json"
}
make: Leaving directory '/workspaces/repository'
17, address 0xfec00000, GSI 0-23
[    0.026579] ACPI: INT_SRC_OVR (bus 0 bus_irq 0 global_irq 2 dfl dfl)
[    0.027246] ACPI: INT_SRC_OVR (bus 0 bus_irq 5 global_irq 5 high level)
[    0.027935] ACPI: INT_SRC_OVR (bus 0 bus_irq 9 global_irq 9 high level)
[    0.028629] ACPI: INT_SRC_OVR (bus 0 bus_irq 10 global_irq 10 high level)
[    0.029338] ACPI: INT_SRC_OVR (bus 0 bus_irq 11 global_irq 11 high level)
[    0.030050] ACPI: Using ACPI (MADT) for SMP configuration information
[    0.030721] ACPI: HPET id: 0x8086a201 base: 0xfed00000
[    0.031260] TSC deadline timer available
[    0.031670] CPU topo: Max. logical packages:   1
[    0.032153] CPU topo: Max. logical nodes:      1
[    0.032633] CPU topo: Num. nodes per package:  1
[    0.033120] CPU topo: Max. logical dies:       1
[    0.033600] CPU topo: Max. dies per package:   1
[    0.034083] CPU topo: Max. threads per core:   1
[    0.034563] CPU topo: Num. cores per package:     8
[    0.035086] CPU topo: Num. threads per package:   8
[    0.035592] CPU topo: Allowing 8 present CPUs plus 0 hotplug CPUs
[    0.036241] kvm-guest: APIC: eoi() replaced with kvm_guest_apic_eoi_write()
[    0.036978] kvm-guest: KVM setup pv remote TLB flush
[    0.037496] kvm-guest: setup PV sched yield
[    0.037935] PM: hibernation: Registered nosave memory: [mem 0x00000000-0x00000fff]
[    0.038724] PM: hibernation: Registered nosave memory: [mem 0x0009f000-0x000fffff]
[    0.039513] PM: hibernation: Registered nosave memory: [mem 0xbffdf000-0xffffffff]
[    0.040302] [gap 0xc0000000-0xfeffbfff] available for PCI devices
[    0.040935] Booting paravirtualized kernel on KVM
[    0.041426] clocksource: refined-jiffies: mask: 0xffffffff max_cycles: 0xffffffff, max_idle_ns: 19112604462750000 ns
[    0.046841] Zone ranges:
[    0.047148]   DMA      [mem 0x0000000000001000-0x0000000000ffffff]
[    0.047793]   DMA32    [mem 0x0000000001000000-0x00000000ffffffff]
[    0.048439]   Normal   [mem 0x0000000100000000-0x000000103fffffff]
[    0.049084]   Device   empty
[    0.049384] Movable zone start for each node
[    0.049827] Early memory node ranges
[    0.050200]   node   0: [mem 0x0000000000001000-0x000000000009efff]
[    0.050851]   node   0: [mem 0x0000000000100000-0x00000000bffdefff]
[    0.051504]   node   0: [mem 0x0000000100000000-0x000000103fffffff]
[    0.052159] Initmem setup node 0 [mem 0x0000000000001000-0x000000103fffffff]
[    0.053054] On node 0, zone DMA: 1 pages in unavailable ranges
[    0.053673] On node 0, zone DMA: 97 pages in unavailable ranges
[    0.058707] On node 0, zone Normal: 33 pages in unavailable ranges
[    0.059400] setup_percpu: NR_CPUS:8192 nr_cpumask_bits:8 nr_cpu_ids:8 nr_node_ids:1
[    0.060445] percpu: Embedded 61 pages/cpu s212992 r8192 d28672 u262144
[    0.061205] kvm-guest: PV spinlocks enabled
[    0.061645] PV qspinlock hash table entries: 256 (order: 0, 4096 bytes, linear)
[    0.062420] Kernel command line: virtme_hostname=virtme-ng nr_open=1048576 virtme_link_mods=/workspaces/repository/vendor/build/x86/linux/.virtme_mods/lib/modules/0.0.0 virtme_initmount0=workspaces/repository virtme_rw_overlay0=/etc virtme_rw_overlay1=/lib virtme_rw_overlay2=/home virtme_rw_overlay3=/opt virtme_rw_overlay4=/srv virtme_rw_overlay5=/usr virtme_rw_overlay6=/var virtme_rw_overlay7=/tmp virtme_console=ttyS0 console=ttyS0 earlyprintk=serial,ttyS0,115200 panic=-1 \
[    0.066845] Kernel command line: virtme.exec=`bWFrZSAtQyAvd29ya3NwYWNlcy9yZXBvc2l0b3J5IF9fcnVudGltZS12bS1jb3JwdXMgVEFSR0VUPSd4ODYta3ZtJyBSVU5fVEFSR0VUX05BTUU9J3g4Ni1rdm0nIFJVTl9UQVJHRVRfQVJDSD0neDg2XzY0JyBSVU5fRVhFQ1VUT1I9J2t2bScgUlVOVElNRV9DT05UQUlORVJfSU1BR0U9J2JwZi1iZW5jaG1hcmsvcnVubmVyLXJ1bnRpbWU6eDg2XzY0JyBSVU5USU1FX0lNQUdFX1RBUj0nL3dvcmtzcGFjZXMvcmVwb3NpdG9yeS8uY2FjaGUvY29udGFpbmVyLWltYWdlcy94ODZfNjQtcnVubmVyLXJ1bnRpbWUuaW1hZ2UudGFyJyBSVU5fUkVNT1RFX1BZVEhPTl9CSU49J3B5dGhvbjMnIFJVTl9SVU5USU1FX1BZVEhPTl9CSU49J3B5dGhvbjMnIFJVTl9CUEZUT09MX0JJTj0nYnBmdG9vbCcgUlVOX05BVElWRV9SRVBPU19DU1Y9J2JjYyxrYXRyYW4sdHJhY2VlLHRldHJhZ29uJyBSVU5fVE9LRU49J2VmMTM1YWI1JyBTQU1QTEVTPSczJyAgICAgIEZVWlpfUk9VTkRTPScxMDAwJyAgV09SS0xPQURfRFVSQVRJT049JzYwJyBLRUVQX1dPUktESVJTPScxJyBCUEZSRUpJVF9CRU5DSF9QQVNTRVM9JywnIEJQRlJFSklUX0NPUlBVU19BUFBTPSdjaWxpdW0vYWdlbnQnIFNLSVBfUkVKSVQ9J25vcmVqaXQnICAgICAgICAgIE1FUkxJTl9DT01QSUxFVElNRV9NT0RFPSdub25lJyAgICAgICAgICAgICAgICAgICA=` virtme_chdir=workspaces/repository virtme_root_user=1 debug loglevel=7 \
[    0.076275] Kernel command line: panic=30 oops=panic init=/opt/virtme-ng/lib/python3.12/site-packages/virtme/guest/bin/virtme-ng-init
[    0.077703] Unknown kernel command line parameters "virtme_hostname=virtme-ng nr_open=1048576 virtme_link_mods=/workspaces/repository/vendor/build/x86/linux/.virtme_mods/lib/modules/0.0.0 virtme_initmount0=workspaces/repository virtme_rw_overlay0=/etc virtme_rw_overlay1=/lib virtme_rw_overlay2=/home virtme_rw_overlay3=/opt virtme_rw_overlay4=/srv virtme_rw_overlay5=/usr virtme_rw_overlay6=/var virtme_rw_overlay7=/tmp virtme_console=ttyS0 virtme_chdir=workspaces/repository virtme_root_user=1", will be passed to user space.
[    0.082569] random: crng init done
[    0.082925] printk: log buffer data + meta data: 2097152 + 7340032 = 9437184 bytes
[    0.089354] Dentry cache hash table entries: 8388608 (order: 14, 67108864 bytes, linear)
[    0.093049] Inode-cache hash table entries: 4194304 (order: 13, 33554432 bytes, linear)
[    0.094021] software IO TLB: area num 8.
[    0.103931] Fallback order for Node 0: 0
[    0.103937] Built 1 zonelists, mobility grouping on.  Total pages: 16777085
[    0.105087] Policy zone: Normal
[    0.105406] mem auto-init: stack:off, heap alloc:off, heap free:off
[    0.117555] SLUB: HWalign=64, Order=0-3, MinObjects=0, CPUs=8, Nodes=1
Poking KASLR using RDRAND RDTSC...
[    0.125972] ftrace: allocating 51964 entries in 204 pages
[    0.126532] ftrace: allocated 204 pages with 4 groups
[    0.127451] Dynamic Preempt: lazy
[    0.127946] rcu: Preemptible hierarchical RCU implementation.
[    0.128535] rcu: 	RCU restricting CPUs from NR_CPUS=8192 to nr_cpu_ids=8.
[    0.129226] 	Trampoline variant of Tasks RCU enabled.
[    0.129737] 	Rude variant of Tasks RCU enabled.
[    0.130199] 	Tracing variant of Tasks RCU enabled.
[    0.130684] rcu: RCU calculated value of scheduler-enlistment delay is 10 jiffies.
[    0.131455] rcu: Adjusting geometry for rcu_fanout_leaf=16, nr_cpu_ids=8
[    0.132142] RCU Tasks: Setting shift to 3 and lim to 1 rcu_task_cb_adjust=1 rcu_task_cpu_ids=8.
[    0.133032] RCU Tasks Rude: Setting shift to 3 and lim to 1 rcu_task_cb_adjust=1 rcu_task_cpu_ids=8.
[    0.136595] NR_IRQS: 524544, nr_irqs: 488, preallocated irqs: 16
[    0.137397] rcu: srcu_init: Setting srcu_struct sizes based on contention.
[    0.138212] Console: colour *CGA 80x25
[    0.138622] printk: legacy console [ttyS0] enabled
[    0.138622] printk: legacy console [ttyS0] enabled
[    0.139611] printk: legacy bootconsole [earlyser0] disabled
[    0.139611] printk: legacy bootconsole [earlyser0] disabled
[    0.140769] ACPI: Core revision 20251212
[    0.141296] clocksource: hpet: mask: 0xffffffff max_cycles: 0xffffffff, max_idle_ns: 19112604467 ns
[    0.142318] APIC: Switch to symmetric I/O mode setup
[    0.143010] x2apic enabled
[    0.143488] APIC: Switched APIC routing to: physical x2apic
[    0.144077] kvm-guest: APIC: send_IPI_mask() replaced with kvm_send_ipi_mask()
[    0.144827] kvm-guest: APIC: send_IPI_mask_allbutself() replaced with kvm_send_ipi_mask_allbutself()
[    0.145774] kvm-guest: setup PV IPIs
[    0.146837] ..TIMER: vector=0x30 apic1=0 pin1=2 apic2=-1 pin2=-1
[    0.147481] clocksource: tsc-early: mask: 0xffffffffffffffff max_cycles: 0x6a464ae9873, max_idle_ns: 881590529744 ns
[    0.148571] Calibrating delay loop (skipped) preset value.. 7372.80 BogoMIPS (lpj=36864000)
[    0.149561] x86/cpu: User Mode Instruction Prevention (UMIP) activated
[    0.150298] Last level iTLB entries: 4KB 0, 2MB 0, 4MB 0
[    0.150851] Last level dTLB entries: 4KB 0, 2MB 0, 4MB 0, 1GB 0
[    0.151472] mitigations: Enabled attack vectors: user_kernel, user_user, guest_host, guest_guest, SMT mitigations: auto
[    0.158572] Speculative Store Bypass: Mitigation: Speculative Store Bypass disabled via prctl
[    0.159456] Spectre V2 : Mitigation: Enhanced / Automatic IBRS
[    0.160062] ITS: Mitigation: Aligned branch/return thunks
[    0.160623] Spectre V1 : Mitigation: usercopy/swapgs barriers and __user pointer sanitization
[    0.161510] Spectre V2 : mitigation: Enabling conditional Indirect Branch Prediction Barrier
[    0.162386] active return thunk: its_return_thunk
[    0.162882] Spectre V2 : Spectre BHI mitigation: SW BHB clearing on syscall and VM exit
[    0.163728] x86/fpu: Supporting XSAVE feature 0x001: 'x87 floating point registers'
[    0.164541] x86/fpu: Supporting XSAVE feature 0x002: 'SSE registers'
[    0.165216] x86/fpu: Supporting XSAVE feature 0x004: 'AVX registers'
[    0.165888] x86/fpu: Supporting XSAVE feature 0x200: 'Protection Keys User registers'
[    0.166717] x86/fpu: xstate_offset[2]:  576, xstate_sizes[2]:  256
[    0.167375] x86/fpu: xstate_offset[9]:  832, xstate_sizes[9]:    8
[    0.168033] x86/fpu: Enabled xstate features 0x207, context size is 840 bytes, using 'compacted' format.
[    0.180276] Freeing SMP alternatives memory: 48K
[    0.180783] pid_max: default: 32768 minimum: 301
[    0.181358] landlock: Up and running.
[    0.181752] Yama: becoming mindful.
[    0.182136] SELinux:  Initializing.
[    0.182685] LSM support for eBPF active
[    0.183183] Mount-cache hash table entries: 131072 (order: 8, 1048576 bytes, linear)
[    0.184166] Mountpoint-cache hash table entries: 131072 (order: 8, 1048576 bytes, linear)
[    0.185088] VFS: Finished mounting rootfs on nullfs
[    0.185823] smpboot: CPU0: Intel(R) Core(TM) Ultra 9 285K (family: 0x6, model: 0xc6, stepping: 0x2)
[    0.186879] Performance Events: unsupported CPU family 6 model 198 no PMU driver, software events only.
[    0.187946] signal: max sigframe size: 3632
[    0.188412] rcu: Hierarchical SRCU implementation.
[    0.188569] rcu: 	Max phase no-delay instances is 1000.
[    0.188569] Timer migration: 1 hierarchy levels; 8 children per group; 1 crossnode level
[    0.188569] smp: Bringing up secondary CPUs ...
[    0.188569] smpboot: x86: Booting SMP configuration:
[    0.188569] .... node  #0, CPUs:      #1 #2 #3 #4 #5 #6 #7
[    0.188957] smp: Brought up 1 node, 8 CPUs
[    0.189988] smpboot: Total of 8 processors activated (58982.40 BogoMIPS)
[    0.218580] node 0 deferred pages initialised in 30ms
[    0.228720] Memory: 65808688K/67108340K available (16491K kernel code, 9695K rwdata, 12596K rodata, 4024K init, 7316K bss, 1288212K reserved, 0K cma-reserved)
[    0.231656] devtmpfs: initialized
[    0.231656] x86/mm: Memory block size: 1024MB
[    0.231656] clocksource: jiffies: mask: 0xffffffff max_cycles: 0xffffffff, max_idle_ns: 19112604462750000 ns
[    0.231656] posixtimers hash table entries: 4096 (order: 4, 65536 bytes, linear)
[    0.231656] futex hash table entries: 2048 (131072 bytes on 1 NUMA nodes, total 128 KiB, linear).
[    0.231960] NET: Registered PF_NETLINK/PF_ROUTE protocol family
[    0.232689] DMA: preallocated 4096 KiB GFP_KERNEL pool for atomic allocations
[    0.238578] DMA: preallocated 4096 KiB GFP_KERNEL|GFP_DMA pool for atomic allocations
[    0.239411] DMA: preallocated 4096 KiB GFP_KERNEL|GFP_DMA32 pool for atomic allocations
[    0.240264] audit: initializing netlink subsys (disabled)
[    0.240844] audit: type=2000 audit(1790395318.625:1): state=initialized audit_enabled=0 res=1
[    0.240844] thermal_sys: Registered thermal governor 'fair_share'
[    0.240844] thermal_sys: Registered thermal governor 'step_wise'
[    0.241194] thermal_sys: Registered thermal governor 'user_space'
[    0.241841] cpuidle: using governor ladder
[    0.241841] cpuidle: using governor menu
[    0.241841] acpiphp: ACPI Hot Plug PCI Controller Driver version: 0.5
[    0.241841] PCI: Using configuration type 1 for base access
[    0.241841] kprobes: kprobe jump-optimization is enabled. All kprobes are optimized if possible.
[    0.248750] HugeTLB: registered 1.00 GiB page size, pre-allocated 0 pages
[    0.249455] HugeTLB: 16380 KiB vmemmap can be freed for a 1.00 GiB page
[    0.250161] HugeTLB: registered 2.00 MiB page size, pre-allocated 0 pages
[    0.250879] HugeTLB: 28 KiB vmemmap can be freed for a 2.00 MiB page
[    0.251623] ACPI: Added _OSI(Module Device)
[    0.251623] ACPI: Added _OSI(Processor Device)
[    0.251623] ACPI: Added _OSI(Processor Aggregator Device)
[    0.251682] ACPI: 1 ACPI AML tables successfully acquired and loaded
[    0.268602] ACPI: \_SB_: platform _OSC: OS support mask [00227eff]
[    0.269371] ACPI: Interpreter enabled
[    0.269832] ACPI: PM: (supports S0 S4 S5)
[    0.270264] ACPI: Using IOAPIC for interrupt routing
[    0.278582] PCI: Using host bridge windows from ACPI; if necessary, use "pci=nocrs" and report a bug
[    0.279547] PCI: Using E820 reservations for host bridge windows
[    0.280234] ACPI: Enabled 2 GPEs in block 00 to 0F
[    0.281985] ACPI: PCI Root Bridge [PCI0] (domain 0000 [bus 00-ff])
[    0.282651] acpi PNP0A03:00: _OSC: OS supports [ASPM ClockPM Segments MSI HPX-Type3]
[    0.283473] acpi PNP0A03:00: _OSC: not requesting OS control; OS requires [ExtendedConfig ASPM ClockPM MSI]
[    0.284504] acpi PNP0A03:00: _OSC: platform retains control of PCIe features (AE_ERROR)
[    0.285350] acpi PNP0A03:00: fail to add MMCONFIG information, can't access extended configuration space under this bridge
[    0.286716] acpiphp: Slot [2] registered
[    0.287179] acpiphp: Slot [3] registered
[    0.287613] acpiphp: Slot [4] registered
[    0.288044] acpiphp: Slot [5] registered
[    0.288524] acpiphp: Slot [6] registered
[    0.288583] acpiphp: Slot [7] registered
[    0.289018] acpiphp: Slot [8] registered
[    0.289452] acpiphp: Slot [9] registered
[    0.289883] acpiphp: Slot [10] registered
[    0.290327] acpiphp: Slot [11] registered
[    0.290767] acpiphp: Slot [12] registered
[    0.291208] acpiphp: Slot [13] registered
[    0.291647] acpiphp: Slot [14] registered
[    0.292089] acpiphp: Slot [15] registered
[    0.292527] acpiphp: Slot [16] registered
[    0.292969] acpiphp: Slot [17] registered
[    0.293408] acpiphp: Slot [18] registered
[    0.293847] acpiphp: Slot [19] registered
[    0.294289] acpiphp: Slot [20] registered
[    0.294728] acpiphp: Slot [21] registered
[    0.295169] acpiphp: Slot [22] registered
[    0.295616] acpiphp: Slot [23] registered
[    0.296057] acpiphp: Slot [24] registered
[    0.296498] acpiphp: Slot [25] registered
[    0.296939] acpiphp: Slot [26] registered
[    0.297379] acpiphp: Slot [27] registered
[    0.297818] acpiphp: Slot [28] registered
[    0.298259] acpiphp: Slot [29] registered
[    0.298582] acpiphp: Slot [30] registered
[    0.299022] acpiphp: Slot [31] registered
[    0.299459] PCI host bridge to bus 0000:00
[    0.299901] pci_bus 0000:00: root bus resource [io  0x0000-0x0cf7 window]
[    0.300619] pci_bus 0000:00: root bus resource [io  0x0d00-0xffff window]
[    0.301338] pci_bus 0000:00: root bus resource [mem 0x000a0000-0x000bffff window]
[    0.302129] pci_bus 0000:00: root bus resource [mem 0xc0000000-0xfebfffff window]
[    0.302920] pci_bus 0000:00: root bus resource [mem 0x380000000000-0x38007fffffff window]
[    0.303781] pci_bus 0000:00: root bus resource [bus 00-ff]
[    0.304421] pci 0000:00:00.0: [8086:1237] type 00 class 0x060000 conventional PCI endpoint
[    0.305737] pci 0000:00:01.0: [8086:7000] type 00 class 0x060100 conventional PCI endpoint
[    0.307059] pci 0000:00:01.1: [8086:7010] type 00 class 0x010180 conventional PCI endpoint
[    0.308609] pci 0000:00:01.1: BAR 4 [io  0xc200-0xc20f]
[    0.309208] pci 0000:00:01.1: BAR 0 [io  0x01f0-0x01f7]: legacy IDE quirk
[    0.309927] pci 0000:00:01.1: BAR 1 [io  0x03f6]: legacy IDE quirk
[    0.310581] pci 0000:00:01.1: BAR 2 [io  0x0170-0x0177]: legacy IDE quirk
[    0.311300] pci 0000:00:01.1: BAR 3 [io  0x0376]: legacy IDE quirk
[    0.312107] pci 0000:00:01.3: [8086:7113] type 00 class 0x068000 conventional PCI endpoint
[    0.313316] pci 0000:00:01.3: quirk: [io  0x0600-0x063f] claimed by PIIX4 ACPI
[    0.314087] pci 0000:00:01.3: quirk: [io  0x0700-0x070f] claimed by PIIX4 SMB
[    0.315126] pci 0000:00:02.0: [1af4:1009] type 00 class 0x000200 conventional PCI endpoint
[    0.317485] pci 0000:00:02.0: BAR 0 [io  0xc000-0xc03f]
[    0.318054] pci 0000:00:02.0: BAR 1 [mem 0xfebf7000-0xfebf7fff]
[    0.318600] pci 0000:00:02.0: BAR 4 [mem 0x380000000000-0x380000003fff 64bit pref]
[    0.320230] pci 0000:00:03.0: [1af4:1009] type 00 class 0x000200 conventional PCI endpoint
[    0.322662] pci 0000:00:03.0: BAR 0 [io  0xc040-0xc07f]
[    0.323226] pci 0000:00:03.0: BAR 1 [mem 0xfebf8000-0xfebf8fff]
[    0.323882] pci 0000:00:03.0: BAR 4 [mem 0x380000004000-0x380000007fff 64bit pref]
[    0.325357] pci 0000:00:04.0: [8086:25ab] type 00 class 0x088000 conventional PCI endpoint
[    0.326869] pci 0000:00:04.0: BAR 0 [mem 0xfebf9000-0xfebf900f]
[    0.328483] pci 0000:00:05.0: [1af4:1003] type 00 class 0x078000 conventional PCI endpoint
[    0.329543] pci 0000:00:05.0: BAR 0 [io  0xc080-0xc0bf]
[    0.330159] pci 0000:00:05.0: BAR 1 [mem 0xfebfa000-0xfebfafff]
[    0.330814] pci 0000:00:05.0: BAR 4 [mem 0x380000008000-0x38000000bfff 64bit pref]
[    0.332429] pci 0000:00:06.0: [1af4:1003] type 00 class 0x078000 conventional PCI endpoint
[    0.334308] pci 0000:00:06.0: BAR 0 [io  0xc0c0-0xc0ff]
[    0.334877] pci 0000:00:06.0: BAR 1 [mem 0xfebfb000-0xfebfbfff]
[    0.335531] pci 0000:00:06.0: BAR 4 [mem 0x38000000c000-0x38000000ffff 64bit pref]
[    0.337135] pci 0000:00:07.0: [1af4:1003] type 00 class 0x078000 conventional PCI endpoint
[    0.339044] pci 0000:00:07.0: BAR 0 [io  0xc100-0xc13f]
[    0.339613] pci 0000:00:07.0: BAR 1 [mem 0xfebfc000-0xfebfcfff]
[    0.340273] pci 0000:00:07.0: BAR 4 [mem 0x380000010000-0x380000013fff 64bit pref]
[    0.341908] pci 0000:00:08.0: [1af4:1003] type 00 class 0x078000 conventional PCI endpoint
[    0.343557] pci 0000:00:08.0: BAR 0 [io  0xc140-0xc17f]
[    0.344125] pci 0000:00:08.0: BAR 1 [mem 0xfebfd000-0xfebfdfff]
[    0.344781] pci 0000:00:08.0: BAR 4 [mem 0x380000014000-0x380000017fff 64bit pref]
[    0.346380] pci 0000:00:09.0: [1af4:1003] type 00 class 0x078000 conventional PCI endpoint
[    0.348461] pci 0000:00:09.0: BAR 0 [io  0xc180-0xc1bf]
[    0.348581] pci 0000:00:09.0: BAR 1 [mem 0xfebfe000-0xfebfefff]
[    0.349244] pci 0000:00:09.0: BAR 4 [mem 0x380000018000-0x38000001bfff 64bit pref]
[    0.350866] pci 0000:00:0a.0: [1af4:1003] type 00 class 0x078000 conventional PCI endpoint
[    0.352547] pci 0000:00:0a.0: BAR 0 [io  0xc1c0-0xc1ff]
[    0.353112] pci 0000:00:0a.0: BAR 1 [mem 0xfebff000-0xfebfffff]
[    0.353768] pci 0000:00:0a.0: BAR 4 [mem 0x38000001c000-0x38000001ffff 64bit pref]
[    0.357454] ACPI: PCI: Interrupt link LNKA configured for IRQ 10
[    0.358508] ACPI: PCI: Interrupt link LNKB configured for IRQ 10
[    0.358625] ACPI: PCI: Interrupt link LNKC configured for IRQ 11
[    0.359315] ACPI: PCI: Interrupt link LNKD configured for IRQ 11
[    0.359982] ACPI: PCI: Interrupt link LNKS configured for IRQ 9
[    0.360913] iommu: Default domain type: Translated
[    0.360913] iommu: DMA domain TLB invalidation policy: lazy mode
[    0.360913] pps_core: LinuxPPS API ver. 1 registered
[    0.360913] pps_core: Software ver. 5.3.6 - Copyright 2005-2007 Rodolfo Giometti <giometti@linux.it>
[    0.360913] PTP clock support registered
[    0.360913] EDAC MC: Ver: 3.0.0
[    0.360913] NetLabel: Initializing
[    0.360913] NetLabel:  domain hash size = 128
[    0.360913] NetLabel:  protocols = UNLABELED CIPSOv4 CALIPSO
[    0.368582] NetLabel:  unlabeled traffic allowed by default
[    0.369174] PCI: Using ACPI for IRQ routing
[    0.369813] e820: register RAM buffer resource [mem 0x0009fc00-0x0009ffff]
[    0.370542] e820: register RAM buffer resource [mem 0xbffdf000-0xbfffffff]
[    0.371273] hpet0: at MMIO 0xfed00000, IRQs 2, 8, 0
[    0.371273] hpet0: 3 comparators, 64-bit 100.000000 MHz counter
[    0.378912] clocksource: Switched to clocksource kvm-clock
[    0.379588] VFS: Disk quotas dquot_6.6.0
[    0.380015] VFS: Dquot-cache hash table entries: 512 (order 0, 4096 bytes)
[    0.381130] netfs: FS-Cache loaded
[    0.381556] pnp: PnP ACPI init
[    0.382047] pnp: PnP ACPI: found 5 devices
[    0.388202] clocksource: acpi_pm: mask: 0xffffff max_cycles: 0xffffff, max_idle_ns: 2085701024 ns
[    0.389187] NET: Registered PF_INET protocol family
[    0.389894] IP idents hash table entries: 262144 (order: 9, 2097152 bytes, linear)
[    0.399908] tcp_listen_portaddr_hash hash table entries: 32768 (order: 7, 524288 bytes, linear)
[    0.400870] Table-perturb hash table entries: 65536 (order: 6, 262144 bytes, linear)
[    0.401729] TCP established hash table entries: 524288 (order: 10, 4194304 bytes, linear)
[    0.403028] TCP bind hash table entries: 65536 (order: 9, 2097152 bytes, linear)
[    0.404045] TCP: Hash tables configured (established 524288 bind 65536)
[    0.404953] MPTCP token hash table entries: 65536 (order: 9, 1572864 bytes, linear)
[    0.405866] UDP hash table entries: 32768 (order: 9, 2097152 bytes, linear)
[    0.406859] UDP-Lite hash table entries: 32768 (order: 9, 2097152 bytes, linear)
[    0.407936] NET: Registered PF_UNIX/PF_LOCAL protocol family
[    0.408545] NET: Registered PF_XDP protocol family
[    0.409065] pci_bus 0000:00: resource 4 [io  0x0000-0x0cf7 window]
[    0.409721] pci_bus 0000:00: resource 5 [io  0x0d00-0xffff window]
[    0.410377] pci_bus 0000:00: resource 6 [mem 0x000a0000-0x000bffff window]
[    0.411113] pci_bus 0000:00: resource 7 [mem 0xc0000000-0xfebfffff window]
[    0.411841] pci_bus 0000:00: resource 8 [mem 0x380000000000-0x38007fffffff window]
[    0.412666] pci 0000:00:01.0: PIIX3: Enabling Passive Release
[    0.413343] pci 0000:00:00.0: Limiting direct PCI/PCI transfers
[    0.414073] PCI: CLS 0 bytes, default 64
[    0.414536] PCI-DMA: Using software bounce buffering for IO (SWIOTLB)
[    0.414708] Trying to unpack rootfs image as initramfs...
[    0.415220] software IO TLB: mapped [mem 0x00000000bb36b000-0x00000000bf36b000] (64MB)
[    0.417369] clocksource: tsc: mask: 0xffffffffffffffff max_cycles: 0x6a464ae9873, max_idle_ns: 881590529744 ns
[    0.421049] Freeing initrd memory: 12692K
[    0.423657] Initialise system trusted keyrings
[    0.424161] Key type blacklist registered
[    0.424938] workingset: timestamp_bits=36 max_order=24 bucket_order=0
[    0.425857] SGI XFS with ACLs, security attributes, quota, no debug enabled
[    0.427074] 9p: Installing v9fs 9p2000 file system support
[    0.428537] integrity: Platform Keyring initialized
[    0.429228] cryptd: max_cpu_qlen set to 1000
[    0.434943] Key type asymmetric registered
[    0.435384] Asymmetric key parser 'x509' registered
[    0.435915] Block layer SCSI generic (bsg) driver version 0.4 loaded (major 248)
[    0.436852] io scheduler mq-deadline registered
[    0.437337] io scheduler kyber registered
[    0.437774] io scheduler bfq registered
[    0.448999] ACPI: \_SB_.LNKB: Enabled at IRQ 10
[    0.460856] ACPI: \_SB_.LNKC: Enabled at IRQ 11
[    0.472657] ACPI: \_SB_.LNKA: Enabled at IRQ 10
[    0.505078] ACPI: \_SB_.LNKD: Enabled at IRQ 11
[    0.522773] Serial: 8250/16550 driver, 4 ports, IRQ sharing disabled
[    0.523604] 00:03: ttyS0 at I/O 0x3f8 (irq = 4, base_baud = 115200) is a 16550A
[    0.583919] loop: module loaded
[    0.584627] tun: Universal TUN/TAP device driver, 1.6
[    0.593572] rtc_cmos 00:04: RTC can wake from S4
[    0.594502] rtc_cmos 00:04: registered as rtc0
[    0.595050] rtc_cmos 00:04: setting system clock to 2026-09-26T04:01:58 UTC (1790395318)
[    0.595962] rtc_cmos 00:04: alarms up to one day, y3k, 242 bytes nvram, hpet irqs
[    0.596785] intel_pstate: CPU model not supported
[    0.597310] hid: raw HID events driver (C) Jiri Kosina
[    0.598294] NET: Registered PF_INET6 protocol family
[    0.599425] Segment Routing with IPv6
[    0.599835] In-situ OAM (IOAM) with IPv6
[    0.600278] NET: Registered PF_PACKET protocol family
[    0.600846] bridge: filtering via arp/ip/ip6tables is no longer available by default. Update your scripts to load br_netfilter if you need this.
[    0.602347] 9pnet: Installing 9P2000 support
[    0.604769] IPI shorthand broadcast: enabled
[    0.606650] sched_clock: Marking stable (604240158, 460672)->(610933312, -6232482)
[    0.607741] registered taskstats version 1
[    0.608301] Loading compiled-in X.509 certificates
[    0.609477] Loaded X.509 cert 'Build time autogenerated kernel key: d1424aba97e5b78a90400dcad095464dbcbd105a'
[    0.611934] Demotion targets for Node 0: null
[    0.612524] Key type .fscrypt registered
[    0.612973] Key type fscrypt-provisioning registered
[    0.613528] ima: No TPM chip found, activating TPM-bypass!
[    0.614128] ima: Allocated hash algorithm: sha256
[    0.614646] ima: No architecture policies found
[    0.615469] clk: Disabling unused clocks
[    0.621844] Freeing unused decrypted memory: 2036K
[    0.623056] Freeing unused kernel image (initmem) memory: 4024K
[    0.623500] Write protecting the kernel read-only data: 32768k
[    0.624894] Freeing unused kernel image (text/rodata gap) memory: 1940K
[    0.625980] Freeing unused kernel image (rodata/data gap) memory: 1740K
[    0.626470] Run /init as init process
[    0.627040] virtme initramfs: loading fuse.ko...
[    0.629471] fuse: module verification failed: signature and/or required key missing - tainting kernel
[    0.634985] fuse: init (API version 7.45)
[    0.636028] virtme initramfs: loading virtiofs.ko...
[    0.637623] virtme initramfs: loading virtio_mmio.ko...
[    0.638537] virtme initramfs: loading serio.ko...
[    0.639393] virtme initramfs: loading i8042.ko...
[    0.640526] i8042: PNP: PS/2 Controller [PNP0303:KBD,PNP0f13:MOU] at 0x60,0x64 irq 1,12
[    0.642749] serio: i8042 KBD port at 0x60,0x64 irq 1
[    0.643531] serio: i8042 AUX port at 0x60,0x64 irq 12
[    0.644451] virtme initramfs: loading libps2.ko...
[    0.645738] virtme initramfs: loading vivaldi-fmap.ko...
[    0.646563] virtme initramfs: loading atkbd.ko...
[    0.648075] input: AT Translated Set 2 keyboard as /devices/platform/i8042/serio0/input/input0
[    0.649496] virtme initramfs: mounting hostfs...
[    0.650266] virtio-fs: tag <ROOTFS> not found
[    0.651431] 9pnet: Limiting 'msize' to 512000 as this is the maximum supported by transport virtio
[    0.654830] virtme initramfs: done; switching to real root
[    0.679391] virtme-ng-init: Setting hostname to virtme-ng...
[    0.709910] virtme-ng-init: running systemd-tmpfiles
[    0.944707] virtme-ng-init: basic initialization done
[    0.948174] virtme-ng-init: you have CONFIG_UEVENT_HELPER on; turn it off
[    0.950295] 9pnet: Limiting 'msize' to 512000 as this is the maximum supported by transport virtio
[    0.972141] virtme-ng-init: Starting systemd-udevd version 255.4-1ubuntu8.17
[    0.973641] virtme-ng-init: triggering udev coldplug
[    1.660333] virtme-ng-init: waiting for udev to settle
[    1.668270] input: Power Button as /devices/platform/LNXPWRBN:00/input/input2
[    1.675106] ACPI: button: Power Button [PWRF]
[    1.688784] SCSI subsystem initialized
[    1.690025] piix4_smbus 0000:00:01.3: SMBus Host Controller at 0x700, revision 0
[    1.696491] i2c i2c-0: Memory type 0x07 not supported yet, not instantiating SPD
[    1.699264] input: VirtualPS/2 VMware VMMouse as /devices/platform/i8042/serio1/input/input4
[    1.701925] input: VirtualPS/2 VMware VMMouse as /devices/platform/i8042/serio1/input/input3
[    1.707517] mousedev: PS/2 mouse device common for all mice
[    1.756557] scsi host0: ata_piix
[    1.757690] scsi host1: ata_piix
[    1.758320] ata1: PATA max MWDMA2 cmd 0x1f0 ctl 0x3f6 bmdma 0xc200 irq 14 lpm-pol 0
[    1.759007] ata2: PATA max MWDMA2 cmd 0x170 ctl 0x376 bmdma 0xc208 irq 15 lpm-pol 0
[    1.930851] ata2: found unknown device (class 0)
[    1.932364] ata2.00: ATAPI: QEMU DVD-ROM, 2.5+, max UDMA/100
[    1.935011] scsi 1:0:0:0: CD-ROM            QEMU     QEMU DVD-ROM     2.5+ PQ: 0 ANSI: 5
[    2.043766] scsi 1:0:0:0: Attached scsi generic sg0 type 5
[    2.181755] sr 1:0:0:0: [sr0] scsi3-mmc drive: 4x/4x cd/rw xa/form2 tray
[    2.182303] cdrom: Uniform CD-ROM driver Revision: 3.20
[    3.766297] virtme-ng-init: udev is done
[    3.768149] virtme-ng-init: starting script
[    3.975954] loop0: detected capacity change from 0 to 134217728
[    3.983167] EXT4-fs (loop0): mounted filesystem 7a7cf006-5603-414c-9ffb-fa34c99b789a r/w with ordered data mode. Quota mode: none.
[    6.694144] Initializing XFRM netlink socket
[   42.694723] bpf_x86_alu: loading out-of-tree module taints kernel.
[   51.873512] eth0: renamed from lxcbench0p
[   53.613932] eth0: renamed from lxcbench1p
[   53.768579] pktgen: no symbol version for set_freezable
[   53.770145] pktgen: Packet Generator for packet performance testing. Version: 2.75
[  307.673486] eth0: renamed from lxcbench0p
[  309.393293] eth0: renamed from lxcbench1p
[  555.310330] ACPI: PM: Preparing to enter system sleep state S5
[  555.310857] kvm: exiting hardware virtualization
[  555.311395] reboot: Power down
